
===========================================================================
report_checks -unconstrained
===========================================================================
======================= max_tt_025C_1v80 Corner ===================================

Startpoint: rst_n (input port clocked by clk)
Endpoint: _12_ (recovery check against rising-edge clock clk)
Path Group: asynchronous
Path Type: max

Fanout         Cap        Slew       Delay        Time   Description
---------------------------------------------------------------------------------------------
                                  0.000000    0.000000   clock clk (rise edge)
                                  0.000000    0.000000   clock network delay (propagated)
                                  4.000000    4.000000 ^ input external delay
     1    0.002758    0.019550    0.010214    4.010213 ^ rst_n (in)
                                                         rst_n (net)
                      0.019551    0.000000    4.010213 ^ input1/A (sky130_fd_sc_hd__buf_1)
     4    0.019234    0.229641    0.201000    4.211214 ^ input1/X (sky130_fd_sc_hd__buf_1)
                                                         net1 (net)
                      0.229646    0.000915    4.212129 ^ _12_/RESET_B (sky130_fd_sc_hd__dfrtp_2)
                                              4.212129   data arrival time

                                 20.000000   20.000000   clock clk (rise edge)
                                  0.000000   20.000000   clock source latency
     1    0.025813    0.121635    0.084237   20.084236 ^ clk (in)
                                                         clk (net)
                      0.121647    0.000000   20.084236 ^ clkbuf_0_clk/A (sky130_fd_sc_hd__clkbuf_16)
     2    0.020919    0.042676    0.154008   20.238245 ^ clkbuf_0_clk/X (sky130_fd_sc_hd__clkbuf_16)
                                                         clknet_0_clk (net)
                      0.042754    0.001389   20.239635 ^ clkbuf_1_1__f_clk/A (sky130_fd_sc_hd__clkbuf_16)
     3    0.010787    0.034022    0.115701   20.355335 ^ clkbuf_1_1__f_clk/X (sky130_fd_sc_hd__clkbuf_16)
                                                         clknet_1_1__leaf_clk (net)
                      0.034024    0.000702   20.356037 ^ _12_/CLK (sky130_fd_sc_hd__dfrtp_2)
                                 -0.250000   20.106039   clock uncertainty
                                  0.000000   20.106039   clock reconvergence pessimism
                                  0.160614   20.266653   library recovery time
                                             20.266653   data required time
---------------------------------------------------------------------------------------------
                                             20.266653   data required time
                                             -4.212129   data arrival time
---------------------------------------------------------------------------------------------
                                             16.054525   slack (MET)


Startpoint: _13_ (rising edge-triggered flip-flop clocked by clk)
Endpoint: count[1] (output port clocked by clk)
Path Group: clk
Path Type: max

Fanout         Cap        Slew       Delay        Time   Description
---------------------------------------------------------------------------------------------
                                  0.000000    0.000000   clock clk (rise edge)
                                  0.000000    0.000000   clock source latency
     1    0.025813    0.121635    0.084237    0.084237 ^ clk (in)
                                                         clk (net)
                      0.121647    0.000000    0.084237 ^ clkbuf_0_clk/A (sky130_fd_sc_hd__clkbuf_16)
     2    0.020919    0.042676    0.154008    0.238245 ^ clkbuf_0_clk/X (sky130_fd_sc_hd__clkbuf_16)
                                                         clknet_0_clk (net)
                      0.042754    0.001390    0.239635 ^ clkbuf_1_1__f_clk/A (sky130_fd_sc_hd__clkbuf_16)
     3    0.010787    0.034022    0.115700    0.355335 ^ clkbuf_1_1__f_clk/X (sky130_fd_sc_hd__clkbuf_16)
                                                         clknet_1_1__leaf_clk (net)
                      0.034024    0.000622    0.355956 ^ _13_/CLK (sky130_fd_sc_hd__dfrtp_1)
     4    0.012385    0.119818    0.373239    0.729195 ^ _13_/Q (sky130_fd_sc_hd__dfrtp_1)
                                                         net3 (net)
                      0.119821    0.000731    0.729926 ^ output3/A (sky130_fd_sc_hd__buf_2)
     1    0.034013    0.169551    0.224144    0.954070 ^ output3/X (sky130_fd_sc_hd__buf_2)
                                                         count[1] (net)
                      0.169565    0.001605    0.955675 ^ count[1] (out)
                                              0.955675   data arrival time

                                 20.000000   20.000000   clock clk (rise edge)
                                  0.000000   20.000000   clock network delay (propagated)
                                 -0.250000   19.750002   clock uncertainty
                                  0.000000   19.750002   clock reconvergence pessimism
                                 -4.000000   15.750001   output external delay
                                             15.750001   data required time
---------------------------------------------------------------------------------------------
                                             15.750001   data required time
                                             -0.955675   data arrival time
---------------------------------------------------------------------------------------------
                                             14.794326   slack (MET)




===========================================================================
report_checks --slack_max -0.01
============================================================================
======================= max_tt_025C_1v80 Corner ===================================

No paths found.


===========================================================================
 report_check_types -max_slew -max_cap -max_fanout -violators
============================================================================
======================= max_tt_025C_1v80 Corner ===================================



===========================================================================
report_parasitic_annotation -report_unannotated
============================================================================
Found 1 unannotated drivers.
 clkload0/X
Found 0 partially unannotated drivers.

===========================================================================
max slew violation count 0
max fanout violation count 0
max cap violation count 0
============================================================================

===========================================================================
check_setup -verbose -unconstrained_endpoints -multiple_clock -no_clock -no_input_delay -loops -generated_clocks
===========================================================================
