Reading timing models for corner nom_ss_100C_1v60…
Reading cell library for the 'nom_ss_100C_1v60' corner at '/home/jihan/.volare/volare/sky130/versions/0fe599b2afb6708d281543108caf8310912f54af/sky130A/libs.ref/sky130_fd_sc_hd/lib/sky130_fd_sc_hd__ss_100C_1v60.lib'…
Reading top-level netlist at '/home/jihan/projects/openlane_flow/designs/counter_4bit/runs/RUN_2025-12-01_02-12-38/06-yosys-synthesis/counter_4bit.nl.v'…
Linking design 'counter_4bit' from netlist…
Reading design constraints file at '/nix/store/ss2cw3sxbrwwx9jl0rrppbw4kgcmgi2n-python3-3.11.9-env/lib/python3.11/site-packages/openlane/scripts/base.sdc'…
[INFO] Using clock clk…
[INFO] Setting output delay to: 4.0
[INFO] Setting input delay to: 4.0
[INFO] Setting load to: 0.033442
[INFO] Setting clock uncertainty to: 0.25
[INFO] Setting clock transition to: 0.1499999999999999944488848768742172978818416595458984375
[INFO] Setting timing derate to: 5%
%OL_CREATE_REPORT min.rpt

===========================================================================
report_checks -path_delay min (Hold)
============================================================================
======================= nom_ss_100C_1v60 Corner ===================================

Startpoint: _12_ (rising edge-triggered flip-flop clocked by clk)
Endpoint: _12_ (rising edge-triggered flip-flop clocked by clk)
Path Group: clk
Path Type: min

Fanout         Cap        Slew       Delay        Time   Description
---------------------------------------------------------------------------------------------
                      0.150000    0.000000    0.000000   clock clk (rise edge)
                                  0.000000    0.000000   clock network delay (ideal)
                      0.150000    0.000000    0.000000 ^ _12_/CLK (sky130_fd_sc_hd__dfrtp_2)
     5    0.053118    0.416299    1.011750    1.011750 ^ _12_/Q (sky130_fd_sc_hd__dfrtp_2)
                                                         count[0] (net)
                      0.416299    0.000000    1.011750 ^ _06_/A (sky130_fd_sc_hd__inv_2)
     1    0.001838    0.068808    0.122483    1.134233 v _06_/Y (sky130_fd_sc_hd__inv_2)
                                                         _00_ (net)
                      0.068808    0.000000    1.134233 v _12_/D (sky130_fd_sc_hd__dfrtp_2)
                                              1.134233   data arrival time

                      0.150000    0.000000    0.000000   clock clk (rise edge)
                                  0.000000    0.000000   clock network delay (ideal)
                                  0.250000    0.250000   clock uncertainty
                                  0.000000    0.250000   clock reconvergence pessimism
                                              0.250000 ^ _12_/CLK (sky130_fd_sc_hd__dfrtp_2)
                                 -0.069824    0.180176   library hold time
                                              0.180176   data required time
---------------------------------------------------------------------------------------------
                                              0.180176   data required time
                                             -1.134233   data arrival time
---------------------------------------------------------------------------------------------
                                              0.954057   slack (MET)


Startpoint: _15_ (rising edge-triggered flip-flop clocked by clk)
Endpoint: _15_ (rising edge-triggered flip-flop clocked by clk)
Path Group: clk
Path Type: min

Fanout         Cap        Slew       Delay        Time   Description
---------------------------------------------------------------------------------------------
                      0.150000    0.000000    0.000000   clock clk (rise edge)
                                  0.000000    0.000000   clock network delay (ideal)
                      0.150000    0.000000    0.000000 ^ _15_/CLK (sky130_fd_sc_hd__dfrtp_2)
     2    0.042834    0.345877    0.956633    0.956633 ^ _15_/Q (sky130_fd_sc_hd__dfrtp_2)
                                                         count[3] (net)
                      0.345877    0.000000    0.956633 ^ _10_/A (sky130_fd_sc_hd__xor2_2)
     1    0.001838    0.049759    0.203882    1.160515 v _10_/X (sky130_fd_sc_hd__xor2_2)
                                                         _03_ (net)
                      0.049759    0.000000    1.160515 v _15_/D (sky130_fd_sc_hd__dfrtp_2)
                                              1.160515   data arrival time

                      0.150000    0.000000    0.000000   clock clk (rise edge)
                                  0.000000    0.000000   clock network delay (ideal)
                                  0.250000    0.250000   clock uncertainty
                                  0.000000    0.250000   clock reconvergence pessimism
                                              0.250000 ^ _15_/CLK (sky130_fd_sc_hd__dfrtp_2)
                                 -0.062845    0.187155   library hold time
                                              0.187155   data required time
---------------------------------------------------------------------------------------------
                                              0.187155   data required time
                                             -1.160515   data arrival time
---------------------------------------------------------------------------------------------
                                              0.973360   slack (MET)


Startpoint: _13_ (rising edge-triggered flip-flop clocked by clk)
Endpoint: _13_ (rising edge-triggered flip-flop clocked by clk)
Path Group: clk
Path Type: min

Fanout         Cap        Slew       Delay        Time   Description
---------------------------------------------------------------------------------------------
                      0.150000    0.000000    0.000000   clock clk (rise edge)
                                  0.000000    0.000000   clock network delay (ideal)
                      0.150000    0.000000    0.000000 ^ _13_/CLK (sky130_fd_sc_hd__dfrtp_2)
     4    0.048815    0.386833    0.988688    0.988688 ^ _13_/Q (sky130_fd_sc_hd__dfrtp_2)
                                                         count[1] (net)
                      0.386833    0.000000    0.988688 ^ _11_/A (sky130_fd_sc_hd__xor2_2)
     1    0.001838    0.050569    0.215491    1.204179 v _11_/X (sky130_fd_sc_hd__xor2_2)
                                                         _01_ (net)
                      0.050569    0.000000    1.204179 v _13_/D (sky130_fd_sc_hd__dfrtp_2)
                                              1.204179   data arrival time

                      0.150000    0.000000    0.000000   clock clk (rise edge)
                                  0.000000    0.000000   clock network delay (ideal)
                                  0.250000    0.250000   clock uncertainty
                                  0.000000    0.250000   clock reconvergence pessimism
                                              0.250000 ^ _13_/CLK (sky130_fd_sc_hd__dfrtp_2)
                                 -0.063142    0.186858   library hold time
                                              0.186858   data required time
---------------------------------------------------------------------------------------------
                                              0.186858   data required time
                                             -1.204179   data arrival time
---------------------------------------------------------------------------------------------
                                              1.017321   slack (MET)


Startpoint: _14_ (rising edge-triggered flip-flop clocked by clk)
Endpoint: _14_ (rising edge-triggered flip-flop clocked by clk)
Path Group: clk
Path Type: min

Fanout         Cap        Slew       Delay        Time   Description
---------------------------------------------------------------------------------------------
                      0.150000    0.000000    0.000000   clock clk (rise edge)
                                  0.000000    0.000000   clock network delay (ideal)
                      0.150000    0.000000    0.000000 ^ _14_/CLK (sky130_fd_sc_hd__dfrtp_2)
     3    0.039642    0.324019    0.939526    0.939526 ^ _14_/Q (sky130_fd_sc_hd__dfrtp_2)
                                                         count[2] (net)
                      0.324019    0.000000    0.939526 ^ _07_/B1 (sky130_fd_sc_hd__a21oi_2)
     1    0.004246    0.087661    0.132056    1.071582 v _07_/Y (sky130_fd_sc_hd__a21oi_2)
                                                         _04_ (net)
                      0.087661    0.000000    1.071582 v _09_/A (sky130_fd_sc_hd__nor2_2)
     1    0.001853    0.087455    0.151787    1.223369 ^ _09_/Y (sky130_fd_sc_hd__nor2_2)
                                                         _02_ (net)
                      0.087455    0.000000    1.223369 ^ _14_/D (sky130_fd_sc_hd__dfrtp_2)
                                              1.223369   data arrival time

                      0.150000    0.000000    0.000000   clock clk (rise edge)
                                  0.000000    0.000000   clock network delay (ideal)
                                  0.250000    0.250000   clock uncertainty
                                  0.000000    0.250000   clock reconvergence pessimism
                                              0.250000 ^ _14_/CLK (sky130_fd_sc_hd__dfrtp_2)
                                 -0.067738    0.182262   library hold time
                                              0.182262   data required time
---------------------------------------------------------------------------------------------
                                              0.182262   data required time
                                             -1.223369   data arrival time
---------------------------------------------------------------------------------------------
                                              1.041107   slack (MET)


Startpoint: rst_n (input port clocked by clk)
Endpoint: _12_ (removal check against rising-edge clock clk)
Path Group: asynchronous
Path Type: min

Fanout         Cap        Slew       Delay        Time   Description
---------------------------------------------------------------------------------------------
                      0.150000    0.000000    0.000000   clock clk (rise edge)
                                  0.000000    0.000000   clock network delay (ideal)
                                  4.000000    4.000000 ^ input external delay
     4    0.013052    0.104432    0.067471    4.067471 ^ rst_n (in)
                                                         rst_n (net)
                      0.104432    0.000000    4.067471 ^ _12_/RESET_B (sky130_fd_sc_hd__dfrtp_2)
                                              4.067471   data arrival time

                      0.150000    0.000000    0.000000   clock clk (rise edge)
                                  0.000000    0.000000   clock network delay (ideal)
                                  0.250000    0.250000   clock uncertainty
                                  0.000000    0.250000   clock reconvergence pessimism
                                              0.250000 ^ _12_/CLK (sky130_fd_sc_hd__dfrtp_2)
                                  0.692100    0.942100   library removal time
                                              0.942100   data required time
---------------------------------------------------------------------------------------------
                                              0.942100   data required time
                                             -4.067471   data arrival time
---------------------------------------------------------------------------------------------
                                              3.125371   slack (MET)


Startpoint: rst_n (input port clocked by clk)
Endpoint: _13_ (removal check against rising-edge clock clk)
Path Group: asynchronous
Path Type: min

Fanout         Cap        Slew       Delay        Time   Description
---------------------------------------------------------------------------------------------
                      0.150000    0.000000    0.000000   clock clk (rise edge)
                                  0.000000    0.000000   clock network delay (ideal)
                                  4.000000    4.000000 ^ input external delay
     4    0.013052    0.104432    0.067471    4.067471 ^ rst_n (in)
                                                         rst_n (net)
                      0.104432    0.000000    4.067471 ^ _13_/RESET_B (sky130_fd_sc_hd__dfrtp_2)
                                              4.067471   data arrival time

                      0.150000    0.000000    0.000000   clock clk (rise edge)
                                  0.000000    0.000000   clock network delay (ideal)
                                  0.250000    0.250000   clock uncertainty
                                  0.000000    0.250000   clock reconvergence pessimism
                                              0.250000 ^ _13_/CLK (sky130_fd_sc_hd__dfrtp_2)
                                  0.692100    0.942100   library removal time
                                              0.942100   data required time
---------------------------------------------------------------------------------------------
                                              0.942100   data required time
                                             -4.067471   data arrival time
---------------------------------------------------------------------------------------------
                                              3.125371   slack (MET)


Startpoint: rst_n (input port clocked by clk)
Endpoint: _14_ (removal check against rising-edge clock clk)
Path Group: asynchronous
Path Type: min

Fanout         Cap        Slew       Delay        Time   Description
---------------------------------------------------------------------------------------------
                      0.150000    0.000000    0.000000   clock clk (rise edge)
                                  0.000000    0.000000   clock network delay (ideal)
                                  4.000000    4.000000 ^ input external delay
     4    0.013052    0.104432    0.067471    4.067471 ^ rst_n (in)
                                                         rst_n (net)
                      0.104432    0.000000    4.067471 ^ _14_/RESET_B (sky130_fd_sc_hd__dfrtp_2)
                                              4.067471   data arrival time

                      0.150000    0.000000    0.000000   clock clk (rise edge)
                                  0.000000    0.000000   clock network delay (ideal)
                                  0.250000    0.250000   clock uncertainty
                                  0.000000    0.250000   clock reconvergence pessimism
                                              0.250000 ^ _14_/CLK (sky130_fd_sc_hd__dfrtp_2)
                                  0.692100    0.942100   library removal time
                                              0.942100   data required time
---------------------------------------------------------------------------------------------
                                              0.942100   data required time
                                             -4.067471   data arrival time
---------------------------------------------------------------------------------------------
                                              3.125371   slack (MET)


Startpoint: rst_n (input port clocked by clk)
Endpoint: _15_ (removal check against rising-edge clock clk)
Path Group: asynchronous
Path Type: min

Fanout         Cap        Slew       Delay        Time   Description
---------------------------------------------------------------------------------------------
                      0.150000    0.000000    0.000000   clock clk (rise edge)
                                  0.000000    0.000000   clock network delay (ideal)
                                  4.000000    4.000000 ^ input external delay
     4    0.013052    0.104432    0.067471    4.067471 ^ rst_n (in)
                                                         rst_n (net)
                      0.104432    0.000000    4.067471 ^ _15_/RESET_B (sky130_fd_sc_hd__dfrtp_2)
                                              4.067471   data arrival time

                      0.150000    0.000000    0.000000   clock clk (rise edge)
                                  0.000000    0.000000   clock network delay (ideal)
                                  0.250000    0.250000   clock uncertainty
                                  0.000000    0.250000   clock reconvergence pessimism
                                              0.250000 ^ _15_/CLK (sky130_fd_sc_hd__dfrtp_2)
                                  0.692100    0.942100   library removal time
                                              0.942100   data required time
---------------------------------------------------------------------------------------------
                                              0.942100   data required time
                                             -4.067471   data arrival time
---------------------------------------------------------------------------------------------
                                              3.125371   slack (MET)


Startpoint: _14_ (rising edge-triggered flip-flop clocked by clk)
Endpoint: count[2] (output port clocked by clk)
Path Group: clk
Path Type: min

Fanout         Cap        Slew       Delay        Time   Description
---------------------------------------------------------------------------------------------
                      0.150000    0.000000    0.000000   clock clk (rise edge)
                                  0.000000    0.000000   clock network delay (ideal)
                      0.150000    0.000000    0.000000 ^ _14_/CLK (sky130_fd_sc_hd__dfrtp_2)
     3    0.039642    0.324019    0.939526    0.939526 ^ _14_/Q (sky130_fd_sc_hd__dfrtp_2)
                                                         count[2] (net)
                      0.324019    0.000000    0.939526 ^ count[2] (out)
                                              0.939526   data arrival time

                      0.150000    0.000000    0.000000   clock clk (rise edge)
                                  0.000000    0.000000   clock network delay (ideal)
                                  0.250000    0.250000   clock uncertainty
                                  0.000000    0.250000   clock reconvergence pessimism
                                 -4.000000   -3.750000   output external delay
                                             -3.750000   data required time
---------------------------------------------------------------------------------------------
                                             -3.750000   data required time
                                             -0.939526   data arrival time
---------------------------------------------------------------------------------------------
                                              4.689526   slack (MET)


Startpoint: _15_ (rising edge-triggered flip-flop clocked by clk)
Endpoint: count[3] (output port clocked by clk)
Path Group: clk
Path Type: min

Fanout         Cap        Slew       Delay        Time   Description
---------------------------------------------------------------------------------------------
                      0.150000    0.000000    0.000000   clock clk (rise edge)
                                  0.000000    0.000000   clock network delay (ideal)
                      0.150000    0.000000    0.000000 ^ _15_/CLK (sky130_fd_sc_hd__dfrtp_2)
     2    0.042834    0.345877    0.956633    0.956633 ^ _15_/Q (sky130_fd_sc_hd__dfrtp_2)
                                                         count[3] (net)
                      0.345877    0.000000    0.956633 ^ count[3] (out)
                                              0.956633   data arrival time

                      0.150000    0.000000    0.000000   clock clk (rise edge)
                                  0.000000    0.000000   clock network delay (ideal)
                                  0.250000    0.250000   clock uncertainty
                                  0.000000    0.250000   clock reconvergence pessimism
                                 -4.000000   -3.750000   output external delay
                                             -3.750000   data required time
---------------------------------------------------------------------------------------------
                                             -3.750000   data required time
                                             -0.956633   data arrival time
---------------------------------------------------------------------------------------------
                                              4.706633   slack (MET)


Startpoint: _13_ (rising edge-triggered flip-flop clocked by clk)
Endpoint: count[1] (output port clocked by clk)
Path Group: clk
Path Type: min

Fanout         Cap        Slew       Delay        Time   Description
---------------------------------------------------------------------------------------------
                      0.150000    0.000000    0.000000   clock clk (rise edge)
                                  0.000000    0.000000   clock network delay (ideal)
                      0.150000    0.000000    0.000000 ^ _13_/CLK (sky130_fd_sc_hd__dfrtp_2)
     4    0.048815    0.386833    0.988688    0.988688 ^ _13_/Q (sky130_fd_sc_hd__dfrtp_2)
                                                         count[1] (net)
                      0.386833    0.000000    0.988688 ^ count[1] (out)
                                              0.988688   data arrival time

                      0.150000    0.000000    0.000000   clock clk (rise edge)
                                  0.000000    0.000000   clock network delay (ideal)
                                  0.250000    0.250000   clock uncertainty
                                  0.000000    0.250000   clock reconvergence pessimism
                                 -4.000000   -3.750000   output external delay
                                             -3.750000   data required time
---------------------------------------------------------------------------------------------
                                             -3.750000   data required time
                                             -0.988688   data arrival time
---------------------------------------------------------------------------------------------
                                              4.738688   slack (MET)


Startpoint: _12_ (rising edge-triggered flip-flop clocked by clk)
Endpoint: count[0] (output port clocked by clk)
Path Group: clk
Path Type: min

Fanout         Cap        Slew       Delay        Time   Description
---------------------------------------------------------------------------------------------
                      0.150000    0.000000    0.000000   clock clk (rise edge)
                                  0.000000    0.000000   clock network delay (ideal)
                      0.150000    0.000000    0.000000 ^ _12_/CLK (sky130_fd_sc_hd__dfrtp_2)
     5    0.053118    0.416299    1.011750    1.011750 ^ _12_/Q (sky130_fd_sc_hd__dfrtp_2)
                                                         count[0] (net)
                      0.416299    0.000000    1.011750 ^ count[0] (out)
                                              1.011750   data arrival time

                      0.150000    0.000000    0.000000   clock clk (rise edge)
                                  0.000000    0.000000   clock network delay (ideal)
                                  0.250000    0.250000   clock uncertainty
                                  0.000000    0.250000   clock reconvergence pessimism
                                 -4.000000   -3.750000   output external delay
                                             -3.750000   data required time
---------------------------------------------------------------------------------------------
                                             -3.750000   data required time
                                             -1.011750   data arrival time
---------------------------------------------------------------------------------------------
                                              4.761750   slack (MET)



%OL_END_REPORT
%OL_CREATE_REPORT max.rpt

===========================================================================
report_checks -path_delay max (Setup)
============================================================================
======================= nom_ss_100C_1v60 Corner ===================================

Startpoint: _12_ (rising edge-triggered flip-flop clocked by clk)
Endpoint: count[0] (output port clocked by clk)
Path Group: clk
Path Type: max

Fanout         Cap        Slew       Delay        Time   Description
---------------------------------------------------------------------------------------------
                      0.150000    0.000000    0.000000   clock clk (rise edge)
                                  0.000000    0.000000   clock network delay (ideal)
                      0.150000    0.000000    0.000000 ^ _12_/CLK (sky130_fd_sc_hd__dfrtp_2)
     5    0.051858    0.279930    1.065993    1.065993 v _12_/Q (sky130_fd_sc_hd__dfrtp_2)
                                                         count[0] (net)
                      0.279930    0.000000    1.065993 v count[0] (out)
                                              1.065993   data arrival time

                      0.150000   20.000000   20.000000   clock clk (rise edge)
                                  0.000000   20.000000   clock network delay (ideal)
                                 -0.250000   19.750002   clock uncertainty
                                  0.000000   19.750002   clock reconvergence pessimism
                                 -4.000000   15.750001   output external delay
                                             15.750001   data required time
---------------------------------------------------------------------------------------------
                                             15.750001   data required time
                                             -1.065993   data arrival time
---------------------------------------------------------------------------------------------
                                             14.684008   slack (MET)


Startpoint: _13_ (rising edge-triggered flip-flop clocked by clk)
Endpoint: count[1] (output port clocked by clk)
Path Group: clk
Path Type: max

Fanout         Cap        Slew       Delay        Time   Description
---------------------------------------------------------------------------------------------
                      0.150000    0.000000    0.000000   clock clk (rise edge)
                                  0.000000    0.000000   clock network delay (ideal)
                      0.150000    0.000000    0.000000 ^ _13_/CLK (sky130_fd_sc_hd__dfrtp_2)
     4    0.047854    0.264466    1.050198    1.050198 v _13_/Q (sky130_fd_sc_hd__dfrtp_2)
                                                         count[1] (net)
                      0.264466    0.000000    1.050198 v count[1] (out)
                                              1.050198   data arrival time

                      0.150000   20.000000   20.000000   clock clk (rise edge)
                                  0.000000   20.000000   clock network delay (ideal)
                                 -0.250000   19.750002   clock uncertainty
                                  0.000000   19.750002   clock reconvergence pessimism
                                 -4.000000   15.750001   output external delay
                                             15.750001   data required time
---------------------------------------------------------------------------------------------
                                             15.750001   data required time
                                             -1.050198   data arrival time
---------------------------------------------------------------------------------------------
                                             14.699802   slack (MET)


Startpoint: _15_ (rising edge-triggered flip-flop clocked by clk)
Endpoint: count[3] (output port clocked by clk)
Path Group: clk
Path Type: max

Fanout         Cap        Slew       Delay        Time   Description
---------------------------------------------------------------------------------------------
                      0.150000    0.000000    0.000000   clock clk (rise edge)
                                  0.000000    0.000000   clock network delay (ideal)
                      0.150000    0.000000    0.000000 ^ _15_/CLK (sky130_fd_sc_hd__dfrtp_2)
     2    0.042161    0.242479    1.027740    1.027740 v _15_/Q (sky130_fd_sc_hd__dfrtp_2)
                                                         count[3] (net)
                      0.242479    0.000000    1.027740 v count[3] (out)
                                              1.027740   data arrival time

                      0.150000   20.000000   20.000000   clock clk (rise edge)
                                  0.000000   20.000000   clock network delay (ideal)
                                 -0.250000   19.750002   clock uncertainty
                                  0.000000   19.750002   clock reconvergence pessimism
                                 -4.000000   15.750001   output external delay
                                             15.750001   data required time
---------------------------------------------------------------------------------------------
                                             15.750001   data required time
                                             -1.027740   data arrival time
---------------------------------------------------------------------------------------------
                                             14.722260   slack (MET)


Startpoint: _14_ (rising edge-triggered flip-flop clocked by clk)
Endpoint: count[2] (output port clocked by clk)
Path Group: clk
Path Type: max

Fanout         Cap        Slew       Delay        Time   Description
---------------------------------------------------------------------------------------------
                      0.150000    0.000000    0.000000   clock clk (rise edge)
                                  0.000000    0.000000   clock network delay (ideal)
                      0.150000    0.000000    0.000000 ^ _14_/CLK (sky130_fd_sc_hd__dfrtp_2)
     3    0.039031    0.230391    1.015393    1.015393 v _14_/Q (sky130_fd_sc_hd__dfrtp_2)
                                                         count[2] (net)
                      0.230391    0.000000    1.015393 v count[2] (out)
                                              1.015393   data arrival time

                      0.150000   20.000000   20.000000   clock clk (rise edge)
                                  0.000000   20.000000   clock network delay (ideal)
                                 -0.250000   19.750002   clock uncertainty
                                  0.000000   19.750002   clock reconvergence pessimism
                                 -4.000000   15.750001   output external delay
                                             15.750001   data required time
---------------------------------------------------------------------------------------------
                                             15.750001   data required time
                                             -1.015393   data arrival time
---------------------------------------------------------------------------------------------
                                             14.734608   slack (MET)


Startpoint: rst_n (input port clocked by clk)
Endpoint: _12_ (recovery check against rising-edge clock clk)
Path Group: asynchronous
Path Type: max

Fanout         Cap        Slew       Delay        Time   Description
---------------------------------------------------------------------------------------------
                      0.150000    0.000000    0.000000   clock clk (rise edge)
                                  0.000000    0.000000   clock network delay (ideal)
                                  4.000000    4.000000 ^ input external delay
     4    0.013052    0.104432    0.067471    4.067471 ^ rst_n (in)
                                                         rst_n (net)
                      0.104432    0.000000    4.067471 ^ _12_/RESET_B (sky130_fd_sc_hd__dfrtp_2)
                                              4.067471   data arrival time

                      0.150000   20.000000   20.000000   clock clk (rise edge)
                                  0.000000   20.000000   clock network delay (ideal)
                                 -0.250000   19.750002   clock uncertainty
                                  0.000000   19.750002   clock reconvergence pessimism
                                             19.750002 ^ _12_/CLK (sky130_fd_sc_hd__dfrtp_2)
                                  0.456649   20.206650   library recovery time
                                             20.206650   data required time
---------------------------------------------------------------------------------------------
                                             20.206650   data required time
                                             -4.067471   data arrival time
---------------------------------------------------------------------------------------------
                                             16.139179   slack (MET)


Startpoint: rst_n (input port clocked by clk)
Endpoint: _13_ (recovery check against rising-edge clock clk)
Path Group: asynchronous
Path Type: max

Fanout         Cap        Slew       Delay        Time   Description
---------------------------------------------------------------------------------------------
                      0.150000    0.000000    0.000000   clock clk (rise edge)
                                  0.000000    0.000000   clock network delay (ideal)
                                  4.000000    4.000000 ^ input external delay
     4    0.013052    0.104432    0.067471    4.067471 ^ rst_n (in)
                                                         rst_n (net)
                      0.104432    0.000000    4.067471 ^ _13_/RESET_B (sky130_fd_sc_hd__dfrtp_2)
                                              4.067471   data arrival time

                      0.150000   20.000000   20.000000   clock clk (rise edge)
                                  0.000000   20.000000   clock network delay (ideal)
                                 -0.250000   19.750002   clock uncertainty
                                  0.000000   19.750002   clock reconvergence pessimism
                                             19.750002 ^ _13_/CLK (sky130_fd_sc_hd__dfrtp_2)
                                  0.456649   20.206650   library recovery time
                                             20.206650   data required time
---------------------------------------------------------------------------------------------
                                             20.206650   data required time
                                             -4.067471   data arrival time
---------------------------------------------------------------------------------------------
                                             16.139179   slack (MET)


Startpoint: rst_n (input port clocked by clk)
Endpoint: _14_ (recovery check against rising-edge clock clk)
Path Group: asynchronous
Path Type: max

Fanout         Cap        Slew       Delay        Time   Description
---------------------------------------------------------------------------------------------
                      0.150000    0.000000    0.000000   clock clk (rise edge)
                                  0.000000    0.000000   clock network delay (ideal)
                                  4.000000    4.000000 ^ input external delay
     4    0.013052    0.104432    0.067471    4.067471 ^ rst_n (in)
                                                         rst_n (net)
                      0.104432    0.000000    4.067471 ^ _14_/RESET_B (sky130_fd_sc_hd__dfrtp_2)
                                              4.067471   data arrival time

                      0.150000   20.000000   20.000000   clock clk (rise edge)
                                  0.000000   20.000000   clock network delay (ideal)
                                 -0.250000   19.750002   clock uncertainty
                                  0.000000   19.750002   clock reconvergence pessimism
                                             19.750002 ^ _14_/CLK (sky130_fd_sc_hd__dfrtp_2)
                                  0.456649   20.206650   library recovery time
                                             20.206650   data required time
---------------------------------------------------------------------------------------------
                                             20.206650   data required time
                                             -4.067471   data arrival time
---------------------------------------------------------------------------------------------
                                             16.139179   slack (MET)


Startpoint: rst_n (input port clocked by clk)
Endpoint: _15_ (recovery check against rising-edge clock clk)
Path Group: asynchronous
Path Type: max

Fanout         Cap        Slew       Delay        Time   Description
---------------------------------------------------------------------------------------------
                      0.150000    0.000000    0.000000   clock clk (rise edge)
                                  0.000000    0.000000   clock network delay (ideal)
                                  4.000000    4.000000 ^ input external delay
     4    0.013052    0.104432    0.067471    4.067471 ^ rst_n (in)
                                                         rst_n (net)
                      0.104432    0.000000    4.067471 ^ _15_/RESET_B (sky130_fd_sc_hd__dfrtp_2)
                                              4.067471   data arrival time

                      0.150000   20.000000   20.000000   clock clk (rise edge)
                                  0.000000   20.000000   clock network delay (ideal)
                                 -0.250000   19.750002   clock uncertainty
                                  0.000000   19.750002   clock reconvergence pessimism
                                             19.750002 ^ _15_/CLK (sky130_fd_sc_hd__dfrtp_2)
                                  0.456649   20.206650   library recovery time
                                             20.206650   data required time
---------------------------------------------------------------------------------------------
                                             20.206650   data required time
                                             -4.067471   data arrival time
---------------------------------------------------------------------------------------------
                                             16.139179   slack (MET)


Startpoint: _12_ (rising edge-triggered flip-flop clocked by clk)
Endpoint: _15_ (rising edge-triggered flip-flop clocked by clk)
Path Group: clk
Path Type: max

Fanout         Cap        Slew       Delay        Time   Description
---------------------------------------------------------------------------------------------
                      0.150000    0.000000    0.000000   clock clk (rise edge)
                                  0.000000    0.000000   clock network delay (ideal)
                      0.150000    0.000000    0.000000 ^ _12_/CLK (sky130_fd_sc_hd__dfrtp_2)
     5    0.051858    0.279930    1.065993    1.065993 v _12_/Q (sky130_fd_sc_hd__dfrtp_2)
                                                         count[0] (net)
                      0.279930    0.000000    1.065993 v _08_/B (sky130_fd_sc_hd__and3_2)
     2    0.012203    0.116570    0.563422    1.629415 v _08_/X (sky130_fd_sc_hd__and3_2)
                                                         _05_ (net)
                      0.116570    0.000000    1.629415 v _10_/B (sky130_fd_sc_hd__xor2_2)
     1    0.001838    0.084702    0.261469    1.890883 v _10_/X (sky130_fd_sc_hd__xor2_2)
                                                         _03_ (net)
                      0.084702    0.000000    1.890883 v _15_/D (sky130_fd_sc_hd__dfrtp_2)
                                              1.890883   data arrival time

                      0.150000   20.000000   20.000000   clock clk (rise edge)
                                  0.000000   20.000000   clock network delay (ideal)
                                 -0.250000   19.750002   clock uncertainty
                                  0.000000   19.750002   clock reconvergence pessimism
                                             19.750002 ^ _15_/CLK (sky130_fd_sc_hd__dfrtp_2)
                                 -0.261422   19.488579   library setup time
                                             19.488579   data required time
---------------------------------------------------------------------------------------------
                                             19.488579   data required time
                                             -1.890883   data arrival time
---------------------------------------------------------------------------------------------
                                             17.597694   slack (MET)


Startpoint: _12_ (rising edge-triggered flip-flop clocked by clk)
Endpoint: _14_ (rising edge-triggered flip-flop clocked by clk)
Path Group: clk
Path Type: max

Fanout         Cap        Slew       Delay        Time   Description
---------------------------------------------------------------------------------------------
                      0.150000    0.000000    0.000000   clock clk (rise edge)
                                  0.000000    0.000000   clock network delay (ideal)
                      0.150000    0.000000    0.000000 ^ _12_/CLK (sky130_fd_sc_hd__dfrtp_2)
     5    0.053118    0.416299    1.011750    1.011750 ^ _12_/Q (sky130_fd_sc_hd__dfrtp_2)
                                                         count[0] (net)
                      0.416299    0.000000    1.011750 ^ _08_/B (sky130_fd_sc_hd__and3_2)
     2    0.013224    0.159836    0.551483    1.563233 ^ _08_/X (sky130_fd_sc_hd__and3_2)
                                                         _05_ (net)
                      0.159836    0.000000    1.563233 ^ _09_/B (sky130_fd_sc_hd__nor2_2)
     1    0.001838    0.044392    0.080789    1.644022 v _09_/Y (sky130_fd_sc_hd__nor2_2)
                                                         _02_ (net)
                      0.044392    0.000000    1.644022 v _14_/D (sky130_fd_sc_hd__dfrtp_2)
                                              1.644022   data arrival time

                      0.150000   20.000000   20.000000   clock clk (rise edge)
                                  0.000000   20.000000   clock network delay (ideal)
                                 -0.250000   19.750002   clock uncertainty
                                  0.000000   19.750002   clock reconvergence pessimism
                                             19.750002 ^ _14_/CLK (sky130_fd_sc_hd__dfrtp_2)
                                 -0.244606   19.505396   library setup time
                                             19.505396   data required time
---------------------------------------------------------------------------------------------
                                             19.505396   data required time
                                             -1.644022   data arrival time
---------------------------------------------------------------------------------------------
                                             17.861374   slack (MET)


Startpoint: _13_ (rising edge-triggered flip-flop clocked by clk)
Endpoint: _13_ (rising edge-triggered flip-flop clocked by clk)
Path Group: clk
Path Type: max

Fanout         Cap        Slew       Delay        Time   Description
---------------------------------------------------------------------------------------------
                      0.150000    0.000000    0.000000   clock clk (rise edge)
                                  0.000000    0.000000   clock network delay (ideal)
                      0.150000    0.000000    0.000000 ^ _13_/CLK (sky130_fd_sc_hd__dfrtp_2)
     4    0.047854    0.264466    1.050198    1.050198 v _13_/Q (sky130_fd_sc_hd__dfrtp_2)
                                                         count[1] (net)
                      0.264466    0.000000    1.050198 v _11_/A (sky130_fd_sc_hd__xor2_2)
     1    0.001838    0.107528    0.366564    1.416762 v _11_/X (sky130_fd_sc_hd__xor2_2)
                                                         _01_ (net)
                      0.107528    0.000000    1.416762 v _13_/D (sky130_fd_sc_hd__dfrtp_2)
                                              1.416762   data arrival time

                      0.150000   20.000000   20.000000   clock clk (rise edge)
                                  0.000000   20.000000   clock network delay (ideal)
                                 -0.250000   19.750002   clock uncertainty
                                  0.000000   19.750002   clock reconvergence pessimism
                                             19.750002 ^ _13_/CLK (sky130_fd_sc_hd__dfrtp_2)
                                 -0.270945   19.479057   library setup time
                                             19.479057   data required time
---------------------------------------------------------------------------------------------
                                             19.479057   data required time
                                             -1.416762   data arrival time
---------------------------------------------------------------------------------------------
                                             18.062296   slack (MET)


Startpoint: _12_ (rising edge-triggered flip-flop clocked by clk)
Endpoint: _12_ (rising edge-triggered flip-flop clocked by clk)
Path Group: clk
Path Type: max

Fanout         Cap        Slew       Delay        Time   Description
---------------------------------------------------------------------------------------------
                      0.150000    0.000000    0.000000   clock clk (rise edge)
                                  0.000000    0.000000   clock network delay (ideal)
                      0.150000    0.000000    0.000000 ^ _12_/CLK (sky130_fd_sc_hd__dfrtp_2)
     5    0.053118    0.416299    1.011750    1.011750 ^ _12_/Q (sky130_fd_sc_hd__dfrtp_2)
                                                         count[0] (net)
                      0.416299    0.000000    1.011750 ^ _06_/A (sky130_fd_sc_hd__inv_2)
     1    0.001838    0.068808    0.122483    1.134233 v _06_/Y (sky130_fd_sc_hd__inv_2)
                                                         _00_ (net)
                      0.068808    0.000000    1.134233 v _12_/D (sky130_fd_sc_hd__dfrtp_2)
                                              1.134233   data arrival time

                      0.150000   20.000000   20.000000   clock clk (rise edge)
                                  0.000000   20.000000   clock network delay (ideal)
                                 -0.250000   19.750002   clock uncertainty
                                  0.000000   19.750002   clock reconvergence pessimism
                                             19.750002 ^ _12_/CLK (sky130_fd_sc_hd__dfrtp_2)
                                 -0.254792   19.495209   library setup time
                                             19.495209   data required time
---------------------------------------------------------------------------------------------
                                             19.495209   data required time
                                             -1.134233   data arrival time
---------------------------------------------------------------------------------------------
                                             18.360975   slack (MET)



%OL_END_REPORT
%OL_CREATE_REPORT checks.rpt

===========================================================================
report_checks -unconstrained
===========================================================================
======================= nom_ss_100C_1v60 Corner ===================================

Startpoint: rst_n (input port clocked by clk)
Endpoint: _12_ (recovery check against rising-edge clock clk)
Path Group: asynchronous
Path Type: max

Fanout         Cap        Slew       Delay        Time   Description
---------------------------------------------------------------------------------------------
                      0.150000    0.000000    0.000000   clock clk (rise edge)
                                  0.000000    0.000000   clock network delay (ideal)
                                  4.000000    4.000000 ^ input external delay
     4    0.013052    0.104432    0.067471    4.067471 ^ rst_n (in)
                                                         rst_n (net)
                      0.104432    0.000000    4.067471 ^ _12_/RESET_B (sky130_fd_sc_hd__dfrtp_2)
                                              4.067471   data arrival time

                      0.150000   20.000000   20.000000   clock clk (rise edge)
                                  0.000000   20.000000   clock network delay (ideal)
                                 -0.250000   19.750002   clock uncertainty
                                  0.000000   19.750002   clock reconvergence pessimism
                                             19.750002 ^ _12_/CLK (sky130_fd_sc_hd__dfrtp_2)
                                  0.456649   20.206650   library recovery time
                                             20.206650   data required time
---------------------------------------------------------------------------------------------
                                             20.206650   data required time
                                             -4.067471   data arrival time
---------------------------------------------------------------------------------------------
                                             16.139179   slack (MET)


Startpoint: _12_ (rising edge-triggered flip-flop clocked by clk)
Endpoint: count[0] (output port clocked by clk)
Path Group: clk
Path Type: max

Fanout         Cap        Slew       Delay        Time   Description
---------------------------------------------------------------------------------------------
                      0.150000    0.000000    0.000000   clock clk (rise edge)
                                  0.000000    0.000000   clock network delay (ideal)
                      0.150000    0.000000    0.000000 ^ _12_/CLK (sky130_fd_sc_hd__dfrtp_2)
     5    0.051858    0.279930    1.065993    1.065993 v _12_/Q (sky130_fd_sc_hd__dfrtp_2)
                                                         count[0] (net)
                      0.279930    0.000000    1.065993 v count[0] (out)
                                              1.065993   data arrival time

                      0.150000   20.000000   20.000000   clock clk (rise edge)
                                  0.000000   20.000000   clock network delay (ideal)
                                 -0.250000   19.750002   clock uncertainty
                                  0.000000   19.750002   clock reconvergence pessimism
                                 -4.000000   15.750001   output external delay
                                             15.750001   data required time
---------------------------------------------------------------------------------------------
                                             15.750001   data required time
                                             -1.065993   data arrival time
---------------------------------------------------------------------------------------------
                                             14.684008   slack (MET)




===========================================================================
report_checks --slack_max -0.01
============================================================================
======================= nom_ss_100C_1v60 Corner ===================================

No paths found.


===========================================================================
 report_check_types -max_slew -max_cap -max_fanout -violators
============================================================================
======================= nom_ss_100C_1v60 Corner ===================================



===========================================================================
report_parasitic_annotation -report_unannotated
============================================================================
Found 12 unannotated drivers.
 clk
 rst_n
 _06_/Y
 _07_/Y
 _08_/X
 _09_/Y
 _10_/X
 _11_/X
 _12_/Q
 _13_/Q
 _14_/Q
 _15_/Q
Found 0 partially unannotated drivers.

===========================================================================
max slew violation count 0
%OL_METRIC_I design__max_slew_violation__count__corner:nom_ss_100C_1v60 0
max fanout violation count 0
%OL_METRIC_I design__max_fanout_violation__count__corner:nom_ss_100C_1v60 0
max cap violation count 0
%OL_METRIC_I design__max_cap_violation__count__corner:nom_ss_100C_1v60 0
============================================================================

===========================================================================
check_setup -verbose -unconstrained_endpoints -multiple_clock -no_clock -no_input_delay -loops -generated_clocks
===========================================================================
%OL_END_REPORT
%OL_CREATE_REPORT power.rpt

===========================================================================
 report_power
============================================================================
======================= nom_ss_100C_1v60 Corner ===================================

Group                    Internal    Switching      Leakage        Total
                            Power        Power        Power        Power (Watts)
------------------------------------------------------------------------
Sequential           6.173546e-06 0.000000e+00 7.793059e-08 6.251477e-06  99.5%
Combinational        0.000000e+00 0.000000e+00 2.926871e-08 2.926871e-08   0.5%
Clock                0.000000e+00 0.000000e+00 0.000000e+00 0.000000e+00   0.0%
Macro                0.000000e+00 0.000000e+00 0.000000e+00 0.000000e+00   0.0%
Pad                  0.000000e+00 0.000000e+00 0.000000e+00 0.000000e+00   0.0%
------------------------------------------------------------------------
Total                6.173546e-06 0.000000e+00 1.071993e-07 6.280746e-06 100.0%
                            98.3%         0.0%         1.7%
%OL_METRIC_F power__internal__total 6.173546353238635e-6
%OL_METRIC_F power__switching__total 0.0
%OL_METRIC_F power__leakage__total 1.0719931253788673e-7
%OL_METRIC_F power__total 6.2807457652525045e-6

%OL_END_REPORT
%OL_CREATE_REPORT skew.min.rpt

===========================================================================
Clock Skew (Hold)
============================================================================
%OL_METRIC_F clock__skew__worst_hold__corner:nom_ss_100C_1v60 -0.25
======================= nom_ss_100C_1v60 Corner ===================================

Clock clk
0.037934 source latency _12_/CLK ^
-0.037934 target latency _12_/CLK ^
-0.250000 clock uncertainty
0.000000 CRPR
--------------
-0.250000 hold skew

%OL_END_REPORT
%OL_CREATE_REPORT skew.max.rpt

===========================================================================
Clock Skew (Setup)
============================================================================
%OL_METRIC_F clock__skew__worst_setup__corner:nom_ss_100C_1v60 0.25
======================= nom_ss_100C_1v60 Corner ===================================

Clock clk
0.037934 source latency _12_/CLK ^
-0.037934 target latency _12_/CLK ^
0.250000 clock uncertainty
0.000000 CRPR
--------------
0.250000 setup skew

%OL_END_REPORT
%OL_CREATE_REPORT ws.min.rpt

===========================================================================
Worst Slack (Hold)
============================================================================
%OL_METRIC_F timing__hold__ws__corner:nom_ss_100C_1v60 0.9540570825625148
nom_ss_100C_1v60: 0.9540570825625148
%OL_END_REPORT
%OL_CREATE_REPORT ws.max.rpt

===========================================================================
Worst Slack (Setup)
============================================================================
%OL_METRIC_F timing__setup__ws__corner:nom_ss_100C_1v60 14.684007314593583
nom_ss_100C_1v60: 14.684007314593583
%OL_END_REPORT
%OL_CREATE_REPORT tns.min.rpt

===========================================================================
Total Negative Slack (Hold)
============================================================================
%OL_METRIC_F timing__hold__tns__corner:nom_ss_100C_1v60 0.0
nom_ss_100C_1v60: 0.0
%OL_END_REPORT
%OL_CREATE_REPORT tns.max.rpt

===========================================================================
Total Negative Slack (Setup)
============================================================================
%OL_METRIC_F timing__setup__tns__corner:nom_ss_100C_1v60 0.0
nom_ss_100C_1v60: 0.0
%OL_END_REPORT
%OL_CREATE_REPORT wns.min.rpt

===========================================================================
Worst Negative Slack (Hold)
============================================================================
%OL_METRIC_F timing__hold__wns__corner:nom_ss_100C_1v60 0
nom_ss_100C_1v60: 0
%OL_END_REPORT
%OL_CREATE_REPORT wns.max.rpt

===========================================================================
Worst Negative Slack (Setup)
============================================================================
%OL_METRIC_F timing__setup__wns__corner:nom_ss_100C_1v60 0.0
nom_ss_100C_1v60: 0.0
%OL_END_REPORT
%OL_CREATE_REPORT violator_list.rpt

===========================================================================
Violator List
============================================================================
%OL_METRIC_I timing__hold_vio__count__corner:nom_ss_100C_1v60 0
%OL_METRIC_F timing__hold_r2r__ws__corner:nom_ss_100C_1v60 0.954057
%OL_METRIC_I timing__hold_r2r_vio__count__corner:nom_ss_100C_1v60 0
%OL_METRIC_I timing__setup_vio__count__corner:nom_ss_100C_1v60 0
%OL_METRIC_F timing__setup_r2r__ws__corner:nom_ss_100C_1v60 17.597694
%OL_METRIC_I timing__setup_r2r_vio__count__corner:nom_ss_100C_1v60 0
%OL_END_REPORT
%OL_CREATE_REPORT unpropagated.rpt
clk
%OL_END_REPORT
%OL_CREATE_REPORT clock.rpt
Clock: clk
Sources: clk 
Generated: no
Virtual: no
Propagated: no
Period: 20.000000

===========================================================================
report_clock_properties
============================================================================
Clock                   Period          Waveform
----------------------------------------------------
clk                  20.000000    0.000000 10.000000

===========================================================================
report_clock_latency
============================================================================
Clock clk
rise -> rise
    min     max
0.000000 0.000000 source latency
0.037934         network latency _12_/CLK
        0.037934 network latency _12_/CLK
---------------
0.037934 0.037934 latency
        0.000000 skew

fall -> fall
    min     max
0.000000 0.000000 source latency
0.020657         network latency _12_/CLK
        0.020657 network latency _12_/CLK
---------------
0.020657 0.020657 latency
        0.000000 skew



===========================================================================
report_clock_min_period
============================================================================
clk period_min = 2.40 fmax = 416.27
%OL_END_REPORT
Writing SDF files for all corners…
