
===========================================================================
report_checks -unconstrained
===========================================================================
======================= nom_tt_025C_1v80 Corner ===================================

Startpoint: rst_n (input port clocked by clk)
Endpoint: _12_ (recovery check against rising-edge clock clk)
Path Group: asynchronous
Path Type: max

Fanout         Cap        Slew       Delay        Time   Description
---------------------------------------------------------------------------------------------
                                  0.000000    0.000000   clock clk (rise edge)
                                  0.000000    0.000000   clock network delay (propagated)
                                  4.000000    4.000000 ^ input external delay
     1    0.002760    0.019564    0.010154    4.010154 ^ rst_n (in)
                                                         rst_n (net)
                      0.019564    0.000000    4.010154 ^ input1/A (sky130_fd_sc_hd__buf_1)
     4    0.016708    0.204557    0.181745    4.191899 ^ input1/X (sky130_fd_sc_hd__buf_1)
                                                         net1 (net)
                      0.204557    0.000085    4.191985 ^ _12_/RESET_B (sky130_fd_sc_hd__dfrtp_2)
                                              4.191985   data arrival time

                                 20.000000   20.000000   clock clk (rise edge)
                                  0.000000   20.000000   clock source latency
     1    0.022830    0.108347    0.074820   20.074821 ^ clk (in)
                                                         clk (net)
                      0.108359    0.000000   20.074821 ^ clkbuf_0_clk/A (sky130_fd_sc_hd__clkbuf_16)
     2    0.018338    0.040487    0.147155   20.221975 ^ clkbuf_0_clk/X (sky130_fd_sc_hd__clkbuf_16)
                                                         clknet_0_clk (net)
                      0.040487    0.000110   20.222086 ^ clkbuf_1_1__f_clk/A (sky130_fd_sc_hd__clkbuf_16)
     3    0.007780    0.031418    0.112106   20.334192 ^ clkbuf_1_1__f_clk/X (sky130_fd_sc_hd__clkbuf_16)
                                                         clknet_1_1__leaf_clk (net)
                      0.031418    0.000039   20.334230 ^ _12_/CLK (sky130_fd_sc_hd__dfrtp_2)
                                 -0.250000   20.084232   clock uncertainty
                                  0.000000   20.084232   clock reconvergence pessimism
                                  0.167294   20.251526   library recovery time
                                             20.251526   data required time
---------------------------------------------------------------------------------------------
                                             20.251526   data required time
                                             -4.191985   data arrival time
---------------------------------------------------------------------------------------------
                                             16.059542   slack (MET)


Startpoint: _12_ (rising edge-triggered flip-flop clocked by clk)
Endpoint: count[0] (output port clocked by clk)
Path Group: clk
Path Type: max

Fanout         Cap        Slew       Delay        Time   Description
---------------------------------------------------------------------------------------------
                                  0.000000    0.000000   clock clk (rise edge)
                                  0.000000    0.000000   clock source latency
     1    0.022830    0.108347    0.074820    0.074820 ^ clk (in)
                                                         clk (net)
                      0.108359    0.000000    0.074820 ^ clkbuf_0_clk/A (sky130_fd_sc_hd__clkbuf_16)
     2    0.018338    0.040487    0.147156    0.221976 ^ clkbuf_0_clk/X (sky130_fd_sc_hd__clkbuf_16)
                                                         clknet_0_clk (net)
                      0.040487    0.000109    0.222085 ^ clkbuf_1_1__f_clk/A (sky130_fd_sc_hd__clkbuf_16)
     3    0.007780    0.031418    0.112106    0.334191 ^ clkbuf_1_1__f_clk/X (sky130_fd_sc_hd__clkbuf_16)
                                                         clknet_1_1__leaf_clk (net)
                      0.031418    0.000039    0.334230 ^ _12_/CLK (sky130_fd_sc_hd__dfrtp_2)
     4    0.009549    0.056279    0.400846    0.735076 v _12_/Q (sky130_fd_sc_hd__dfrtp_2)
                                                         net2 (net)
                      0.056279    0.000045    0.735120 v output2/A (sky130_fd_sc_hd__buf_2)
     1    0.034089    0.088819    0.185147    0.920268 v output2/X (sky130_fd_sc_hd__buf_2)
                                                         count[0] (net)
                      0.088819    0.000103    0.920371 v count[0] (out)
                                              0.920371   data arrival time

                                 20.000000   20.000000   clock clk (rise edge)
                                  0.000000   20.000000   clock network delay (propagated)
                                 -0.250000   19.750002   clock uncertainty
                                  0.000000   19.750002   clock reconvergence pessimism
                                 -4.000000   15.750001   output external delay
                                             15.750001   data required time
---------------------------------------------------------------------------------------------
                                             15.750001   data required time
                                             -0.920371   data arrival time
---------------------------------------------------------------------------------------------
                                             14.829631   slack (MET)




===========================================================================
report_checks --slack_max -0.01
============================================================================
======================= nom_tt_025C_1v80 Corner ===================================

No paths found.


===========================================================================
 report_check_types -max_slew -max_cap -max_fanout -violators
============================================================================
======================= nom_tt_025C_1v80 Corner ===================================



===========================================================================
report_parasitic_annotation -report_unannotated
============================================================================
Found 1 unannotated drivers.
 clkload0/X
Found 0 partially unannotated drivers.

===========================================================================
max slew violation count 0
Writing metric design__max_slew_violation__count__corner:nom_tt_025C_1v80: 0
max fanout violation count 0
Writing metric design__max_fanout_violation__count__corner:nom_tt_025C_1v80: 0
max cap violation count 0
Writing metric design__max_cap_violation__count__corner:nom_tt_025C_1v80: 0
============================================================================

===========================================================================
check_setup -verbose -unconstrained_endpoints -multiple_clock -no_clock -no_input_delay -loops -generated_clocks
===========================================================================
