
===========================================================================
report_checks -path_delay min (Hold)
============================================================================
======================= nom_tt_025C_1v80 Corner ===================================

Startpoint: _12_ (rising edge-triggered flip-flop clocked by clk)
Endpoint: _14_ (rising edge-triggered flip-flop clocked by clk)
Path Group: clk
Path Type: min

Fanout         Cap        Slew       Delay        Time   Description
---------------------------------------------------------------------------------------------
                                  0.000000    0.000000   clock clk (rise edge)
                                  0.000000    0.000000   clock source latency
     1    0.022830    0.108347    0.074820    0.074820 ^ clk (in)
                                                         clk (net)
                      0.108359    0.000000    0.074820 ^ clkbuf_0_clk/A (sky130_fd_sc_hd__clkbuf_16)
     2    0.018338    0.040487    0.147156    0.221976 ^ clkbuf_0_clk/X (sky130_fd_sc_hd__clkbuf_16)
                                                         clknet_0_clk (net)
                      0.040487    0.000109    0.222085 ^ clkbuf_1_1__f_clk/A (sky130_fd_sc_hd__clkbuf_16)
     3    0.007780    0.031418    0.112106    0.334191 ^ clkbuf_1_1__f_clk/X (sky130_fd_sc_hd__clkbuf_16)
                                                         clknet_1_1__leaf_clk (net)
                      0.031418    0.000039    0.334230 ^ _12_/CLK (sky130_fd_sc_hd__dfrtp_2)
     4    0.010144    0.069534    0.359324    0.693554 ^ _12_/Q (sky130_fd_sc_hd__dfrtp_2)
                                                         net2 (net)
                      0.069534    0.000006    0.693559 ^ _07_/A2 (sky130_fd_sc_hd__a21oi_1)
     1    0.002883    0.030265    0.066098    0.759658 v _07_/Y (sky130_fd_sc_hd__a21oi_1)
                                                         _04_ (net)
                      0.030265    0.000009    0.759667 v _09_/A (sky130_fd_sc_hd__nor2_1)
     1    0.002493    0.073258    0.086804    0.846471 ^ _09_/Y (sky130_fd_sc_hd__nor2_1)
                                                         _02_ (net)
                      0.073258    0.000006    0.846477 ^ _14_/D (sky130_fd_sc_hd__dfrtp_1)
                                              0.846477   data arrival time

                                  0.000000    0.000000   clock clk (rise edge)
                                  0.000000    0.000000   clock source latency
     1    0.022830    0.108347    0.074820    0.074820 ^ clk (in)
                                                         clk (net)
                      0.108359    0.000000    0.074820 ^ clkbuf_0_clk/A (sky130_fd_sc_hd__clkbuf_16)
     2    0.018338    0.040487    0.147156    0.221976 ^ clkbuf_0_clk/X (sky130_fd_sc_hd__clkbuf_16)
                                                         clknet_0_clk (net)
                      0.040487    0.000081    0.222057 ^ clkbuf_1_0__f_clk/A (sky130_fd_sc_hd__clkbuf_16)
     2    0.004817    0.028596    0.108675    0.330732 ^ clkbuf_1_0__f_clk/X (sky130_fd_sc_hd__clkbuf_16)
                                                         clknet_1_0__leaf_clk (net)
                      0.028596    0.000021    0.330752 ^ _14_/CLK (sky130_fd_sc_hd__dfrtp_1)
                                  0.250000    0.580752   clock uncertainty
                                  0.000000    0.580752   clock reconvergence pessimism
                                 -0.042941    0.537812   library hold time
                                              0.537812   data required time
---------------------------------------------------------------------------------------------
                                              0.537812   data required time
                                             -0.846477   data arrival time
---------------------------------------------------------------------------------------------
                                              0.308665   slack (MET)


Startpoint: _14_ (rising edge-triggered flip-flop clocked by clk)
Endpoint: _15_ (rising edge-triggered flip-flop clocked by clk)
Path Group: clk
Path Type: min

Fanout         Cap        Slew       Delay        Time   Description
---------------------------------------------------------------------------------------------
                                  0.000000    0.000000   clock clk (rise edge)
                                  0.000000    0.000000   clock source latency
     1    0.022830    0.108347    0.074820    0.074820 ^ clk (in)
                                                         clk (net)
                      0.108359    0.000000    0.074820 ^ clkbuf_0_clk/A (sky130_fd_sc_hd__clkbuf_16)
     2    0.018338    0.040487    0.147156    0.221976 ^ clkbuf_0_clk/X (sky130_fd_sc_hd__clkbuf_16)
                                                         clknet_0_clk (net)
                      0.040487    0.000081    0.222057 ^ clkbuf_1_0__f_clk/A (sky130_fd_sc_hd__clkbuf_16)
     2    0.004817    0.028596    0.108675    0.330732 ^ clkbuf_1_0__f_clk/X (sky130_fd_sc_hd__clkbuf_16)
                                                         clknet_1_0__leaf_clk (net)
                      0.028596    0.000021    0.330752 ^ _14_/CLK (sky130_fd_sc_hd__dfrtp_1)
     3    0.006999    0.079580    0.337281    0.668033 ^ _14_/Q (sky130_fd_sc_hd__dfrtp_1)
                                                         net4 (net)
                      0.079580    0.000021    0.668054 ^ _08_/C (sky130_fd_sc_hd__and3_1)
     2    0.008673    0.099245    0.198498    0.866552 ^ _08_/X (sky130_fd_sc_hd__and3_1)
                                                         _05_ (net)
                      0.099245    0.000049    0.866601 ^ _10_/B (sky130_fd_sc_hd__xor2_1)
     1    0.002561    0.035284    0.070245    0.936846 v _10_/X (sky130_fd_sc_hd__xor2_1)
                                                         _03_ (net)
                      0.035284    0.000008    0.936854 v _15_/D (sky130_fd_sc_hd__dfrtp_1)
                                              0.936854   data arrival time

                                  0.000000    0.000000   clock clk (rise edge)
                                  0.000000    0.000000   clock source latency
     1    0.022830    0.108347    0.074820    0.074820 ^ clk (in)
                                                         clk (net)
                      0.108359    0.000000    0.074820 ^ clkbuf_0_clk/A (sky130_fd_sc_hd__clkbuf_16)
     2    0.018338    0.040487    0.147156    0.221976 ^ clkbuf_0_clk/X (sky130_fd_sc_hd__clkbuf_16)
                                                         clknet_0_clk (net)
                      0.040487    0.000081    0.222057 ^ clkbuf_1_0__f_clk/A (sky130_fd_sc_hd__clkbuf_16)
     2    0.004817    0.028596    0.108675    0.330732 ^ clkbuf_1_0__f_clk/X (sky130_fd_sc_hd__clkbuf_16)
                                                         clknet_1_0__leaf_clk (net)
                      0.028596    0.000023    0.330755 ^ _15_/CLK (sky130_fd_sc_hd__dfrtp_1)
                                  0.250000    0.580755   clock uncertainty
                                  0.000000    0.580755   clock reconvergence pessimism
                                 -0.045561    0.535194   library hold time
                                              0.535194   data required time
---------------------------------------------------------------------------------------------
                                              0.535194   data required time
                                             -0.936854   data arrival time
---------------------------------------------------------------------------------------------
                                              0.401660   slack (MET)


Startpoint: _12_ (rising edge-triggered flip-flop clocked by clk)
Endpoint: _12_ (rising edge-triggered flip-flop clocked by clk)
Path Group: clk
Path Type: min

Fanout         Cap        Slew       Delay        Time   Description
---------------------------------------------------------------------------------------------
                                  0.000000    0.000000   clock clk (rise edge)
                                  0.000000    0.000000   clock source latency
     1    0.022830    0.108347    0.074820    0.074820 ^ clk (in)
                                                         clk (net)
                      0.108359    0.000000    0.074820 ^ clkbuf_0_clk/A (sky130_fd_sc_hd__clkbuf_16)
     2    0.018338    0.040487    0.147156    0.221976 ^ clkbuf_0_clk/X (sky130_fd_sc_hd__clkbuf_16)
                                                         clknet_0_clk (net)
                      0.040487    0.000109    0.222085 ^ clkbuf_1_1__f_clk/A (sky130_fd_sc_hd__clkbuf_16)
     3    0.007780    0.031418    0.112106    0.334191 ^ clkbuf_1_1__f_clk/X (sky130_fd_sc_hd__clkbuf_16)
                                                         clknet_1_1__leaf_clk (net)
                      0.031418    0.000039    0.334230 ^ _12_/CLK (sky130_fd_sc_hd__dfrtp_2)
     4    0.010144    0.069534    0.359324    0.693554 ^ _12_/Q (sky130_fd_sc_hd__dfrtp_2)
                                                         net2 (net)
                      0.069534    0.000027    0.693581 ^ hold1/A (sky130_fd_sc_hd__dlygate4sd3_1)
     2    0.009992    0.119437    0.597640    1.291222 ^ hold1/X (sky130_fd_sc_hd__dlygate4sd3_1)
                                                         net6 (net)
                      0.119437    0.000013    1.291235 ^ _06_/A (sky130_fd_sc_hd__inv_2)
     1    0.002495    0.025737    0.035040    1.326275 v _06_/Y (sky130_fd_sc_hd__inv_2)
                                                         _00_ (net)
                      0.025737    0.000007    1.326282 v _12_/D (sky130_fd_sc_hd__dfrtp_2)
                                              1.326282   data arrival time

                                  0.000000    0.000000   clock clk (rise edge)
                                  0.000000    0.000000   clock source latency
     1    0.022830    0.108347    0.074820    0.074820 ^ clk (in)
                                                         clk (net)
                      0.108359    0.000000    0.074820 ^ clkbuf_0_clk/A (sky130_fd_sc_hd__clkbuf_16)
     2    0.018338    0.040487    0.147156    0.221976 ^ clkbuf_0_clk/X (sky130_fd_sc_hd__clkbuf_16)
                                                         clknet_0_clk (net)
                      0.040487    0.000109    0.222085 ^ clkbuf_1_1__f_clk/A (sky130_fd_sc_hd__clkbuf_16)
     3    0.007780    0.031418    0.112106    0.334191 ^ clkbuf_1_1__f_clk/X (sky130_fd_sc_hd__clkbuf_16)
                                                         clknet_1_1__leaf_clk (net)
                      0.031418    0.000039    0.334230 ^ _12_/CLK (sky130_fd_sc_hd__dfrtp_2)
                                  0.250000    0.584230   clock uncertainty
                                  0.000000    0.584230   clock reconvergence pessimism
                                 -0.037368    0.546862   library hold time
                                              0.546862   data required time
---------------------------------------------------------------------------------------------
                                              0.546862   data required time
                                             -1.326282   data arrival time
---------------------------------------------------------------------------------------------
                                              0.779420   slack (MET)


Startpoint: _13_ (rising edge-triggered flip-flop clocked by clk)
Endpoint: _13_ (rising edge-triggered flip-flop clocked by clk)
Path Group: clk
Path Type: min

Fanout         Cap        Slew       Delay        Time   Description
---------------------------------------------------------------------------------------------
                                  0.000000    0.000000   clock clk (rise edge)
                                  0.000000    0.000000   clock source latency
     1    0.022830    0.108347    0.074820    0.074820 ^ clk (in)
                                                         clk (net)
                      0.108359    0.000000    0.074820 ^ clkbuf_0_clk/A (sky130_fd_sc_hd__clkbuf_16)
     2    0.018338    0.040487    0.147156    0.221976 ^ clkbuf_0_clk/X (sky130_fd_sc_hd__clkbuf_16)
                                                         clknet_0_clk (net)
                      0.040487    0.000109    0.222085 ^ clkbuf_1_1__f_clk/A (sky130_fd_sc_hd__clkbuf_16)
     3    0.007780    0.031418    0.112106    0.334191 ^ clkbuf_1_1__f_clk/X (sky130_fd_sc_hd__clkbuf_16)
                                                         clknet_1_1__leaf_clk (net)
                      0.031418    0.000035    0.334226 ^ _13_/CLK (sky130_fd_sc_hd__dfrtp_1)
     4    0.010054    0.103671    0.358469    0.692695 ^ _13_/Q (sky130_fd_sc_hd__dfrtp_1)
                                                         net3 (net)
                      0.103671    0.000023    0.692717 ^ hold3/A (sky130_fd_sc_hd__dlygate4sd3_1)
     1    0.004783    0.072853    0.568331    1.261049 ^ hold3/X (sky130_fd_sc_hd__dlygate4sd3_1)
                                                         net8 (net)
                      0.072853    0.000008    1.261056 ^ _11_/A (sky130_fd_sc_hd__xor2_1)
     1    0.002457    0.035566    0.064545    1.325601 v _11_/X (sky130_fd_sc_hd__xor2_1)
                                                         _01_ (net)
                      0.035566    0.000006    1.325607 v _13_/D (sky130_fd_sc_hd__dfrtp_1)
                                              1.325607   data arrival time

                                  0.000000    0.000000   clock clk (rise edge)
                                  0.000000    0.000000   clock source latency
     1    0.022830    0.108347    0.074820    0.074820 ^ clk (in)
                                                         clk (net)
                      0.108359    0.000000    0.074820 ^ clkbuf_0_clk/A (sky130_fd_sc_hd__clkbuf_16)
     2    0.018338    0.040487    0.147156    0.221976 ^ clkbuf_0_clk/X (sky130_fd_sc_hd__clkbuf_16)
                                                         clknet_0_clk (net)
                      0.040487    0.000109    0.222085 ^ clkbuf_1_1__f_clk/A (sky130_fd_sc_hd__clkbuf_16)
     3    0.007780    0.031418    0.112106    0.334191 ^ clkbuf_1_1__f_clk/X (sky130_fd_sc_hd__clkbuf_16)
                                                         clknet_1_1__leaf_clk (net)
                      0.031418    0.000035    0.334226 ^ _13_/CLK (sky130_fd_sc_hd__dfrtp_1)
                                  0.250000    0.584226   clock uncertainty
                                  0.000000    0.584226   clock reconvergence pessimism
                                 -0.045032    0.539194   library hold time
                                              0.539194   data required time
---------------------------------------------------------------------------------------------
                                              0.539194   data required time
                                             -1.325607   data arrival time
---------------------------------------------------------------------------------------------
                                              0.786413   slack (MET)


Startpoint: rst_n (input port clocked by clk)
Endpoint: _13_ (removal check against rising-edge clock clk)
Path Group: asynchronous
Path Type: min

Fanout         Cap        Slew       Delay        Time   Description
---------------------------------------------------------------------------------------------
                                  0.000000    0.000000   clock clk (rise edge)
                                  0.000000    0.000000   clock network delay (propagated)
                                  4.000000    4.000000 ^ input external delay
     1    0.002760    0.019564    0.010154    4.010154 ^ rst_n (in)
                                                         rst_n (net)
                      0.019564    0.000000    4.010154 ^ input1/A (sky130_fd_sc_hd__buf_1)
     4    0.016708    0.204557    0.181745    4.191899 ^ input1/X (sky130_fd_sc_hd__buf_1)
                                                         net1 (net)
                      0.204557    0.000095    4.191994 ^ _13_/RESET_B (sky130_fd_sc_hd__dfrtp_1)
                                              4.191994   data arrival time

                                  0.000000    0.000000   clock clk (rise edge)
                                  0.000000    0.000000   clock source latency
     1    0.022830    0.108347    0.074820    0.074820 ^ clk (in)
                                                         clk (net)
                      0.108359    0.000000    0.074820 ^ clkbuf_0_clk/A (sky130_fd_sc_hd__clkbuf_16)
     2    0.018338    0.040487    0.147156    0.221976 ^ clkbuf_0_clk/X (sky130_fd_sc_hd__clkbuf_16)
                                                         clknet_0_clk (net)
                      0.040487    0.000109    0.222085 ^ clkbuf_1_1__f_clk/A (sky130_fd_sc_hd__clkbuf_16)
     3    0.007780    0.031418    0.112106    0.334191 ^ clkbuf_1_1__f_clk/X (sky130_fd_sc_hd__clkbuf_16)
                                                         clknet_1_1__leaf_clk (net)
                      0.031418    0.000035    0.334226 ^ _13_/CLK (sky130_fd_sc_hd__dfrtp_1)
                                  0.250000    0.584226   clock uncertainty
                                  0.000000    0.584226   clock reconvergence pessimism
                                  0.360454    0.944680   library removal time
                                              0.944680   data required time
---------------------------------------------------------------------------------------------
                                              0.944680   data required time
                                             -4.191994   data arrival time
---------------------------------------------------------------------------------------------
                                              3.247314   slack (MET)


Startpoint: rst_n (input port clocked by clk)
Endpoint: _12_ (removal check against rising-edge clock clk)
Path Group: asynchronous
Path Type: min

Fanout         Cap        Slew       Delay        Time   Description
---------------------------------------------------------------------------------------------
                                  0.000000    0.000000   clock clk (rise edge)
                                  0.000000    0.000000   clock network delay (propagated)
                                  4.000000    4.000000 ^ input external delay
     1    0.002760    0.019564    0.010154    4.010154 ^ rst_n (in)
                                                         rst_n (net)
                      0.019564    0.000000    4.010154 ^ input1/A (sky130_fd_sc_hd__buf_1)
     4    0.016708    0.204557    0.181745    4.191899 ^ input1/X (sky130_fd_sc_hd__buf_1)
                                                         net1 (net)
                      0.204557    0.000085    4.191985 ^ _12_/RESET_B (sky130_fd_sc_hd__dfrtp_2)
                                              4.191985   data arrival time

                                  0.000000    0.000000   clock clk (rise edge)
                                  0.000000    0.000000   clock source latency
     1    0.022830    0.108347    0.074820    0.074820 ^ clk (in)
                                                         clk (net)
                      0.108359    0.000000    0.074820 ^ clkbuf_0_clk/A (sky130_fd_sc_hd__clkbuf_16)
     2    0.018338    0.040487    0.147156    0.221976 ^ clkbuf_0_clk/X (sky130_fd_sc_hd__clkbuf_16)
                                                         clknet_0_clk (net)
                      0.040487    0.000109    0.222085 ^ clkbuf_1_1__f_clk/A (sky130_fd_sc_hd__clkbuf_16)
     3    0.007780    0.031418    0.112106    0.334191 ^ clkbuf_1_1__f_clk/X (sky130_fd_sc_hd__clkbuf_16)
                                                         clknet_1_1__leaf_clk (net)
                      0.031418    0.000039    0.334230 ^ _12_/CLK (sky130_fd_sc_hd__dfrtp_2)
                                  0.250000    0.584230   clock uncertainty
                                  0.000000    0.584230   clock reconvergence pessimism
                                  0.360023    0.944253   library removal time
                                              0.944253   data required time
---------------------------------------------------------------------------------------------
                                              0.944253   data required time
                                             -4.191985   data arrival time
---------------------------------------------------------------------------------------------
                                              3.247732   slack (MET)


Startpoint: rst_n (input port clocked by clk)
Endpoint: _15_ (removal check against rising-edge clock clk)
Path Group: asynchronous
Path Type: min

Fanout         Cap        Slew       Delay        Time   Description
---------------------------------------------------------------------------------------------
                                  0.000000    0.000000   clock clk (rise edge)
                                  0.000000    0.000000   clock network delay (propagated)
                                  4.000000    4.000000 ^ input external delay
     1    0.002760    0.019564    0.010154    4.010154 ^ rst_n (in)
                                                         rst_n (net)
                      0.019564    0.000000    4.010154 ^ input1/A (sky130_fd_sc_hd__buf_1)
     4    0.016708    0.204557    0.181745    4.191899 ^ input1/X (sky130_fd_sc_hd__buf_1)
                                                         net1 (net)
                      0.204557    0.000083    4.191982 ^ _15_/RESET_B (sky130_fd_sc_hd__dfrtp_1)
                                              4.191982   data arrival time

                                  0.000000    0.000000   clock clk (rise edge)
                                  0.000000    0.000000   clock source latency
     1    0.022830    0.108347    0.074820    0.074820 ^ clk (in)
                                                         clk (net)
                      0.108359    0.000000    0.074820 ^ clkbuf_0_clk/A (sky130_fd_sc_hd__clkbuf_16)
     2    0.018338    0.040487    0.147156    0.221976 ^ clkbuf_0_clk/X (sky130_fd_sc_hd__clkbuf_16)
                                                         clknet_0_clk (net)
                      0.040487    0.000081    0.222057 ^ clkbuf_1_0__f_clk/A (sky130_fd_sc_hd__clkbuf_16)
     2    0.004817    0.028596    0.108675    0.330732 ^ clkbuf_1_0__f_clk/X (sky130_fd_sc_hd__clkbuf_16)
                                                         clknet_1_0__leaf_clk (net)
                      0.028596    0.000023    0.330755 ^ _15_/CLK (sky130_fd_sc_hd__dfrtp_1)
                                  0.250000    0.580755   clock uncertainty
                                  0.000000    0.580755   clock reconvergence pessimism
                                  0.359687    0.940442   library removal time
                                              0.940442   data required time
---------------------------------------------------------------------------------------------
                                              0.940442   data required time
                                             -4.191982   data arrival time
---------------------------------------------------------------------------------------------
                                              3.251540   slack (MET)


Startpoint: rst_n (input port clocked by clk)
Endpoint: _14_ (removal check against rising-edge clock clk)
Path Group: asynchronous
Path Type: min

Fanout         Cap        Slew       Delay        Time   Description
---------------------------------------------------------------------------------------------
                                  0.000000    0.000000   clock clk (rise edge)
                                  0.000000    0.000000   clock network delay (propagated)
                                  4.000000    4.000000 ^ input external delay
     1    0.002760    0.019564    0.010154    4.010154 ^ rst_n (in)
                                                         rst_n (net)
                      0.019564    0.000000    4.010154 ^ input1/A (sky130_fd_sc_hd__buf_1)
     4    0.016708    0.204557    0.181745    4.191899 ^ input1/X (sky130_fd_sc_hd__buf_1)
                                                         net1 (net)
                      0.204557    0.000087    4.191986 ^ _14_/RESET_B (sky130_fd_sc_hd__dfrtp_1)
                                              4.191986   data arrival time

                                  0.000000    0.000000   clock clk (rise edge)
                                  0.000000    0.000000   clock source latency
     1    0.022830    0.108347    0.074820    0.074820 ^ clk (in)
                                                         clk (net)
                      0.108359    0.000000    0.074820 ^ clkbuf_0_clk/A (sky130_fd_sc_hd__clkbuf_16)
     2    0.018338    0.040487    0.147156    0.221976 ^ clkbuf_0_clk/X (sky130_fd_sc_hd__clkbuf_16)
                                                         clknet_0_clk (net)
                      0.040487    0.000081    0.222057 ^ clkbuf_1_0__f_clk/A (sky130_fd_sc_hd__clkbuf_16)
     2    0.004817    0.028596    0.108675    0.330732 ^ clkbuf_1_0__f_clk/X (sky130_fd_sc_hd__clkbuf_16)
                                                         clknet_1_0__leaf_clk (net)
                      0.028596    0.000021    0.330752 ^ _14_/CLK (sky130_fd_sc_hd__dfrtp_1)
                                  0.250000    0.580752   clock uncertainty
                                  0.000000    0.580752   clock reconvergence pessimism
                                  0.359687    0.940440   library removal time
                                              0.940440   data required time
---------------------------------------------------------------------------------------------
                                              0.940440   data required time
                                             -4.191986   data arrival time
---------------------------------------------------------------------------------------------
                                              3.251546   slack (MET)


Startpoint: _15_ (rising edge-triggered flip-flop clocked by clk)
Endpoint: count[3] (output port clocked by clk)
Path Group: clk
Path Type: min

Fanout         Cap        Slew       Delay        Time   Description
---------------------------------------------------------------------------------------------
                                  0.000000    0.000000   clock clk (rise edge)
                                  0.000000    0.000000   clock source latency
     1    0.022830    0.108347    0.074820    0.074820 ^ clk (in)
                                                         clk (net)
                      0.108359    0.000000    0.074820 ^ clkbuf_0_clk/A (sky130_fd_sc_hd__clkbuf_16)
     2    0.018338    0.040487    0.147156    0.221976 ^ clkbuf_0_clk/X (sky130_fd_sc_hd__clkbuf_16)
                                                         clknet_0_clk (net)
                      0.040487    0.000081    0.222057 ^ clkbuf_1_0__f_clk/A (sky130_fd_sc_hd__clkbuf_16)
     2    0.004817    0.028596    0.108675    0.330732 ^ clkbuf_1_0__f_clk/X (sky130_fd_sc_hd__clkbuf_16)
                                                         clknet_1_0__leaf_clk (net)
                      0.028596    0.000023    0.330755 ^ _15_/CLK (sky130_fd_sc_hd__dfrtp_1)
     2    0.005930    0.071255    0.330068    0.660823 ^ _15_/Q (sky130_fd_sc_hd__dfrtp_1)
                                                         net5 (net)
                      0.071255    0.000027    0.660850 ^ output5/A (sky130_fd_sc_hd__buf_2)
     1    0.034124    0.169517    0.207672    0.868522 ^ output5/X (sky130_fd_sc_hd__buf_2)
                                                         count[3] (net)
                      0.169517    0.000111    0.868633 ^ count[3] (out)
                                              0.868633   data arrival time

                                  0.000000    0.000000   clock clk (rise edge)
                                  0.000000    0.000000   clock network delay (propagated)
                                  0.250000    0.250000   clock uncertainty
                                  0.000000    0.250000   clock reconvergence pessimism
                                 -4.000000   -3.750000   output external delay
                                             -3.750000   data required time
---------------------------------------------------------------------------------------------
                                             -3.750000   data required time
                                             -0.868633   data arrival time
---------------------------------------------------------------------------------------------
                                              4.618633   slack (MET)


Startpoint: _14_ (rising edge-triggered flip-flop clocked by clk)
Endpoint: count[2] (output port clocked by clk)
Path Group: clk
Path Type: min

Fanout         Cap        Slew       Delay        Time   Description
---------------------------------------------------------------------------------------------
                                  0.000000    0.000000   clock clk (rise edge)
                                  0.000000    0.000000   clock source latency
     1    0.022830    0.108347    0.074820    0.074820 ^ clk (in)
                                                         clk (net)
                      0.108359    0.000000    0.074820 ^ clkbuf_0_clk/A (sky130_fd_sc_hd__clkbuf_16)
     2    0.018338    0.040487    0.147156    0.221976 ^ clkbuf_0_clk/X (sky130_fd_sc_hd__clkbuf_16)
                                                         clknet_0_clk (net)
                      0.040487    0.000081    0.222057 ^ clkbuf_1_0__f_clk/A (sky130_fd_sc_hd__clkbuf_16)
     2    0.004817    0.028596    0.108675    0.330732 ^ clkbuf_1_0__f_clk/X (sky130_fd_sc_hd__clkbuf_16)
                                                         clknet_1_0__leaf_clk (net)
                      0.028596    0.000021    0.330752 ^ _14_/CLK (sky130_fd_sc_hd__dfrtp_1)
     3    0.006999    0.079580    0.337281    0.668033 ^ _14_/Q (sky130_fd_sc_hd__dfrtp_1)
                                                         net4 (net)
                      0.079580    0.000018    0.668052 ^ output4/A (sky130_fd_sc_hd__buf_2)
     1    0.034072    0.169319    0.210574    0.878625 ^ output4/X (sky130_fd_sc_hd__buf_2)
                                                         count[2] (net)
                      0.169319    0.000099    0.878724 ^ count[2] (out)
                                              0.878724   data arrival time

                                  0.000000    0.000000   clock clk (rise edge)
                                  0.000000    0.000000   clock network delay (propagated)
                                  0.250000    0.250000   clock uncertainty
                                  0.000000    0.250000   clock reconvergence pessimism
                                 -4.000000   -3.750000   output external delay
                                             -3.750000   data required time
---------------------------------------------------------------------------------------------
                                             -3.750000   data required time
                                             -0.878724   data arrival time
---------------------------------------------------------------------------------------------
                                              4.628724   slack (MET)


Startpoint: _12_ (rising edge-triggered flip-flop clocked by clk)
Endpoint: count[0] (output port clocked by clk)
Path Group: clk
Path Type: min

Fanout         Cap        Slew       Delay        Time   Description
---------------------------------------------------------------------------------------------
                                  0.000000    0.000000   clock clk (rise edge)
                                  0.000000    0.000000   clock source latency
     1    0.022830    0.108347    0.074820    0.074820 ^ clk (in)
                                                         clk (net)
                      0.108359    0.000000    0.074820 ^ clkbuf_0_clk/A (sky130_fd_sc_hd__clkbuf_16)
     2    0.018338    0.040487    0.147156    0.221976 ^ clkbuf_0_clk/X (sky130_fd_sc_hd__clkbuf_16)
                                                         clknet_0_clk (net)
                      0.040487    0.000109    0.222085 ^ clkbuf_1_1__f_clk/A (sky130_fd_sc_hd__clkbuf_16)
     3    0.007780    0.031418    0.112106    0.334191 ^ clkbuf_1_1__f_clk/X (sky130_fd_sc_hd__clkbuf_16)
                                                         clknet_1_1__leaf_clk (net)
                      0.031418    0.000039    0.334230 ^ _12_/CLK (sky130_fd_sc_hd__dfrtp_2)
     4    0.010144    0.069534    0.359324    0.693554 ^ _12_/Q (sky130_fd_sc_hd__dfrtp_2)
                                                         net2 (net)
                      0.069534    0.000047    0.693601 ^ output2/A (sky130_fd_sc_hd__buf_2)
     1    0.034089    0.169340    0.206925    0.900526 ^ output2/X (sky130_fd_sc_hd__buf_2)
                                                         count[0] (net)
                      0.169340    0.000103    0.900629 ^ count[0] (out)
                                              0.900629   data arrival time

                                  0.000000    0.000000   clock clk (rise edge)
                                  0.000000    0.000000   clock network delay (propagated)
                                  0.250000    0.250000   clock uncertainty
                                  0.000000    0.250000   clock reconvergence pessimism
                                 -4.000000   -3.750000   output external delay
                                             -3.750000   data required time
---------------------------------------------------------------------------------------------
                                             -3.750000   data required time
                                             -0.900629   data arrival time
---------------------------------------------------------------------------------------------
                                              4.650630   slack (MET)


Startpoint: _13_ (rising edge-triggered flip-flop clocked by clk)
Endpoint: count[1] (output port clocked by clk)
Path Group: clk
Path Type: min

Fanout         Cap        Slew       Delay        Time   Description
---------------------------------------------------------------------------------------------
                                  0.000000    0.000000   clock clk (rise edge)
                                  0.000000    0.000000   clock source latency
     1    0.022830    0.108347    0.074820    0.074820 ^ clk (in)
                                                         clk (net)
                      0.108359    0.000000    0.074820 ^ clkbuf_0_clk/A (sky130_fd_sc_hd__clkbuf_16)
     2    0.018338    0.040487    0.147156    0.221976 ^ clkbuf_0_clk/X (sky130_fd_sc_hd__clkbuf_16)
                                                         clknet_0_clk (net)
                      0.040487    0.000109    0.222085 ^ clkbuf_1_1__f_clk/A (sky130_fd_sc_hd__clkbuf_16)
     3    0.007780    0.031418    0.112106    0.334191 ^ clkbuf_1_1__f_clk/X (sky130_fd_sc_hd__clkbuf_16)
                                                         clknet_1_1__leaf_clk (net)
                      0.031418    0.000035    0.334226 ^ _13_/CLK (sky130_fd_sc_hd__dfrtp_1)
     4    0.009536    0.068821    0.384893    0.719119 v _13_/Q (sky130_fd_sc_hd__dfrtp_1)
                                                         net3 (net)
                      0.068821    0.000031    0.719150 v output3/A (sky130_fd_sc_hd__buf_2)
     1    0.033967    0.088558    0.190649    0.909799 v output3/X (sky130_fd_sc_hd__buf_2)
                                                         count[1] (net)
                      0.088558    0.000075    0.909874 v count[1] (out)
                                              0.909874   data arrival time

                                  0.000000    0.000000   clock clk (rise edge)
                                  0.000000    0.000000   clock network delay (propagated)
                                  0.250000    0.250000   clock uncertainty
                                  0.000000    0.250000   clock reconvergence pessimism
                                 -4.000000   -3.750000   output external delay
                                             -3.750000   data required time
---------------------------------------------------------------------------------------------
                                             -3.750000   data required time
                                             -0.909874   data arrival time
---------------------------------------------------------------------------------------------
                                              4.659874   slack (MET)



