Reading OpenROAD database at '/home/jihan/projects/openlane_flow/designs/counter_4bit/runs/RUN_2025-12-01_02-14-40/36-openroad-resizertimingpostcts/counter_4bit.odb'…
Reading library file at '/home/jihan/.volare/volare/sky130/versions/0fe599b2afb6708d281543108caf8310912f54af/sky130A/libs.ref/sky130_fd_sc_hd/lib/sky130_fd_sc_hd__tt_025C_1v80.lib'…
Reading design constraints file at '/nix/store/ss2cw3sxbrwwx9jl0rrppbw4kgcmgi2n-python3-3.11.9-env/lib/python3.11/site-packages/openlane/scripts/base.sdc'…
[INFO] Using clock clk…
[INFO] Setting output delay to: 4.0
[INFO] Setting input delay to: 4.0
[INFO] Setting load to: 0.033442
[INFO] Setting clock uncertainty to: 0.25
[INFO] Setting clock transition to: 0.1499999999999999944488848768742172978818416595458984375
[INFO] Setting timing derate to: 5%
[INFO] Setting RC values…
[WARNING GRT-0097] No global routing found for nets.
%OL_CREATE_REPORT min.rpt

===========================================================================
report_checks -path_delay min (Hold)
============================================================================
======================= nom_tt_025C_1v80 Corner ===================================

Startpoint: _12_ (rising edge-triggered flip-flop clocked by clk)
Endpoint: _14_ (rising edge-triggered flip-flop clocked by clk)
Path Group: clk
Path Type: min

Fanout         Cap        Slew       Delay        Time   Description
---------------------------------------------------------------------------------------------
                                  0.000000    0.000000   clock clk (rise edge)
                                  0.000000    0.000000   clock source latency
     1    0.022830    0.108347    0.074820    0.074820 ^ clk (in)
                                                         clk (net)
                      0.108359    0.000000    0.074820 ^ clkbuf_0_clk/A (sky130_fd_sc_hd__clkbuf_16)
     2    0.018338    0.040487    0.147156    0.221976 ^ clkbuf_0_clk/X (sky130_fd_sc_hd__clkbuf_16)
                                                         clknet_0_clk (net)
                      0.040487    0.000109    0.222085 ^ clkbuf_1_1__f_clk/A (sky130_fd_sc_hd__clkbuf_16)
     3    0.007780    0.031418    0.112106    0.334191 ^ clkbuf_1_1__f_clk/X (sky130_fd_sc_hd__clkbuf_16)
                                                         clknet_1_1__leaf_clk (net)
                      0.031418    0.000039    0.334230 ^ _12_/CLK (sky130_fd_sc_hd__dfrtp_2)
     4    0.010144    0.069534    0.359324    0.693554 ^ _12_/Q (sky130_fd_sc_hd__dfrtp_2)
                                                         net2 (net)
                      0.069534    0.000006    0.693559 ^ _07_/A2 (sky130_fd_sc_hd__a21oi_1)
     1    0.002883    0.030265    0.066098    0.759658 v _07_/Y (sky130_fd_sc_hd__a21oi_1)
                                                         _04_ (net)
                      0.030265    0.000009    0.759667 v _09_/A (sky130_fd_sc_hd__nor2_1)
     1    0.002493    0.073258    0.086804    0.846471 ^ _09_/Y (sky130_fd_sc_hd__nor2_1)
                                                         _02_ (net)
                      0.073258    0.000006    0.846477 ^ _14_/D (sky130_fd_sc_hd__dfrtp_1)
                                              0.846477   data arrival time

                                  0.000000    0.000000   clock clk (rise edge)
                                  0.000000    0.000000   clock source latency
     1    0.022830    0.108347    0.074820    0.074820 ^ clk (in)
                                                         clk (net)
                      0.108359    0.000000    0.074820 ^ clkbuf_0_clk/A (sky130_fd_sc_hd__clkbuf_16)
     2    0.018338    0.040487    0.147156    0.221976 ^ clkbuf_0_clk/X (sky130_fd_sc_hd__clkbuf_16)
                                                         clknet_0_clk (net)
                      0.040487    0.000081    0.222057 ^ clkbuf_1_0__f_clk/A (sky130_fd_sc_hd__clkbuf_16)
     2    0.004817    0.028596    0.108675    0.330732 ^ clkbuf_1_0__f_clk/X (sky130_fd_sc_hd__clkbuf_16)
                                                         clknet_1_0__leaf_clk (net)
                      0.028596    0.000021    0.330752 ^ _14_/CLK (sky130_fd_sc_hd__dfrtp_1)
                                  0.250000    0.580752   clock uncertainty
                                  0.000000    0.580752   clock reconvergence pessimism
                                 -0.042941    0.537812   library hold time
                                              0.537812   data required time
---------------------------------------------------------------------------------------------
                                              0.537812   data required time
                                             -0.846477   data arrival time
---------------------------------------------------------------------------------------------
                                              0.308665   slack (MET)


Startpoint: _14_ (rising edge-triggered flip-flop clocked by clk)
Endpoint: _15_ (rising edge-triggered flip-flop clocked by clk)
Path Group: clk
Path Type: min

Fanout         Cap        Slew       Delay        Time   Description
---------------------------------------------------------------------------------------------
                                  0.000000    0.000000   clock clk (rise edge)
                                  0.000000    0.000000   clock source latency
     1    0.022830    0.108347    0.074820    0.074820 ^ clk (in)
                                                         clk (net)
                      0.108359    0.000000    0.074820 ^ clkbuf_0_clk/A (sky130_fd_sc_hd__clkbuf_16)
     2    0.018338    0.040487    0.147156    0.221976 ^ clkbuf_0_clk/X (sky130_fd_sc_hd__clkbuf_16)
                                                         clknet_0_clk (net)
                      0.040487    0.000081    0.222057 ^ clkbuf_1_0__f_clk/A (sky130_fd_sc_hd__clkbuf_16)
     2    0.004817    0.028596    0.108675    0.330732 ^ clkbuf_1_0__f_clk/X (sky130_fd_sc_hd__clkbuf_16)
                                                         clknet_1_0__leaf_clk (net)
                      0.028596    0.000021    0.330752 ^ _14_/CLK (sky130_fd_sc_hd__dfrtp_1)
     3    0.006999    0.079580    0.337281    0.668033 ^ _14_/Q (sky130_fd_sc_hd__dfrtp_1)
                                                         net4 (net)
                      0.079580    0.000021    0.668054 ^ _08_/C (sky130_fd_sc_hd__and3_1)
     2    0.008673    0.099245    0.198498    0.866552 ^ _08_/X (sky130_fd_sc_hd__and3_1)
                                                         _05_ (net)
                      0.099245    0.000049    0.866601 ^ _10_/B (sky130_fd_sc_hd__xor2_1)
     1    0.002561    0.035284    0.070245    0.936846 v _10_/X (sky130_fd_sc_hd__xor2_1)
                                                         _03_ (net)
                      0.035284    0.000008    0.936854 v _15_/D (sky130_fd_sc_hd__dfrtp_1)
                                              0.936854   data arrival time

                                  0.000000    0.000000   clock clk (rise edge)
                                  0.000000    0.000000   clock source latency
     1    0.022830    0.108347    0.074820    0.074820 ^ clk (in)
                                                         clk (net)
                      0.108359    0.000000    0.074820 ^ clkbuf_0_clk/A (sky130_fd_sc_hd__clkbuf_16)
     2    0.018338    0.040487    0.147156    0.221976 ^ clkbuf_0_clk/X (sky130_fd_sc_hd__clkbuf_16)
                                                         clknet_0_clk (net)
                      0.040487    0.000081    0.222057 ^ clkbuf_1_0__f_clk/A (sky130_fd_sc_hd__clkbuf_16)
     2    0.004817    0.028596    0.108675    0.330732 ^ clkbuf_1_0__f_clk/X (sky130_fd_sc_hd__clkbuf_16)
                                                         clknet_1_0__leaf_clk (net)
                      0.028596    0.000023    0.330755 ^ _15_/CLK (sky130_fd_sc_hd__dfrtp_1)
                                  0.250000    0.580755   clock uncertainty
                                  0.000000    0.580755   clock reconvergence pessimism
                                 -0.045561    0.535194   library hold time
                                              0.535194   data required time
---------------------------------------------------------------------------------------------
                                              0.535194   data required time
                                             -0.936854   data arrival time
---------------------------------------------------------------------------------------------
                                              0.401660   slack (MET)


Startpoint: _12_ (rising edge-triggered flip-flop clocked by clk)
Endpoint: _12_ (rising edge-triggered flip-flop clocked by clk)
Path Group: clk
Path Type: min

Fanout         Cap        Slew       Delay        Time   Description
---------------------------------------------------------------------------------------------
                                  0.000000    0.000000   clock clk (rise edge)
                                  0.000000    0.000000   clock source latency
     1    0.022830    0.108347    0.074820    0.074820 ^ clk (in)
                                                         clk (net)
                      0.108359    0.000000    0.074820 ^ clkbuf_0_clk/A (sky130_fd_sc_hd__clkbuf_16)
     2    0.018338    0.040487    0.147156    0.221976 ^ clkbuf_0_clk/X (sky130_fd_sc_hd__clkbuf_16)
                                                         clknet_0_clk (net)
                      0.040487    0.000109    0.222085 ^ clkbuf_1_1__f_clk/A (sky130_fd_sc_hd__clkbuf_16)
     3    0.007780    0.031418    0.112106    0.334191 ^ clkbuf_1_1__f_clk/X (sky130_fd_sc_hd__clkbuf_16)
                                                         clknet_1_1__leaf_clk (net)
                      0.031418    0.000039    0.334230 ^ _12_/CLK (sky130_fd_sc_hd__dfrtp_2)
     4    0.010144    0.069534    0.359324    0.693554 ^ _12_/Q (sky130_fd_sc_hd__dfrtp_2)
                                                         net2 (net)
                      0.069534    0.000027    0.693581 ^ hold1/A (sky130_fd_sc_hd__dlygate4sd3_1)
     2    0.009992    0.119437    0.597640    1.291222 ^ hold1/X (sky130_fd_sc_hd__dlygate4sd3_1)
                                                         net6 (net)
                      0.119437    0.000013    1.291235 ^ _06_/A (sky130_fd_sc_hd__inv_2)
     1    0.002495    0.025737    0.035040    1.326275 v _06_/Y (sky130_fd_sc_hd__inv_2)
                                                         _00_ (net)
                      0.025737    0.000007    1.326282 v _12_/D (sky130_fd_sc_hd__dfrtp_2)
                                              1.326282   data arrival time

                                  0.000000    0.000000   clock clk (rise edge)
                                  0.000000    0.000000   clock source latency
     1    0.022830    0.108347    0.074820    0.074820 ^ clk (in)
                                                         clk (net)
                      0.108359    0.000000    0.074820 ^ clkbuf_0_clk/A (sky130_fd_sc_hd__clkbuf_16)
     2    0.018338    0.040487    0.147156    0.221976 ^ clkbuf_0_clk/X (sky130_fd_sc_hd__clkbuf_16)
                                                         clknet_0_clk (net)
                      0.040487    0.000109    0.222085 ^ clkbuf_1_1__f_clk/A (sky130_fd_sc_hd__clkbuf_16)
     3    0.007780    0.031418    0.112106    0.334191 ^ clkbuf_1_1__f_clk/X (sky130_fd_sc_hd__clkbuf_16)
                                                         clknet_1_1__leaf_clk (net)
                      0.031418    0.000039    0.334230 ^ _12_/CLK (sky130_fd_sc_hd__dfrtp_2)
                                  0.250000    0.584230   clock uncertainty
                                  0.000000    0.584230   clock reconvergence pessimism
                                 -0.037368    0.546862   library hold time
                                              0.546862   data required time
---------------------------------------------------------------------------------------------
                                              0.546862   data required time
                                             -1.326282   data arrival time
---------------------------------------------------------------------------------------------
                                              0.779420   slack (MET)


Startpoint: _13_ (rising edge-triggered flip-flop clocked by clk)
Endpoint: _13_ (rising edge-triggered flip-flop clocked by clk)
Path Group: clk
Path Type: min

Fanout         Cap        Slew       Delay        Time   Description
---------------------------------------------------------------------------------------------
                                  0.000000    0.000000   clock clk (rise edge)
                                  0.000000    0.000000   clock source latency
     1    0.022830    0.108347    0.074820    0.074820 ^ clk (in)
                                                         clk (net)
                      0.108359    0.000000    0.074820 ^ clkbuf_0_clk/A (sky130_fd_sc_hd__clkbuf_16)
     2    0.018338    0.040487    0.147156    0.221976 ^ clkbuf_0_clk/X (sky130_fd_sc_hd__clkbuf_16)
                                                         clknet_0_clk (net)
                      0.040487    0.000109    0.222085 ^ clkbuf_1_1__f_clk/A (sky130_fd_sc_hd__clkbuf_16)
     3    0.007780    0.031418    0.112106    0.334191 ^ clkbuf_1_1__f_clk/X (sky130_fd_sc_hd__clkbuf_16)
                                                         clknet_1_1__leaf_clk (net)
                      0.031418    0.000035    0.334226 ^ _13_/CLK (sky130_fd_sc_hd__dfrtp_1)
     4    0.010054    0.103671    0.358469    0.692695 ^ _13_/Q (sky130_fd_sc_hd__dfrtp_1)
                                                         net3 (net)
                      0.103671    0.000023    0.692717 ^ hold3/A (sky130_fd_sc_hd__dlygate4sd3_1)
     1    0.004783    0.072853    0.568331    1.261049 ^ hold3/X (sky130_fd_sc_hd__dlygate4sd3_1)
                                                         net8 (net)
                      0.072853    0.000008    1.261056 ^ _11_/A (sky130_fd_sc_hd__xor2_1)
     1    0.002457    0.035566    0.064545    1.325601 v _11_/X (sky130_fd_sc_hd__xor2_1)
                                                         _01_ (net)
                      0.035566    0.000006    1.325607 v _13_/D (sky130_fd_sc_hd__dfrtp_1)
                                              1.325607   data arrival time

                                  0.000000    0.000000   clock clk (rise edge)
                                  0.000000    0.000000   clock source latency
     1    0.022830    0.108347    0.074820    0.074820 ^ clk (in)
                                                         clk (net)
                      0.108359    0.000000    0.074820 ^ clkbuf_0_clk/A (sky130_fd_sc_hd__clkbuf_16)
     2    0.018338    0.040487    0.147156    0.221976 ^ clkbuf_0_clk/X (sky130_fd_sc_hd__clkbuf_16)
                                                         clknet_0_clk (net)
                      0.040487    0.000109    0.222085 ^ clkbuf_1_1__f_clk/A (sky130_fd_sc_hd__clkbuf_16)
     3    0.007780    0.031418    0.112106    0.334191 ^ clkbuf_1_1__f_clk/X (sky130_fd_sc_hd__clkbuf_16)
                                                         clknet_1_1__leaf_clk (net)
                      0.031418    0.000035    0.334226 ^ _13_/CLK (sky130_fd_sc_hd__dfrtp_1)
                                  0.250000    0.584226   clock uncertainty
                                  0.000000    0.584226   clock reconvergence pessimism
                                 -0.045032    0.539194   library hold time
                                              0.539194   data required time
---------------------------------------------------------------------------------------------
                                              0.539194   data required time
                                             -1.325607   data arrival time
---------------------------------------------------------------------------------------------
                                              0.786413   slack (MET)


Startpoint: rst_n (input port clocked by clk)
Endpoint: _13_ (removal check against rising-edge clock clk)
Path Group: asynchronous
Path Type: min

Fanout         Cap        Slew       Delay        Time   Description
---------------------------------------------------------------------------------------------
                                  0.000000    0.000000   clock clk (rise edge)
                                  0.000000    0.000000   clock network delay (propagated)
                                  4.000000    4.000000 ^ input external delay
     1    0.002760    0.019564    0.010154    4.010154 ^ rst_n (in)
                                                         rst_n (net)
                      0.019564    0.000000    4.010154 ^ input1/A (sky130_fd_sc_hd__buf_1)
     4    0.016708    0.204557    0.181745    4.191899 ^ input1/X (sky130_fd_sc_hd__buf_1)
                                                         net1 (net)
                      0.204557    0.000095    4.191994 ^ _13_/RESET_B (sky130_fd_sc_hd__dfrtp_1)
                                              4.191994   data arrival time

                                  0.000000    0.000000   clock clk (rise edge)
                                  0.000000    0.000000   clock source latency
     1    0.022830    0.108347    0.074820    0.074820 ^ clk (in)
                                                         clk (net)
                      0.108359    0.000000    0.074820 ^ clkbuf_0_clk/A (sky130_fd_sc_hd__clkbuf_16)
     2    0.018338    0.040487    0.147156    0.221976 ^ clkbuf_0_clk/X (sky130_fd_sc_hd__clkbuf_16)
                                                         clknet_0_clk (net)
                      0.040487    0.000109    0.222085 ^ clkbuf_1_1__f_clk/A (sky130_fd_sc_hd__clkbuf_16)
     3    0.007780    0.031418    0.112106    0.334191 ^ clkbuf_1_1__f_clk/X (sky130_fd_sc_hd__clkbuf_16)
                                                         clknet_1_1__leaf_clk (net)
                      0.031418    0.000035    0.334226 ^ _13_/CLK (sky130_fd_sc_hd__dfrtp_1)
                                  0.250000    0.584226   clock uncertainty
                                  0.000000    0.584226   clock reconvergence pessimism
                                  0.360454    0.944680   library removal time
                                              0.944680   data required time
---------------------------------------------------------------------------------------------
                                              0.944680   data required time
                                             -4.191994   data arrival time
---------------------------------------------------------------------------------------------
                                              3.247314   slack (MET)


Startpoint: rst_n (input port clocked by clk)
Endpoint: _12_ (removal check against rising-edge clock clk)
Path Group: asynchronous
Path Type: min

Fanout         Cap        Slew       Delay        Time   Description
---------------------------------------------------------------------------------------------
                                  0.000000    0.000000   clock clk (rise edge)
                                  0.000000    0.000000   clock network delay (propagated)
                                  4.000000    4.000000 ^ input external delay
     1    0.002760    0.019564    0.010154    4.010154 ^ rst_n (in)
                                                         rst_n (net)
                      0.019564    0.000000    4.010154 ^ input1/A (sky130_fd_sc_hd__buf_1)
     4    0.016708    0.204557    0.181745    4.191899 ^ input1/X (sky130_fd_sc_hd__buf_1)
                                                         net1 (net)
                      0.204557    0.000085    4.191985 ^ _12_/RESET_B (sky130_fd_sc_hd__dfrtp_2)
                                              4.191985   data arrival time

                                  0.000000    0.000000   clock clk (rise edge)
                                  0.000000    0.000000   clock source latency
     1    0.022830    0.108347    0.074820    0.074820 ^ clk (in)
                                                         clk (net)
                      0.108359    0.000000    0.074820 ^ clkbuf_0_clk/A (sky130_fd_sc_hd__clkbuf_16)
     2    0.018338    0.040487    0.147156    0.221976 ^ clkbuf_0_clk/X (sky130_fd_sc_hd__clkbuf_16)
                                                         clknet_0_clk (net)
                      0.040487    0.000109    0.222085 ^ clkbuf_1_1__f_clk/A (sky130_fd_sc_hd__clkbuf_16)
     3    0.007780    0.031418    0.112106    0.334191 ^ clkbuf_1_1__f_clk/X (sky130_fd_sc_hd__clkbuf_16)
                                                         clknet_1_1__leaf_clk (net)
                      0.031418    0.000039    0.334230 ^ _12_/CLK (sky130_fd_sc_hd__dfrtp_2)
                                  0.250000    0.584230   clock uncertainty
                                  0.000000    0.584230   clock reconvergence pessimism
                                  0.360023    0.944253   library removal time
                                              0.944253   data required time
---------------------------------------------------------------------------------------------
                                              0.944253   data required time
                                             -4.191985   data arrival time
---------------------------------------------------------------------------------------------
                                              3.247732   slack (MET)


Startpoint: rst_n (input port clocked by clk)
Endpoint: _15_ (removal check against rising-edge clock clk)
Path Group: asynchronous
Path Type: min

Fanout         Cap        Slew       Delay        Time   Description
---------------------------------------------------------------------------------------------
                                  0.000000    0.000000   clock clk (rise edge)
                                  0.000000    0.000000   clock network delay (propagated)
                                  4.000000    4.000000 ^ input external delay
     1    0.002760    0.019564    0.010154    4.010154 ^ rst_n (in)
                                                         rst_n (net)
                      0.019564    0.000000    4.010154 ^ input1/A (sky130_fd_sc_hd__buf_1)
     4    0.016708    0.204557    0.181745    4.191899 ^ input1/X (sky130_fd_sc_hd__buf_1)
                                                         net1 (net)
                      0.204557    0.000083    4.191982 ^ _15_/RESET_B (sky130_fd_sc_hd__dfrtp_1)
                                              4.191982   data arrival time

                                  0.000000    0.000000   clock clk (rise edge)
                                  0.000000    0.000000   clock source latency
     1    0.022830    0.108347    0.074820    0.074820 ^ clk (in)
                                                         clk (net)
                      0.108359    0.000000    0.074820 ^ clkbuf_0_clk/A (sky130_fd_sc_hd__clkbuf_16)
     2    0.018338    0.040487    0.147156    0.221976 ^ clkbuf_0_clk/X (sky130_fd_sc_hd__clkbuf_16)
                                                         clknet_0_clk (net)
                      0.040487    0.000081    0.222057 ^ clkbuf_1_0__f_clk/A (sky130_fd_sc_hd__clkbuf_16)
     2    0.004817    0.028596    0.108675    0.330732 ^ clkbuf_1_0__f_clk/X (sky130_fd_sc_hd__clkbuf_16)
                                                         clknet_1_0__leaf_clk (net)
                      0.028596    0.000023    0.330755 ^ _15_/CLK (sky130_fd_sc_hd__dfrtp_1)
                                  0.250000    0.580755   clock uncertainty
                                  0.000000    0.580755   clock reconvergence pessimism
                                  0.359687    0.940442   library removal time
                                              0.940442   data required time
---------------------------------------------------------------------------------------------
                                              0.940442   data required time
                                             -4.191982   data arrival time
---------------------------------------------------------------------------------------------
                                              3.251540   slack (MET)


Startpoint: rst_n (input port clocked by clk)
Endpoint: _14_ (removal check against rising-edge clock clk)
Path Group: asynchronous
Path Type: min

Fanout         Cap        Slew       Delay        Time   Description
---------------------------------------------------------------------------------------------
                                  0.000000    0.000000   clock clk (rise edge)
                                  0.000000    0.000000   clock network delay (propagated)
                                  4.000000    4.000000 ^ input external delay
     1    0.002760    0.019564    0.010154    4.010154 ^ rst_n (in)
                                                         rst_n (net)
                      0.019564    0.000000    4.010154 ^ input1/A (sky130_fd_sc_hd__buf_1)
     4    0.016708    0.204557    0.181745    4.191899 ^ input1/X (sky130_fd_sc_hd__buf_1)
                                                         net1 (net)
                      0.204557    0.000087    4.191986 ^ _14_/RESET_B (sky130_fd_sc_hd__dfrtp_1)
                                              4.191986   data arrival time

                                  0.000000    0.000000   clock clk (rise edge)
                                  0.000000    0.000000   clock source latency
     1    0.022830    0.108347    0.074820    0.074820 ^ clk (in)
                                                         clk (net)
                      0.108359    0.000000    0.074820 ^ clkbuf_0_clk/A (sky130_fd_sc_hd__clkbuf_16)
     2    0.018338    0.040487    0.147156    0.221976 ^ clkbuf_0_clk/X (sky130_fd_sc_hd__clkbuf_16)
                                                         clknet_0_clk (net)
                      0.040487    0.000081    0.222057 ^ clkbuf_1_0__f_clk/A (sky130_fd_sc_hd__clkbuf_16)
     2    0.004817    0.028596    0.108675    0.330732 ^ clkbuf_1_0__f_clk/X (sky130_fd_sc_hd__clkbuf_16)
                                                         clknet_1_0__leaf_clk (net)
                      0.028596    0.000021    0.330752 ^ _14_/CLK (sky130_fd_sc_hd__dfrtp_1)
                                  0.250000    0.580752   clock uncertainty
                                  0.000000    0.580752   clock reconvergence pessimism
                                  0.359687    0.940440   library removal time
                                              0.940440   data required time
---------------------------------------------------------------------------------------------
                                              0.940440   data required time
                                             -4.191986   data arrival time
---------------------------------------------------------------------------------------------
                                              3.251546   slack (MET)


Startpoint: _15_ (rising edge-triggered flip-flop clocked by clk)
Endpoint: count[3] (output port clocked by clk)
Path Group: clk
Path Type: min

Fanout         Cap        Slew       Delay        Time   Description
---------------------------------------------------------------------------------------------
                                  0.000000    0.000000   clock clk (rise edge)
                                  0.000000    0.000000   clock source latency
     1    0.022830    0.108347    0.074820    0.074820 ^ clk (in)
                                                         clk (net)
                      0.108359    0.000000    0.074820 ^ clkbuf_0_clk/A (sky130_fd_sc_hd__clkbuf_16)
     2    0.018338    0.040487    0.147156    0.221976 ^ clkbuf_0_clk/X (sky130_fd_sc_hd__clkbuf_16)
                                                         clknet_0_clk (net)
                      0.040487    0.000081    0.222057 ^ clkbuf_1_0__f_clk/A (sky130_fd_sc_hd__clkbuf_16)
     2    0.004817    0.028596    0.108675    0.330732 ^ clkbuf_1_0__f_clk/X (sky130_fd_sc_hd__clkbuf_16)
                                                         clknet_1_0__leaf_clk (net)
                      0.028596    0.000023    0.330755 ^ _15_/CLK (sky130_fd_sc_hd__dfrtp_1)
     2    0.005930    0.071255    0.330068    0.660823 ^ _15_/Q (sky130_fd_sc_hd__dfrtp_1)
                                                         net5 (net)
                      0.071255    0.000027    0.660850 ^ output5/A (sky130_fd_sc_hd__buf_2)
     1    0.034124    0.169517    0.207672    0.868522 ^ output5/X (sky130_fd_sc_hd__buf_2)
                                                         count[3] (net)
                      0.169517    0.000111    0.868633 ^ count[3] (out)
                                              0.868633   data arrival time

                                  0.000000    0.000000   clock clk (rise edge)
                                  0.000000    0.000000   clock network delay (propagated)
                                  0.250000    0.250000   clock uncertainty
                                  0.000000    0.250000   clock reconvergence pessimism
                                 -4.000000   -3.750000   output external delay
                                             -3.750000   data required time
---------------------------------------------------------------------------------------------
                                             -3.750000   data required time
                                             -0.868633   data arrival time
---------------------------------------------------------------------------------------------
                                              4.618633   slack (MET)


Startpoint: _14_ (rising edge-triggered flip-flop clocked by clk)
Endpoint: count[2] (output port clocked by clk)
Path Group: clk
Path Type: min

Fanout         Cap        Slew       Delay        Time   Description
---------------------------------------------------------------------------------------------
                                  0.000000    0.000000   clock clk (rise edge)
                                  0.000000    0.000000   clock source latency
     1    0.022830    0.108347    0.074820    0.074820 ^ clk (in)
                                                         clk (net)
                      0.108359    0.000000    0.074820 ^ clkbuf_0_clk/A (sky130_fd_sc_hd__clkbuf_16)
     2    0.018338    0.040487    0.147156    0.221976 ^ clkbuf_0_clk/X (sky130_fd_sc_hd__clkbuf_16)
                                                         clknet_0_clk (net)
                      0.040487    0.000081    0.222057 ^ clkbuf_1_0__f_clk/A (sky130_fd_sc_hd__clkbuf_16)
     2    0.004817    0.028596    0.108675    0.330732 ^ clkbuf_1_0__f_clk/X (sky130_fd_sc_hd__clkbuf_16)
                                                         clknet_1_0__leaf_clk (net)
                      0.028596    0.000021    0.330752 ^ _14_/CLK (sky130_fd_sc_hd__dfrtp_1)
     3    0.006999    0.079580    0.337281    0.668033 ^ _14_/Q (sky130_fd_sc_hd__dfrtp_1)
                                                         net4 (net)
                      0.079580    0.000018    0.668052 ^ output4/A (sky130_fd_sc_hd__buf_2)
     1    0.034072    0.169319    0.210574    0.878625 ^ output4/X (sky130_fd_sc_hd__buf_2)
                                                         count[2] (net)
                      0.169319    0.000099    0.878724 ^ count[2] (out)
                                              0.878724   data arrival time

                                  0.000000    0.000000   clock clk (rise edge)
                                  0.000000    0.000000   clock network delay (propagated)
                                  0.250000    0.250000   clock uncertainty
                                  0.000000    0.250000   clock reconvergence pessimism
                                 -4.000000   -3.750000   output external delay
                                             -3.750000   data required time
---------------------------------------------------------------------------------------------
                                             -3.750000   data required time
                                             -0.878724   data arrival time
---------------------------------------------------------------------------------------------
                                              4.628724   slack (MET)


Startpoint: _12_ (rising edge-triggered flip-flop clocked by clk)
Endpoint: count[0] (output port clocked by clk)
Path Group: clk
Path Type: min

Fanout         Cap        Slew       Delay        Time   Description
---------------------------------------------------------------------------------------------
                                  0.000000    0.000000   clock clk (rise edge)
                                  0.000000    0.000000   clock source latency
     1    0.022830    0.108347    0.074820    0.074820 ^ clk (in)
                                                         clk (net)
                      0.108359    0.000000    0.074820 ^ clkbuf_0_clk/A (sky130_fd_sc_hd__clkbuf_16)
     2    0.018338    0.040487    0.147156    0.221976 ^ clkbuf_0_clk/X (sky130_fd_sc_hd__clkbuf_16)
                                                         clknet_0_clk (net)
                      0.040487    0.000109    0.222085 ^ clkbuf_1_1__f_clk/A (sky130_fd_sc_hd__clkbuf_16)
     3    0.007780    0.031418    0.112106    0.334191 ^ clkbuf_1_1__f_clk/X (sky130_fd_sc_hd__clkbuf_16)
                                                         clknet_1_1__leaf_clk (net)
                      0.031418    0.000039    0.334230 ^ _12_/CLK (sky130_fd_sc_hd__dfrtp_2)
     4    0.010144    0.069534    0.359324    0.693554 ^ _12_/Q (sky130_fd_sc_hd__dfrtp_2)
                                                         net2 (net)
                      0.069534    0.000047    0.693601 ^ output2/A (sky130_fd_sc_hd__buf_2)
     1    0.034089    0.169340    0.206925    0.900526 ^ output2/X (sky130_fd_sc_hd__buf_2)
                                                         count[0] (net)
                      0.169340    0.000103    0.900629 ^ count[0] (out)
                                              0.900629   data arrival time

                                  0.000000    0.000000   clock clk (rise edge)
                                  0.000000    0.000000   clock network delay (propagated)
                                  0.250000    0.250000   clock uncertainty
                                  0.000000    0.250000   clock reconvergence pessimism
                                 -4.000000   -3.750000   output external delay
                                             -3.750000   data required time
---------------------------------------------------------------------------------------------
                                             -3.750000   data required time
                                             -0.900629   data arrival time
---------------------------------------------------------------------------------------------
                                              4.650630   slack (MET)


Startpoint: _13_ (rising edge-triggered flip-flop clocked by clk)
Endpoint: count[1] (output port clocked by clk)
Path Group: clk
Path Type: min

Fanout         Cap        Slew       Delay        Time   Description
---------------------------------------------------------------------------------------------
                                  0.000000    0.000000   clock clk (rise edge)
                                  0.000000    0.000000   clock source latency
     1    0.022830    0.108347    0.074820    0.074820 ^ clk (in)
                                                         clk (net)
                      0.108359    0.000000    0.074820 ^ clkbuf_0_clk/A (sky130_fd_sc_hd__clkbuf_16)
     2    0.018338    0.040487    0.147156    0.221976 ^ clkbuf_0_clk/X (sky130_fd_sc_hd__clkbuf_16)
                                                         clknet_0_clk (net)
                      0.040487    0.000109    0.222085 ^ clkbuf_1_1__f_clk/A (sky130_fd_sc_hd__clkbuf_16)
     3    0.007780    0.031418    0.112106    0.334191 ^ clkbuf_1_1__f_clk/X (sky130_fd_sc_hd__clkbuf_16)
                                                         clknet_1_1__leaf_clk (net)
                      0.031418    0.000035    0.334226 ^ _13_/CLK (sky130_fd_sc_hd__dfrtp_1)
     4    0.009536    0.068821    0.384893    0.719119 v _13_/Q (sky130_fd_sc_hd__dfrtp_1)
                                                         net3 (net)
                      0.068821    0.000031    0.719150 v output3/A (sky130_fd_sc_hd__buf_2)
     1    0.033967    0.088558    0.190649    0.909799 v output3/X (sky130_fd_sc_hd__buf_2)
                                                         count[1] (net)
                      0.088558    0.000075    0.909874 v count[1] (out)
                                              0.909874   data arrival time

                                  0.000000    0.000000   clock clk (rise edge)
                                  0.000000    0.000000   clock network delay (propagated)
                                  0.250000    0.250000   clock uncertainty
                                  0.000000    0.250000   clock reconvergence pessimism
                                 -4.000000   -3.750000   output external delay
                                             -3.750000   data required time
---------------------------------------------------------------------------------------------
                                             -3.750000   data required time
                                             -0.909874   data arrival time
---------------------------------------------------------------------------------------------
                                              4.659874   slack (MET)



%OL_END_REPORT
%OL_CREATE_REPORT max.rpt

===========================================================================
report_checks -path_delay max (Setup)
============================================================================
======================= nom_tt_025C_1v80 Corner ===================================

Startpoint: _12_ (rising edge-triggered flip-flop clocked by clk)
Endpoint: count[0] (output port clocked by clk)
Path Group: clk
Path Type: max

Fanout         Cap        Slew       Delay        Time   Description
---------------------------------------------------------------------------------------------
                                  0.000000    0.000000   clock clk (rise edge)
                                  0.000000    0.000000   clock source latency
     1    0.022830    0.108347    0.074820    0.074820 ^ clk (in)
                                                         clk (net)
                      0.108359    0.000000    0.074820 ^ clkbuf_0_clk/A (sky130_fd_sc_hd__clkbuf_16)
     2    0.018338    0.040487    0.147156    0.221976 ^ clkbuf_0_clk/X (sky130_fd_sc_hd__clkbuf_16)
                                                         clknet_0_clk (net)
                      0.040487    0.000109    0.222085 ^ clkbuf_1_1__f_clk/A (sky130_fd_sc_hd__clkbuf_16)
     3    0.007780    0.031418    0.112106    0.334191 ^ clkbuf_1_1__f_clk/X (sky130_fd_sc_hd__clkbuf_16)
                                                         clknet_1_1__leaf_clk (net)
                      0.031418    0.000039    0.334230 ^ _12_/CLK (sky130_fd_sc_hd__dfrtp_2)
     4    0.009549    0.056279    0.400846    0.735076 v _12_/Q (sky130_fd_sc_hd__dfrtp_2)
                                                         net2 (net)
                      0.056279    0.000045    0.735120 v output2/A (sky130_fd_sc_hd__buf_2)
     1    0.034089    0.088819    0.185147    0.920268 v output2/X (sky130_fd_sc_hd__buf_2)
                                                         count[0] (net)
                      0.088819    0.000103    0.920371 v count[0] (out)
                                              0.920371   data arrival time

                                 20.000000   20.000000   clock clk (rise edge)
                                  0.000000   20.000000   clock network delay (propagated)
                                 -0.250000   19.750002   clock uncertainty
                                  0.000000   19.750002   clock reconvergence pessimism
                                 -4.000000   15.750001   output external delay
                                             15.750001   data required time
---------------------------------------------------------------------------------------------
                                             15.750001   data required time
                                             -0.920371   data arrival time
---------------------------------------------------------------------------------------------
                                             14.829631   slack (MET)


Startpoint: _13_ (rising edge-triggered flip-flop clocked by clk)
Endpoint: count[1] (output port clocked by clk)
Path Group: clk
Path Type: max

Fanout         Cap        Slew       Delay        Time   Description
---------------------------------------------------------------------------------------------
                                  0.000000    0.000000   clock clk (rise edge)
                                  0.000000    0.000000   clock source latency
     1    0.022830    0.108347    0.074820    0.074820 ^ clk (in)
                                                         clk (net)
                      0.108359    0.000000    0.074820 ^ clkbuf_0_clk/A (sky130_fd_sc_hd__clkbuf_16)
     2    0.018338    0.040487    0.147156    0.221976 ^ clkbuf_0_clk/X (sky130_fd_sc_hd__clkbuf_16)
                                                         clknet_0_clk (net)
                      0.040487    0.000109    0.222085 ^ clkbuf_1_1__f_clk/A (sky130_fd_sc_hd__clkbuf_16)
     3    0.007780    0.031418    0.112106    0.334191 ^ clkbuf_1_1__f_clk/X (sky130_fd_sc_hd__clkbuf_16)
                                                         clknet_1_1__leaf_clk (net)
                      0.031418    0.000035    0.334226 ^ _13_/CLK (sky130_fd_sc_hd__dfrtp_1)
     4    0.010054    0.103671    0.358469    0.692695 ^ _13_/Q (sky130_fd_sc_hd__dfrtp_1)
                                                         net3 (net)
                      0.103671    0.000034    0.692728 ^ output3/A (sky130_fd_sc_hd__buf_2)
     1    0.033967    0.171532    0.219174    0.911902 ^ output3/X (sky130_fd_sc_hd__buf_2)
                                                         count[1] (net)
                      0.171532    0.000075    0.911977 ^ count[1] (out)
                                              0.911977   data arrival time

                                 20.000000   20.000000   clock clk (rise edge)
                                  0.000000   20.000000   clock network delay (propagated)
                                 -0.250000   19.750002   clock uncertainty
                                  0.000000   19.750002   clock reconvergence pessimism
                                 -4.000000   15.750001   output external delay
                                             15.750001   data required time
---------------------------------------------------------------------------------------------
                                             15.750001   data required time
                                             -0.911977   data arrival time
---------------------------------------------------------------------------------------------
                                             14.838024   slack (MET)


Startpoint: _14_ (rising edge-triggered flip-flop clocked by clk)
Endpoint: count[2] (output port clocked by clk)
Path Group: clk
Path Type: max

Fanout         Cap        Slew       Delay        Time   Description
---------------------------------------------------------------------------------------------
                                  0.000000    0.000000   clock clk (rise edge)
                                  0.000000    0.000000   clock source latency
     1    0.022830    0.108347    0.074820    0.074820 ^ clk (in)
                                                         clk (net)
                      0.108359    0.000000    0.074820 ^ clkbuf_0_clk/A (sky130_fd_sc_hd__clkbuf_16)
     2    0.018338    0.040487    0.147156    0.221976 ^ clkbuf_0_clk/X (sky130_fd_sc_hd__clkbuf_16)
                                                         clknet_0_clk (net)
                      0.040487    0.000081    0.222057 ^ clkbuf_1_0__f_clk/A (sky130_fd_sc_hd__clkbuf_16)
     2    0.004817    0.028596    0.108675    0.330732 ^ clkbuf_1_0__f_clk/X (sky130_fd_sc_hd__clkbuf_16)
                                                         clknet_1_0__leaf_clk (net)
                      0.028596    0.000021    0.330752 ^ _14_/CLK (sky130_fd_sc_hd__dfrtp_1)
     3    0.006538    0.057955    0.367920    0.698672 v _14_/Q (sky130_fd_sc_hd__dfrtp_1)
                                                         net4 (net)
                      0.057955    0.000017    0.698689 v output4/A (sky130_fd_sc_hd__buf_2)
     1    0.034072    0.088783    0.185881    0.884570 v output4/X (sky130_fd_sc_hd__buf_2)
                                                         count[2] (net)
                      0.088783    0.000099    0.884669 v count[2] (out)
                                              0.884669   data arrival time

                                 20.000000   20.000000   clock clk (rise edge)
                                  0.000000   20.000000   clock network delay (propagated)
                                 -0.250000   19.750002   clock uncertainty
                                  0.000000   19.750002   clock reconvergence pessimism
                                 -4.000000   15.750001   output external delay
                                             15.750001   data required time
---------------------------------------------------------------------------------------------
                                             15.750001   data required time
                                             -0.884669   data arrival time
---------------------------------------------------------------------------------------------
                                             14.865332   slack (MET)


Startpoint: _15_ (rising edge-triggered flip-flop clocked by clk)
Endpoint: count[3] (output port clocked by clk)
Path Group: clk
Path Type: max

Fanout         Cap        Slew       Delay        Time   Description
---------------------------------------------------------------------------------------------
                                  0.000000    0.000000   clock clk (rise edge)
                                  0.000000    0.000000   clock source latency
     1    0.022830    0.108347    0.074820    0.074820 ^ clk (in)
                                                         clk (net)
                      0.108359    0.000000    0.074820 ^ clkbuf_0_clk/A (sky130_fd_sc_hd__clkbuf_16)
     2    0.018338    0.040487    0.147156    0.221976 ^ clkbuf_0_clk/X (sky130_fd_sc_hd__clkbuf_16)
                                                         clknet_0_clk (net)
                      0.040487    0.000081    0.222057 ^ clkbuf_1_0__f_clk/A (sky130_fd_sc_hd__clkbuf_16)
     2    0.004817    0.028596    0.108675    0.330732 ^ clkbuf_1_0__f_clk/X (sky130_fd_sc_hd__clkbuf_16)
                                                         clknet_1_0__leaf_clk (net)
                      0.028596    0.000023    0.330755 ^ _15_/CLK (sky130_fd_sc_hd__dfrtp_1)
     2    0.005605    0.051972    0.362872    0.693627 v _15_/Q (sky130_fd_sc_hd__dfrtp_1)
                                                         net5 (net)
                      0.051972    0.000025    0.693653 v output5/A (sky130_fd_sc_hd__buf_2)
     1    0.034124    0.088904    0.183275    0.876928 v output5/X (sky130_fd_sc_hd__buf_2)
                                                         count[3] (net)
                      0.088904    0.000111    0.877039 v count[3] (out)
                                              0.877039   data arrival time

                                 20.000000   20.000000   clock clk (rise edge)
                                  0.000000   20.000000   clock network delay (propagated)
                                 -0.250000   19.750002   clock uncertainty
                                  0.000000   19.750002   clock reconvergence pessimism
                                 -4.000000   15.750001   output external delay
                                             15.750001   data required time
---------------------------------------------------------------------------------------------
                                             15.750001   data required time
                                             -0.877039   data arrival time
---------------------------------------------------------------------------------------------
                                             14.872962   slack (MET)


Startpoint: rst_n (input port clocked by clk)
Endpoint: _12_ (recovery check against rising-edge clock clk)
Path Group: asynchronous
Path Type: max

Fanout         Cap        Slew       Delay        Time   Description
---------------------------------------------------------------------------------------------
                                  0.000000    0.000000   clock clk (rise edge)
                                  0.000000    0.000000   clock network delay (propagated)
                                  4.000000    4.000000 ^ input external delay
     1    0.002760    0.019564    0.010154    4.010154 ^ rst_n (in)
                                                         rst_n (net)
                      0.019564    0.000000    4.010154 ^ input1/A (sky130_fd_sc_hd__buf_1)
     4    0.016708    0.204557    0.181745    4.191899 ^ input1/X (sky130_fd_sc_hd__buf_1)
                                                         net1 (net)
                      0.204557    0.000085    4.191985 ^ _12_/RESET_B (sky130_fd_sc_hd__dfrtp_2)
                                              4.191985   data arrival time

                                 20.000000   20.000000   clock clk (rise edge)
                                  0.000000   20.000000   clock source latency
     1    0.022830    0.108347    0.074820   20.074821 ^ clk (in)
                                                         clk (net)
                      0.108359    0.000000   20.074821 ^ clkbuf_0_clk/A (sky130_fd_sc_hd__clkbuf_16)
     2    0.018338    0.040487    0.147155   20.221975 ^ clkbuf_0_clk/X (sky130_fd_sc_hd__clkbuf_16)
                                                         clknet_0_clk (net)
                      0.040487    0.000110   20.222086 ^ clkbuf_1_1__f_clk/A (sky130_fd_sc_hd__clkbuf_16)
     3    0.007780    0.031418    0.112106   20.334192 ^ clkbuf_1_1__f_clk/X (sky130_fd_sc_hd__clkbuf_16)
                                                         clknet_1_1__leaf_clk (net)
                      0.031418    0.000039   20.334230 ^ _12_/CLK (sky130_fd_sc_hd__dfrtp_2)
                                 -0.250000   20.084232   clock uncertainty
                                  0.000000   20.084232   clock reconvergence pessimism
                                  0.167294   20.251526   library recovery time
                                             20.251526   data required time
---------------------------------------------------------------------------------------------
                                             20.251526   data required time
                                             -4.191985   data arrival time
---------------------------------------------------------------------------------------------
                                             16.059542   slack (MET)


Startpoint: rst_n (input port clocked by clk)
Endpoint: _14_ (recovery check against rising-edge clock clk)
Path Group: asynchronous
Path Type: max

Fanout         Cap        Slew       Delay        Time   Description
---------------------------------------------------------------------------------------------
                                  0.000000    0.000000   clock clk (rise edge)
                                  0.000000    0.000000   clock network delay (propagated)
                                  4.000000    4.000000 ^ input external delay
     1    0.002760    0.019564    0.010154    4.010154 ^ rst_n (in)
                                                         rst_n (net)
                      0.019564    0.000000    4.010154 ^ input1/A (sky130_fd_sc_hd__buf_1)
     4    0.016708    0.204557    0.181745    4.191899 ^ input1/X (sky130_fd_sc_hd__buf_1)
                                                         net1 (net)
                      0.204557    0.000087    4.191986 ^ _14_/RESET_B (sky130_fd_sc_hd__dfrtp_1)
                                              4.191986   data arrival time

                                 20.000000   20.000000   clock clk (rise edge)
                                  0.000000   20.000000   clock source latency
     1    0.022830    0.108347    0.074820   20.074821 ^ clk (in)
                                                         clk (net)
                      0.108359    0.000000   20.074821 ^ clkbuf_0_clk/A (sky130_fd_sc_hd__clkbuf_16)
     2    0.018338    0.040487    0.147155   20.221975 ^ clkbuf_0_clk/X (sky130_fd_sc_hd__clkbuf_16)
                                                         clknet_0_clk (net)
                      0.040487    0.000082   20.222057 ^ clkbuf_1_0__f_clk/A (sky130_fd_sc_hd__clkbuf_16)
     2    0.004817    0.028596    0.108674   20.330732 ^ clkbuf_1_0__f_clk/X (sky130_fd_sc_hd__clkbuf_16)
                                                         clknet_1_0__leaf_clk (net)
                      0.028596    0.000021   20.330753 ^ _14_/CLK (sky130_fd_sc_hd__dfrtp_1)
                                 -0.250000   20.080753   clock uncertainty
                                  0.000000   20.080753   clock reconvergence pessimism
                                  0.183889   20.264643   library recovery time
                                             20.264643   data required time
---------------------------------------------------------------------------------------------
                                             20.264643   data required time
                                             -4.191986   data arrival time
---------------------------------------------------------------------------------------------
                                             16.072657   slack (MET)


Startpoint: rst_n (input port clocked by clk)
Endpoint: _15_ (recovery check against rising-edge clock clk)
Path Group: asynchronous
Path Type: max

Fanout         Cap        Slew       Delay        Time   Description
---------------------------------------------------------------------------------------------
                                  0.000000    0.000000   clock clk (rise edge)
                                  0.000000    0.000000   clock network delay (propagated)
                                  4.000000    4.000000 ^ input external delay
     1    0.002760    0.019564    0.010154    4.010154 ^ rst_n (in)
                                                         rst_n (net)
                      0.019564    0.000000    4.010154 ^ input1/A (sky130_fd_sc_hd__buf_1)
     4    0.016708    0.204557    0.181745    4.191899 ^ input1/X (sky130_fd_sc_hd__buf_1)
                                                         net1 (net)
                      0.204557    0.000083    4.191982 ^ _15_/RESET_B (sky130_fd_sc_hd__dfrtp_1)
                                              4.191982   data arrival time

                                 20.000000   20.000000   clock clk (rise edge)
                                  0.000000   20.000000   clock source latency
     1    0.022830    0.108347    0.074820   20.074821 ^ clk (in)
                                                         clk (net)
                      0.108359    0.000000   20.074821 ^ clkbuf_0_clk/A (sky130_fd_sc_hd__clkbuf_16)
     2    0.018338    0.040487    0.147155   20.221975 ^ clkbuf_0_clk/X (sky130_fd_sc_hd__clkbuf_16)
                                                         clknet_0_clk (net)
                      0.040487    0.000082   20.222057 ^ clkbuf_1_0__f_clk/A (sky130_fd_sc_hd__clkbuf_16)
     2    0.004817    0.028596    0.108674   20.330732 ^ clkbuf_1_0__f_clk/X (sky130_fd_sc_hd__clkbuf_16)
                                                         clknet_1_0__leaf_clk (net)
                      0.028596    0.000025   20.330757 ^ _15_/CLK (sky130_fd_sc_hd__dfrtp_1)
                                 -0.250000   20.080757   clock uncertainty
                                  0.000000   20.080757   clock reconvergence pessimism
                                  0.183889   20.264647   library recovery time
                                             20.264647   data required time
---------------------------------------------------------------------------------------------
                                             20.264647   data required time
                                             -4.191982   data arrival time
---------------------------------------------------------------------------------------------
                                             16.072664   slack (MET)


Startpoint: rst_n (input port clocked by clk)
Endpoint: _13_ (recovery check against rising-edge clock clk)
Path Group: asynchronous
Path Type: max

Fanout         Cap        Slew       Delay        Time   Description
---------------------------------------------------------------------------------------------
                                  0.000000    0.000000   clock clk (rise edge)
                                  0.000000    0.000000   clock network delay (propagated)
                                  4.000000    4.000000 ^ input external delay
     1    0.002760    0.019564    0.010154    4.010154 ^ rst_n (in)
                                                         rst_n (net)
                      0.019564    0.000000    4.010154 ^ input1/A (sky130_fd_sc_hd__buf_1)
     4    0.016708    0.204557    0.181745    4.191899 ^ input1/X (sky130_fd_sc_hd__buf_1)
                                                         net1 (net)
                      0.204557    0.000095    4.191994 ^ _13_/RESET_B (sky130_fd_sc_hd__dfrtp_1)
                                              4.191994   data arrival time

                                 20.000000   20.000000   clock clk (rise edge)
                                  0.000000   20.000000   clock source latency
     1    0.022830    0.108347    0.074820   20.074821 ^ clk (in)
                                                         clk (net)
                      0.108359    0.000000   20.074821 ^ clkbuf_0_clk/A (sky130_fd_sc_hd__clkbuf_16)
     2    0.018338    0.040487    0.147155   20.221975 ^ clkbuf_0_clk/X (sky130_fd_sc_hd__clkbuf_16)
                                                         clknet_0_clk (net)
                      0.040487    0.000110   20.222086 ^ clkbuf_1_1__f_clk/A (sky130_fd_sc_hd__clkbuf_16)
     3    0.007780    0.031418    0.112106   20.334192 ^ clkbuf_1_1__f_clk/X (sky130_fd_sc_hd__clkbuf_16)
                                                         clknet_1_1__leaf_clk (net)
                      0.031418    0.000034   20.334225 ^ _13_/CLK (sky130_fd_sc_hd__dfrtp_1)
                                 -0.250000   20.084227   clock uncertainty
                                  0.000000   20.084227   clock reconvergence pessimism
                                  0.184772   20.268997   library recovery time
                                             20.268997   data required time
---------------------------------------------------------------------------------------------
                                             20.268997   data required time
                                             -4.191994   data arrival time
---------------------------------------------------------------------------------------------
                                             16.077003   slack (MET)


Startpoint: _12_ (rising edge-triggered flip-flop clocked by clk)
Endpoint: _13_ (rising edge-triggered flip-flop clocked by clk)
Path Group: clk
Path Type: max

Fanout         Cap        Slew       Delay        Time   Description
---------------------------------------------------------------------------------------------
                                  0.000000    0.000000   clock clk (rise edge)
                                  0.000000    0.000000   clock source latency
     1    0.022830    0.108347    0.074820    0.074820 ^ clk (in)
                                                         clk (net)
                      0.108359    0.000000    0.074820 ^ clkbuf_0_clk/A (sky130_fd_sc_hd__clkbuf_16)
     2    0.018338    0.040487    0.147156    0.221976 ^ clkbuf_0_clk/X (sky130_fd_sc_hd__clkbuf_16)
                                                         clknet_0_clk (net)
                      0.040487    0.000109    0.222085 ^ clkbuf_1_1__f_clk/A (sky130_fd_sc_hd__clkbuf_16)
     3    0.007780    0.031418    0.112106    0.334191 ^ clkbuf_1_1__f_clk/X (sky130_fd_sc_hd__clkbuf_16)
                                                         clknet_1_1__leaf_clk (net)
                      0.031418    0.000039    0.334230 ^ _12_/CLK (sky130_fd_sc_hd__dfrtp_2)
     4    0.009549    0.056279    0.400846    0.735076 v _12_/Q (sky130_fd_sc_hd__dfrtp_2)
                                                         net2 (net)
                      0.056279    0.000026    0.735102 v hold1/A (sky130_fd_sc_hd__dlygate4sd3_1)
     2    0.009287    0.086600    0.595749    1.330850 v hold1/X (sky130_fd_sc_hd__dlygate4sd3_1)
                                                         net6 (net)
                      0.086600    0.000027    1.330877 v _11_/B (sky130_fd_sc_hd__xor2_1)
     1    0.002457    0.051584    0.149782    1.480659 v _11_/X (sky130_fd_sc_hd__xor2_1)
                                                         _01_ (net)
                      0.051584    0.000006    1.480664 v _13_/D (sky130_fd_sc_hd__dfrtp_1)
                                              1.480664   data arrival time

                                 20.000000   20.000000   clock clk (rise edge)
                                  0.000000   20.000000   clock source latency
     1    0.022830    0.108347    0.074820   20.074821 ^ clk (in)
                                                         clk (net)
                      0.108359    0.000000   20.074821 ^ clkbuf_0_clk/A (sky130_fd_sc_hd__clkbuf_16)
     2    0.018338    0.040487    0.147155   20.221975 ^ clkbuf_0_clk/X (sky130_fd_sc_hd__clkbuf_16)
                                                         clknet_0_clk (net)
                      0.040487    0.000110   20.222086 ^ clkbuf_1_1__f_clk/A (sky130_fd_sc_hd__clkbuf_16)
     3    0.007780    0.031418    0.112106   20.334192 ^ clkbuf_1_1__f_clk/X (sky130_fd_sc_hd__clkbuf_16)
                                                         clknet_1_1__leaf_clk (net)
                      0.031418    0.000034   20.334225 ^ _13_/CLK (sky130_fd_sc_hd__dfrtp_1)
                                 -0.250000   20.084227   clock uncertainty
                                  0.000000   20.084227   clock reconvergence pessimism
                                 -0.120256   19.963970   library setup time
                                             19.963970   data required time
---------------------------------------------------------------------------------------------
                                             19.963970   data required time
                                             -1.480664   data arrival time
---------------------------------------------------------------------------------------------
                                             18.483307   slack (MET)


Startpoint: _14_ (rising edge-triggered flip-flop clocked by clk)
Endpoint: _14_ (rising edge-triggered flip-flop clocked by clk)
Path Group: clk
Path Type: max

Fanout         Cap        Slew       Delay        Time   Description
---------------------------------------------------------------------------------------------
                                  0.000000    0.000000   clock clk (rise edge)
                                  0.000000    0.000000   clock source latency
     1    0.022830    0.108347    0.074820    0.074820 ^ clk (in)
                                                         clk (net)
                      0.108359    0.000000    0.074820 ^ clkbuf_0_clk/A (sky130_fd_sc_hd__clkbuf_16)
     2    0.018338    0.040487    0.147156    0.221976 ^ clkbuf_0_clk/X (sky130_fd_sc_hd__clkbuf_16)
                                                         clknet_0_clk (net)
                      0.040487    0.000081    0.222057 ^ clkbuf_1_0__f_clk/A (sky130_fd_sc_hd__clkbuf_16)
     2    0.004817    0.028596    0.108675    0.330732 ^ clkbuf_1_0__f_clk/X (sky130_fd_sc_hd__clkbuf_16)
                                                         clknet_1_0__leaf_clk (net)
                      0.028596    0.000021    0.330752 ^ _14_/CLK (sky130_fd_sc_hd__dfrtp_1)
     3    0.006538    0.057955    0.367920    0.698672 v _14_/Q (sky130_fd_sc_hd__dfrtp_1)
                                                         net4 (net)
                      0.057955    0.000013    0.698685 v hold4/A (sky130_fd_sc_hd__dlygate4sd3_1)
     1    0.003720    0.057953    0.561049    1.259735 v hold4/X (sky130_fd_sc_hd__dlygate4sd3_1)
                                                         net9 (net)
                      0.057953    0.000022    1.259757 v _07_/B1 (sky130_fd_sc_hd__a21oi_1)
     1    0.003071    0.111982    0.117637    1.377394 ^ _07_/Y (sky130_fd_sc_hd__a21oi_1)
                                                         _04_ (net)
                      0.111982    0.000010    1.377404 ^ _09_/A (sky130_fd_sc_hd__nor2_1)
     1    0.002436    0.036606    0.057453    1.434857 v _09_/Y (sky130_fd_sc_hd__nor2_1)
                                                         _02_ (net)
                      0.036606    0.000006    1.434863 v _14_/D (sky130_fd_sc_hd__dfrtp_1)
                                              1.434863   data arrival time

                                 20.000000   20.000000   clock clk (rise edge)
                                  0.000000   20.000000   clock source latency
     1    0.022830    0.108347    0.074820   20.074821 ^ clk (in)
                                                         clk (net)
                      0.108359    0.000000   20.074821 ^ clkbuf_0_clk/A (sky130_fd_sc_hd__clkbuf_16)
     2    0.018338    0.040487    0.147155   20.221975 ^ clkbuf_0_clk/X (sky130_fd_sc_hd__clkbuf_16)
                                                         clknet_0_clk (net)
                      0.040487    0.000082   20.222057 ^ clkbuf_1_0__f_clk/A (sky130_fd_sc_hd__clkbuf_16)
     2    0.004817    0.028596    0.108674   20.330732 ^ clkbuf_1_0__f_clk/X (sky130_fd_sc_hd__clkbuf_16)
                                                         clknet_1_0__leaf_clk (net)
                      0.028596    0.000021   20.330753 ^ _14_/CLK (sky130_fd_sc_hd__dfrtp_1)
                                 -0.250000   20.080753   clock uncertainty
                                  0.000000   20.080753   clock reconvergence pessimism
                                 -0.114361   19.966393   library setup time
                                             19.966393   data required time
---------------------------------------------------------------------------------------------
                                             19.966393   data required time
                                             -1.434863   data arrival time
---------------------------------------------------------------------------------------------
                                             18.531528   slack (MET)


Startpoint: _15_ (rising edge-triggered flip-flop clocked by clk)
Endpoint: _15_ (rising edge-triggered flip-flop clocked by clk)
Path Group: clk
Path Type: max

Fanout         Cap        Slew       Delay        Time   Description
---------------------------------------------------------------------------------------------
                                  0.000000    0.000000   clock clk (rise edge)
                                  0.000000    0.000000   clock source latency
     1    0.022830    0.108347    0.074820    0.074820 ^ clk (in)
                                                         clk (net)
                      0.108359    0.000000    0.074820 ^ clkbuf_0_clk/A (sky130_fd_sc_hd__clkbuf_16)
     2    0.018338    0.040487    0.147156    0.221976 ^ clkbuf_0_clk/X (sky130_fd_sc_hd__clkbuf_16)
                                                         clknet_0_clk (net)
                      0.040487    0.000081    0.222057 ^ clkbuf_1_0__f_clk/A (sky130_fd_sc_hd__clkbuf_16)
     2    0.004817    0.028596    0.108675    0.330732 ^ clkbuf_1_0__f_clk/X (sky130_fd_sc_hd__clkbuf_16)
                                                         clknet_1_0__leaf_clk (net)
                      0.028596    0.000023    0.330755 ^ _15_/CLK (sky130_fd_sc_hd__dfrtp_1)
     2    0.005605    0.051972    0.362872    0.693627 v _15_/Q (sky130_fd_sc_hd__dfrtp_1)
                                                         net5 (net)
                      0.051972    0.000015    0.693642 v hold2/A (sky130_fd_sc_hd__dlygate4sd3_1)
     1    0.004468    0.063524    0.563310    1.256953 v hold2/X (sky130_fd_sc_hd__dlygate4sd3_1)
                                                         net7 (net)
                      0.063524    0.000007    1.256960 v _10_/A (sky130_fd_sc_hd__xor2_1)
     1    0.002561    0.048581    0.159592    1.416552 v _10_/X (sky130_fd_sc_hd__xor2_1)
                                                         _03_ (net)
                      0.048581    0.000008    1.416560 v _15_/D (sky130_fd_sc_hd__dfrtp_1)
                                              1.416560   data arrival time

                                 20.000000   20.000000   clock clk (rise edge)
                                  0.000000   20.000000   clock source latency
     1    0.022830    0.108347    0.074820   20.074821 ^ clk (in)
                                                         clk (net)
                      0.108359    0.000000   20.074821 ^ clkbuf_0_clk/A (sky130_fd_sc_hd__clkbuf_16)
     2    0.018338    0.040487    0.147155   20.221975 ^ clkbuf_0_clk/X (sky130_fd_sc_hd__clkbuf_16)
                                                         clknet_0_clk (net)
                      0.040487    0.000082   20.222057 ^ clkbuf_1_0__f_clk/A (sky130_fd_sc_hd__clkbuf_16)
     2    0.004817    0.028596    0.108674   20.330732 ^ clkbuf_1_0__f_clk/X (sky130_fd_sc_hd__clkbuf_16)
                                                         clknet_1_0__leaf_clk (net)
                      0.028596    0.000025   20.330757 ^ _15_/CLK (sky130_fd_sc_hd__dfrtp_1)
                                 -0.250000   20.080757   clock uncertainty
                                  0.000000   20.080757   clock reconvergence pessimism
                                 -0.119591   19.961166   library setup time
                                             19.961166   data required time
---------------------------------------------------------------------------------------------
                                             19.961166   data required time
                                             -1.416560   data arrival time
---------------------------------------------------------------------------------------------
                                             18.544607   slack (MET)


Startpoint: _12_ (rising edge-triggered flip-flop clocked by clk)
Endpoint: _12_ (rising edge-triggered flip-flop clocked by clk)
Path Group: clk
Path Type: max

Fanout         Cap        Slew       Delay        Time   Description
---------------------------------------------------------------------------------------------
                                  0.000000    0.000000   clock clk (rise edge)
                                  0.000000    0.000000   clock source latency
     1    0.022830    0.108347    0.074820    0.074820 ^ clk (in)
                                                         clk (net)
                      0.108359    0.000000    0.074820 ^ clkbuf_0_clk/A (sky130_fd_sc_hd__clkbuf_16)
     2    0.018338    0.040487    0.147156    0.221976 ^ clkbuf_0_clk/X (sky130_fd_sc_hd__clkbuf_16)
                                                         clknet_0_clk (net)
                      0.040487    0.000109    0.222085 ^ clkbuf_1_1__f_clk/A (sky130_fd_sc_hd__clkbuf_16)
     3    0.007780    0.031418    0.112106    0.334191 ^ clkbuf_1_1__f_clk/X (sky130_fd_sc_hd__clkbuf_16)
                                                         clknet_1_1__leaf_clk (net)
                      0.031418    0.000039    0.334230 ^ _12_/CLK (sky130_fd_sc_hd__dfrtp_2)
     4    0.009549    0.056279    0.400846    0.735076 v _12_/Q (sky130_fd_sc_hd__dfrtp_2)
                                                         net2 (net)
                      0.056279    0.000026    0.735102 v hold1/A (sky130_fd_sc_hd__dlygate4sd3_1)
     2    0.009287    0.086600    0.595749    1.330850 v hold1/X (sky130_fd_sc_hd__dlygate4sd3_1)
                                                         net6 (net)
                      0.086600    0.000012    1.330863 v _06_/A (sky130_fd_sc_hd__inv_2)
     1    0.002551    0.030829    0.053099    1.383961 ^ _06_/Y (sky130_fd_sc_hd__inv_2)
                                                         _00_ (net)
                      0.030829    0.000008    1.383969 ^ _12_/D (sky130_fd_sc_hd__dfrtp_2)
                                              1.383969   data arrival time

                                 20.000000   20.000000   clock clk (rise edge)
                                  0.000000   20.000000   clock source latency
     1    0.022830    0.108347    0.074820   20.074821 ^ clk (in)
                                                         clk (net)
                      0.108359    0.000000   20.074821 ^ clkbuf_0_clk/A (sky130_fd_sc_hd__clkbuf_16)
     2    0.018338    0.040487    0.147155   20.221975 ^ clkbuf_0_clk/X (sky130_fd_sc_hd__clkbuf_16)
                                                         clknet_0_clk (net)
                      0.040487    0.000110   20.222086 ^ clkbuf_1_1__f_clk/A (sky130_fd_sc_hd__clkbuf_16)
     3    0.007780    0.031418    0.112106   20.334192 ^ clkbuf_1_1__f_clk/X (sky130_fd_sc_hd__clkbuf_16)
                                                         clknet_1_1__leaf_clk (net)
                      0.031418    0.000039   20.334230 ^ _12_/CLK (sky130_fd_sc_hd__dfrtp_2)
                                 -0.250000   20.084232   clock uncertainty
                                  0.000000   20.084232   clock reconvergence pessimism
                                 -0.062246   20.021984   library setup time
                                             20.021984   data required time
---------------------------------------------------------------------------------------------
                                             20.021984   data required time
                                             -1.383969   data arrival time
---------------------------------------------------------------------------------------------
                                             18.638016   slack (MET)



%OL_END_REPORT
%OL_CREATE_REPORT checks.rpt

===========================================================================
report_checks -unconstrained
===========================================================================
======================= nom_tt_025C_1v80 Corner ===================================

Startpoint: rst_n (input port clocked by clk)
Endpoint: _12_ (recovery check against rising-edge clock clk)
Path Group: asynchronous
Path Type: max

Fanout         Cap        Slew       Delay        Time   Description
---------------------------------------------------------------------------------------------
                                  0.000000    0.000000   clock clk (rise edge)
                                  0.000000    0.000000   clock network delay (propagated)
                                  4.000000    4.000000 ^ input external delay
     1    0.002760    0.019564    0.010154    4.010154 ^ rst_n (in)
                                                         rst_n (net)
                      0.019564    0.000000    4.010154 ^ input1/A (sky130_fd_sc_hd__buf_1)
     4    0.016708    0.204557    0.181745    4.191899 ^ input1/X (sky130_fd_sc_hd__buf_1)
                                                         net1 (net)
                      0.204557    0.000085    4.191985 ^ _12_/RESET_B (sky130_fd_sc_hd__dfrtp_2)
                                              4.191985   data arrival time

                                 20.000000   20.000000   clock clk (rise edge)
                                  0.000000   20.000000   clock source latency
     1    0.022830    0.108347    0.074820   20.074821 ^ clk (in)
                                                         clk (net)
                      0.108359    0.000000   20.074821 ^ clkbuf_0_clk/A (sky130_fd_sc_hd__clkbuf_16)
     2    0.018338    0.040487    0.147155   20.221975 ^ clkbuf_0_clk/X (sky130_fd_sc_hd__clkbuf_16)
                                                         clknet_0_clk (net)
                      0.040487    0.000110   20.222086 ^ clkbuf_1_1__f_clk/A (sky130_fd_sc_hd__clkbuf_16)
     3    0.007780    0.031418    0.112106   20.334192 ^ clkbuf_1_1__f_clk/X (sky130_fd_sc_hd__clkbuf_16)
                                                         clknet_1_1__leaf_clk (net)
                      0.031418    0.000039   20.334230 ^ _12_/CLK (sky130_fd_sc_hd__dfrtp_2)
                                 -0.250000   20.084232   clock uncertainty
                                  0.000000   20.084232   clock reconvergence pessimism
                                  0.167294   20.251526   library recovery time
                                             20.251526   data required time
---------------------------------------------------------------------------------------------
                                             20.251526   data required time
                                             -4.191985   data arrival time
---------------------------------------------------------------------------------------------
                                             16.059542   slack (MET)


Startpoint: _12_ (rising edge-triggered flip-flop clocked by clk)
Endpoint: count[0] (output port clocked by clk)
Path Group: clk
Path Type: max

Fanout         Cap        Slew       Delay        Time   Description
---------------------------------------------------------------------------------------------
                                  0.000000    0.000000   clock clk (rise edge)
                                  0.000000    0.000000   clock source latency
     1    0.022830    0.108347    0.074820    0.074820 ^ clk (in)
                                                         clk (net)
                      0.108359    0.000000    0.074820 ^ clkbuf_0_clk/A (sky130_fd_sc_hd__clkbuf_16)
     2    0.018338    0.040487    0.147156    0.221976 ^ clkbuf_0_clk/X (sky130_fd_sc_hd__clkbuf_16)
                                                         clknet_0_clk (net)
                      0.040487    0.000109    0.222085 ^ clkbuf_1_1__f_clk/A (sky130_fd_sc_hd__clkbuf_16)
     3    0.007780    0.031418    0.112106    0.334191 ^ clkbuf_1_1__f_clk/X (sky130_fd_sc_hd__clkbuf_16)
                                                         clknet_1_1__leaf_clk (net)
                      0.031418    0.000039    0.334230 ^ _12_/CLK (sky130_fd_sc_hd__dfrtp_2)
     4    0.009549    0.056279    0.400846    0.735076 v _12_/Q (sky130_fd_sc_hd__dfrtp_2)
                                                         net2 (net)
                      0.056279    0.000045    0.735120 v output2/A (sky130_fd_sc_hd__buf_2)
     1    0.034089    0.088819    0.185147    0.920268 v output2/X (sky130_fd_sc_hd__buf_2)
                                                         count[0] (net)
                      0.088819    0.000103    0.920371 v count[0] (out)
                                              0.920371   data arrival time

                                 20.000000   20.000000   clock clk (rise edge)
                                  0.000000   20.000000   clock network delay (propagated)
                                 -0.250000   19.750002   clock uncertainty
                                  0.000000   19.750002   clock reconvergence pessimism
                                 -4.000000   15.750001   output external delay
                                             15.750001   data required time
---------------------------------------------------------------------------------------------
                                             15.750001   data required time
                                             -0.920371   data arrival time
---------------------------------------------------------------------------------------------
                                             14.829631   slack (MET)




===========================================================================
report_checks --slack_max -0.01
============================================================================
======================= nom_tt_025C_1v80 Corner ===================================

No paths found.


===========================================================================
 report_check_types -max_slew -max_cap -max_fanout -violators
============================================================================
======================= nom_tt_025C_1v80 Corner ===================================



===========================================================================
report_parasitic_annotation -report_unannotated
============================================================================
Found 1 unannotated drivers.
 clkload0/X
Found 0 partially unannotated drivers.

===========================================================================
max slew violation count 0
Writing metric design__max_slew_violation__count__corner:nom_tt_025C_1v80: 0
max fanout violation count 0
Writing metric design__max_fanout_violation__count__corner:nom_tt_025C_1v80: 0
max cap violation count 0
Writing metric design__max_cap_violation__count__corner:nom_tt_025C_1v80: 0
============================================================================

===========================================================================
check_setup -verbose -unconstrained_endpoints -multiple_clock -no_clock -no_input_delay -loops -generated_clocks
===========================================================================
%OL_END_REPORT
%OL_CREATE_REPORT power.rpt

===========================================================================
 report_power
============================================================================
======================= nom_tt_025C_1v80 Corner ===================================

Group                    Internal    Switching      Leakage        Total
                            Power        Power        Power        Power (Watts)
------------------------------------------------------------------------
Sequential           8.151847e-06 0.000000e+00 4.964326e-11 8.151897e-06  20.0%
Combinational        4.204483e-08 1.353337e-07 6.358459e-11 1.774421e-07   0.4%
Clock                2.746408e-05 5.011486e-06 4.627753e-10 3.247603e-05  79.6%
Macro                0.000000e+00 0.000000e+00 0.000000e+00 0.000000e+00   0.0%
Pad                  0.000000e+00 0.000000e+00 0.000000e+00 0.000000e+00   0.0%
------------------------------------------------------------------------
Total                3.565797e-05 5.146820e-06 5.760031e-10 4.080536e-05 100.0%
                            87.4%        12.6%         0.0%
Writing metric power__internal__total: 3.565796941984445e-5
Writing metric power__switching__total: 5.14681960339658e-6
Writing metric power__leakage__total: 5.760031340784622e-10
Writing metric power__total: 4.080536382389255e-5

%OL_END_REPORT
%OL_CREATE_REPORT skew.min.rpt

===========================================================================
Clock Skew (Hold)
============================================================================
Writing metric clock__skew__worst_hold__corner:nom_tt_025C_1v80: -0.2500026922909109
======================= nom_tt_025C_1v80 Corner ===================================

Clock clk
0.330752 source latency _14_/CLK ^
-0.330755 target latency _15_/CLK ^
-0.250000 clock uncertainty
0.000000 CRPR
--------------
-0.250003 hold skew

%OL_END_REPORT
%OL_CREATE_REPORT skew.max.rpt

===========================================================================
Clock Skew (Setup)
============================================================================
Writing metric clock__skew__worst_setup__corner:nom_tt_025C_1v80: 0.25347741290050324
======================= nom_tt_025C_1v80 Corner ===================================

Clock clk
0.334230 source latency _12_/CLK ^
-0.330752 target latency _14_/CLK ^
0.250000 clock uncertainty
0.000000 CRPR
--------------
0.253477 setup skew

%OL_END_REPORT
%OL_CREATE_REPORT ws.min.rpt

===========================================================================
Worst Slack (Hold)
============================================================================
Writing metric timing__hold__ws__corner:nom_tt_025C_1v80: 0.3086652132366566
nom_tt_025C_1v80: 0.3086652132366566
%OL_END_REPORT
%OL_CREATE_REPORT ws.max.rpt

===========================================================================
Worst Slack (Setup)
============================================================================
Writing metric timing__setup__ws__corner:nom_tt_025C_1v80: 14.829630387870857
nom_tt_025C_1v80: 14.829630387870857
%OL_END_REPORT
%OL_CREATE_REPORT tns.min.rpt

===========================================================================
Total Negative Slack (Hold)
============================================================================
Writing metric timing__hold__tns__corner:nom_tt_025C_1v80: 0.0
nom_tt_025C_1v80: 0.0
%OL_END_REPORT
%OL_CREATE_REPORT tns.max.rpt

===========================================================================
Total Negative Slack (Setup)
============================================================================
Writing metric timing__setup__tns__corner:nom_tt_025C_1v80: 0.0
nom_tt_025C_1v80: 0.0
%OL_END_REPORT
%OL_CREATE_REPORT wns.min.rpt

===========================================================================
Worst Negative Slack (Hold)
============================================================================
Writing metric timing__hold__wns__corner:nom_tt_025C_1v80: 0
nom_tt_025C_1v80: 0
%OL_END_REPORT
%OL_CREATE_REPORT wns.max.rpt

===========================================================================
Worst Negative Slack (Setup)
============================================================================
Writing metric timing__setup__wns__corner:nom_tt_025C_1v80: 0.0
nom_tt_025C_1v80: 0.0
%OL_END_REPORT
%OL_CREATE_REPORT violator_list.rpt

===========================================================================
Violator List
============================================================================
Writing metric timing__hold_vio__count__corner:nom_tt_025C_1v80: 0
Writing metric timing__hold_r2r__ws__corner:nom_tt_025C_1v80: 0.308665
Writing metric timing__hold_r2r_vio__count__corner:nom_tt_025C_1v80: 0
Writing metric timing__setup_vio__count__corner:nom_tt_025C_1v80: 0
Writing metric timing__setup_r2r__ws__corner:nom_tt_025C_1v80: 18.483307
Writing metric timing__setup_r2r_vio__count__corner:nom_tt_025C_1v80: 0
%OL_END_REPORT
%OL_CREATE_REPORT unpropagated.rpt
%OL_END_REPORT
%OL_CREATE_REPORT clock.rpt
Clock: clk
Sources: clk 
Generated: no
Virtual: yes
Propagated: no
Period: 20.000000

===========================================================================
report_clock_properties
============================================================================
Clock                   Period          Waveform
----------------------------------------------------
clk                  20.000000    0.000000 10.000000

===========================================================================
report_clock_latency
============================================================================
Clock clk
rise -> rise
    min     max
0.000000 0.000000 source latency
0.330752         network latency _14_/CLK
        0.334230 network latency _12_/CLK
---------------
0.330752 0.334230 latency
        0.003477 skew

fall -> fall
    min     max
0.000000 0.000000 source latency
0.310394         network latency _14_/CLK
        0.313419 network latency _12_/CLK
---------------
0.310394 0.313419 latency
        0.003025 skew



===========================================================================
report_clock_min_period
============================================================================
clk period_min = 1.52 fmax = 659.33
%OL_END_REPORT
