
===========================================================================
report_checks -path_delay max (Setup)
============================================================================
======================= nom_tt_025C_1v80 Corner ===================================

Startpoint: _12_ (rising edge-triggered flip-flop clocked by clk)
Endpoint: count[0] (output port clocked by clk)
Path Group: clk
Path Type: max

Fanout         Cap        Slew       Delay        Time   Description
---------------------------------------------------------------------------------------------
                                  0.000000    0.000000   clock clk (rise edge)
                                  0.000000    0.000000   clock source latency
     1    0.025229    0.119022    0.082201    0.082201 ^ clk (in)
                                                         clk (net)
                      0.119029    0.000000    0.082201 ^ clkbuf_0_clk/A (sky130_fd_sc_hd__clkbuf_16)
     2    0.018602    0.040725    0.151214    0.233415 ^ clkbuf_0_clk/X (sky130_fd_sc_hd__clkbuf_16)
                                                         clknet_0_clk (net)
                      0.040736    0.000439    0.233854 ^ clkbuf_1_0__f_clk/A (sky130_fd_sc_hd__clkbuf_16)
     2    0.005870    0.029556    0.110008    0.343862 ^ clkbuf_1_0__f_clk/X (sky130_fd_sc_hd__clkbuf_16)
                                                         clknet_1_0__leaf_clk (net)
                      0.029557    0.000123    0.343985 ^ _12_/CLK (sky130_fd_sc_hd__dfrtp_1)
     5    0.017008    0.157816    0.399653    0.743637 ^ _12_/Q (sky130_fd_sc_hd__dfrtp_1)
                                                         net2 (net)
                      0.157816    0.000519    0.744156 ^ output2/A (sky130_fd_sc_hd__buf_2)
     1    0.034007    0.169426    0.235344    0.979500 ^ output2/X (sky130_fd_sc_hd__buf_2)
                                                         count[0] (net)
                      0.169426    0.000635    0.980135 ^ count[0] (out)
                                              0.980135   data arrival time

                                 15.000000   15.000000   clock clk (rise edge)
                                  0.000000   15.000000   clock network delay (propagated)
                                 -0.250000   14.750000   clock uncertainty
                                  0.000000   14.750000   clock reconvergence pessimism
                                 -3.000000   11.750000   output external delay
                                             11.750000   data required time
---------------------------------------------------------------------------------------------
                                             11.750000   data required time
                                             -0.980135   data arrival time
---------------------------------------------------------------------------------------------
                                             10.769865   slack (MET)


Startpoint: _13_ (rising edge-triggered flip-flop clocked by clk)
Endpoint: count[1] (output port clocked by clk)
Path Group: clk
Path Type: max

Fanout         Cap        Slew       Delay        Time   Description
---------------------------------------------------------------------------------------------
                                  0.000000    0.000000   clock clk (rise edge)
                                  0.000000    0.000000   clock source latency
     1    0.025229    0.119022    0.082201    0.082201 ^ clk (in)
                                                         clk (net)
                      0.119029    0.000000    0.082201 ^ clkbuf_0_clk/A (sky130_fd_sc_hd__clkbuf_16)
     2    0.018602    0.040725    0.151214    0.233415 ^ clkbuf_0_clk/X (sky130_fd_sc_hd__clkbuf_16)
                                                         clknet_0_clk (net)
                      0.040736    0.000423    0.233837 ^ clkbuf_1_1__f_clk/A (sky130_fd_sc_hd__clkbuf_16)
     2    0.006685    0.030355    0.110970    0.344808 ^ clkbuf_1_1__f_clk/X (sky130_fd_sc_hd__clkbuf_16)
                                                         clknet_1_1__leaf_clk (net)
                      0.030356    0.000203    0.345010 ^ _13_/CLK (sky130_fd_sc_hd__dfrtp_1)
     4    0.010499    0.104316    0.360640    0.705650 ^ _13_/Q (sky130_fd_sc_hd__dfrtp_1)
                                                         net3 (net)
                      0.104316    0.000231    0.705881 ^ output3/A (sky130_fd_sc_hd__buf_2)
     1    0.034852    0.173227    0.221860    0.927740 ^ output3/X (sky130_fd_sc_hd__buf_2)
                                                         count[1] (net)
                      0.173227    0.000693    0.928434 ^ count[1] (out)
                                              0.928434   data arrival time

                                 15.000000   15.000000   clock clk (rise edge)
                                  0.000000   15.000000   clock network delay (propagated)
                                 -0.250000   14.750000   clock uncertainty
                                  0.000000   14.750000   clock reconvergence pessimism
                                 -3.000000   11.750000   output external delay
                                             11.750000   data required time
---------------------------------------------------------------------------------------------
                                             11.750000   data required time
                                             -0.928434   data arrival time
---------------------------------------------------------------------------------------------
                                             10.821567   slack (MET)


Startpoint: _14_ (rising edge-triggered flip-flop clocked by clk)
Endpoint: count[2] (output port clocked by clk)
Path Group: clk
Path Type: max

Fanout         Cap        Slew       Delay        Time   Description
---------------------------------------------------------------------------------------------
                                  0.000000    0.000000   clock clk (rise edge)
                                  0.000000    0.000000   clock source latency
     1    0.025229    0.119022    0.082201    0.082201 ^ clk (in)
                                                         clk (net)
                      0.119029    0.000000    0.082201 ^ clkbuf_0_clk/A (sky130_fd_sc_hd__clkbuf_16)
     2    0.018602    0.040725    0.151214    0.233415 ^ clkbuf_0_clk/X (sky130_fd_sc_hd__clkbuf_16)
                                                         clknet_0_clk (net)
                      0.040736    0.000439    0.233854 ^ clkbuf_1_0__f_clk/A (sky130_fd_sc_hd__clkbuf_16)
     2    0.005870    0.029556    0.110008    0.343862 ^ clkbuf_1_0__f_clk/X (sky130_fd_sc_hd__clkbuf_16)
                                                         clknet_1_0__leaf_clk (net)
                      0.029557    0.000164    0.344026 ^ _14_/CLK (sky130_fd_sc_hd__dfrtp_1)
     3    0.007995    0.063808    0.376024    0.720050 v _14_/Q (sky130_fd_sc_hd__dfrtp_1)
                                                         net4 (net)
                      0.063808    0.000190    0.720240 v output4/A (sky130_fd_sc_hd__buf_2)
     1    0.034201    0.089345    0.188303    0.908543 v output4/X (sky130_fd_sc_hd__buf_2)
                                                         count[2] (net)
                      0.089349    0.000698    0.909241 v count[2] (out)
                                              0.909241   data arrival time

                                 15.000000   15.000000   clock clk (rise edge)
                                  0.000000   15.000000   clock network delay (propagated)
                                 -0.250000   14.750000   clock uncertainty
                                  0.000000   14.750000   clock reconvergence pessimism
                                 -3.000000   11.750000   output external delay
                                             11.750000   data required time
---------------------------------------------------------------------------------------------
                                             11.750000   data required time
                                             -0.909241   data arrival time
---------------------------------------------------------------------------------------------
                                             10.840759   slack (MET)


Startpoint: _15_ (rising edge-triggered flip-flop clocked by clk)
Endpoint: count[3] (output port clocked by clk)
Path Group: clk
Path Type: max

Fanout         Cap        Slew       Delay        Time   Description
---------------------------------------------------------------------------------------------
                                  0.000000    0.000000   clock clk (rise edge)
                                  0.000000    0.000000   clock source latency
     1    0.025229    0.119022    0.082201    0.082201 ^ clk (in)
                                                         clk (net)
                      0.119029    0.000000    0.082201 ^ clkbuf_0_clk/A (sky130_fd_sc_hd__clkbuf_16)
     2    0.018602    0.040725    0.151214    0.233415 ^ clkbuf_0_clk/X (sky130_fd_sc_hd__clkbuf_16)
                                                         clknet_0_clk (net)
                      0.040736    0.000423    0.233837 ^ clkbuf_1_1__f_clk/A (sky130_fd_sc_hd__clkbuf_16)
     2    0.006685    0.030355    0.110970    0.344808 ^ clkbuf_1_1__f_clk/X (sky130_fd_sc_hd__clkbuf_16)
                                                         clknet_1_1__leaf_clk (net)
                      0.030356    0.000262    0.345070 ^ _15_/CLK (sky130_fd_sc_hd__dfrtp_1)
     2    0.005692    0.052406    0.363930    0.709000 v _15_/Q (sky130_fd_sc_hd__dfrtp_1)
                                                         net5 (net)
                      0.052406    0.000151    0.709151 v output5/A (sky130_fd_sc_hd__buf_2)
     1    0.034107    0.089118    0.182988    0.892138 v output5/X (sky130_fd_sc_hd__buf_2)
                                                         count[3] (net)
                      0.089123    0.000657    0.892796 v count[3] (out)
                                              0.892796   data arrival time

                                 15.000000   15.000000   clock clk (rise edge)
                                  0.000000   15.000000   clock network delay (propagated)
                                 -0.250000   14.750000   clock uncertainty
                                  0.000000   14.750000   clock reconvergence pessimism
                                 -3.000000   11.750000   output external delay
                                             11.750000   data required time
---------------------------------------------------------------------------------------------
                                             11.750000   data required time
                                             -0.892796   data arrival time
---------------------------------------------------------------------------------------------
                                             10.857204   slack (MET)


Startpoint: rst_n (input port clocked by clk)
Endpoint: _14_ (recovery check against rising-edge clock clk)
Path Group: asynchronous
Path Type: max

Fanout         Cap        Slew       Delay        Time   Description
---------------------------------------------------------------------------------------------
                                  0.000000    0.000000   clock clk (rise edge)
                                  0.000000    0.000000   clock network delay (propagated)
                                  3.000000    3.000000 ^ input external delay
     1    0.003940    0.024679    0.014316    3.014316 ^ rst_n (in)
                                                         rst_n (net)
                      0.024687    0.000000    3.014316 ^ input1/A (sky130_fd_sc_hd__buf_1)
     4    0.017003    0.204233    0.185591    3.199908 ^ input1/X (sky130_fd_sc_hd__buf_1)
                                                         net1 (net)
                      0.204234    0.000336    3.200243 ^ _14_/RESET_B (sky130_fd_sc_hd__dfrtp_1)
                                              3.200243   data arrival time

                                 15.000000   15.000000   clock clk (rise edge)
                                  0.000000   15.000000   clock source latency
     1    0.025229    0.119022    0.082201   15.082201 ^ clk (in)
                                                         clk (net)
                      0.119029    0.000000   15.082201 ^ clkbuf_0_clk/A (sky130_fd_sc_hd__clkbuf_16)
     2    0.018602    0.040725    0.151214   15.233415 ^ clkbuf_0_clk/X (sky130_fd_sc_hd__clkbuf_16)
                                                         clknet_0_clk (net)
                      0.040736    0.000439   15.233853 ^ clkbuf_1_0__f_clk/A (sky130_fd_sc_hd__clkbuf_16)
     2    0.005870    0.029556    0.110008   15.343862 ^ clkbuf_1_0__f_clk/X (sky130_fd_sc_hd__clkbuf_16)
                                                         clknet_1_0__leaf_clk (net)
                      0.029557    0.000163   15.344026 ^ _14_/CLK (sky130_fd_sc_hd__dfrtp_1)
                                 -0.250000   15.094026   clock uncertainty
                                  0.000000   15.094026   clock reconvergence pessimism
                                  0.184273   15.278298   library recovery time
                                             15.278298   data required time
---------------------------------------------------------------------------------------------
                                             15.278298   data required time
                                             -3.200243   data arrival time
---------------------------------------------------------------------------------------------
                                             12.078054   slack (MET)


Startpoint: rst_n (input port clocked by clk)
Endpoint: _12_ (recovery check against rising-edge clock clk)
Path Group: asynchronous
Path Type: max

Fanout         Cap        Slew       Delay        Time   Description
---------------------------------------------------------------------------------------------
                                  0.000000    0.000000   clock clk (rise edge)
                                  0.000000    0.000000   clock network delay (propagated)
                                  3.000000    3.000000 ^ input external delay
     1    0.003940    0.024679    0.014316    3.014316 ^ rst_n (in)
                                                         rst_n (net)
                      0.024687    0.000000    3.014316 ^ input1/A (sky130_fd_sc_hd__buf_1)
     4    0.017003    0.204233    0.185591    3.199908 ^ input1/X (sky130_fd_sc_hd__buf_1)
                                                         net1 (net)
                      0.204234    0.000270    3.200178 ^ _12_/RESET_B (sky130_fd_sc_hd__dfrtp_1)
                                              3.200178   data arrival time

                                 15.000000   15.000000   clock clk (rise edge)
                                  0.000000   15.000000   clock source latency
     1    0.025229    0.119022    0.082201   15.082201 ^ clk (in)
                                                         clk (net)
                      0.119029    0.000000   15.082201 ^ clkbuf_0_clk/A (sky130_fd_sc_hd__clkbuf_16)
     2    0.018602    0.040725    0.151214   15.233415 ^ clkbuf_0_clk/X (sky130_fd_sc_hd__clkbuf_16)
                                                         clknet_0_clk (net)
                      0.040736    0.000439   15.233853 ^ clkbuf_1_0__f_clk/A (sky130_fd_sc_hd__clkbuf_16)
     2    0.005870    0.029556    0.110008   15.343862 ^ clkbuf_1_0__f_clk/X (sky130_fd_sc_hd__clkbuf_16)
                                                         clknet_1_0__leaf_clk (net)
                      0.029557    0.000123   15.343985 ^ _12_/CLK (sky130_fd_sc_hd__dfrtp_1)
                                 -0.250000   15.093986   clock uncertainty
                                  0.000000   15.093986   clock reconvergence pessimism
                                  0.184273   15.278257   library recovery time
                                             15.278257   data required time
---------------------------------------------------------------------------------------------
                                             15.278257   data required time
                                             -3.200178   data arrival time
---------------------------------------------------------------------------------------------
                                             12.078079   slack (MET)


Startpoint: rst_n (input port clocked by clk)
Endpoint: _13_ (recovery check against rising-edge clock clk)
Path Group: asynchronous
Path Type: max

Fanout         Cap        Slew       Delay        Time   Description
---------------------------------------------------------------------------------------------
                                  0.000000    0.000000   clock clk (rise edge)
                                  0.000000    0.000000   clock network delay (propagated)
                                  3.000000    3.000000 ^ input external delay
     1    0.003940    0.024679    0.014316    3.014316 ^ rst_n (in)
                                                         rst_n (net)
                      0.024687    0.000000    3.014316 ^ input1/A (sky130_fd_sc_hd__buf_1)
     4    0.017003    0.204233    0.185591    3.199908 ^ input1/X (sky130_fd_sc_hd__buf_1)
                                                         net1 (net)
                      0.204234    0.000353    3.200261 ^ _13_/RESET_B (sky130_fd_sc_hd__dfrtp_1)
                                              3.200261   data arrival time

                                 15.000000   15.000000   clock clk (rise edge)
                                  0.000000   15.000000   clock source latency
     1    0.025229    0.119022    0.082201   15.082201 ^ clk (in)
                                                         clk (net)
                      0.119029    0.000000   15.082201 ^ clkbuf_0_clk/A (sky130_fd_sc_hd__clkbuf_16)
     2    0.018602    0.040725    0.151214   15.233415 ^ clkbuf_0_clk/X (sky130_fd_sc_hd__clkbuf_16)
                                                         clknet_0_clk (net)
                      0.040736    0.000423   15.233838 ^ clkbuf_1_1__f_clk/A (sky130_fd_sc_hd__clkbuf_16)
     2    0.006685    0.030355    0.110969   15.344807 ^ clkbuf_1_1__f_clk/X (sky130_fd_sc_hd__clkbuf_16)
                                                         clknet_1_1__leaf_clk (net)
                      0.030356    0.000204   15.345011 ^ _13_/CLK (sky130_fd_sc_hd__dfrtp_1)
                                 -0.250000   15.095012   clock uncertainty
                                  0.000000   15.095012   clock reconvergence pessimism
                                  0.184523   15.279534   library recovery time
                                             15.279534   data required time
---------------------------------------------------------------------------------------------
                                             15.279534   data required time
                                             -3.200261   data arrival time
---------------------------------------------------------------------------------------------
                                             12.079273   slack (MET)


Startpoint: rst_n (input port clocked by clk)
Endpoint: _15_ (recovery check against rising-edge clock clk)
Path Group: asynchronous
Path Type: max

Fanout         Cap        Slew       Delay        Time   Description
---------------------------------------------------------------------------------------------
                                  0.000000    0.000000   clock clk (rise edge)
                                  0.000000    0.000000   clock network delay (propagated)
                                  3.000000    3.000000 ^ input external delay
     1    0.003940    0.024679    0.014316    3.014316 ^ rst_n (in)
                                                         rst_n (net)
                      0.024687    0.000000    3.014316 ^ input1/A (sky130_fd_sc_hd__buf_1)
     4    0.017003    0.204233    0.185591    3.199908 ^ input1/X (sky130_fd_sc_hd__buf_1)
                                                         net1 (net)
                      0.204234    0.000292    3.200200 ^ _15_/RESET_B (sky130_fd_sc_hd__dfrtp_1)
                                              3.200200   data arrival time

                                 15.000000   15.000000   clock clk (rise edge)
                                  0.000000   15.000000   clock source latency
     1    0.025229    0.119022    0.082201   15.082201 ^ clk (in)
                                                         clk (net)
                      0.119029    0.000000   15.082201 ^ clkbuf_0_clk/A (sky130_fd_sc_hd__clkbuf_16)
     2    0.018602    0.040725    0.151214   15.233415 ^ clkbuf_0_clk/X (sky130_fd_sc_hd__clkbuf_16)
                                                         clknet_0_clk (net)
                      0.040736    0.000423   15.233838 ^ clkbuf_1_1__f_clk/A (sky130_fd_sc_hd__clkbuf_16)
     2    0.006685    0.030355    0.110969   15.344807 ^ clkbuf_1_1__f_clk/X (sky130_fd_sc_hd__clkbuf_16)
                                                         clknet_1_1__leaf_clk (net)
                      0.030356    0.000263   15.345070 ^ _15_/CLK (sky130_fd_sc_hd__dfrtp_1)
                                 -0.250000   15.095071   clock uncertainty
                                  0.000000   15.095071   clock reconvergence pessimism
                                  0.184523   15.279593   library recovery time
                                             15.279593   data required time
---------------------------------------------------------------------------------------------
                                             15.279593   data required time
                                             -3.200200   data arrival time
---------------------------------------------------------------------------------------------
                                             12.079393   slack (MET)


Startpoint: _13_ (rising edge-triggered flip-flop clocked by clk)
Endpoint: _13_ (rising edge-triggered flip-flop clocked by clk)
Path Group: clk
Path Type: max

Fanout         Cap        Slew       Delay        Time   Description
---------------------------------------------------------------------------------------------
                                  0.000000    0.000000   clock clk (rise edge)
                                  0.000000    0.000000   clock source latency
     1    0.025229    0.119022    0.082201    0.082201 ^ clk (in)
                                                         clk (net)
                      0.119029    0.000000    0.082201 ^ clkbuf_0_clk/A (sky130_fd_sc_hd__clkbuf_16)
     2    0.018602    0.040725    0.151214    0.233415 ^ clkbuf_0_clk/X (sky130_fd_sc_hd__clkbuf_16)
                                                         clknet_0_clk (net)
                      0.040736    0.000423    0.233837 ^ clkbuf_1_1__f_clk/A (sky130_fd_sc_hd__clkbuf_16)
     2    0.006685    0.030355    0.110970    0.344808 ^ clkbuf_1_1__f_clk/X (sky130_fd_sc_hd__clkbuf_16)
                                                         clknet_1_1__leaf_clk (net)
                      0.030356    0.000203    0.345010 ^ _13_/CLK (sky130_fd_sc_hd__dfrtp_1)
     4    0.009981    0.070809    0.386199    0.731210 v _13_/Q (sky130_fd_sc_hd__dfrtp_1)
                                                         net3 (net)
                      0.070809    0.000181    0.731391 v hold2/A (sky130_fd_sc_hd__dlygate4sd3_1)
     1    0.005363    0.065552    0.577520    1.308912 v hold2/X (sky130_fd_sc_hd__dlygate4sd3_1)
                                                         net7 (net)
                      0.065552    0.000174    1.309086 v _11_/A (sky130_fd_sc_hd__xor2_1)
     1    0.002096    0.055355    0.157661    1.466747 v _11_/X (sky130_fd_sc_hd__xor2_1)
                                                         _01_ (net)
                      0.055355    0.000044    1.466791 v hold3/A (sky130_fd_sc_hd__dlygate4sd3_1)
     1    0.002870    0.053381    0.552984    2.019776 v hold3/X (sky130_fd_sc_hd__dlygate4sd3_1)
                                                         net8 (net)
                      0.053381    0.000083    2.019858 v _13_/D (sky130_fd_sc_hd__dfrtp_1)
                                              2.019858   data arrival time

                                 15.000000   15.000000   clock clk (rise edge)
                                  0.000000   15.000000   clock source latency
     1    0.025229    0.119022    0.082201   15.082201 ^ clk (in)
                                                         clk (net)
                      0.119029    0.000000   15.082201 ^ clkbuf_0_clk/A (sky130_fd_sc_hd__clkbuf_16)
     2    0.018602    0.040725    0.151214   15.233415 ^ clkbuf_0_clk/X (sky130_fd_sc_hd__clkbuf_16)
                                                         clknet_0_clk (net)
                      0.040736    0.000423   15.233838 ^ clkbuf_1_1__f_clk/A (sky130_fd_sc_hd__clkbuf_16)
     2    0.006685    0.030355    0.110969   15.344807 ^ clkbuf_1_1__f_clk/X (sky130_fd_sc_hd__clkbuf_16)
                                                         clknet_1_1__leaf_clk (net)
                      0.030356    0.000204   15.345011 ^ _13_/CLK (sky130_fd_sc_hd__dfrtp_1)
                                 -0.250000   15.095012   clock uncertainty
                                  0.000000   15.095012   clock reconvergence pessimism
                                 -0.121284   14.973727   library setup time
                                             14.973727   data required time
---------------------------------------------------------------------------------------------
                                             14.973727   data required time
                                             -2.019858   data arrival time
---------------------------------------------------------------------------------------------
                                             12.953870   slack (MET)


Startpoint: _14_ (rising edge-triggered flip-flop clocked by clk)
Endpoint: _14_ (rising edge-triggered flip-flop clocked by clk)
Path Group: clk
Path Type: max

Fanout         Cap        Slew       Delay        Time   Description
---------------------------------------------------------------------------------------------
                                  0.000000    0.000000   clock clk (rise edge)
                                  0.000000    0.000000   clock source latency
     1    0.025229    0.119022    0.082201    0.082201 ^ clk (in)
                                                         clk (net)
                      0.119029    0.000000    0.082201 ^ clkbuf_0_clk/A (sky130_fd_sc_hd__clkbuf_16)
     2    0.018602    0.040725    0.151214    0.233415 ^ clkbuf_0_clk/X (sky130_fd_sc_hd__clkbuf_16)
                                                         clknet_0_clk (net)
                      0.040736    0.000439    0.233854 ^ clkbuf_1_0__f_clk/A (sky130_fd_sc_hd__clkbuf_16)
     2    0.005870    0.029556    0.110008    0.343862 ^ clkbuf_1_0__f_clk/X (sky130_fd_sc_hd__clkbuf_16)
                                                         clknet_1_0__leaf_clk (net)
                      0.029557    0.000164    0.344026 ^ _14_/CLK (sky130_fd_sc_hd__dfrtp_1)
     3    0.007995    0.063808    0.376024    0.720050 v _14_/Q (sky130_fd_sc_hd__dfrtp_1)
                                                         net4 (net)
                      0.063808    0.000111    0.720161 v hold5/A (sky130_fd_sc_hd__dlygate4sd3_1)
     1    0.002458    0.050938    0.553087    1.273248 v hold5/X (sky130_fd_sc_hd__dlygate4sd3_1)
                                                         net10 (net)
                      0.050938    0.000070    1.273318 v _07_/B1 (sky130_fd_sc_hd__a21oi_1)
     1    0.002525    0.099269    0.107059    1.380377 ^ _07_/Y (sky130_fd_sc_hd__a21oi_1)
                                                         _04_ (net)
                      0.099269    0.000075    1.380452 ^ hold6/A (sky130_fd_sc_hd__dlygate4sd3_1)
     1    0.003641    0.060062    0.558238    1.938690 ^ hold6/X (sky130_fd_sc_hd__dlygate4sd3_1)
                                                         net11 (net)
                      0.060062    0.000085    1.938775 ^ _09_/A (sky130_fd_sc_hd__nor2_1)
     1    0.002568    0.033847    0.044276    1.983051 v _09_/Y (sky130_fd_sc_hd__nor2_1)
                                                         _02_ (net)
                      0.033847    0.000074    1.983125 v _14_/D (sky130_fd_sc_hd__dfrtp_1)
                                              1.983125   data arrival time

                                 15.000000   15.000000   clock clk (rise edge)
                                  0.000000   15.000000   clock source latency
     1    0.025229    0.119022    0.082201   15.082201 ^ clk (in)
                                                         clk (net)
                      0.119029    0.000000   15.082201 ^ clkbuf_0_clk/A (sky130_fd_sc_hd__clkbuf_16)
     2    0.018602    0.040725    0.151214   15.233415 ^ clkbuf_0_clk/X (sky130_fd_sc_hd__clkbuf_16)
                                                         clknet_0_clk (net)
                      0.040736    0.000439   15.233853 ^ clkbuf_1_0__f_clk/A (sky130_fd_sc_hd__clkbuf_16)
     2    0.005870    0.029556    0.110008   15.343862 ^ clkbuf_1_0__f_clk/X (sky130_fd_sc_hd__clkbuf_16)
                                                         clknet_1_0__leaf_clk (net)
                      0.029557    0.000163   15.344026 ^ _14_/CLK (sky130_fd_sc_hd__dfrtp_1)
                                 -0.250000   15.094026   clock uncertainty
                                  0.000000   15.094026   clock reconvergence pessimism
                                 -0.112937   14.981089   library setup time
                                             14.981089   data required time
---------------------------------------------------------------------------------------------
                                             14.981089   data required time
                                             -1.983125   data arrival time
---------------------------------------------------------------------------------------------
                                             12.997964   slack (MET)


Startpoint: _15_ (rising edge-triggered flip-flop clocked by clk)
Endpoint: _15_ (rising edge-triggered flip-flop clocked by clk)
Path Group: clk
Path Type: max

Fanout         Cap        Slew       Delay        Time   Description
---------------------------------------------------------------------------------------------
                                  0.000000    0.000000   clock clk (rise edge)
                                  0.000000    0.000000   clock source latency
     1    0.025229    0.119022    0.082201    0.082201 ^ clk (in)
                                                         clk (net)
                      0.119029    0.000000    0.082201 ^ clkbuf_0_clk/A (sky130_fd_sc_hd__clkbuf_16)
     2    0.018602    0.040725    0.151214    0.233415 ^ clkbuf_0_clk/X (sky130_fd_sc_hd__clkbuf_16)
                                                         clknet_0_clk (net)
                      0.040736    0.000423    0.233837 ^ clkbuf_1_1__f_clk/A (sky130_fd_sc_hd__clkbuf_16)
     2    0.006685    0.030355    0.110970    0.344808 ^ clkbuf_1_1__f_clk/X (sky130_fd_sc_hd__clkbuf_16)
                                                         clknet_1_1__leaf_clk (net)
                      0.030356    0.000262    0.345070 ^ _15_/CLK (sky130_fd_sc_hd__dfrtp_1)
     2    0.005692    0.052406    0.363930    0.709000 v _15_/Q (sky130_fd_sc_hd__dfrtp_1)
                                                         net5 (net)
                      0.052406    0.000119    0.709118 v hold1/A (sky130_fd_sc_hd__dlygate4sd3_1)
     1    0.006095    0.069046    0.574014    1.283132 v hold1/X (sky130_fd_sc_hd__dlygate4sd3_1)
                                                         net6 (net)
                      0.069046    0.000207    1.283339 v _10_/A (sky130_fd_sc_hd__xor2_1)
     1    0.002274    0.049132    0.160105    1.443444 v _10_/X (sky130_fd_sc_hd__xor2_1)
                                                         _03_ (net)
                      0.049132    0.000045    1.443489 v _15_/D (sky130_fd_sc_hd__dfrtp_1)
                                              1.443489   data arrival time

                                 15.000000   15.000000   clock clk (rise edge)
                                  0.000000   15.000000   clock source latency
     1    0.025229    0.119022    0.082201   15.082201 ^ clk (in)
                                                         clk (net)
                      0.119029    0.000000   15.082201 ^ clkbuf_0_clk/A (sky130_fd_sc_hd__clkbuf_16)
     2    0.018602    0.040725    0.151214   15.233415 ^ clkbuf_0_clk/X (sky130_fd_sc_hd__clkbuf_16)
                                                         clknet_0_clk (net)
                      0.040736    0.000423   15.233838 ^ clkbuf_1_1__f_clk/A (sky130_fd_sc_hd__clkbuf_16)
     2    0.006685    0.030355    0.110969   15.344807 ^ clkbuf_1_1__f_clk/X (sky130_fd_sc_hd__clkbuf_16)
                                                         clknet_1_1__leaf_clk (net)
                      0.030356    0.000263   15.345070 ^ _15_/CLK (sky130_fd_sc_hd__dfrtp_1)
                                 -0.250000   15.095071   clock uncertainty
                                  0.000000   15.095071   clock reconvergence pessimism
                                 -0.119429   14.975640   library setup time
                                             14.975640   data required time
---------------------------------------------------------------------------------------------
                                             14.975640   data required time
                                             -1.443489   data arrival time
---------------------------------------------------------------------------------------------
                                             13.532152   slack (MET)


Startpoint: _12_ (rising edge-triggered flip-flop clocked by clk)
Endpoint: _12_ (rising edge-triggered flip-flop clocked by clk)
Path Group: clk
Path Type: max

Fanout         Cap        Slew       Delay        Time   Description
---------------------------------------------------------------------------------------------
                                  0.000000    0.000000   clock clk (rise edge)
                                  0.000000    0.000000   clock source latency
     1    0.025229    0.119022    0.082201    0.082201 ^ clk (in)
                                                         clk (net)
                      0.119029    0.000000    0.082201 ^ clkbuf_0_clk/A (sky130_fd_sc_hd__clkbuf_16)
     2    0.018602    0.040725    0.151214    0.233415 ^ clkbuf_0_clk/X (sky130_fd_sc_hd__clkbuf_16)
                                                         clknet_0_clk (net)
                      0.040736    0.000439    0.233854 ^ clkbuf_1_0__f_clk/A (sky130_fd_sc_hd__clkbuf_16)
     2    0.005870    0.029556    0.110008    0.343862 ^ clkbuf_1_0__f_clk/X (sky130_fd_sc_hd__clkbuf_16)
                                                         clknet_1_0__leaf_clk (net)
                      0.029557    0.000123    0.343985 ^ _12_/CLK (sky130_fd_sc_hd__dfrtp_1)
     5    0.017008    0.157816    0.399653    0.743637 ^ _12_/Q (sky130_fd_sc_hd__dfrtp_1)
                                                         net2 (net)
                      0.157816    0.000321    0.743958 ^ hold4/A (sky130_fd_sc_hd__dlygate4sd3_1)
     1    0.006045    0.081170    0.590850    1.334807 ^ hold4/X (sky130_fd_sc_hd__dlygate4sd3_1)
                                                         net9 (net)
                      0.081170    0.000211    1.335019 ^ _06_/A (sky130_fd_sc_hd__inv_2)
     1    0.003843    0.022818    0.035182    1.370201 v _06_/Y (sky130_fd_sc_hd__inv_2)
                                                         _00_ (net)
                      0.022818    0.000135    1.370336 v _12_/D (sky130_fd_sc_hd__dfrtp_1)
                                              1.370336   data arrival time

                                 15.000000   15.000000   clock clk (rise edge)
                                  0.000000   15.000000   clock source latency
     1    0.025229    0.119022    0.082201   15.082201 ^ clk (in)
                                                         clk (net)
                      0.119029    0.000000   15.082201 ^ clkbuf_0_clk/A (sky130_fd_sc_hd__clkbuf_16)
     2    0.018602    0.040725    0.151214   15.233415 ^ clkbuf_0_clk/X (sky130_fd_sc_hd__clkbuf_16)
                                                         clknet_0_clk (net)
                      0.040736    0.000439   15.233853 ^ clkbuf_1_0__f_clk/A (sky130_fd_sc_hd__clkbuf_16)
     2    0.005870    0.029556    0.110008   15.343862 ^ clkbuf_1_0__f_clk/X (sky130_fd_sc_hd__clkbuf_16)
                                                         clknet_1_0__leaf_clk (net)
                      0.029557    0.000123   15.343985 ^ _12_/CLK (sky130_fd_sc_hd__dfrtp_1)
                                 -0.250000   15.093986   clock uncertainty
                                  0.000000   15.093986   clock reconvergence pessimism
                                 -0.108121   14.985864   library setup time
                                             14.985864   data required time
---------------------------------------------------------------------------------------------
                                             14.985864   data required time
                                             -1.370336   data arrival time
---------------------------------------------------------------------------------------------
                                             13.615528   slack (MET)



