Reading timing models for corner nom_tt_025C_1v80…
Reading cell library for the 'nom_tt_025C_1v80' corner at '/home/jihan/.volare/volare/sky130/versions/0fe599b2afb6708d281543108caf8310912f54af/sky130A/libs.ref/sky130_fd_sc_hd/lib/sky130_fd_sc_hd__tt_025C_1v80.lib'…
Reading top-level netlist at '/home/jihan/projects/openlane_flow/designs/counter_4bit/runs/RUN_2025-12-04_01-46-29/51-openroad-fillinsertion/counter_4bit.nl.v'…
Linking design 'counter_4bit' from netlist…
Warning: /home/jihan/projects/openlane_flow/designs/counter_4bit/runs/RUN_2025-12-04_01-46-29/51-openroad-fillinsertion/counter_4bit.nl.v line 194, module sky130_fd_sc_hd__tapvpwrvgnd_1 not found. Creating black box for TAP_TAPCELL_ROW_0_130.
Warning: /home/jihan/projects/openlane_flow/designs/counter_4bit/runs/RUN_2025-12-04_01-46-29/51-openroad-fillinsertion/counter_4bit.nl.v line 691, module sky130_ef_sc_hd__decap_12 not found. Creating black box for FILLER_0_3.
Warning: /home/jihan/projects/openlane_flow/designs/counter_4bit/runs/RUN_2025-12-04_01-46-29/51-openroad-fillinsertion/counter_4bit.nl.v line 693, module sky130_fd_sc_hd__fill_1 not found. Creating black box for FILLER_0_27.
Warning: /home/jihan/projects/openlane_flow/designs/counter_4bit/runs/RUN_2025-12-04_01-46-29/51-openroad-fillinsertion/counter_4bit.nl.v line 734, module sky130_fd_sc_hd__fill_2 not found. Creating black box for FILLER_0_405.
Reading design constraints file at '/nix/store/ss2cw3sxbrwwx9jl0rrppbw4kgcmgi2n-python3-3.11.9-env/lib/python3.11/site-packages/openlane/scripts/base.sdc'…
[INFO] Using clock clk…
[INFO] Setting output delay to: 3.0
[INFO] Setting input delay to: 3.0
[INFO] Setting load to: 0.033442
[INFO] Setting clock uncertainty to: 0.25
[INFO] Setting clock transition to: 0.1499999999999999944488848768742172978818416595458984375
[INFO] Setting timing derate to: 5%
Reading top-level design parasitics for the 'nom_tt_025C_1v80' corner at '/home/jihan/projects/openlane_flow/designs/counter_4bit/runs/RUN_2025-12-04_01-46-29/53-openroad-rcx/nom/counter_4bit.nom.spef'…
%OL_CREATE_REPORT min.rpt

===========================================================================
report_checks -path_delay min (Hold)
============================================================================
======================= nom_tt_025C_1v80 Corner ===================================

Startpoint: _14_ (rising edge-triggered flip-flop clocked by clk)
Endpoint: _14_ (rising edge-triggered flip-flop clocked by clk)
Path Group: clk
Path Type: min

Fanout         Cap        Slew       Delay        Time   Description
---------------------------------------------------------------------------------------------
                                  0.000000    0.000000   clock clk (rise edge)
                                  0.000000    0.000000   clock source latency
     1    0.025229    0.119022    0.082201    0.082201 ^ clk (in)
                                                         clk (net)
                      0.119029    0.000000    0.082201 ^ clkbuf_0_clk/A (sky130_fd_sc_hd__clkbuf_16)
     2    0.018602    0.040725    0.151214    0.233415 ^ clkbuf_0_clk/X (sky130_fd_sc_hd__clkbuf_16)
                                                         clknet_0_clk (net)
                      0.040736    0.000439    0.233854 ^ clkbuf_1_0__f_clk/A (sky130_fd_sc_hd__clkbuf_16)
     2    0.005870    0.029556    0.110008    0.343862 ^ clkbuf_1_0__f_clk/X (sky130_fd_sc_hd__clkbuf_16)
                                                         clknet_1_0__leaf_clk (net)
                      0.029557    0.000164    0.344026 ^ _14_/CLK (sky130_fd_sc_hd__dfrtp_1)
     3    0.008456    0.088848    0.347355    0.691381 ^ _14_/Q (sky130_fd_sc_hd__dfrtp_1)
                                                         net4 (net)
                      0.088848    0.000189    0.691570 ^ _08_/C (sky130_fd_sc_hd__and3_1)
     2    0.010387    0.114735    0.212067    0.903637 ^ _08_/X (sky130_fd_sc_hd__and3_1)
                                                         _05_ (net)
                      0.114735    0.000316    0.903952 ^ _09_/B (sky130_fd_sc_hd__nor2_1)
     1    0.002568    0.026115    0.050702    0.954654 v _09_/Y (sky130_fd_sc_hd__nor2_1)
                                                         _02_ (net)
                      0.026115    0.000074    0.954728 v _14_/D (sky130_fd_sc_hd__dfrtp_1)
                                              0.954728   data arrival time

                                  0.000000    0.000000   clock clk (rise edge)
                                  0.000000    0.000000   clock source latency
     1    0.025229    0.119022    0.082201    0.082201 ^ clk (in)
                                                         clk (net)
                      0.119029    0.000000    0.082201 ^ clkbuf_0_clk/A (sky130_fd_sc_hd__clkbuf_16)
     2    0.018602    0.040725    0.151214    0.233415 ^ clkbuf_0_clk/X (sky130_fd_sc_hd__clkbuf_16)
                                                         clknet_0_clk (net)
                      0.040736    0.000439    0.233854 ^ clkbuf_1_0__f_clk/A (sky130_fd_sc_hd__clkbuf_16)
     2    0.005870    0.029556    0.110008    0.343862 ^ clkbuf_1_0__f_clk/X (sky130_fd_sc_hd__clkbuf_16)
                                                         clknet_1_0__leaf_clk (net)
                      0.029557    0.000164    0.344026 ^ _14_/CLK (sky130_fd_sc_hd__dfrtp_1)
                                  0.250000    0.594026   clock uncertainty
                                  0.000000    0.594026   clock reconvergence pessimism
                                 -0.041608    0.552418   library hold time
                                              0.552418   data required time
---------------------------------------------------------------------------------------------
                                              0.552418   data required time
                                             -0.954728   data arrival time
---------------------------------------------------------------------------------------------
                                              0.402310   slack (MET)


Startpoint: _14_ (rising edge-triggered flip-flop clocked by clk)
Endpoint: _15_ (rising edge-triggered flip-flop clocked by clk)
Path Group: clk
Path Type: min

Fanout         Cap        Slew       Delay        Time   Description
---------------------------------------------------------------------------------------------
                                  0.000000    0.000000   clock clk (rise edge)
                                  0.000000    0.000000   clock source latency
     1    0.025229    0.119022    0.082201    0.082201 ^ clk (in)
                                                         clk (net)
                      0.119029    0.000000    0.082201 ^ clkbuf_0_clk/A (sky130_fd_sc_hd__clkbuf_16)
     2    0.018602    0.040725    0.151214    0.233415 ^ clkbuf_0_clk/X (sky130_fd_sc_hd__clkbuf_16)
                                                         clknet_0_clk (net)
                      0.040736    0.000439    0.233854 ^ clkbuf_1_0__f_clk/A (sky130_fd_sc_hd__clkbuf_16)
     2    0.005870    0.029556    0.110008    0.343862 ^ clkbuf_1_0__f_clk/X (sky130_fd_sc_hd__clkbuf_16)
                                                         clknet_1_0__leaf_clk (net)
                      0.029557    0.000164    0.344026 ^ _14_/CLK (sky130_fd_sc_hd__dfrtp_1)
     3    0.008456    0.088848    0.347355    0.691381 ^ _14_/Q (sky130_fd_sc_hd__dfrtp_1)
                                                         net4 (net)
                      0.088848    0.000189    0.691570 ^ _08_/C (sky130_fd_sc_hd__and3_1)
     2    0.010387    0.114735    0.212067    0.903637 ^ _08_/X (sky130_fd_sc_hd__and3_1)
                                                         _05_ (net)
                      0.114735    0.000377    0.904013 ^ _10_/B (sky130_fd_sc_hd__xor2_1)
     1    0.002274    0.034068    0.073097    0.977110 v _10_/X (sky130_fd_sc_hd__xor2_1)
                                                         _03_ (net)
                      0.034068    0.000045    0.977155 v _15_/D (sky130_fd_sc_hd__dfrtp_1)
                                              0.977155   data arrival time

                                  0.000000    0.000000   clock clk (rise edge)
                                  0.000000    0.000000   clock source latency
     1    0.025229    0.119022    0.082201    0.082201 ^ clk (in)
                                                         clk (net)
                      0.119029    0.000000    0.082201 ^ clkbuf_0_clk/A (sky130_fd_sc_hd__clkbuf_16)
     2    0.018602    0.040725    0.151214    0.233415 ^ clkbuf_0_clk/X (sky130_fd_sc_hd__clkbuf_16)
                                                         clknet_0_clk (net)
                      0.040736    0.000423    0.233837 ^ clkbuf_1_1__f_clk/A (sky130_fd_sc_hd__clkbuf_16)
     2    0.006685    0.030355    0.110970    0.344808 ^ clkbuf_1_1__f_clk/X (sky130_fd_sc_hd__clkbuf_16)
                                                         clknet_1_1__leaf_clk (net)
                      0.030356    0.000262    0.345070 ^ _15_/CLK (sky130_fd_sc_hd__dfrtp_1)
                                  0.250000    0.595070   clock uncertainty
                                  0.000000    0.595070   clock reconvergence pessimism
                                 -0.044665    0.550405   library hold time
                                              0.550405   data required time
---------------------------------------------------------------------------------------------
                                              0.550405   data required time
                                             -0.977155   data arrival time
---------------------------------------------------------------------------------------------
                                              0.426750   slack (MET)


Startpoint: _12_ (rising edge-triggered flip-flop clocked by clk)
Endpoint: _12_ (rising edge-triggered flip-flop clocked by clk)
Path Group: clk
Path Type: min

Fanout         Cap        Slew       Delay        Time   Description
---------------------------------------------------------------------------------------------
                                  0.000000    0.000000   clock clk (rise edge)
                                  0.000000    0.000000   clock source latency
     1    0.025229    0.119022    0.082201    0.082201 ^ clk (in)
                                                         clk (net)
                      0.119029    0.000000    0.082201 ^ clkbuf_0_clk/A (sky130_fd_sc_hd__clkbuf_16)
     2    0.018602    0.040725    0.151214    0.233415 ^ clkbuf_0_clk/X (sky130_fd_sc_hd__clkbuf_16)
                                                         clknet_0_clk (net)
                      0.040736    0.000439    0.233854 ^ clkbuf_1_0__f_clk/A (sky130_fd_sc_hd__clkbuf_16)
     2    0.005870    0.029556    0.110008    0.343862 ^ clkbuf_1_0__f_clk/X (sky130_fd_sc_hd__clkbuf_16)
                                                         clknet_1_0__leaf_clk (net)
                      0.029557    0.000123    0.343985 ^ _12_/CLK (sky130_fd_sc_hd__dfrtp_1)
     5    0.017008    0.157816    0.399653    0.743637 ^ _12_/Q (sky130_fd_sc_hd__dfrtp_1)
                                                         net2 (net)
                      0.157816    0.000321    0.743958 ^ hold4/A (sky130_fd_sc_hd__dlygate4sd3_1)
     1    0.006045    0.081170    0.590850    1.334807 ^ hold4/X (sky130_fd_sc_hd__dlygate4sd3_1)
                                                         net9 (net)
                      0.081170    0.000211    1.335019 ^ _06_/A (sky130_fd_sc_hd__inv_2)
     1    0.003843    0.022818    0.035182    1.370201 v _06_/Y (sky130_fd_sc_hd__inv_2)
                                                         _00_ (net)
                      0.022818    0.000135    1.370336 v _12_/D (sky130_fd_sc_hd__dfrtp_1)
                                              1.370336   data arrival time

                                  0.000000    0.000000   clock clk (rise edge)
                                  0.000000    0.000000   clock source latency
     1    0.025229    0.119022    0.082201    0.082201 ^ clk (in)
                                                         clk (net)
                      0.119029    0.000000    0.082201 ^ clkbuf_0_clk/A (sky130_fd_sc_hd__clkbuf_16)
     2    0.018602    0.040725    0.151214    0.233415 ^ clkbuf_0_clk/X (sky130_fd_sc_hd__clkbuf_16)
                                                         clknet_0_clk (net)
                      0.040736    0.000439    0.233854 ^ clkbuf_1_0__f_clk/A (sky130_fd_sc_hd__clkbuf_16)
     2    0.005870    0.029556    0.110008    0.343862 ^ clkbuf_1_0__f_clk/X (sky130_fd_sc_hd__clkbuf_16)
                                                         clknet_1_0__leaf_clk (net)
                      0.029557    0.000123    0.343985 ^ _12_/CLK (sky130_fd_sc_hd__dfrtp_1)
                                  0.250000    0.593985   clock uncertainty
                                  0.000000    0.593985   clock reconvergence pessimism
                                 -0.040266    0.553719   library hold time
                                              0.553719   data required time
---------------------------------------------------------------------------------------------
                                              0.553719   data required time
                                             -1.370336   data arrival time
---------------------------------------------------------------------------------------------
                                              0.816617   slack (MET)


Startpoint: _12_ (rising edge-triggered flip-flop clocked by clk)
Endpoint: _13_ (rising edge-triggered flip-flop clocked by clk)
Path Group: clk
Path Type: min

Fanout         Cap        Slew       Delay        Time   Description
---------------------------------------------------------------------------------------------
                                  0.000000    0.000000   clock clk (rise edge)
                                  0.000000    0.000000   clock source latency
     1    0.025229    0.119022    0.082201    0.082201 ^ clk (in)
                                                         clk (net)
                      0.119029    0.000000    0.082201 ^ clkbuf_0_clk/A (sky130_fd_sc_hd__clkbuf_16)
     2    0.018602    0.040725    0.151214    0.233415 ^ clkbuf_0_clk/X (sky130_fd_sc_hd__clkbuf_16)
                                                         clknet_0_clk (net)
                      0.040736    0.000439    0.233854 ^ clkbuf_1_0__f_clk/A (sky130_fd_sc_hd__clkbuf_16)
     2    0.005870    0.029556    0.110008    0.343862 ^ clkbuf_1_0__f_clk/X (sky130_fd_sc_hd__clkbuf_16)
                                                         clknet_1_0__leaf_clk (net)
                      0.029557    0.000123    0.343985 ^ _12_/CLK (sky130_fd_sc_hd__dfrtp_1)
     5    0.017008    0.157816    0.399653    0.743637 ^ _12_/Q (sky130_fd_sc_hd__dfrtp_1)
                                                         net2 (net)
                      0.157816    0.000514    0.744151 ^ _11_/B (sky130_fd_sc_hd__xor2_1)
     1    0.002096    0.033314    0.079857    0.824008 v _11_/X (sky130_fd_sc_hd__xor2_1)
                                                         _01_ (net)
                      0.033314    0.000044    0.824052 v hold3/A (sky130_fd_sc_hd__dlygate4sd3_1)
     1    0.002870    0.053548    0.544255    1.368307 v hold3/X (sky130_fd_sc_hd__dlygate4sd3_1)
                                                         net8 (net)
                      0.053548    0.000083    1.368390 v _13_/D (sky130_fd_sc_hd__dfrtp_1)
                                              1.368390   data arrival time

                                  0.000000    0.000000   clock clk (rise edge)
                                  0.000000    0.000000   clock source latency
     1    0.025229    0.119022    0.082201    0.082201 ^ clk (in)
                                                         clk (net)
                      0.119029    0.000000    0.082201 ^ clkbuf_0_clk/A (sky130_fd_sc_hd__clkbuf_16)
     2    0.018602    0.040725    0.151214    0.233415 ^ clkbuf_0_clk/X (sky130_fd_sc_hd__clkbuf_16)
                                                         clknet_0_clk (net)
                      0.040736    0.000423    0.233837 ^ clkbuf_1_1__f_clk/A (sky130_fd_sc_hd__clkbuf_16)
     2    0.006685    0.030355    0.110970    0.344808 ^ clkbuf_1_1__f_clk/X (sky130_fd_sc_hd__clkbuf_16)
                                                         clknet_1_1__leaf_clk (net)
                      0.030356    0.000203    0.345010 ^ _13_/CLK (sky130_fd_sc_hd__dfrtp_1)
                                  0.250000    0.595011   clock uncertainty
                                  0.000000    0.595011   clock reconvergence pessimism
                                 -0.052597    0.542414   library hold time
                                              0.542414   data required time
---------------------------------------------------------------------------------------------
                                              0.542414   data required time
                                             -1.368390   data arrival time
---------------------------------------------------------------------------------------------
                                              0.825976   slack (MET)


Startpoint: rst_n (input port clocked by clk)
Endpoint: _15_ (removal check against rising-edge clock clk)
Path Group: asynchronous
Path Type: min

Fanout         Cap        Slew       Delay        Time   Description
---------------------------------------------------------------------------------------------
                                  0.000000    0.000000   clock clk (rise edge)
                                  0.000000    0.000000   clock network delay (propagated)
                                  3.000000    3.000000 ^ input external delay
     1    0.003940    0.024679    0.014316    3.014316 ^ rst_n (in)
                                                         rst_n (net)
                      0.024687    0.000000    3.014316 ^ input1/A (sky130_fd_sc_hd__buf_1)
     4    0.017003    0.204233    0.185591    3.199908 ^ input1/X (sky130_fd_sc_hd__buf_1)
                                                         net1 (net)
                      0.204234    0.000292    3.200200 ^ _15_/RESET_B (sky130_fd_sc_hd__dfrtp_1)
                                              3.200200   data arrival time

                                  0.000000    0.000000   clock clk (rise edge)
                                  0.000000    0.000000   clock source latency
     1    0.025229    0.119022    0.082201    0.082201 ^ clk (in)
                                                         clk (net)
                      0.119029    0.000000    0.082201 ^ clkbuf_0_clk/A (sky130_fd_sc_hd__clkbuf_16)
     2    0.018602    0.040725    0.151214    0.233415 ^ clkbuf_0_clk/X (sky130_fd_sc_hd__clkbuf_16)
                                                         clknet_0_clk (net)
                      0.040736    0.000423    0.233837 ^ clkbuf_1_1__f_clk/A (sky130_fd_sc_hd__clkbuf_16)
     2    0.006685    0.030355    0.110970    0.344808 ^ clkbuf_1_1__f_clk/X (sky130_fd_sc_hd__clkbuf_16)
                                                         clknet_1_1__leaf_clk (net)
                      0.030356    0.000262    0.345070 ^ _15_/CLK (sky130_fd_sc_hd__dfrtp_1)
                                  0.250000    0.595070   clock uncertainty
                                  0.000000    0.595070   clock reconvergence pessimism
                                  0.360077    0.955146   library removal time
                                              0.955146   data required time
---------------------------------------------------------------------------------------------
                                              0.955146   data required time
                                             -3.200200   data arrival time
---------------------------------------------------------------------------------------------
                                              2.245054   slack (MET)


Startpoint: rst_n (input port clocked by clk)
Endpoint: _13_ (removal check against rising-edge clock clk)
Path Group: asynchronous
Path Type: min

Fanout         Cap        Slew       Delay        Time   Description
---------------------------------------------------------------------------------------------
                                  0.000000    0.000000   clock clk (rise edge)
                                  0.000000    0.000000   clock network delay (propagated)
                                  3.000000    3.000000 ^ input external delay
     1    0.003940    0.024679    0.014316    3.014316 ^ rst_n (in)
                                                         rst_n (net)
                      0.024687    0.000000    3.014316 ^ input1/A (sky130_fd_sc_hd__buf_1)
     4    0.017003    0.204233    0.185591    3.199908 ^ input1/X (sky130_fd_sc_hd__buf_1)
                                                         net1 (net)
                      0.204234    0.000353    3.200261 ^ _13_/RESET_B (sky130_fd_sc_hd__dfrtp_1)
                                              3.200261   data arrival time

                                  0.000000    0.000000   clock clk (rise edge)
                                  0.000000    0.000000   clock source latency
     1    0.025229    0.119022    0.082201    0.082201 ^ clk (in)
                                                         clk (net)
                      0.119029    0.000000    0.082201 ^ clkbuf_0_clk/A (sky130_fd_sc_hd__clkbuf_16)
     2    0.018602    0.040725    0.151214    0.233415 ^ clkbuf_0_clk/X (sky130_fd_sc_hd__clkbuf_16)
                                                         clknet_0_clk (net)
                      0.040736    0.000423    0.233837 ^ clkbuf_1_1__f_clk/A (sky130_fd_sc_hd__clkbuf_16)
     2    0.006685    0.030355    0.110970    0.344808 ^ clkbuf_1_1__f_clk/X (sky130_fd_sc_hd__clkbuf_16)
                                                         clknet_1_1__leaf_clk (net)
                      0.030356    0.000203    0.345010 ^ _13_/CLK (sky130_fd_sc_hd__dfrtp_1)
                                  0.250000    0.595011   clock uncertainty
                                  0.000000    0.595011   clock reconvergence pessimism
                                  0.360077    0.955087   library removal time
                                              0.955087   data required time
---------------------------------------------------------------------------------------------
                                              0.955087   data required time
                                             -3.200261   data arrival time
---------------------------------------------------------------------------------------------
                                              2.245174   slack (MET)


Startpoint: rst_n (input port clocked by clk)
Endpoint: _12_ (removal check against rising-edge clock clk)
Path Group: asynchronous
Path Type: min

Fanout         Cap        Slew       Delay        Time   Description
---------------------------------------------------------------------------------------------
                                  0.000000    0.000000   clock clk (rise edge)
                                  0.000000    0.000000   clock network delay (propagated)
                                  3.000000    3.000000 ^ input external delay
     1    0.003940    0.024679    0.014316    3.014316 ^ rst_n (in)
                                                         rst_n (net)
                      0.024687    0.000000    3.014316 ^ input1/A (sky130_fd_sc_hd__buf_1)
     4    0.017003    0.204233    0.185591    3.199908 ^ input1/X (sky130_fd_sc_hd__buf_1)
                                                         net1 (net)
                      0.204234    0.000270    3.200178 ^ _12_/RESET_B (sky130_fd_sc_hd__dfrtp_1)
                                              3.200178   data arrival time

                                  0.000000    0.000000   clock clk (rise edge)
                                  0.000000    0.000000   clock source latency
     1    0.025229    0.119022    0.082201    0.082201 ^ clk (in)
                                                         clk (net)
                      0.119029    0.000000    0.082201 ^ clkbuf_0_clk/A (sky130_fd_sc_hd__clkbuf_16)
     2    0.018602    0.040725    0.151214    0.233415 ^ clkbuf_0_clk/X (sky130_fd_sc_hd__clkbuf_16)
                                                         clknet_0_clk (net)
                      0.040736    0.000439    0.233854 ^ clkbuf_1_0__f_clk/A (sky130_fd_sc_hd__clkbuf_16)
     2    0.005870    0.029556    0.110008    0.343862 ^ clkbuf_1_0__f_clk/X (sky130_fd_sc_hd__clkbuf_16)
                                                         clknet_1_0__leaf_clk (net)
                      0.029557    0.000123    0.343985 ^ _12_/CLK (sky130_fd_sc_hd__dfrtp_1)
                                  0.250000    0.593985   clock uncertainty
                                  0.000000    0.593985   clock reconvergence pessimism
                                  0.359860    0.953844   library removal time
                                              0.953844   data required time
---------------------------------------------------------------------------------------------
                                              0.953844   data required time
                                             -3.200178   data arrival time
---------------------------------------------------------------------------------------------
                                              2.246333   slack (MET)


Startpoint: rst_n (input port clocked by clk)
Endpoint: _14_ (removal check against rising-edge clock clk)
Path Group: asynchronous
Path Type: min

Fanout         Cap        Slew       Delay        Time   Description
---------------------------------------------------------------------------------------------
                                  0.000000    0.000000   clock clk (rise edge)
                                  0.000000    0.000000   clock network delay (propagated)
                                  3.000000    3.000000 ^ input external delay
     1    0.003940    0.024679    0.014316    3.014316 ^ rst_n (in)
                                                         rst_n (net)
                      0.024687    0.000000    3.014316 ^ input1/A (sky130_fd_sc_hd__buf_1)
     4    0.017003    0.204233    0.185591    3.199908 ^ input1/X (sky130_fd_sc_hd__buf_1)
                                                         net1 (net)
                      0.204234    0.000336    3.200243 ^ _14_/RESET_B (sky130_fd_sc_hd__dfrtp_1)
                                              3.200243   data arrival time

                                  0.000000    0.000000   clock clk (rise edge)
                                  0.000000    0.000000   clock source latency
     1    0.025229    0.119022    0.082201    0.082201 ^ clk (in)
                                                         clk (net)
                      0.119029    0.000000    0.082201 ^ clkbuf_0_clk/A (sky130_fd_sc_hd__clkbuf_16)
     2    0.018602    0.040725    0.151214    0.233415 ^ clkbuf_0_clk/X (sky130_fd_sc_hd__clkbuf_16)
                                                         clknet_0_clk (net)
                      0.040736    0.000439    0.233854 ^ clkbuf_1_0__f_clk/A (sky130_fd_sc_hd__clkbuf_16)
     2    0.005870    0.029556    0.110008    0.343862 ^ clkbuf_1_0__f_clk/X (sky130_fd_sc_hd__clkbuf_16)
                                                         clknet_1_0__leaf_clk (net)
                      0.029557    0.000164    0.344026 ^ _14_/CLK (sky130_fd_sc_hd__dfrtp_1)
                                  0.250000    0.594026   clock uncertainty
                                  0.000000    0.594026   clock reconvergence pessimism
                                  0.359860    0.953886   library removal time
                                              0.953886   data required time
---------------------------------------------------------------------------------------------
                                              0.953886   data required time
                                             -3.200243   data arrival time
---------------------------------------------------------------------------------------------
                                              2.246358   slack (MET)


Startpoint: _15_ (rising edge-triggered flip-flop clocked by clk)
Endpoint: count[3] (output port clocked by clk)
Path Group: clk
Path Type: min

Fanout         Cap        Slew       Delay        Time   Description
---------------------------------------------------------------------------------------------
                                  0.000000    0.000000   clock clk (rise edge)
                                  0.000000    0.000000   clock source latency
     1    0.025229    0.119022    0.082201    0.082201 ^ clk (in)
                                                         clk (net)
                      0.119029    0.000000    0.082201 ^ clkbuf_0_clk/A (sky130_fd_sc_hd__clkbuf_16)
     2    0.018602    0.040725    0.151214    0.233415 ^ clkbuf_0_clk/X (sky130_fd_sc_hd__clkbuf_16)
                                                         clknet_0_clk (net)
                      0.040736    0.000423    0.233837 ^ clkbuf_1_1__f_clk/A (sky130_fd_sc_hd__clkbuf_16)
     2    0.006685    0.030355    0.110970    0.344808 ^ clkbuf_1_1__f_clk/X (sky130_fd_sc_hd__clkbuf_16)
                                                         clknet_1_1__leaf_clk (net)
                      0.030356    0.000262    0.345070 ^ _15_/CLK (sky130_fd_sc_hd__dfrtp_1)
     2    0.006017    0.069648    0.331231    0.676300 ^ _15_/Q (sky130_fd_sc_hd__dfrtp_1)
                                                         net5 (net)
                      0.069648    0.000159    0.676459 ^ output5/A (sky130_fd_sc_hd__buf_2)
     1    0.034107    0.169541    0.206632    0.883092 ^ output5/X (sky130_fd_sc_hd__buf_2)
                                                         count[3] (net)
                      0.169542    0.000658    0.883749 ^ count[3] (out)
                                              0.883749   data arrival time

                                  0.000000    0.000000   clock clk (rise edge)
                                  0.000000    0.000000   clock network delay (propagated)
                                  0.250000    0.250000   clock uncertainty
                                  0.000000    0.250000   clock reconvergence pessimism
                                 -3.000000   -2.750000   output external delay
                                             -2.750000   data required time
---------------------------------------------------------------------------------------------
                                             -2.750000   data required time
                                             -0.883749   data arrival time
---------------------------------------------------------------------------------------------
                                              3.633749   slack (MET)


Startpoint: _14_ (rising edge-triggered flip-flop clocked by clk)
Endpoint: count[2] (output port clocked by clk)
Path Group: clk
Path Type: min

Fanout         Cap        Slew       Delay        Time   Description
---------------------------------------------------------------------------------------------
                                  0.000000    0.000000   clock clk (rise edge)
                                  0.000000    0.000000   clock source latency
     1    0.025229    0.119022    0.082201    0.082201 ^ clk (in)
                                                         clk (net)
                      0.119029    0.000000    0.082201 ^ clkbuf_0_clk/A (sky130_fd_sc_hd__clkbuf_16)
     2    0.018602    0.040725    0.151214    0.233415 ^ clkbuf_0_clk/X (sky130_fd_sc_hd__clkbuf_16)
                                                         clknet_0_clk (net)
                      0.040736    0.000439    0.233854 ^ clkbuf_1_0__f_clk/A (sky130_fd_sc_hd__clkbuf_16)
     2    0.005870    0.029556    0.110008    0.343862 ^ clkbuf_1_0__f_clk/X (sky130_fd_sc_hd__clkbuf_16)
                                                         clknet_1_0__leaf_clk (net)
                      0.029557    0.000164    0.344026 ^ _14_/CLK (sky130_fd_sc_hd__dfrtp_1)
     3    0.008456    0.088848    0.347355    0.691381 ^ _14_/Q (sky130_fd_sc_hd__dfrtp_1)
                                                         net4 (net)
                      0.088848    0.000201    0.691582 ^ output4/A (sky130_fd_sc_hd__buf_2)
     1    0.034201    0.170101    0.213995    0.905577 ^ output4/X (sky130_fd_sc_hd__buf_2)
                                                         count[2] (net)
                      0.170102    0.000698    0.906276 ^ count[2] (out)
                                              0.906276   data arrival time

                                  0.000000    0.000000   clock clk (rise edge)
                                  0.000000    0.000000   clock network delay (propagated)
                                  0.250000    0.250000   clock uncertainty
                                  0.000000    0.250000   clock reconvergence pessimism
                                 -3.000000   -2.750000   output external delay
                                             -2.750000   data required time
---------------------------------------------------------------------------------------------
                                             -2.750000   data required time
                                             -0.906276   data arrival time
---------------------------------------------------------------------------------------------
                                              3.656275   slack (MET)


Startpoint: _13_ (rising edge-triggered flip-flop clocked by clk)
Endpoint: count[1] (output port clocked by clk)
Path Group: clk
Path Type: min

Fanout         Cap        Slew       Delay        Time   Description
---------------------------------------------------------------------------------------------
                                  0.000000    0.000000   clock clk (rise edge)
                                  0.000000    0.000000   clock source latency
     1    0.025229    0.119022    0.082201    0.082201 ^ clk (in)
                                                         clk (net)
                      0.119029    0.000000    0.082201 ^ clkbuf_0_clk/A (sky130_fd_sc_hd__clkbuf_16)
     2    0.018602    0.040725    0.151214    0.233415 ^ clkbuf_0_clk/X (sky130_fd_sc_hd__clkbuf_16)
                                                         clknet_0_clk (net)
                      0.040736    0.000423    0.233837 ^ clkbuf_1_1__f_clk/A (sky130_fd_sc_hd__clkbuf_16)
     2    0.006685    0.030355    0.110970    0.344808 ^ clkbuf_1_1__f_clk/X (sky130_fd_sc_hd__clkbuf_16)
                                                         clknet_1_1__leaf_clk (net)
                      0.030356    0.000203    0.345010 ^ _13_/CLK (sky130_fd_sc_hd__dfrtp_1)
     4    0.009981    0.070809    0.386199    0.731210 v _13_/Q (sky130_fd_sc_hd__dfrtp_1)
                                                         net3 (net)
                      0.070809    0.000218    0.731428 v output3/A (sky130_fd_sc_hd__buf_2)
     1    0.034852    0.090746    0.192708    0.924136 v output3/X (sky130_fd_sc_hd__buf_2)
                                                         count[1] (net)
                      0.090750    0.000693    0.924829 v count[1] (out)
                                              0.924829   data arrival time

                                  0.000000    0.000000   clock clk (rise edge)
                                  0.000000    0.000000   clock network delay (propagated)
                                  0.250000    0.250000   clock uncertainty
                                  0.000000    0.250000   clock reconvergence pessimism
                                 -3.000000   -2.750000   output external delay
                                             -2.750000   data required time
---------------------------------------------------------------------------------------------
                                             -2.750000   data required time
                                             -0.924829   data arrival time
---------------------------------------------------------------------------------------------
                                              3.674829   slack (MET)


Startpoint: _12_ (rising edge-triggered flip-flop clocked by clk)
Endpoint: count[0] (output port clocked by clk)
Path Group: clk
Path Type: min

Fanout         Cap        Slew       Delay        Time   Description
---------------------------------------------------------------------------------------------
                                  0.000000    0.000000   clock clk (rise edge)
                                  0.000000    0.000000   clock source latency
     1    0.025229    0.119022    0.082201    0.082201 ^ clk (in)
                                                         clk (net)
                      0.119029    0.000000    0.082201 ^ clkbuf_0_clk/A (sky130_fd_sc_hd__clkbuf_16)
     2    0.018602    0.040725    0.151214    0.233415 ^ clkbuf_0_clk/X (sky130_fd_sc_hd__clkbuf_16)
                                                         clknet_0_clk (net)
                      0.040736    0.000439    0.233854 ^ clkbuf_1_0__f_clk/A (sky130_fd_sc_hd__clkbuf_16)
     2    0.005870    0.029556    0.110008    0.343862 ^ clkbuf_1_0__f_clk/X (sky130_fd_sc_hd__clkbuf_16)
                                                         clknet_1_0__leaf_clk (net)
                      0.029557    0.000123    0.343985 ^ _12_/CLK (sky130_fd_sc_hd__dfrtp_1)
     5    0.016074    0.097432    0.410399    0.754383 v _12_/Q (sky130_fd_sc_hd__dfrtp_1)
                                                         net2 (net)
                      0.097433    0.000490    0.754874 v output2/A (sky130_fd_sc_hd__buf_2)
     1    0.034007    0.088936    0.203285    0.958159 v output2/X (sky130_fd_sc_hd__buf_2)
                                                         count[0] (net)
                      0.088940    0.000635    0.958793 v count[0] (out)
                                              0.958793   data arrival time

                                  0.000000    0.000000   clock clk (rise edge)
                                  0.000000    0.000000   clock network delay (propagated)
                                  0.250000    0.250000   clock uncertainty
                                  0.000000    0.250000   clock reconvergence pessimism
                                 -3.000000   -2.750000   output external delay
                                             -2.750000   data required time
---------------------------------------------------------------------------------------------
                                             -2.750000   data required time
                                             -0.958793   data arrival time
---------------------------------------------------------------------------------------------
                                              3.708793   slack (MET)



%OL_END_REPORT
%OL_CREATE_REPORT max.rpt

===========================================================================
report_checks -path_delay max (Setup)
============================================================================
======================= nom_tt_025C_1v80 Corner ===================================

Startpoint: _12_ (rising edge-triggered flip-flop clocked by clk)
Endpoint: count[0] (output port clocked by clk)
Path Group: clk
Path Type: max

Fanout         Cap        Slew       Delay        Time   Description
---------------------------------------------------------------------------------------------
                                  0.000000    0.000000   clock clk (rise edge)
                                  0.000000    0.000000   clock source latency
     1    0.025229    0.119022    0.082201    0.082201 ^ clk (in)
                                                         clk (net)
                      0.119029    0.000000    0.082201 ^ clkbuf_0_clk/A (sky130_fd_sc_hd__clkbuf_16)
     2    0.018602    0.040725    0.151214    0.233415 ^ clkbuf_0_clk/X (sky130_fd_sc_hd__clkbuf_16)
                                                         clknet_0_clk (net)
                      0.040736    0.000439    0.233854 ^ clkbuf_1_0__f_clk/A (sky130_fd_sc_hd__clkbuf_16)
     2    0.005870    0.029556    0.110008    0.343862 ^ clkbuf_1_0__f_clk/X (sky130_fd_sc_hd__clkbuf_16)
                                                         clknet_1_0__leaf_clk (net)
                      0.029557    0.000123    0.343985 ^ _12_/CLK (sky130_fd_sc_hd__dfrtp_1)
     5    0.017008    0.157816    0.399653    0.743637 ^ _12_/Q (sky130_fd_sc_hd__dfrtp_1)
                                                         net2 (net)
                      0.157816    0.000519    0.744156 ^ output2/A (sky130_fd_sc_hd__buf_2)
     1    0.034007    0.169426    0.235344    0.979500 ^ output2/X (sky130_fd_sc_hd__buf_2)
                                                         count[0] (net)
                      0.169426    0.000635    0.980135 ^ count[0] (out)
                                              0.980135   data arrival time

                                 15.000000   15.000000   clock clk (rise edge)
                                  0.000000   15.000000   clock network delay (propagated)
                                 -0.250000   14.750000   clock uncertainty
                                  0.000000   14.750000   clock reconvergence pessimism
                                 -3.000000   11.750000   output external delay
                                             11.750000   data required time
---------------------------------------------------------------------------------------------
                                             11.750000   data required time
                                             -0.980135   data arrival time
---------------------------------------------------------------------------------------------
                                             10.769865   slack (MET)


Startpoint: _13_ (rising edge-triggered flip-flop clocked by clk)
Endpoint: count[1] (output port clocked by clk)
Path Group: clk
Path Type: max

Fanout         Cap        Slew       Delay        Time   Description
---------------------------------------------------------------------------------------------
                                  0.000000    0.000000   clock clk (rise edge)
                                  0.000000    0.000000   clock source latency
     1    0.025229    0.119022    0.082201    0.082201 ^ clk (in)
                                                         clk (net)
                      0.119029    0.000000    0.082201 ^ clkbuf_0_clk/A (sky130_fd_sc_hd__clkbuf_16)
     2    0.018602    0.040725    0.151214    0.233415 ^ clkbuf_0_clk/X (sky130_fd_sc_hd__clkbuf_16)
                                                         clknet_0_clk (net)
                      0.040736    0.000423    0.233837 ^ clkbuf_1_1__f_clk/A (sky130_fd_sc_hd__clkbuf_16)
     2    0.006685    0.030355    0.110970    0.344808 ^ clkbuf_1_1__f_clk/X (sky130_fd_sc_hd__clkbuf_16)
                                                         clknet_1_1__leaf_clk (net)
                      0.030356    0.000203    0.345010 ^ _13_/CLK (sky130_fd_sc_hd__dfrtp_1)
     4    0.010499    0.104316    0.360640    0.705650 ^ _13_/Q (sky130_fd_sc_hd__dfrtp_1)
                                                         net3 (net)
                      0.104316    0.000231    0.705881 ^ output3/A (sky130_fd_sc_hd__buf_2)
     1    0.034852    0.173227    0.221860    0.927740 ^ output3/X (sky130_fd_sc_hd__buf_2)
                                                         count[1] (net)
                      0.173227    0.000693    0.928434 ^ count[1] (out)
                                              0.928434   data arrival time

                                 15.000000   15.000000   clock clk (rise edge)
                                  0.000000   15.000000   clock network delay (propagated)
                                 -0.250000   14.750000   clock uncertainty
                                  0.000000   14.750000   clock reconvergence pessimism
                                 -3.000000   11.750000   output external delay
                                             11.750000   data required time
---------------------------------------------------------------------------------------------
                                             11.750000   data required time
                                             -0.928434   data arrival time
---------------------------------------------------------------------------------------------
                                             10.821567   slack (MET)


Startpoint: _14_ (rising edge-triggered flip-flop clocked by clk)
Endpoint: count[2] (output port clocked by clk)
Path Group: clk
Path Type: max

Fanout         Cap        Slew       Delay        Time   Description
---------------------------------------------------------------------------------------------
                                  0.000000    0.000000   clock clk (rise edge)
                                  0.000000    0.000000   clock source latency
     1    0.025229    0.119022    0.082201    0.082201 ^ clk (in)
                                                         clk (net)
                      0.119029    0.000000    0.082201 ^ clkbuf_0_clk/A (sky130_fd_sc_hd__clkbuf_16)
     2    0.018602    0.040725    0.151214    0.233415 ^ clkbuf_0_clk/X (sky130_fd_sc_hd__clkbuf_16)
                                                         clknet_0_clk (net)
                      0.040736    0.000439    0.233854 ^ clkbuf_1_0__f_clk/A (sky130_fd_sc_hd__clkbuf_16)
     2    0.005870    0.029556    0.110008    0.343862 ^ clkbuf_1_0__f_clk/X (sky130_fd_sc_hd__clkbuf_16)
                                                         clknet_1_0__leaf_clk (net)
                      0.029557    0.000164    0.344026 ^ _14_/CLK (sky130_fd_sc_hd__dfrtp_1)
     3    0.007995    0.063808    0.376024    0.720050 v _14_/Q (sky130_fd_sc_hd__dfrtp_1)
                                                         net4 (net)
                      0.063808    0.000190    0.720240 v output4/A (sky130_fd_sc_hd__buf_2)
     1    0.034201    0.089345    0.188303    0.908543 v output4/X (sky130_fd_sc_hd__buf_2)
                                                         count[2] (net)
                      0.089349    0.000698    0.909241 v count[2] (out)
                                              0.909241   data arrival time

                                 15.000000   15.000000   clock clk (rise edge)
                                  0.000000   15.000000   clock network delay (propagated)
                                 -0.250000   14.750000   clock uncertainty
                                  0.000000   14.750000   clock reconvergence pessimism
                                 -3.000000   11.750000   output external delay
                                             11.750000   data required time
---------------------------------------------------------------------------------------------
                                             11.750000   data required time
                                             -0.909241   data arrival time
---------------------------------------------------------------------------------------------
                                             10.840759   slack (MET)


Startpoint: _15_ (rising edge-triggered flip-flop clocked by clk)
Endpoint: count[3] (output port clocked by clk)
Path Group: clk
Path Type: max

Fanout         Cap        Slew       Delay        Time   Description
---------------------------------------------------------------------------------------------
                                  0.000000    0.000000   clock clk (rise edge)
                                  0.000000    0.000000   clock source latency
     1    0.025229    0.119022    0.082201    0.082201 ^ clk (in)
                                                         clk (net)
                      0.119029    0.000000    0.082201 ^ clkbuf_0_clk/A (sky130_fd_sc_hd__clkbuf_16)
     2    0.018602    0.040725    0.151214    0.233415 ^ clkbuf_0_clk/X (sky130_fd_sc_hd__clkbuf_16)
                                                         clknet_0_clk (net)
                      0.040736    0.000423    0.233837 ^ clkbuf_1_1__f_clk/A (sky130_fd_sc_hd__clkbuf_16)
     2    0.006685    0.030355    0.110970    0.344808 ^ clkbuf_1_1__f_clk/X (sky130_fd_sc_hd__clkbuf_16)
                                                         clknet_1_1__leaf_clk (net)
                      0.030356    0.000262    0.345070 ^ _15_/CLK (sky130_fd_sc_hd__dfrtp_1)
     2    0.005692    0.052406    0.363930    0.709000 v _15_/Q (sky130_fd_sc_hd__dfrtp_1)
                                                         net5 (net)
                      0.052406    0.000151    0.709151 v output5/A (sky130_fd_sc_hd__buf_2)
     1    0.034107    0.089118    0.182988    0.892138 v output5/X (sky130_fd_sc_hd__buf_2)
                                                         count[3] (net)
                      0.089123    0.000657    0.892796 v count[3] (out)
                                              0.892796   data arrival time

                                 15.000000   15.000000   clock clk (rise edge)
                                  0.000000   15.000000   clock network delay (propagated)
                                 -0.250000   14.750000   clock uncertainty
                                  0.000000   14.750000   clock reconvergence pessimism
                                 -3.000000   11.750000   output external delay
                                             11.750000   data required time
---------------------------------------------------------------------------------------------
                                             11.750000   data required time
                                             -0.892796   data arrival time
---------------------------------------------------------------------------------------------
                                             10.857204   slack (MET)


Startpoint: rst_n (input port clocked by clk)
Endpoint: _14_ (recovery check against rising-edge clock clk)
Path Group: asynchronous
Path Type: max

Fanout         Cap        Slew       Delay        Time   Description
---------------------------------------------------------------------------------------------
                                  0.000000    0.000000   clock clk (rise edge)
                                  0.000000    0.000000   clock network delay (propagated)
                                  3.000000    3.000000 ^ input external delay
     1    0.003940    0.024679    0.014316    3.014316 ^ rst_n (in)
                                                         rst_n (net)
                      0.024687    0.000000    3.014316 ^ input1/A (sky130_fd_sc_hd__buf_1)
     4    0.017003    0.204233    0.185591    3.199908 ^ input1/X (sky130_fd_sc_hd__buf_1)
                                                         net1 (net)
                      0.204234    0.000336    3.200243 ^ _14_/RESET_B (sky130_fd_sc_hd__dfrtp_1)
                                              3.200243   data arrival time

                                 15.000000   15.000000   clock clk (rise edge)
                                  0.000000   15.000000   clock source latency
     1    0.025229    0.119022    0.082201   15.082201 ^ clk (in)
                                                         clk (net)
                      0.119029    0.000000   15.082201 ^ clkbuf_0_clk/A (sky130_fd_sc_hd__clkbuf_16)
     2    0.018602    0.040725    0.151214   15.233415 ^ clkbuf_0_clk/X (sky130_fd_sc_hd__clkbuf_16)
                                                         clknet_0_clk (net)
                      0.040736    0.000439   15.233853 ^ clkbuf_1_0__f_clk/A (sky130_fd_sc_hd__clkbuf_16)
     2    0.005870    0.029556    0.110008   15.343862 ^ clkbuf_1_0__f_clk/X (sky130_fd_sc_hd__clkbuf_16)
                                                         clknet_1_0__leaf_clk (net)
                      0.029557    0.000163   15.344026 ^ _14_/CLK (sky130_fd_sc_hd__dfrtp_1)
                                 -0.250000   15.094026   clock uncertainty
                                  0.000000   15.094026   clock reconvergence pessimism
                                  0.184273   15.278298   library recovery time
                                             15.278298   data required time
---------------------------------------------------------------------------------------------
                                             15.278298   data required time
                                             -3.200243   data arrival time
---------------------------------------------------------------------------------------------
                                             12.078054   slack (MET)


Startpoint: rst_n (input port clocked by clk)
Endpoint: _12_ (recovery check against rising-edge clock clk)
Path Group: asynchronous
Path Type: max

Fanout         Cap        Slew       Delay        Time   Description
---------------------------------------------------------------------------------------------
                                  0.000000    0.000000   clock clk (rise edge)
                                  0.000000    0.000000   clock network delay (propagated)
                                  3.000000    3.000000 ^ input external delay
     1    0.003940    0.024679    0.014316    3.014316 ^ rst_n (in)
                                                         rst_n (net)
                      0.024687    0.000000    3.014316 ^ input1/A (sky130_fd_sc_hd__buf_1)
     4    0.017003    0.204233    0.185591    3.199908 ^ input1/X (sky130_fd_sc_hd__buf_1)
                                                         net1 (net)
                      0.204234    0.000270    3.200178 ^ _12_/RESET_B (sky130_fd_sc_hd__dfrtp_1)
                                              3.200178   data arrival time

                                 15.000000   15.000000   clock clk (rise edge)
                                  0.000000   15.000000   clock source latency
     1    0.025229    0.119022    0.082201   15.082201 ^ clk (in)
                                                         clk (net)
                      0.119029    0.000000   15.082201 ^ clkbuf_0_clk/A (sky130_fd_sc_hd__clkbuf_16)
     2    0.018602    0.040725    0.151214   15.233415 ^ clkbuf_0_clk/X (sky130_fd_sc_hd__clkbuf_16)
                                                         clknet_0_clk (net)
                      0.040736    0.000439   15.233853 ^ clkbuf_1_0__f_clk/A (sky130_fd_sc_hd__clkbuf_16)
     2    0.005870    0.029556    0.110008   15.343862 ^ clkbuf_1_0__f_clk/X (sky130_fd_sc_hd__clkbuf_16)
                                                         clknet_1_0__leaf_clk (net)
                      0.029557    0.000123   15.343985 ^ _12_/CLK (sky130_fd_sc_hd__dfrtp_1)
                                 -0.250000   15.093986   clock uncertainty
                                  0.000000   15.093986   clock reconvergence pessimism
                                  0.184273   15.278257   library recovery time
                                             15.278257   data required time
---------------------------------------------------------------------------------------------
                                             15.278257   data required time
                                             -3.200178   data arrival time
---------------------------------------------------------------------------------------------
                                             12.078079   slack (MET)


Startpoint: rst_n (input port clocked by clk)
Endpoint: _13_ (recovery check against rising-edge clock clk)
Path Group: asynchronous
Path Type: max

Fanout         Cap        Slew       Delay        Time   Description
---------------------------------------------------------------------------------------------
                                  0.000000    0.000000   clock clk (rise edge)
                                  0.000000    0.000000   clock network delay (propagated)
                                  3.000000    3.000000 ^ input external delay
     1    0.003940    0.024679    0.014316    3.014316 ^ rst_n (in)
                                                         rst_n (net)
                      0.024687    0.000000    3.014316 ^ input1/A (sky130_fd_sc_hd__buf_1)
     4    0.017003    0.204233    0.185591    3.199908 ^ input1/X (sky130_fd_sc_hd__buf_1)
                                                         net1 (net)
                      0.204234    0.000353    3.200261 ^ _13_/RESET_B (sky130_fd_sc_hd__dfrtp_1)
                                              3.200261   data arrival time

                                 15.000000   15.000000   clock clk (rise edge)
                                  0.000000   15.000000   clock source latency
     1    0.025229    0.119022    0.082201   15.082201 ^ clk (in)
                                                         clk (net)
                      0.119029    0.000000   15.082201 ^ clkbuf_0_clk/A (sky130_fd_sc_hd__clkbuf_16)
     2    0.018602    0.040725    0.151214   15.233415 ^ clkbuf_0_clk/X (sky130_fd_sc_hd__clkbuf_16)
                                                         clknet_0_clk (net)
                      0.040736    0.000423   15.233838 ^ clkbuf_1_1__f_clk/A (sky130_fd_sc_hd__clkbuf_16)
     2    0.006685    0.030355    0.110969   15.344807 ^ clkbuf_1_1__f_clk/X (sky130_fd_sc_hd__clkbuf_16)
                                                         clknet_1_1__leaf_clk (net)
                      0.030356    0.000204   15.345011 ^ _13_/CLK (sky130_fd_sc_hd__dfrtp_1)
                                 -0.250000   15.095012   clock uncertainty
                                  0.000000   15.095012   clock reconvergence pessimism
                                  0.184523   15.279534   library recovery time
                                             15.279534   data required time
---------------------------------------------------------------------------------------------
                                             15.279534   data required time
                                             -3.200261   data arrival time
---------------------------------------------------------------------------------------------
                                             12.079273   slack (MET)


Startpoint: rst_n (input port clocked by clk)
Endpoint: _15_ (recovery check against rising-edge clock clk)
Path Group: asynchronous
Path Type: max

Fanout         Cap        Slew       Delay        Time   Description
---------------------------------------------------------------------------------------------
                                  0.000000    0.000000   clock clk (rise edge)
                                  0.000000    0.000000   clock network delay (propagated)
                                  3.000000    3.000000 ^ input external delay
     1    0.003940    0.024679    0.014316    3.014316 ^ rst_n (in)
                                                         rst_n (net)
                      0.024687    0.000000    3.014316 ^ input1/A (sky130_fd_sc_hd__buf_1)
     4    0.017003    0.204233    0.185591    3.199908 ^ input1/X (sky130_fd_sc_hd__buf_1)
                                                         net1 (net)
                      0.204234    0.000292    3.200200 ^ _15_/RESET_B (sky130_fd_sc_hd__dfrtp_1)
                                              3.200200   data arrival time

                                 15.000000   15.000000   clock clk (rise edge)
                                  0.000000   15.000000   clock source latency
     1    0.025229    0.119022    0.082201   15.082201 ^ clk (in)
                                                         clk (net)
                      0.119029    0.000000   15.082201 ^ clkbuf_0_clk/A (sky130_fd_sc_hd__clkbuf_16)
     2    0.018602    0.040725    0.151214   15.233415 ^ clkbuf_0_clk/X (sky130_fd_sc_hd__clkbuf_16)
                                                         clknet_0_clk (net)
                      0.040736    0.000423   15.233838 ^ clkbuf_1_1__f_clk/A (sky130_fd_sc_hd__clkbuf_16)
     2    0.006685    0.030355    0.110969   15.344807 ^ clkbuf_1_1__f_clk/X (sky130_fd_sc_hd__clkbuf_16)
                                                         clknet_1_1__leaf_clk (net)
                      0.030356    0.000263   15.345070 ^ _15_/CLK (sky130_fd_sc_hd__dfrtp_1)
                                 -0.250000   15.095071   clock uncertainty
                                  0.000000   15.095071   clock reconvergence pessimism
                                  0.184523   15.279593   library recovery time
                                             15.279593   data required time
---------------------------------------------------------------------------------------------
                                             15.279593   data required time
                                             -3.200200   data arrival time
---------------------------------------------------------------------------------------------
                                             12.079393   slack (MET)


Startpoint: _13_ (rising edge-triggered flip-flop clocked by clk)
Endpoint: _13_ (rising edge-triggered flip-flop clocked by clk)
Path Group: clk
Path Type: max

Fanout         Cap        Slew       Delay        Time   Description
---------------------------------------------------------------------------------------------
                                  0.000000    0.000000   clock clk (rise edge)
                                  0.000000    0.000000   clock source latency
     1    0.025229    0.119022    0.082201    0.082201 ^ clk (in)
                                                         clk (net)
                      0.119029    0.000000    0.082201 ^ clkbuf_0_clk/A (sky130_fd_sc_hd__clkbuf_16)
     2    0.018602    0.040725    0.151214    0.233415 ^ clkbuf_0_clk/X (sky130_fd_sc_hd__clkbuf_16)
                                                         clknet_0_clk (net)
                      0.040736    0.000423    0.233837 ^ clkbuf_1_1__f_clk/A (sky130_fd_sc_hd__clkbuf_16)
     2    0.006685    0.030355    0.110970    0.344808 ^ clkbuf_1_1__f_clk/X (sky130_fd_sc_hd__clkbuf_16)
                                                         clknet_1_1__leaf_clk (net)
                      0.030356    0.000203    0.345010 ^ _13_/CLK (sky130_fd_sc_hd__dfrtp_1)
     4    0.009981    0.070809    0.386199    0.731210 v _13_/Q (sky130_fd_sc_hd__dfrtp_1)
                                                         net3 (net)
                      0.070809    0.000181    0.731391 v hold2/A (sky130_fd_sc_hd__dlygate4sd3_1)
     1    0.005363    0.065552    0.577520    1.308912 v hold2/X (sky130_fd_sc_hd__dlygate4sd3_1)
                                                         net7 (net)
                      0.065552    0.000174    1.309086 v _11_/A (sky130_fd_sc_hd__xor2_1)
     1    0.002096    0.055355    0.157661    1.466747 v _11_/X (sky130_fd_sc_hd__xor2_1)
                                                         _01_ (net)
                      0.055355    0.000044    1.466791 v hold3/A (sky130_fd_sc_hd__dlygate4sd3_1)
     1    0.002870    0.053381    0.552984    2.019776 v hold3/X (sky130_fd_sc_hd__dlygate4sd3_1)
                                                         net8 (net)
                      0.053381    0.000083    2.019858 v _13_/D (sky130_fd_sc_hd__dfrtp_1)
                                              2.019858   data arrival time

                                 15.000000   15.000000   clock clk (rise edge)
                                  0.000000   15.000000   clock source latency
     1    0.025229    0.119022    0.082201   15.082201 ^ clk (in)
                                                         clk (net)
                      0.119029    0.000000   15.082201 ^ clkbuf_0_clk/A (sky130_fd_sc_hd__clkbuf_16)
     2    0.018602    0.040725    0.151214   15.233415 ^ clkbuf_0_clk/X (sky130_fd_sc_hd__clkbuf_16)
                                                         clknet_0_clk (net)
                      0.040736    0.000423   15.233838 ^ clkbuf_1_1__f_clk/A (sky130_fd_sc_hd__clkbuf_16)
     2    0.006685    0.030355    0.110969   15.344807 ^ clkbuf_1_1__f_clk/X (sky130_fd_sc_hd__clkbuf_16)
                                                         clknet_1_1__leaf_clk (net)
                      0.030356    0.000204   15.345011 ^ _13_/CLK (sky130_fd_sc_hd__dfrtp_1)
                                 -0.250000   15.095012   clock uncertainty
                                  0.000000   15.095012   clock reconvergence pessimism
                                 -0.121284   14.973727   library setup time
                                             14.973727   data required time
---------------------------------------------------------------------------------------------
                                             14.973727   data required time
                                             -2.019858   data arrival time
---------------------------------------------------------------------------------------------
                                             12.953870   slack (MET)


Startpoint: _14_ (rising edge-triggered flip-flop clocked by clk)
Endpoint: _14_ (rising edge-triggered flip-flop clocked by clk)
Path Group: clk
Path Type: max

Fanout         Cap        Slew       Delay        Time   Description
---------------------------------------------------------------------------------------------
                                  0.000000    0.000000   clock clk (rise edge)
                                  0.000000    0.000000   clock source latency
     1    0.025229    0.119022    0.082201    0.082201 ^ clk (in)
                                                         clk (net)
                      0.119029    0.000000    0.082201 ^ clkbuf_0_clk/A (sky130_fd_sc_hd__clkbuf_16)
     2    0.018602    0.040725    0.151214    0.233415 ^ clkbuf_0_clk/X (sky130_fd_sc_hd__clkbuf_16)
                                                         clknet_0_clk (net)
                      0.040736    0.000439    0.233854 ^ clkbuf_1_0__f_clk/A (sky130_fd_sc_hd__clkbuf_16)
     2    0.005870    0.029556    0.110008    0.343862 ^ clkbuf_1_0__f_clk/X (sky130_fd_sc_hd__clkbuf_16)
                                                         clknet_1_0__leaf_clk (net)
                      0.029557    0.000164    0.344026 ^ _14_/CLK (sky130_fd_sc_hd__dfrtp_1)
     3    0.007995    0.063808    0.376024    0.720050 v _14_/Q (sky130_fd_sc_hd__dfrtp_1)
                                                         net4 (net)
                      0.063808    0.000111    0.720161 v hold5/A (sky130_fd_sc_hd__dlygate4sd3_1)
     1    0.002458    0.050938    0.553087    1.273248 v hold5/X (sky130_fd_sc_hd__dlygate4sd3_1)
                                                         net10 (net)
                      0.050938    0.000070    1.273318 v _07_/B1 (sky130_fd_sc_hd__a21oi_1)
     1    0.002525    0.099269    0.107059    1.380377 ^ _07_/Y (sky130_fd_sc_hd__a21oi_1)
                                                         _04_ (net)
                      0.099269    0.000075    1.380452 ^ hold6/A (sky130_fd_sc_hd__dlygate4sd3_1)
     1    0.003641    0.060062    0.558238    1.938690 ^ hold6/X (sky130_fd_sc_hd__dlygate4sd3_1)
                                                         net11 (net)
                      0.060062    0.000085    1.938775 ^ _09_/A (sky130_fd_sc_hd__nor2_1)
     1    0.002568    0.033847    0.044276    1.983051 v _09_/Y (sky130_fd_sc_hd__nor2_1)
                                                         _02_ (net)
                      0.033847    0.000074    1.983125 v _14_/D (sky130_fd_sc_hd__dfrtp_1)
                                              1.983125   data arrival time

                                 15.000000   15.000000   clock clk (rise edge)
                                  0.000000   15.000000   clock source latency
     1    0.025229    0.119022    0.082201   15.082201 ^ clk (in)
                                                         clk (net)
                      0.119029    0.000000   15.082201 ^ clkbuf_0_clk/A (sky130_fd_sc_hd__clkbuf_16)
     2    0.018602    0.040725    0.151214   15.233415 ^ clkbuf_0_clk/X (sky130_fd_sc_hd__clkbuf_16)
                                                         clknet_0_clk (net)
                      0.040736    0.000439   15.233853 ^ clkbuf_1_0__f_clk/A (sky130_fd_sc_hd__clkbuf_16)
     2    0.005870    0.029556    0.110008   15.343862 ^ clkbuf_1_0__f_clk/X (sky130_fd_sc_hd__clkbuf_16)
                                                         clknet_1_0__leaf_clk (net)
                      0.029557    0.000163   15.344026 ^ _14_/CLK (sky130_fd_sc_hd__dfrtp_1)
                                 -0.250000   15.094026   clock uncertainty
                                  0.000000   15.094026   clock reconvergence pessimism
                                 -0.112937   14.981089   library setup time
                                             14.981089   data required time
---------------------------------------------------------------------------------------------
                                             14.981089   data required time
                                             -1.983125   data arrival time
---------------------------------------------------------------------------------------------
                                             12.997964   slack (MET)


Startpoint: _15_ (rising edge-triggered flip-flop clocked by clk)
Endpoint: _15_ (rising edge-triggered flip-flop clocked by clk)
Path Group: clk
Path Type: max

Fanout         Cap        Slew       Delay        Time   Description
---------------------------------------------------------------------------------------------
                                  0.000000    0.000000   clock clk (rise edge)
                                  0.000000    0.000000   clock source latency
     1    0.025229    0.119022    0.082201    0.082201 ^ clk (in)
                                                         clk (net)
                      0.119029    0.000000    0.082201 ^ clkbuf_0_clk/A (sky130_fd_sc_hd__clkbuf_16)
     2    0.018602    0.040725    0.151214    0.233415 ^ clkbuf_0_clk/X (sky130_fd_sc_hd__clkbuf_16)
                                                         clknet_0_clk (net)
                      0.040736    0.000423    0.233837 ^ clkbuf_1_1__f_clk/A (sky130_fd_sc_hd__clkbuf_16)
     2    0.006685    0.030355    0.110970    0.344808 ^ clkbuf_1_1__f_clk/X (sky130_fd_sc_hd__clkbuf_16)
                                                         clknet_1_1__leaf_clk (net)
                      0.030356    0.000262    0.345070 ^ _15_/CLK (sky130_fd_sc_hd__dfrtp_1)
     2    0.005692    0.052406    0.363930    0.709000 v _15_/Q (sky130_fd_sc_hd__dfrtp_1)
                                                         net5 (net)
                      0.052406    0.000119    0.709118 v hold1/A (sky130_fd_sc_hd__dlygate4sd3_1)
     1    0.006095    0.069046    0.574014    1.283132 v hold1/X (sky130_fd_sc_hd__dlygate4sd3_1)
                                                         net6 (net)
                      0.069046    0.000207    1.283339 v _10_/A (sky130_fd_sc_hd__xor2_1)
     1    0.002274    0.049132    0.160105    1.443444 v _10_/X (sky130_fd_sc_hd__xor2_1)
                                                         _03_ (net)
                      0.049132    0.000045    1.443489 v _15_/D (sky130_fd_sc_hd__dfrtp_1)
                                              1.443489   data arrival time

                                 15.000000   15.000000   clock clk (rise edge)
                                  0.000000   15.000000   clock source latency
     1    0.025229    0.119022    0.082201   15.082201 ^ clk (in)
                                                         clk (net)
                      0.119029    0.000000   15.082201 ^ clkbuf_0_clk/A (sky130_fd_sc_hd__clkbuf_16)
     2    0.018602    0.040725    0.151214   15.233415 ^ clkbuf_0_clk/X (sky130_fd_sc_hd__clkbuf_16)
                                                         clknet_0_clk (net)
                      0.040736    0.000423   15.233838 ^ clkbuf_1_1__f_clk/A (sky130_fd_sc_hd__clkbuf_16)
     2    0.006685    0.030355    0.110969   15.344807 ^ clkbuf_1_1__f_clk/X (sky130_fd_sc_hd__clkbuf_16)
                                                         clknet_1_1__leaf_clk (net)
                      0.030356    0.000263   15.345070 ^ _15_/CLK (sky130_fd_sc_hd__dfrtp_1)
                                 -0.250000   15.095071   clock uncertainty
                                  0.000000   15.095071   clock reconvergence pessimism
                                 -0.119429   14.975640   library setup time
                                             14.975640   data required time
---------------------------------------------------------------------------------------------
                                             14.975640   data required time
                                             -1.443489   data arrival time
---------------------------------------------------------------------------------------------
                                             13.532152   slack (MET)


Startpoint: _12_ (rising edge-triggered flip-flop clocked by clk)
Endpoint: _12_ (rising edge-triggered flip-flop clocked by clk)
Path Group: clk
Path Type: max

Fanout         Cap        Slew       Delay        Time   Description
---------------------------------------------------------------------------------------------
                                  0.000000    0.000000   clock clk (rise edge)
                                  0.000000    0.000000   clock source latency
     1    0.025229    0.119022    0.082201    0.082201 ^ clk (in)
                                                         clk (net)
                      0.119029    0.000000    0.082201 ^ clkbuf_0_clk/A (sky130_fd_sc_hd__clkbuf_16)
     2    0.018602    0.040725    0.151214    0.233415 ^ clkbuf_0_clk/X (sky130_fd_sc_hd__clkbuf_16)
                                                         clknet_0_clk (net)
                      0.040736    0.000439    0.233854 ^ clkbuf_1_0__f_clk/A (sky130_fd_sc_hd__clkbuf_16)
     2    0.005870    0.029556    0.110008    0.343862 ^ clkbuf_1_0__f_clk/X (sky130_fd_sc_hd__clkbuf_16)
                                                         clknet_1_0__leaf_clk (net)
                      0.029557    0.000123    0.343985 ^ _12_/CLK (sky130_fd_sc_hd__dfrtp_1)
     5    0.017008    0.157816    0.399653    0.743637 ^ _12_/Q (sky130_fd_sc_hd__dfrtp_1)
                                                         net2 (net)
                      0.157816    0.000321    0.743958 ^ hold4/A (sky130_fd_sc_hd__dlygate4sd3_1)
     1    0.006045    0.081170    0.590850    1.334807 ^ hold4/X (sky130_fd_sc_hd__dlygate4sd3_1)
                                                         net9 (net)
                      0.081170    0.000211    1.335019 ^ _06_/A (sky130_fd_sc_hd__inv_2)
     1    0.003843    0.022818    0.035182    1.370201 v _06_/Y (sky130_fd_sc_hd__inv_2)
                                                         _00_ (net)
                      0.022818    0.000135    1.370336 v _12_/D (sky130_fd_sc_hd__dfrtp_1)
                                              1.370336   data arrival time

                                 15.000000   15.000000   clock clk (rise edge)
                                  0.000000   15.000000   clock source latency
     1    0.025229    0.119022    0.082201   15.082201 ^ clk (in)
                                                         clk (net)
                      0.119029    0.000000   15.082201 ^ clkbuf_0_clk/A (sky130_fd_sc_hd__clkbuf_16)
     2    0.018602    0.040725    0.151214   15.233415 ^ clkbuf_0_clk/X (sky130_fd_sc_hd__clkbuf_16)
                                                         clknet_0_clk (net)
                      0.040736    0.000439   15.233853 ^ clkbuf_1_0__f_clk/A (sky130_fd_sc_hd__clkbuf_16)
     2    0.005870    0.029556    0.110008   15.343862 ^ clkbuf_1_0__f_clk/X (sky130_fd_sc_hd__clkbuf_16)
                                                         clknet_1_0__leaf_clk (net)
                      0.029557    0.000123   15.343985 ^ _12_/CLK (sky130_fd_sc_hd__dfrtp_1)
                                 -0.250000   15.093986   clock uncertainty
                                  0.000000   15.093986   clock reconvergence pessimism
                                 -0.108121   14.985864   library setup time
                                             14.985864   data required time
---------------------------------------------------------------------------------------------
                                             14.985864   data required time
                                             -1.370336   data arrival time
---------------------------------------------------------------------------------------------
                                             13.615528   slack (MET)



%OL_END_REPORT
%OL_CREATE_REPORT checks.rpt

===========================================================================
report_checks -unconstrained
===========================================================================
======================= nom_tt_025C_1v80 Corner ===================================

Startpoint: rst_n (input port clocked by clk)
Endpoint: _14_ (recovery check against rising-edge clock clk)
Path Group: asynchronous
Path Type: max

Fanout         Cap        Slew       Delay        Time   Description
---------------------------------------------------------------------------------------------
                                  0.000000    0.000000   clock clk (rise edge)
                                  0.000000    0.000000   clock network delay (propagated)
                                  3.000000    3.000000 ^ input external delay
     1    0.003940    0.024679    0.014316    3.014316 ^ rst_n (in)
                                                         rst_n (net)
                      0.024687    0.000000    3.014316 ^ input1/A (sky130_fd_sc_hd__buf_1)
     4    0.017003    0.204233    0.185591    3.199908 ^ input1/X (sky130_fd_sc_hd__buf_1)
                                                         net1 (net)
                      0.204234    0.000336    3.200243 ^ _14_/RESET_B (sky130_fd_sc_hd__dfrtp_1)
                                              3.200243   data arrival time

                                 15.000000   15.000000   clock clk (rise edge)
                                  0.000000   15.000000   clock source latency
     1    0.025229    0.119022    0.082201   15.082201 ^ clk (in)
                                                         clk (net)
                      0.119029    0.000000   15.082201 ^ clkbuf_0_clk/A (sky130_fd_sc_hd__clkbuf_16)
     2    0.018602    0.040725    0.151214   15.233415 ^ clkbuf_0_clk/X (sky130_fd_sc_hd__clkbuf_16)
                                                         clknet_0_clk (net)
                      0.040736    0.000439   15.233853 ^ clkbuf_1_0__f_clk/A (sky130_fd_sc_hd__clkbuf_16)
     2    0.005870    0.029556    0.110008   15.343862 ^ clkbuf_1_0__f_clk/X (sky130_fd_sc_hd__clkbuf_16)
                                                         clknet_1_0__leaf_clk (net)
                      0.029557    0.000163   15.344026 ^ _14_/CLK (sky130_fd_sc_hd__dfrtp_1)
                                 -0.250000   15.094026   clock uncertainty
                                  0.000000   15.094026   clock reconvergence pessimism
                                  0.184273   15.278298   library recovery time
                                             15.278298   data required time
---------------------------------------------------------------------------------------------
                                             15.278298   data required time
                                             -3.200243   data arrival time
---------------------------------------------------------------------------------------------
                                             12.078054   slack (MET)


Startpoint: _12_ (rising edge-triggered flip-flop clocked by clk)
Endpoint: count[0] (output port clocked by clk)
Path Group: clk
Path Type: max

Fanout         Cap        Slew       Delay        Time   Description
---------------------------------------------------------------------------------------------
                                  0.000000    0.000000   clock clk (rise edge)
                                  0.000000    0.000000   clock source latency
     1    0.025229    0.119022    0.082201    0.082201 ^ clk (in)
                                                         clk (net)
                      0.119029    0.000000    0.082201 ^ clkbuf_0_clk/A (sky130_fd_sc_hd__clkbuf_16)
     2    0.018602    0.040725    0.151214    0.233415 ^ clkbuf_0_clk/X (sky130_fd_sc_hd__clkbuf_16)
                                                         clknet_0_clk (net)
                      0.040736    0.000439    0.233854 ^ clkbuf_1_0__f_clk/A (sky130_fd_sc_hd__clkbuf_16)
     2    0.005870    0.029556    0.110008    0.343862 ^ clkbuf_1_0__f_clk/X (sky130_fd_sc_hd__clkbuf_16)
                                                         clknet_1_0__leaf_clk (net)
                      0.029557    0.000123    0.343985 ^ _12_/CLK (sky130_fd_sc_hd__dfrtp_1)
     5    0.017008    0.157816    0.399653    0.743637 ^ _12_/Q (sky130_fd_sc_hd__dfrtp_1)
                                                         net2 (net)
                      0.157816    0.000519    0.744156 ^ output2/A (sky130_fd_sc_hd__buf_2)
     1    0.034007    0.169426    0.235344    0.979500 ^ output2/X (sky130_fd_sc_hd__buf_2)
                                                         count[0] (net)
                      0.169426    0.000635    0.980135 ^ count[0] (out)
                                              0.980135   data arrival time

                                 15.000000   15.000000   clock clk (rise edge)
                                  0.000000   15.000000   clock network delay (propagated)
                                 -0.250000   14.750000   clock uncertainty
                                  0.000000   14.750000   clock reconvergence pessimism
                                 -3.000000   11.750000   output external delay
                                             11.750000   data required time
---------------------------------------------------------------------------------------------
                                             11.750000   data required time
                                             -0.980135   data arrival time
---------------------------------------------------------------------------------------------
                                             10.769865   slack (MET)




===========================================================================
report_checks --slack_max -0.01
============================================================================
======================= nom_tt_025C_1v80 Corner ===================================

No paths found.


===========================================================================
 report_check_types -max_slew -max_cap -max_fanout -violators
============================================================================
======================= nom_tt_025C_1v80 Corner ===================================



===========================================================================
report_parasitic_annotation -report_unannotated
============================================================================
Found 0 unannotated drivers.
Found 0 partially unannotated drivers.

===========================================================================
max slew violation count 0
%OL_METRIC_I design__max_slew_violation__count__corner:nom_tt_025C_1v80 0
max fanout violation count 0
%OL_METRIC_I design__max_fanout_violation__count__corner:nom_tt_025C_1v80 0
max cap violation count 0
%OL_METRIC_I design__max_cap_violation__count__corner:nom_tt_025C_1v80 0
============================================================================

===========================================================================
check_setup -verbose -unconstrained_endpoints -multiple_clock -no_clock -no_input_delay -loops -generated_clocks
===========================================================================
%OL_END_REPORT
%OL_CREATE_REPORT power.rpt

===========================================================================
 report_power
============================================================================
======================= nom_tt_025C_1v80 Corner ===================================

Group                    Internal    Switching      Leakage        Total
                            Power        Power        Power        Power (Watts)
------------------------------------------------------------------------
Sequential           1.087078e-05 0.000000e+00 5.131949e-11 1.087084e-05  21.1%
Combinational        5.571321e-08 1.836317e-07 6.632939e-11 2.394113e-07   0.5%
Clock                3.376915e-05 6.729858e-06 1.984250e-09 4.050099e-05  78.5%
Macro                0.000000e+00 0.000000e+00 0.000000e+00 0.000000e+00   0.0%
Pad                  0.000000e+00 0.000000e+00 0.000000e+00 0.000000e+00   0.0%
------------------------------------------------------------------------
Total                4.469565e-05 6.913489e-06 2.101899e-09 5.161124e-05 100.0%
                            86.6%        13.4%         0.0%
%OL_METRIC_F power__internal__total 4.469564737519249e-5
%OL_METRIC_F power__switching__total 6.913489414728247e-6
%OL_METRIC_F power__leakage__total 2.101898877171493e-9
%OL_METRIC_F power__total 5.161124136066064e-5

%OL_END_REPORT
%OL_CREATE_REPORT skew.min.rpt

===========================================================================
Clock Skew (Hold)
============================================================================
%OL_METRIC_F clock__skew__worst_hold__corner:nom_tt_025C_1v80 -0.25108496548149983
======================= nom_tt_025C_1v80 Corner ===================================

Clock clk
0.343985 source latency _12_/CLK ^
-0.345070 target latency _15_/CLK ^
-0.250000 clock uncertainty
0.000000 CRPR
--------------
-0.251085 hold skew

%OL_END_REPORT
%OL_CREATE_REPORT skew.max.rpt

===========================================================================
Clock Skew (Setup)
============================================================================
%OL_METRIC_F clock__skew__worst_setup__corner:nom_tt_025C_1v80 0.25098451805050603
======================= nom_tt_025C_1v80 Corner ===================================

Clock clk
0.345010 source latency _13_/CLK ^
-0.344026 target latency _14_/CLK ^
0.250000 clock uncertainty
0.000000 CRPR
--------------
0.250985 setup skew

%OL_END_REPORT
%OL_CREATE_REPORT ws.min.rpt

===========================================================================
Worst Slack (Hold)
============================================================================
%OL_METRIC_F timing__hold__ws__corner:nom_tt_025C_1v80 0.40231030756620345
nom_tt_025C_1v80: 0.40231030756620345
%OL_END_REPORT
%OL_CREATE_REPORT ws.max.rpt

===========================================================================
Worst Slack (Setup)
============================================================================
%OL_METRIC_F timing__setup__ws__corner:nom_tt_025C_1v80 10.769865304408174
nom_tt_025C_1v80: 10.769865304408174
%OL_END_REPORT
%OL_CREATE_REPORT tns.min.rpt

===========================================================================
Total Negative Slack (Hold)
============================================================================
%OL_METRIC_F timing__hold__tns__corner:nom_tt_025C_1v80 0.0
nom_tt_025C_1v80: 0.0
%OL_END_REPORT
%OL_CREATE_REPORT tns.max.rpt

===========================================================================
Total Negative Slack (Setup)
============================================================================
%OL_METRIC_F timing__setup__tns__corner:nom_tt_025C_1v80 0.0
nom_tt_025C_1v80: 0.0
%OL_END_REPORT
%OL_CREATE_REPORT wns.min.rpt

===========================================================================
Worst Negative Slack (Hold)
============================================================================
%OL_METRIC_F timing__hold__wns__corner:nom_tt_025C_1v80 0
nom_tt_025C_1v80: 0
%OL_END_REPORT
%OL_CREATE_REPORT wns.max.rpt

===========================================================================
Worst Negative Slack (Setup)
============================================================================
%OL_METRIC_F timing__setup__wns__corner:nom_tt_025C_1v80 0.0
nom_tt_025C_1v80: 0.0
%OL_END_REPORT
%OL_CREATE_REPORT violator_list.rpt

===========================================================================
Violator List
============================================================================
%OL_METRIC_I timing__hold_vio__count__corner:nom_tt_025C_1v80 0
%OL_METRIC_F timing__hold_r2r__ws__corner:nom_tt_025C_1v80 0.402310
%OL_METRIC_I timing__hold_r2r_vio__count__corner:nom_tt_025C_1v80 0
%OL_METRIC_I timing__setup_vio__count__corner:nom_tt_025C_1v80 0
%OL_METRIC_F timing__setup_r2r__ws__corner:nom_tt_025C_1v80 12.953870
%OL_METRIC_I timing__setup_r2r_vio__count__corner:nom_tt_025C_1v80 0
%OL_END_REPORT
%OL_CREATE_REPORT unpropagated.rpt
%OL_END_REPORT
%OL_CREATE_REPORT clock.rpt
Clock: clk
Sources: clk 
Generated: no
Virtual: yes
Propagated: no
Period: 15.000000

===========================================================================
report_clock_properties
============================================================================
Clock                   Period          Waveform
----------------------------------------------------
clk                  15.000000    0.000000  7.500000

===========================================================================
report_clock_latency
============================================================================
Clock clk
rise -> rise
    min     max
0.000000 0.000000 source latency
0.343985         network latency _12_/CLK
        0.345070 network latency _15_/CLK
---------------
0.343985 0.345070 latency
        0.001085 skew

fall -> fall
    min     max
0.000000 0.000000 source latency
0.318198         network latency _12_/CLK
        0.319191 network latency _15_/CLK
---------------
0.318198 0.319191 latency
        0.000993 skew



===========================================================================
report_clock_min_period
============================================================================
clk period_min = 2.05 fmax = 488.73
%OL_END_REPORT
Writing SDF files for all corners…
Removing Clock latencies before writing libs…
Writing timing models for all corners…
Writing timing models for the nom_tt_025C_1v80 corner to /home/jihan/projects/openlane_flow/designs/counter_4bit/runs/RUN_2025-12-04_01-46-29/54-openroad-stapostpnr/nom_tt_025C_1v80/counter_4bit__nom_tt_025C_1v80.lib…
