
 /----------------------------------------------------------------------------\
 |  yosys -- Yosys Open SYnthesis Suite                                       |
 |  Copyright (C) 2012 - 2024  Claire Xenia Wolf <claire@yosyshq.com>         |
 |  Distributed under an ISC-like license, type "license" to see terms        |
 \----------------------------------------------------------------------------/
 Yosys 0.46 (git sha1 e97731b9dda91fa5fa53ed87df7c34163ba59a41, clang++ 17.0.6 -fPIC -O3)
Loaded SDC plugin

1. Executing Liberty frontend: /home/jihan/.volare/volare/sky130/versions/0fe599b2afb6708d281543108caf8310912f54af/sky130A/libs.ref/sky130_fd_sc_hd/lib/sky130_fd_sc_hd__tt_025C_1v80.lib
Imported 428 cell types from liberty file.
[INFO] Using SDC file '/home/jihan/projects/openlane_flow/designs/param_counter/runs/RUN_2025-12-08_00-14-34/06-yosys-synthesis/synthesis.abc.sdc' for ABC…

2. Executing Verilog-2005 frontend: /home/jihan/projects/openlane_flow/designs/param_counter/src/param_counter.sv
Parsing SystemVerilog input from `/home/jihan/projects/openlane_flow/designs/param_counter/src/param_counter.sv' to AST representation.
Storing AST representation for module `$abstract\param_counter'.
Successfully finished Verilog frontend.

3. Executing HIERARCHY pass (managing design hierarchy).

4. Executing AST frontend in derive mode using pre-parsed AST for module `\param_counter'.
Generating RTLIL representation for module `\param_counter'.

4.1. Analyzing design hierarchy..
Top module:  \param_counter

4.2. Analyzing design hierarchy..
Top module:  \param_counter
Removing unused module `$abstract\param_counter'.
Removed 1 unused modules.
Renaming module param_counter to param_counter.

5. Generating Graphviz representation of design.
Writing dot description to `/home/jihan/projects/openlane_flow/designs/param_counter/runs/RUN_2025-12-08_00-14-34/06-yosys-synthesis/hierarchy.dot'.
Dumping module param_counter to page 1.

6. Executing TRIBUF pass.

7. Executing HIERARCHY pass (managing design hierarchy).

7.1. Analyzing design hierarchy..
Top module:  \param_counter

7.2. Analyzing design hierarchy..
Top module:  \param_counter
Removed 0 unused modules.

8. Executing PROC_CLEAN pass (remove empty switches from decision trees).
Found and cleaned up 1 empty switch in `\param_counter.$proc$/home/jihan/projects/openlane_flow/designs/param_counter/src/param_counter.sv:37$1'.
Cleaned up 1 empty switch.

9. Executing PROC_RMDEAD pass (remove dead branches from decision trees).
Marked 3 switch rules as full_case in process $proc$/home/jihan/projects/openlane_flow/designs/param_counter/src/param_counter.sv:37$1 in module param_counter.
Removed a total of 0 dead cases.

10. Executing PROC_PRUNE pass (remove redundant assignments in processes).
Removed 0 redundant assignments.
Promoted 0 assignments to connections.

11. Executing PROC_INIT pass (extract init attributes).

12. Executing PROC_ARST pass (detect async resets in processes).
Found async reset \rst_n in `\param_counter.$proc$/home/jihan/projects/openlane_flow/designs/param_counter/src/param_counter.sv:37$1'.

13. Executing PROC_ROM pass (convert switches to ROMs).
Converted 0 switches.
<suppressed ~3 debug messages>

14. Executing PROC_MUX pass (convert decision trees to multiplexers).
Creating decoders for process `\param_counter.$proc$/home/jihan/projects/openlane_flow/designs/param_counter/src/param_counter.sv:37$1'.
     1/1: $0\count[3:0]

15. Executing PROC_DLATCH pass (convert process syncs to latches).

16. Executing PROC_DFF pass (convert process syncs to FFs).
Creating register for signal `\param_counter.\count' using process `\param_counter.$proc$/home/jihan/projects/openlane_flow/designs/param_counter/src/param_counter.sv:37$1'.
  created $adff cell `$procdff$18' with positive edge clock and positive level reset.

17. Executing PROC_MEMWR pass (convert process memory writes to cells).

18. Executing PROC_CLEAN pass (remove empty switches from decision trees).
Found and cleaned up 3 empty switches in `\param_counter.$proc$/home/jihan/projects/openlane_flow/designs/param_counter/src/param_counter.sv:37$1'.
Removing empty process `param_counter.$proc$/home/jihan/projects/openlane_flow/designs/param_counter/src/param_counter.sv:37$1'.
Cleaned up 3 empty switches.

19. Executing CHECK pass (checking for obvious problems).
Checking module param_counter...
Found and reported 0 problems.

20. Executing OPT_EXPR pass (perform const folding).
Optimizing module param_counter.
<suppressed ~2 debug messages>

21. Executing FLATTEN pass (flatten design).

22. Executing OPT_EXPR pass (perform const folding).
Optimizing module param_counter.

23. Executing OPT_CLEAN pass (remove unused cells and wires).
Finding unused cells or wires in module \param_counter..
Removed 2 unused cells and 7 unused wires.
<suppressed ~3 debug messages>

24. Executing OPT_EXPR pass (perform const folding).
Optimizing module param_counter.

25. Executing OPT_MERGE pass (detect identical cells).
Finding identical cells in module `\param_counter'.
Removed a total of 0 cells.

26. Executing OPT_MUXTREE pass (detect dead branches in mux trees).
Running muxtree optimizer on module \param_counter..
  Creating internal representation of mux trees.
  Evaluating internal representation of mux trees.
  Analyzing evaluation results.
Removed 0 multiplexer ports.
<suppressed ~1 debug messages>

27. Executing OPT_REDUCE pass (consolidate $*mux and $reduce_* inputs).
  Optimizing cells in module \param_counter.
Performed a total of 0 changes.

28. Executing OPT_MERGE pass (detect identical cells).
Finding identical cells in module `\param_counter'.
Removed a total of 0 cells.

29. Executing OPT_DFF pass (perform DFF optimizations).

30. Executing OPT_CLEAN pass (remove unused cells and wires).
Finding unused cells or wires in module \param_counter..

31. Executing OPT_EXPR pass (perform const folding).
Optimizing module param_counter.

32. Executing FSM pass (extract and optimize FSM).

32.1. Executing FSM_DETECT pass (finding FSMs in design).

32.2. Executing FSM_EXTRACT pass (extracting FSM from design).

32.3. Executing FSM_OPT pass (simple optimizations of FSMs).

32.4. Executing OPT_CLEAN pass (remove unused cells and wires).
Finding unused cells or wires in module \param_counter..

32.5. Executing FSM_OPT pass (simple optimizations of FSMs).

32.6. Executing FSM_RECODE pass (re-assigning FSM state encoding).

32.7. Executing FSM_INFO pass (dumping all available information on FSM cells).

32.8. Executing FSM_MAP pass (mapping FSMs to basic logic).

33. Executing OPT_EXPR pass (perform const folding).
Optimizing module param_counter.

34. Executing OPT_MERGE pass (detect identical cells).
Finding identical cells in module `\param_counter'.
Removed a total of 0 cells.

35. Executing OPT_MUXTREE pass (detect dead branches in mux trees).
Running muxtree optimizer on module \param_counter..
  Creating internal representation of mux trees.
  Evaluating internal representation of mux trees.
  Analyzing evaluation results.
Removed 0 multiplexer ports.
<suppressed ~1 debug messages>

36. Executing OPT_REDUCE pass (consolidate $*mux and $reduce_* inputs).
  Optimizing cells in module \param_counter.
Performed a total of 0 changes.

37. Executing OPT_MERGE pass (detect identical cells).
Finding identical cells in module `\param_counter'.
Removed a total of 0 cells.

38. Executing OPT_DFF pass (perform DFF optimizations).
Adding EN signal on $procdff$18 ($adff) from module param_counter (D = $0\count[3:0], Q = \count).

39. Executing OPT_CLEAN pass (remove unused cells and wires).
Finding unused cells or wires in module \param_counter..

40. Executing OPT_EXPR pass (perform const folding).
Optimizing module param_counter.
<suppressed ~1 debug messages>

41. Rerunning OPT passes. (Maybe there is more to do…)

42. Executing OPT_MUXTREE pass (detect dead branches in mux trees).
Running muxtree optimizer on module \param_counter..
  Creating internal representation of mux trees.
  Evaluating internal representation of mux trees.
  Analyzing evaluation results.
Removed 0 multiplexer ports.
<suppressed ~1 debug messages>

43. Executing OPT_REDUCE pass (consolidate $*mux and $reduce_* inputs).
  Optimizing cells in module \param_counter.
Performed a total of 0 changes.

44. Executing OPT_MERGE pass (detect identical cells).
Finding identical cells in module `\param_counter'.
Removed a total of 0 cells.

45. Executing OPT_DFF pass (perform DFF optimizations).

46. Executing OPT_CLEAN pass (remove unused cells and wires).
Finding unused cells or wires in module \param_counter..

47. Executing OPT_EXPR pass (perform const folding).
Optimizing module param_counter.

48. Executing WREDUCE pass (reducing word size of cells).

49. Executing PEEPOPT pass (run peephole optimizers).

50. Executing OPT_CLEAN pass (remove unused cells and wires).
Finding unused cells or wires in module \param_counter..

51. Executing ALUMACC pass (create $alu and $macc cells).
Extracting $alu and $macc cells in module param_counter:
  creating $macc model for $add$/home/jihan/projects/openlane_flow/designs/param_counter/src/param_counter.sv:50$5 ($add).
  creating $alu model for $macc $add$/home/jihan/projects/openlane_flow/designs/param_counter/src/param_counter.sv:50$5.
  creating $alu cell for $add$/home/jihan/projects/openlane_flow/designs/param_counter/src/param_counter.sv:50$5: $auto$alumacc.cc:485:replace_alu$22
  created 1 $alu and 0 $macc cells.

52. Executing SHARE pass (SAT-based resource sharing).

53. Executing OPT_EXPR pass (perform const folding).
Optimizing module param_counter.

54. Executing OPT_MERGE pass (detect identical cells).
Finding identical cells in module `\param_counter'.
Removed a total of 0 cells.

55. Executing OPT_MUXTREE pass (detect dead branches in mux trees).
Running muxtree optimizer on module \param_counter..
  Creating internal representation of mux trees.
  Evaluating internal representation of mux trees.
  Analyzing evaluation results.
Removed 0 multiplexer ports.
<suppressed ~1 debug messages>

56. Executing OPT_REDUCE pass (consolidate $*mux and $reduce_* inputs).
  Optimizing cells in module \param_counter.
Performed a total of 0 changes.

57. Executing OPT_MERGE pass (detect identical cells).
Finding identical cells in module `\param_counter'.
Removed a total of 0 cells.

58. Executing OPT_DFF pass (perform DFF optimizations).

59. Executing OPT_CLEAN pass (remove unused cells and wires).
Finding unused cells or wires in module \param_counter..

60. Executing OPT_EXPR pass (perform const folding).
Optimizing module param_counter.

61. Executing MEMORY pass.

61.1. Executing OPT_MEM pass (optimize memories).
Performed a total of 0 transformations.

61.2. Executing OPT_MEM_PRIORITY pass (removing unnecessary memory write priority relations).
Performed a total of 0 transformations.

61.3. Executing OPT_MEM_FEEDBACK pass (finding memory read-to-write feedback paths).

61.4. Executing MEMORY_BMUX2ROM pass (converting muxes to ROMs).

61.5. Executing MEMORY_DFF pass (merging $dff cells to $memrd).

61.6. Executing OPT_CLEAN pass (remove unused cells and wires).
Finding unused cells or wires in module \param_counter..

61.7. Executing MEMORY_SHARE pass (consolidating $memrd/$memwr cells).

61.8. Executing OPT_MEM_WIDEN pass (optimize memories where all ports are wide).
Performed a total of 0 transformations.

61.9. Executing OPT_CLEAN pass (remove unused cells and wires).
Finding unused cells or wires in module \param_counter..

61.10. Executing MEMORY_COLLECT pass (generating $mem cells).

62. Executing OPT_CLEAN pass (remove unused cells and wires).
Finding unused cells or wires in module \param_counter..

63. Executing OPT_EXPR pass (perform const folding).
Optimizing module param_counter.
<suppressed ~2 debug messages>

64. Executing OPT_MERGE pass (detect identical cells).
Finding identical cells in module `\param_counter'.
Removed a total of 0 cells.

65. Executing OPT_DFF pass (perform DFF optimizations).

66. Executing OPT_CLEAN pass (remove unused cells and wires).
Finding unused cells or wires in module \param_counter..
Removed 0 unused cells and 1 unused wires.
<suppressed ~1 debug messages>

67. Executing MEMORY_MAP pass (converting memories to logic and flip-flops).

68. Executing OPT_EXPR pass (perform const folding).
Optimizing module param_counter.

69. Executing OPT_MERGE pass (detect identical cells).
Finding identical cells in module `\param_counter'.
Removed a total of 0 cells.

70. Executing OPT_MUXTREE pass (detect dead branches in mux trees).
Running muxtree optimizer on module \param_counter..
  Creating internal representation of mux trees.
  Evaluating internal representation of mux trees.
  Analyzing evaluation results.
Removed 0 multiplexer ports.
<suppressed ~1 debug messages>

71. Executing OPT_REDUCE pass (consolidate $*mux and $reduce_* inputs).
  Optimizing cells in module \param_counter.
Performed a total of 0 changes.

72. Executing OPT_MERGE pass (detect identical cells).
Finding identical cells in module `\param_counter'.
Removed a total of 0 cells.

73. Executing OPT_SHARE pass.

74. Executing OPT_DFF pass (perform DFF optimizations).

75. Executing OPT_CLEAN pass (remove unused cells and wires).
Finding unused cells or wires in module \param_counter..

76. Executing OPT_EXPR pass (perform const folding).
Optimizing module param_counter.

77. Executing TECHMAP pass (map to technology primitives).

77.1. Executing Verilog-2005 frontend: /nix/store/9r0bh7sp051dpm8km8bqlb028anpd3v3-yosys/bin/../share/yosys/techmap.v
Parsing Verilog input from `/nix/store/9r0bh7sp051dpm8km8bqlb028anpd3v3-yosys/bin/../share/yosys/techmap.v' to AST representation.
Generating RTLIL representation for module `\_90_simplemap_bool_ops'.
Generating RTLIL representation for module `\_90_simplemap_reduce_ops'.
Generating RTLIL representation for module `\_90_simplemap_logic_ops'.
Generating RTLIL representation for module `\_90_simplemap_compare_ops'.
Generating RTLIL representation for module `\_90_simplemap_various'.
Generating RTLIL representation for module `\_90_simplemap_registers'.
Generating RTLIL representation for module `\_90_shift_ops_shr_shl_sshl_sshr'.
Generating RTLIL representation for module `\_90_shift_shiftx'.
Generating RTLIL representation for module `\_90_fa'.
Generating RTLIL representation for module `\_90_lcu_brent_kung'.
Generating RTLIL representation for module `\_90_alu'.
Generating RTLIL representation for module `\_90_macc'.
Generating RTLIL representation for module `\_90_alumacc'.
Generating RTLIL representation for module `\$__div_mod_u'.
Generating RTLIL representation for module `\$__div_mod_trunc'.
Generating RTLIL representation for module `\_90_div'.
Generating RTLIL representation for module `\_90_mod'.
Generating RTLIL representation for module `\$__div_mod_floor'.
Generating RTLIL representation for module `\_90_divfloor'.
Generating RTLIL representation for module `\_90_modfloor'.
Generating RTLIL representation for module `\_90_pow'.
Generating RTLIL representation for module `\_90_pmux'.
Generating RTLIL representation for module `\_90_demux'.
Generating RTLIL representation for module `\_90_lut'.
Successfully finished Verilog frontend.

77.2. Continuing TECHMAP pass.
Using extmapper simplemap for cells of type $eq.
Using extmapper simplemap for cells of type $logic_and.
Using extmapper simplemap for cells of type $mux.
Using extmapper simplemap for cells of type $reduce_bool.
Using extmapper simplemap for cells of type $adffe.
Using template $paramod$32a7b7b86c07519b7537abc18e96f0331f97914d\_90_alu for cells of type $alu.
Using extmapper simplemap for cells of type $xor.
Using extmapper simplemap for cells of type $and.
Using template $paramod\_90_lcu_brent_kung\WIDTH=32'00000000000000000000000000000100 for cells of type $lcu.
Using extmapper simplemap for cells of type $pos.
Using extmapper simplemap for cells of type $not.
Using extmapper simplemap for cells of type $or.
No more expansions possible.
<suppressed ~227 debug messages>

78. Executing OPT_EXPR pass (perform const folding).
Optimizing module param_counter.
<suppressed ~30 debug messages>

79. Executing OPT_MERGE pass (detect identical cells).
Finding identical cells in module `\param_counter'.
<suppressed ~15 debug messages>
Removed a total of 5 cells.

80. Executing OPT_DFF pass (perform DFF optimizations).

81. Executing OPT_CLEAN pass (remove unused cells and wires).
Finding unused cells or wires in module \param_counter..
Removed 9 unused cells and 45 unused wires.
<suppressed ~10 debug messages>

82. Executing OPT_EXPR pass (perform const folding).
Optimizing module param_counter.

83. Executing OPT_MERGE pass (detect identical cells).
Finding identical cells in module `\param_counter'.
Removed a total of 0 cells.

84. Executing OPT_DFF pass (perform DFF optimizations).

85. Executing OPT_CLEAN pass (remove unused cells and wires).
Finding unused cells or wires in module \param_counter..

86. Executing ABC pass (technology mapping using ABC).

86.1. Extracting gate netlist of module `\param_counter' to `<abc-temp-dir>/input.blif'..
Extracted 11 gates and 21 wires to a netlist network with 10 inputs and 5 outputs.

86.1.1. Executing ABC.
Running ABC command: "/nix/store/6l3aj1gi4lja8z5s4lan2k2cfz9mqkrz-yosys-abc/bin/abc" -s -f <abc-temp-dir>/abc.script 2>&1
ABC: ABC command line: "source <abc-temp-dir>/abc.script".
ABC: 
ABC: + read_blif <abc-temp-dir>/input.blif 
ABC: + read_library <abc-temp-dir>/stdcells.genlib 
ABC: Entered genlib library with 13 gates from file "<abc-temp-dir>/stdcells.genlib".
ABC: + strash 
ABC: + dretime 
ABC: + map 
ABC: + write_blif <abc-temp-dir>/output.blif 

86.1.2. Re-integrating ABC results.
ABC RESULTS:                OR cells:        1
ABC RESULTS:               NOT cells:        1
ABC RESULTS:              NAND cells:        1
ABC RESULTS:              XNOR cells:        1
ABC RESULTS:            ANDNOT cells:        1
ABC RESULTS:               XOR cells:        2
ABC RESULTS:               MUX cells:        4
ABC RESULTS:        internal signals:        6
ABC RESULTS:           input signals:       10
ABC RESULTS:          output signals:        5
Removing temp directory.

87. Executing OPT pass (performing simple optimizations).

87.1. Executing OPT_EXPR pass (perform const folding).
Optimizing module param_counter.

87.2. Executing OPT_MERGE pass (detect identical cells).
Finding identical cells in module `\param_counter'.
Removed a total of 0 cells.

87.3. Executing OPT_DFF pass (perform DFF optimizations).

87.4. Executing OPT_CLEAN pass (remove unused cells and wires).
Finding unused cells or wires in module \param_counter..
Removed 0 unused cells and 18 unused wires.
<suppressed ~1 debug messages>

87.5. Finished fast OPT passes.

88. Executing HIERARCHY pass (managing design hierarchy).

88.1. Analyzing design hierarchy..
Top module:  \param_counter

88.2. Analyzing design hierarchy..
Top module:  \param_counter
Removed 0 unused modules.

89. Executing CHECK pass (checking for obvious problems).
Checking module param_counter...
Found and reported 0 problems.

90. Printing statistics.

=== param_counter ===

   Number of wires:                 14
   Number of wire bits:             23
   Number of public wires:           6
   Number of public wire bits:      12
   Number of ports:                  6
   Number of port bits:             12
   Number of memories:               0
   Number of memory bits:            0
   Number of processes:              0
   Number of cells:                 15
     $_ANDNOT_                       1
     $_DFFE_PN0P_                    4
     $_MUX_                          4
     $_NAND_                         1
     $_NOT_                          1
     $_OR_                           1
     $_XNOR_                         1
     $_XOR_                          2

91. Generating Graphviz representation of design.
Writing dot description to `/home/jihan/projects/openlane_flow/designs/param_counter/runs/RUN_2025-12-08_00-14-34/06-yosys-synthesis/primitive_techmap.dot'.
Dumping module param_counter to page 1.

92. Executing OPT pass (performing simple optimizations).

92.1. Executing OPT_EXPR pass (perform const folding).
Optimizing module param_counter.

92.2. Executing OPT_MERGE pass (detect identical cells).
Finding identical cells in module `\param_counter'.
Removed a total of 0 cells.

92.3. Executing OPT_MUXTREE pass (detect dead branches in mux trees).
Running muxtree optimizer on module \param_counter..
  Creating internal representation of mux trees.
  No muxes found in this module.
Removed 0 multiplexer ports.

92.4. Executing OPT_REDUCE pass (consolidate $*mux and $reduce_* inputs).
  Optimizing cells in module \param_counter.
Performed a total of 0 changes.

92.5. Executing OPT_MERGE pass (detect identical cells).
Finding identical cells in module `\param_counter'.
Removed a total of 0 cells.

92.6. Executing OPT_DFF pass (perform DFF optimizations).

92.7. Executing OPT_CLEAN pass (remove unused cells and wires).
Finding unused cells or wires in module \param_counter..

92.8. Executing OPT_EXPR pass (perform const folding).
Optimizing module param_counter.

92.9. Finished OPT passes. (There is nothing left to do.)

93. Executing OPT_CLEAN pass (remove unused cells and wires).
Finding unused cells or wires in module \param_counter..
{
   "creator": "Yosys 0.46 (git sha1 e97731b9dda91fa5fa53ed87df7c34163ba59a41, clang++ 17.0.6 -fPIC -O3)",
   "invocation": "stat -json -liberty /home/jihan/projects/openlane_flow/designs/param_counter/runs/RUN_2025-12-08_00-14-34/tmp/1a91fc0b367a46efbd3d426efe7d4a7e.lib ",
   "modules": {
      "\\param_counter": {
         "num_wires":         14,
         "num_wire_bits":     23,
         "num_pub_wires":     6,
         "num_pub_wire_bits": 12,
         "num_ports":         6,
         "num_port_bits":     12,
         "num_memories":      0,
         "num_memory_bits":   0,
         "num_processes":     0,
         "num_cells":         15,
         "num_cells_by_type": {
            "$_ANDNOT_": 1,
            "$_DFFE_PN0P_": 4,
            "$_MUX_": 4,
            "$_NAND_": 1,
            "$_NOT_": 1,
            "$_OR_": 1,
            "$_XNOR_": 1,
            "$_XOR_": 2
         }
      }
   },
      "design": {
         "num_wires":         14,
         "num_wire_bits":     23,
         "num_pub_wires":     6,
         "num_pub_wire_bits": 12,
         "num_ports":         6,
         "num_port_bits":     12,
         "num_memories":      0,
         "num_memory_bits":   0,
         "num_processes":     0,
         "num_cells":         15,
         "num_cells_by_type": {
            "$_ANDNOT_": 1,
            "$_DFFE_PN0P_": 4,
            "$_MUX_": 4,
            "$_NAND_": 1,
            "$_NOT_": 1,
            "$_OR_": 1,
            "$_XNOR_": 1,
            "$_XOR_": 2
         }
      }
}

94. Printing statistics.

=== param_counter ===

   Number of wires:                 14
   Number of wire bits:             23
   Number of public wires:           6
   Number of public wire bits:      12
   Number of ports:                  6
   Number of port bits:             12
   Number of memories:               0
   Number of memory bits:            0
   Number of processes:              0
   Number of cells:                 15
     $_ANDNOT_                       1
     $_DFFE_PN0P_                    4
     $_MUX_                          4
     $_NAND_                         1
     $_NOT_                          1
     $_OR_                           1
     $_XNOR_                         1
     $_XOR_                          2

   Area for cell type $_NOT_ is unknown!
   Area for cell type $_NAND_ is unknown!
   Area for cell type $_OR_ is unknown!
   Area for cell type $_XOR_ is unknown!
   Area for cell type $_XNOR_ is unknown!
   Area for cell type $_ANDNOT_ is unknown!
   Area for cell type $_MUX_ is unknown!
   Area for cell type $_DFFE_PN0P_ is unknown!

[INFO] Applying tri-state buffer mapping from '/home/jihan/.volare/volare/sky130/versions/0fe599b2afb6708d281543108caf8310912f54af/sky130A/libs.tech/openlane/sky130_fd_sc_hd/tribuff_map.v'…

95. Executing TECHMAP pass (map to technology primitives).

95.1. Executing Verilog-2005 frontend: /home/jihan/.volare/volare/sky130/versions/0fe599b2afb6708d281543108caf8310912f54af/sky130A/libs.tech/openlane/sky130_fd_sc_hd/tribuff_map.v
Parsing Verilog input from `/home/jihan/.volare/volare/sky130/versions/0fe599b2afb6708d281543108caf8310912f54af/sky130A/libs.tech/openlane/sky130_fd_sc_hd/tribuff_map.v' to AST representation.
Generating RTLIL representation for module `\$_TBUF_'.
Successfully finished Verilog frontend.

95.2. Continuing TECHMAP pass.
No more expansions possible.
<suppressed ~3 debug messages>

96. Executing SIMPLEMAP pass (map simple cells to gate primitives).
[INFO] Applying latch mapping from '/home/jihan/.volare/volare/sky130/versions/0fe599b2afb6708d281543108caf8310912f54af/sky130A/libs.tech/openlane/sky130_fd_sc_hd/latch_map.v'…

97. Executing TECHMAP pass (map to technology primitives).

97.1. Executing Verilog-2005 frontend: /home/jihan/.volare/volare/sky130/versions/0fe599b2afb6708d281543108caf8310912f54af/sky130A/libs.tech/openlane/sky130_fd_sc_hd/latch_map.v
Parsing Verilog input from `/home/jihan/.volare/volare/sky130/versions/0fe599b2afb6708d281543108caf8310912f54af/sky130A/libs.tech/openlane/sky130_fd_sc_hd/latch_map.v' to AST representation.
Generating RTLIL representation for module `\$_DLATCH_P_'.
Generating RTLIL representation for module `\$_DLATCH_N_'.
Successfully finished Verilog frontend.

97.2. Continuing TECHMAP pass.
No more expansions possible.
<suppressed ~4 debug messages>

98. Executing SIMPLEMAP pass (map simple cells to gate primitives).

99. Executing DFFLIBMAP pass (mapping DFF cells to sequential cells from liberty file).
  cell sky130_fd_sc_hd__dfxtp_2 (noninv, pins=3, area=21.27) is a direct match for cell type $_DFF_P_.
  cell sky130_fd_sc_hd__dfrtp_2 (noninv, pins=4, area=26.28) is a direct match for cell type $_DFF_PN0_.
  cell sky130_fd_sc_hd__dfstp_2 (noninv, pins=4, area=26.28) is a direct match for cell type $_DFF_PN1_.
  cell sky130_fd_sc_hd__dfbbn_2 (noninv, pins=6, area=35.03) is a direct match for cell type $_DFFSR_NNN_.
  final dff cell mappings:
    unmapped dff cell: $_DFF_N_
    \sky130_fd_sc_hd__dfxtp_2 _DFF_P_ (.CLK( C), .D( D), .Q( Q));
    unmapped dff cell: $_DFF_NN0_
    unmapped dff cell: $_DFF_NN1_
    unmapped dff cell: $_DFF_NP0_
    unmapped dff cell: $_DFF_NP1_
    \sky130_fd_sc_hd__dfrtp_2 _DFF_PN0_ (.CLK( C), .D( D), .Q( Q), .RESET_B( R));
    \sky130_fd_sc_hd__dfstp_2 _DFF_PN1_ (.CLK( C), .D( D), .Q( Q), .SET_B( R));
    unmapped dff cell: $_DFF_PP0_
    unmapped dff cell: $_DFF_PP1_
    \sky130_fd_sc_hd__dfbbn_2 _DFFSR_NNN_ (.CLK_N( C), .D( D), .Q( Q), .Q_N(~Q), .RESET_B( R), .SET_B( S));
    unmapped dff cell: $_DFFSR_NNP_
    unmapped dff cell: $_DFFSR_NPN_
    unmapped dff cell: $_DFFSR_NPP_
    unmapped dff cell: $_DFFSR_PNN_
    unmapped dff cell: $_DFFSR_PNP_
    unmapped dff cell: $_DFFSR_PPN_
    unmapped dff cell: $_DFFSR_PPP_

99.1. Executing DFFLEGALIZE pass (convert FFs to types supported by the target).
Mapping DFF cells in module `\param_counter':
  mapped 4 $_DFF_PN0_ cells to \sky130_fd_sc_hd__dfrtp_2 cells.
{
   "creator": "Yosys 0.46 (git sha1 e97731b9dda91fa5fa53ed87df7c34163ba59a41, clang++ 17.0.6 -fPIC -O3)",
   "invocation": "stat -json -liberty /home/jihan/projects/openlane_flow/designs/param_counter/runs/RUN_2025-12-08_00-14-34/tmp/1a91fc0b367a46efbd3d426efe7d4a7e.lib ",
   "modules": {
      "\\param_counter": {
         "num_wires":         18,
         "num_wire_bits":     27,
         "num_pub_wires":     6,
         "num_pub_wire_bits": 12,
         "num_ports":         6,
         "num_port_bits":     12,
         "num_memories":      0,
         "num_memory_bits":   0,
         "num_processes":     0,
         "num_cells":         19,
         "area":              105.100800,
         "num_cells_by_type": {
            "$_ANDNOT_": 1,
            "$_MUX_": 8,
            "$_NAND_": 1,
            "$_NOT_": 1,
            "$_OR_": 1,
            "$_XNOR_": 1,
            "$_XOR_": 2,
            "sky130_fd_sc_hd__dfrtp_2": 4
         }
      }
   },
      "design": {
         "num_wires":         18,
         "num_wire_bits":     27,
         "num_pub_wires":     6,
         "num_pub_wire_bits": 12,
         "num_ports":         6,
         "num_port_bits":     12,
         "num_memories":      0,
         "num_memory_bits":   0,
         "num_processes":     0,
         "num_cells":         19,
         "area":              105.100800,
         "num_cells_by_type": {
            "$_ANDNOT_": 1,
            "$_MUX_": 8,
            "$_NAND_": 1,
            "$_NOT_": 1,
            "$_OR_": 1,
            "$_XNOR_": 1,
            "$_XOR_": 2,
            "sky130_fd_sc_hd__dfrtp_2": 4
         }
      }
}

100. Printing statistics.

=== param_counter ===

   Number of wires:                 18
   Number of wire bits:             27
   Number of public wires:           6
   Number of public wire bits:      12
   Number of ports:                  6
   Number of port bits:             12
   Number of memories:               0
   Number of memory bits:            0
   Number of processes:              0
   Number of cells:                 19
     $_ANDNOT_                       1
     $_MUX_                          8
     $_NAND_                         1
     $_NOT_                          1
     $_OR_                           1
     $_XNOR_                         1
     $_XOR_                          2
     sky130_fd_sc_hd__dfrtp_2        4

   Area for cell type $_NOT_ is unknown!
   Area for cell type $_NAND_ is unknown!
   Area for cell type $_OR_ is unknown!
   Area for cell type $_XOR_ is unknown!
   Area for cell type $_XNOR_ is unknown!
   Area for cell type $_ANDNOT_ is unknown!
   Area for cell type $_MUX_ is unknown!

   Chip area for module '\param_counter': 105.100800
     of which used for sequential elements: 105.100800 (100.00%)

[INFO] Using generated ABC script '/home/jihan/projects/openlane_flow/designs/param_counter/runs/RUN_2025-12-08_00-14-34/06-yosys-synthesis/AREA_0.abc'…

101. Executing ABC pass (technology mapping using ABC).

101.1. Extracting gate netlist of module `\param_counter' to `/tmp/yosys-abc-00h7Qm/input.blif'..
Extracted 15 gates and 25 wires to a netlist network with 10 inputs and 4 outputs.

101.1.1. Executing ABC.
Running ABC command: "/nix/store/6l3aj1gi4lja8z5s4lan2k2cfz9mqkrz-yosys-abc/bin/abc" -s -f /tmp/yosys-abc-00h7Qm/abc.script 2>&1
ABC: ABC command line: "source /tmp/yosys-abc-00h7Qm/abc.script".
ABC: 
ABC: + read_blif /tmp/yosys-abc-00h7Qm/input.blif 
ABC: + read_lib -w /home/jihan/projects/openlane_flow/designs/param_counter/runs/RUN_2025-12-08_00-14-34/tmp/1a91fc0b367a46efbd3d426efe7d4a7e.lib 
ABC: Parsing finished successfully.  Parsing time =     0.02 sec
ABC: Scl_LibertyReadGenlib() skipped sequential cell "sky130_fd_sc_hd__dfbbn_2".
ABC: Scl_LibertyReadGenlib() skipped sequential cell "sky130_fd_sc_hd__dfrbp_2".
ABC: Scl_LibertyReadGenlib() skipped sequential cell "sky130_fd_sc_hd__dfrtp_2".
ABC: Scl_LibertyReadGenlib() skipped sequential cell "sky130_fd_sc_hd__dfrtp_4".
ABC: Scl_LibertyReadGenlib() skipped sequential cell "sky130_fd_sc_hd__dfsbp_2".
ABC: Scl_LibertyReadGenlib() skipped sequential cell "sky130_fd_sc_hd__dfstp_2".
ABC: Scl_LibertyReadGenlib() skipped sequential cell "sky130_fd_sc_hd__dfstp_4".
ABC: Scl_LibertyReadGenlib() skipped sequential cell "sky130_fd_sc_hd__dfxbp_2".
ABC: Scl_LibertyReadGenlib() skipped sequential cell "sky130_fd_sc_hd__dfxtp_2".
ABC: Scl_LibertyReadGenlib() skipped sequential cell "sky130_fd_sc_hd__dfxtp_4".
ABC: Scl_LibertyReadGenlib() skipped sequential cell "sky130_fd_sc_hd__dlxtn_1".
ABC: Scl_LibertyReadGenlib() skipped sequential cell "sky130_fd_sc_hd__dlxtn_2".
ABC: Scl_LibertyReadGenlib() skipped sequential cell "sky130_fd_sc_hd__dlxtn_4".
ABC: Scl_LibertyReadGenlib() skipped sequential cell "sky130_fd_sc_hd__dlxtp_1".
ABC: Scl_LibertyReadGenlib() skipped three-state cell "sky130_fd_sc_hd__ebufn_2".
ABC: Scl_LibertyReadGenlib() skipped three-state cell "sky130_fd_sc_hd__ebufn_4".
ABC: Scl_LibertyReadGenlib() skipped three-state cell "sky130_fd_sc_hd__ebufn_8".
ABC: Library "sky130_fd_sc_hd__tt_025C_1v80" from "/home/jihan/projects/openlane_flow/designs/param_counter/runs/RUN_2025-12-08_00-14-34/tmp/1a91fc0b367a46efbd3d426efe7d4a7e.lib" has 175 cells (17 skipped: 14 seq; 3 tri-state; 0 no func; 0 dont_use).  Time =     0.03 sec
ABC: Memory =    9.54 MB. Time =     0.03 sec
ABC: Warning: Detected 2 multi-output gates (for example, "sky130_fd_sc_hd__fa_1").
ABC: + read_constr -v /home/jihan/projects/openlane_flow/designs/param_counter/runs/RUN_2025-12-08_00-14-34/06-yosys-synthesis/synthesis.abc.sdc 
ABC: Setting driving cell to be "sky130_fd_sc_hd__inv_2/Y".
ABC: Setting output load to be 33.442001.
ABC: + source /home/jihan/projects/openlane_flow/designs/param_counter/runs/RUN_2025-12-08_00-14-34/06-yosys-synthesis/AREA_0.abc 
ABC: Error: The network is combinational.
ABC: Cannot find the default PI driving cell (sky130_fd_sc_hd__inv_2/Y) in the library.
ABC: WireLoad = "none"  Gates =     15 ( 13.3 %)   Cap = 10.8 ff (  1.7 %)   Area =      126.37 ( 86.7 %)   Delay =   700.13 ps  ( 20.0 %)               
ABC: Path  0 --       7 : 0    3 pi                       A =   0.00  Df =   0.0   -0.0 ps  S =   0.0 ps  Cin =  0.0 ff  Cout =  11.7 ff  Cmax =   0.0 ff  G =    0  
ABC: Path  1 --      25 : 5    2 sky130_fd_sc_hd__a41o_2  A =  11.26  Df = 240.8  -69.4 ps  S =  43.2 ps  Cin =  2.3 ff  Cout =   3.3 ff  Cmax = 325.0 ff  G =  133  
ABC: Path  2 --      27 : 2    1 sky130_fd_sc_hd__or2_2   A =   6.26  Df = 501.7 -239.6 ps  S =  52.3 ps  Cin =  1.5 ff  Cout =   2.4 ff  Cmax = 299.4 ff  G =  159  
ABC: Path  3 --      29 : 5    1 sky130_fd_sc_hd__o221a_2 A =  11.26  Df = 700.1 -155.0 ps  S = 196.3 ps  Cin =  2.3 ff  Cout =  33.4 ff  Cmax = 281.1 ff  G = 1424  
ABC: Start-point = pi6 (\count [2]).  End-point = po3 ($auto$rtlil.cc:2739:MuxGate$214).
ABC: netlist                       : i/o =   10/    4  lat =    0  nd =    15  edge =     46  area =126.38  delay = 3.00  lev = 3
ABC: + write_blif /tmp/yosys-abc-00h7Qm/output.blif 

101.1.2. Re-integrating ABC results.
ABC RESULTS:   sky130_fd_sc_hd__inv_2 cells:        2
ABC RESULTS:   sky130_fd_sc_hd__a21oi_2 cells:        1
ABC RESULTS:   sky130_fd_sc_hd__a21o_2 cells:        1
ABC RESULTS:   sky130_fd_sc_hd__o31a_2 cells:        1
ABC RESULTS:   sky130_fd_sc_hd__nand4_2 cells:        1
ABC RESULTS:   sky130_fd_sc_hd__o211a_2 cells:        2
ABC RESULTS:   sky130_fd_sc_hd__nor2_2 cells:        1
ABC RESULTS:   sky130_fd_sc_hd__a41o_2 cells:        1
ABC RESULTS:   sky130_fd_sc_hd__a2bb2o_2 cells:        1
ABC RESULTS:   sky130_fd_sc_hd__or2_2 cells:        1
ABC RESULTS:   sky130_fd_sc_hd__nand2_2 cells:        2
ABC RESULTS:   sky130_fd_sc_hd__o221a_2 cells:        1
ABC RESULTS:        internal signals:       11
ABC RESULTS:           input signals:       10
ABC RESULTS:          output signals:        4
Removing temp directory.

102. Executing SETUNDEF pass (replace undef values with defined constants).

103. Executing HILOMAP pass (mapping to constant drivers).

104. Executing SPLITNETS pass (splitting up multi-bit signals).

105. Executing OPT_CLEAN pass (remove unused cells and wires).
Finding unused cells or wires in module \param_counter..
Removed 0 unused cells and 25 unused wires.
<suppressed ~1 debug messages>

106. Executing INSBUF pass (insert buffer cells for connected wires).

107. Executing CHECK pass (checking for obvious problems).
Checking module param_counter...
Found and reported 0 problems.
{
   "creator": "Yosys 0.46 (git sha1 e97731b9dda91fa5fa53ed87df7c34163ba59a41, clang++ 17.0.6 -fPIC -O3)",
   "invocation": "stat -json -liberty /home/jihan/projects/openlane_flow/designs/param_counter/runs/RUN_2025-12-08_00-14-34/tmp/1a91fc0b367a46efbd3d426efe7d4a7e.lib ",
   "modules": {
      "\\param_counter": {
         "num_wires":         21,
         "num_wire_bits":     27,
         "num_pub_wires":     6,
         "num_pub_wire_bits": 12,
         "num_ports":         6,
         "num_port_bits":     12,
         "num_memories":      0,
         "num_memory_bits":   0,
         "num_processes":     0,
         "num_cells":         19,
         "area":              231.472000,
         "num_cells_by_type": {
            "sky130_fd_sc_hd__a21o_2": 1,
            "sky130_fd_sc_hd__a21oi_2": 1,
            "sky130_fd_sc_hd__a2bb2o_2": 1,
            "sky130_fd_sc_hd__a41o_2": 1,
            "sky130_fd_sc_hd__dfrtp_2": 4,
            "sky130_fd_sc_hd__inv_2": 2,
            "sky130_fd_sc_hd__nand2_2": 2,
            "sky130_fd_sc_hd__nand4_2": 1,
            "sky130_fd_sc_hd__nor2_2": 1,
            "sky130_fd_sc_hd__o211a_2": 2,
            "sky130_fd_sc_hd__o221a_2": 1,
            "sky130_fd_sc_hd__o31a_2": 1,
            "sky130_fd_sc_hd__or2_2": 1
         }
      }
   },
      "design": {
         "num_wires":         21,
         "num_wire_bits":     27,
         "num_pub_wires":     6,
         "num_pub_wire_bits": 12,
         "num_ports":         6,
         "num_port_bits":     12,
         "num_memories":      0,
         "num_memory_bits":   0,
         "num_processes":     0,
         "num_cells":         19,
         "area":              231.472000,
         "num_cells_by_type": {
            "sky130_fd_sc_hd__a21o_2": 1,
            "sky130_fd_sc_hd__a21oi_2": 1,
            "sky130_fd_sc_hd__a2bb2o_2": 1,
            "sky130_fd_sc_hd__a41o_2": 1,
            "sky130_fd_sc_hd__dfrtp_2": 4,
            "sky130_fd_sc_hd__inv_2": 2,
            "sky130_fd_sc_hd__nand2_2": 2,
            "sky130_fd_sc_hd__nand4_2": 1,
            "sky130_fd_sc_hd__nor2_2": 1,
            "sky130_fd_sc_hd__o211a_2": 2,
            "sky130_fd_sc_hd__o221a_2": 1,
            "sky130_fd_sc_hd__o31a_2": 1,
            "sky130_fd_sc_hd__or2_2": 1
         }
      }
}

108. Printing statistics.

=== param_counter ===

   Number of wires:                 21
   Number of wire bits:             27
   Number of public wires:           6
   Number of public wire bits:      12
   Number of ports:                  6
   Number of port bits:             12
   Number of memories:               0
   Number of memory bits:            0
   Number of processes:              0
   Number of cells:                 19
     sky130_fd_sc_hd__a21o_2         1
     sky130_fd_sc_hd__a21oi_2        1
     sky130_fd_sc_hd__a2bb2o_2       1
     sky130_fd_sc_hd__a41o_2         1
     sky130_fd_sc_hd__dfrtp_2        4
     sky130_fd_sc_hd__inv_2          2
     sky130_fd_sc_hd__nand2_2        2
     sky130_fd_sc_hd__nand4_2        1
     sky130_fd_sc_hd__nor2_2         1
     sky130_fd_sc_hd__o211a_2        2
     sky130_fd_sc_hd__o221a_2        1
     sky130_fd_sc_hd__o31a_2         1
     sky130_fd_sc_hd__or2_2          1

   Chip area for module '\param_counter': 231.472000
     of which used for sequential elements: 105.100800 (45.41%)

109. Executing Verilog backend.
Dumping module `\param_counter'.

110. Executing JSON backend.
