
===========================================================================
report_checks -unconstrained
===========================================================================
======================= nom_ff_n40C_1v95 Corner ===================================

Startpoint: rst_n (input port clocked by clk)
Endpoint: _32_ (recovery check against rising-edge clock clk)
Path Group: asynchronous
Path Type: max

Fanout         Cap        Slew       Delay        Time   Description
---------------------------------------------------------------------------------------------
                                  0.000000    0.000000   clock clk (rise edge)
                                  0.000000    0.000000   clock network delay (propagated)
                                  3.000000    3.000000 ^ input external delay
     1    0.002298    0.012138    0.005919    3.005919 ^ rst_n (in)
                                                         rst_n (net)
                      0.012138    0.000000    3.005919 ^ input7/A (sky130_fd_sc_hd__dlymetal6s2s_1)
     4    0.019820    0.163536    0.143588    3.149507 ^ input7/X (sky130_fd_sc_hd__dlymetal6s2s_1)
                                                         net7 (net)
                      0.163539    0.000522    3.150028 ^ _32_/RESET_B (sky130_fd_sc_hd__dfrtp_1)
                                              3.150028   data arrival time

                                 15.000000   15.000000   clock clk (rise edge)
                                  0.000000   15.000000   clock source latency
     1    0.008946    0.034960    0.022556   15.022556 ^ clk (in)
                                                         clk (net)
                      0.034962    0.000000   15.022556 ^ clkbuf_0_clk/A (sky130_fd_sc_hd__clkbuf_16)
     2    0.017545    0.029532    0.083899   15.106455 ^ clkbuf_0_clk/X (sky130_fd_sc_hd__clkbuf_16)
                                                         clknet_0_clk (net)
                      0.029538    0.000401   15.106856 ^ clkbuf_1_0__f_clk/A (sky130_fd_sc_hd__clkbuf_16)
     2    0.005242    0.021156    0.073515   15.180371 ^ clkbuf_1_0__f_clk/X (sky130_fd_sc_hd__clkbuf_16)
                                                         clknet_1_0__leaf_clk (net)
                      0.021156    0.000126   15.180497 ^ _32_/CLK (sky130_fd_sc_hd__dfrtp_1)
                                 -0.250000   14.930498   clock uncertainty
                                  0.000000   14.930498   clock reconvergence pessimism
                                  0.117340   15.047839   library recovery time
                                             15.047839   data required time
---------------------------------------------------------------------------------------------
                                             15.047839   data required time
                                             -3.150028   data arrival time
---------------------------------------------------------------------------------------------
                                             11.897811   slack (MET)


Startpoint: _30_ (rising edge-triggered flip-flop clocked by clk)
Endpoint: count[0] (output port clocked by clk)
Path Group: clk
Path Type: max

Fanout         Cap        Slew       Delay        Time   Description
---------------------------------------------------------------------------------------------
                                  0.000000    0.000000   clock clk (rise edge)
                                  0.000000    0.000000   clock source latency
     1    0.008946    0.034960    0.022556    0.022556 ^ clk (in)
                                                         clk (net)
                      0.034962    0.000000    0.022556 ^ clkbuf_0_clk/A (sky130_fd_sc_hd__clkbuf_16)
     2    0.017545    0.029532    0.083899    0.106455 ^ clkbuf_0_clk/X (sky130_fd_sc_hd__clkbuf_16)
                                                         clknet_0_clk (net)
                      0.029538    0.000402    0.106857 ^ clkbuf_1_0__f_clk/A (sky130_fd_sc_hd__clkbuf_16)
     2    0.005242    0.021156    0.073514    0.180371 ^ clkbuf_1_0__f_clk/X (sky130_fd_sc_hd__clkbuf_16)
                                                         clknet_1_0__leaf_clk (net)
                      0.021156    0.000109    0.180480 ^ _30_/CLK (sky130_fd_sc_hd__dfrtp_1)
     6    0.021405    0.146102    0.280766    0.461246 ^ _30_/Q (sky130_fd_sc_hd__dfrtp_1)
                                                         net8 (net)
                      0.146103    0.000687    0.461933 ^ output8/A (sky130_fd_sc_hd__buf_2)
     1    0.035591    0.132945    0.165309    0.627241 ^ output8/X (sky130_fd_sc_hd__buf_2)
                                                         count[0] (net)
                      0.132996    0.000983    0.628224 ^ count[0] (out)
                                              0.628224   data arrival time

                                 15.000000   15.000000   clock clk (rise edge)
                                  0.000000   15.000000   clock network delay (propagated)
                                 -0.250000   14.750000   clock uncertainty
                                  0.000000   14.750000   clock reconvergence pessimism
                                 -3.000000   11.750000   output external delay
                                             11.750000   data required time
---------------------------------------------------------------------------------------------
                                             11.750000   data required time
                                             -0.628224   data arrival time
---------------------------------------------------------------------------------------------
                                             11.121776   slack (MET)




===========================================================================
report_checks --slack_max -0.01
============================================================================
======================= nom_ff_n40C_1v95 Corner ===================================

No paths found.


===========================================================================
 report_check_types -max_slew -max_cap -max_fanout -violators
============================================================================
======================= nom_ff_n40C_1v95 Corner ===================================



===========================================================================
report_parasitic_annotation -report_unannotated
============================================================================
Found 0 unannotated drivers.
Found 0 partially unannotated drivers.

===========================================================================
max slew violation count 0
max fanout violation count 0
max cap violation count 0
============================================================================

===========================================================================
check_setup -verbose -unconstrained_endpoints -multiple_clock -no_clock -no_input_delay -loops -generated_clocks
===========================================================================
