Clock: clk
Sources: clk 
Generated: no
Virtual: yes
Propagated: no
Period: 15.000000

===========================================================================
report_clock_properties
============================================================================
Clock                   Period          Waveform
----------------------------------------------------
clk                  15.000000    0.000000  7.500000

===========================================================================
report_clock_latency
============================================================================
Clock clk
rise -> rise
    min     max
0.000000 0.000000 source latency
0.180480         network latency _30_/CLK
        0.181288 network latency _31_/CLK
---------------
0.180480 0.181288 latency
        0.000808 skew

fall -> fall
    min     max
0.000000 0.000000 source latency
0.183834         network latency _30_/CLK
        0.184576 network latency _31_/CLK
---------------
0.183834 0.184576 latency
        0.000742 skew



===========================================================================
report_clock_min_period
============================================================================
clk period_min = 0.95 fmax = 1054.77
