Clock: clk
Sources: clk 
Generated: no
Virtual: yes
Propagated: no
Period: 15.000000

===========================================================================
report_clock_properties
============================================================================
Clock                   Period          Waveform
----------------------------------------------------
clk                  15.000000    0.000000  7.500000

===========================================================================
report_clock_latency
============================================================================
Clock clk
rise -> rise
    min     max
0.000000 0.000000 source latency
0.264503         network latency _30_/CLK
        0.265736 network latency _31_/CLK
---------------
0.264503 0.265736 latency
        0.001233 skew

fall -> fall
    min     max
0.000000 0.000000 source latency
0.274933         network latency _30_/CLK
        0.276057 network latency _31_/CLK
---------------
0.274933 0.276057 latency
        0.001124 skew



===========================================================================
report_clock_min_period
============================================================================
clk period_min = 1.36 fmax = 732.79
