
===========================================================================
report_checks -path_delay min (Hold)
============================================================================
======================= nom_ss_100C_1v60 Corner ===================================

Startpoint: _12_ (rising edge-triggered flip-flop clocked by clk)
Endpoint: _14_ (rising edge-triggered flip-flop clocked by clk)
Path Group: clk
Path Type: min

Fanout         Cap        Slew       Delay        Time   Description
---------------------------------------------------------------------------------------------
                                  0.000000    0.000000   clock clk (rise edge)
                                  0.000000    0.000000   clock source latency
     1    0.024927    0.184339    0.126641    0.126641 ^ clk (in)
                                                         clk (net)
                      0.184343    0.000000    0.126641 ^ clkbuf_0_clk/A (sky130_fd_sc_hd__clkbuf_16)
     2    0.020423    0.067952    0.274559    0.401200 ^ clkbuf_0_clk/X (sky130_fd_sc_hd__clkbuf_16)
                                                         clknet_0_clk (net)
                      0.067952    0.000646    0.401846 ^ clkbuf_1_1__f_clk/A (sky130_fd_sc_hd__clkbuf_16)
     3    0.010159    0.055128    0.206654    0.608500 ^ clkbuf_1_1__f_clk/X (sky130_fd_sc_hd__clkbuf_16)
                                                         clknet_1_1__leaf_clk (net)
                      0.055128    0.000303    0.608804 ^ _12_/CLK (sky130_fd_sc_hd__dfrtp_2)
     4    0.011989    0.132126    0.737307    1.346111 ^ _12_/Q (sky130_fd_sc_hd__dfrtp_2)
                                                         net2 (net)
                      0.132126    0.000163    1.346274 ^ _07_/A2 (sky130_fd_sc_hd__a21oi_1)
     1    0.003260    0.057808    0.158340    1.504614 v _07_/Y (sky130_fd_sc_hd__a21oi_1)
                                                         _04_ (net)
                      0.057808    0.000100    1.504714 v _09_/A (sky130_fd_sc_hd__nor2_1)
     1    0.002445    0.119088    0.153019    1.657733 ^ _09_/Y (sky130_fd_sc_hd__nor2_1)
                                                         _02_ (net)
                      0.119088    0.000069    1.657802 ^ _14_/D (sky130_fd_sc_hd__dfrtp_1)
                                              1.657802   data arrival time

                                  0.000000    0.000000   clock clk (rise edge)
                                  0.000000    0.000000   clock source latency
     1    0.024927    0.184339    0.126641    0.126641 ^ clk (in)
                                                         clk (net)
                      0.184343    0.000000    0.126641 ^ clkbuf_0_clk/A (sky130_fd_sc_hd__clkbuf_16)
     2    0.020423    0.067952    0.274559    0.401200 ^ clkbuf_0_clk/X (sky130_fd_sc_hd__clkbuf_16)
                                                         clknet_0_clk (net)
                      0.067952    0.000560    0.401761 ^ clkbuf_1_0__f_clk/A (sky130_fd_sc_hd__clkbuf_16)
     2    0.005389    0.048337    0.197919    0.599679 ^ clkbuf_1_0__f_clk/X (sky130_fd_sc_hd__clkbuf_16)
                                                         clknet_1_0__leaf_clk (net)
                      0.048337    0.000136    0.599815 ^ _14_/CLK (sky130_fd_sc_hd__dfrtp_1)
                                  0.250000    0.849815   clock uncertainty
                                  0.000000    0.849815   clock reconvergence pessimism
                                 -0.091704    0.758111   library hold time
                                              0.758111   data required time
---------------------------------------------------------------------------------------------
                                              0.758111   data required time
                                             -1.657802   data arrival time
---------------------------------------------------------------------------------------------
                                              0.899691   slack (MET)


Startpoint: _14_ (rising edge-triggered flip-flop clocked by clk)
Endpoint: _15_ (rising edge-triggered flip-flop clocked by clk)
Path Group: clk
Path Type: min

Fanout         Cap        Slew       Delay        Time   Description
---------------------------------------------------------------------------------------------
                                  0.000000    0.000000   clock clk (rise edge)
                                  0.000000    0.000000   clock source latency
     1    0.024927    0.184339    0.126641    0.126641 ^ clk (in)
                                                         clk (net)
                      0.184343    0.000000    0.126641 ^ clkbuf_0_clk/A (sky130_fd_sc_hd__clkbuf_16)
     2    0.020423    0.067952    0.274559    0.401200 ^ clkbuf_0_clk/X (sky130_fd_sc_hd__clkbuf_16)
                                                         clknet_0_clk (net)
                      0.067952    0.000560    0.401761 ^ clkbuf_1_0__f_clk/A (sky130_fd_sc_hd__clkbuf_16)
     2    0.005389    0.048337    0.197919    0.599679 ^ clkbuf_1_0__f_clk/X (sky130_fd_sc_hd__clkbuf_16)
                                                         clknet_1_0__leaf_clk (net)
                      0.048337    0.000136    0.599815 ^ _14_/CLK (sky130_fd_sc_hd__dfrtp_1)
     3    0.008298    0.144590    0.688239    1.288055 ^ _14_/Q (sky130_fd_sc_hd__dfrtp_1)
                                                         net4 (net)
                      0.144590    0.000199    1.288254 ^ _08_/C (sky130_fd_sc_hd__and3_1)
     2    0.009837    0.180472    0.414396    1.702650 ^ _08_/X (sky130_fd_sc_hd__and3_1)
                                                         _05_ (net)
                      0.180472    0.000307    1.702958 ^ _10_/B (sky130_fd_sc_hd__xor2_1)
     1    0.002739    0.067272    0.163510    1.866468 v _10_/X (sky130_fd_sc_hd__xor2_1)
                                                         _03_ (net)
                      0.067272    0.000083    1.866551 v _15_/D (sky130_fd_sc_hd__dfrtp_1)
                                              1.866551   data arrival time

                                  0.000000    0.000000   clock clk (rise edge)
                                  0.000000    0.000000   clock source latency
     1    0.024927    0.184339    0.126641    0.126641 ^ clk (in)
                                                         clk (net)
                      0.184343    0.000000    0.126641 ^ clkbuf_0_clk/A (sky130_fd_sc_hd__clkbuf_16)
     2    0.020423    0.067952    0.274559    0.401200 ^ clkbuf_0_clk/X (sky130_fd_sc_hd__clkbuf_16)
                                                         clknet_0_clk (net)
                      0.067952    0.000560    0.401761 ^ clkbuf_1_0__f_clk/A (sky130_fd_sc_hd__clkbuf_16)
     2    0.005389    0.048337    0.197919    0.599679 ^ clkbuf_1_0__f_clk/X (sky130_fd_sc_hd__clkbuf_16)
                                                         clknet_1_0__leaf_clk (net)
                      0.048337    0.000143    0.599822 ^ _15_/CLK (sky130_fd_sc_hd__dfrtp_1)
                                  0.250000    0.849822   clock uncertainty
                                  0.000000    0.849822   clock reconvergence pessimism
                                 -0.101488    0.748334   library hold time
                                              0.748334   data required time
---------------------------------------------------------------------------------------------
                                              0.748334   data required time
                                             -1.866551   data arrival time
---------------------------------------------------------------------------------------------
                                              1.118217   slack (MET)


Startpoint: _12_ (rising edge-triggered flip-flop clocked by clk)
Endpoint: _12_ (rising edge-triggered flip-flop clocked by clk)
Path Group: clk
Path Type: min

Fanout         Cap        Slew       Delay        Time   Description
---------------------------------------------------------------------------------------------
                                  0.000000    0.000000   clock clk (rise edge)
                                  0.000000    0.000000   clock source latency
     1    0.024927    0.184339    0.126641    0.126641 ^ clk (in)
                                                         clk (net)
                      0.184343    0.000000    0.126641 ^ clkbuf_0_clk/A (sky130_fd_sc_hd__clkbuf_16)
     2    0.020423    0.067952    0.274559    0.401200 ^ clkbuf_0_clk/X (sky130_fd_sc_hd__clkbuf_16)
                                                         clknet_0_clk (net)
                      0.067952    0.000646    0.401846 ^ clkbuf_1_1__f_clk/A (sky130_fd_sc_hd__clkbuf_16)
     3    0.010159    0.055128    0.206654    0.608500 ^ clkbuf_1_1__f_clk/X (sky130_fd_sc_hd__clkbuf_16)
                                                         clknet_1_1__leaf_clk (net)
                      0.055128    0.000303    0.608804 ^ _12_/CLK (sky130_fd_sc_hd__dfrtp_2)
     4    0.011989    0.132126    0.737307    1.346111 ^ _12_/Q (sky130_fd_sc_hd__dfrtp_2)
                                                         net2 (net)
                      0.132126    0.000260    1.346371 ^ hold1/A (sky130_fd_sc_hd__dlygate4sd3_1)
     2    0.010578    0.197471    1.164337    2.510708 ^ hold1/X (sky130_fd_sc_hd__dlygate4sd3_1)
                                                         net6 (net)
                      0.197471    0.000175    2.510884 ^ _06_/A (sky130_fd_sc_hd__inv_2)
     1    0.003105    0.044856    0.093519    2.604402 v _06_/Y (sky130_fd_sc_hd__inv_2)
                                                         _00_ (net)
                      0.044856    0.000097    2.604499 v _12_/D (sky130_fd_sc_hd__dfrtp_2)
                                              2.604499   data arrival time

                                  0.000000    0.000000   clock clk (rise edge)
                                  0.000000    0.000000   clock source latency
     1    0.024927    0.184339    0.126641    0.126641 ^ clk (in)
                                                         clk (net)
                      0.184343    0.000000    0.126641 ^ clkbuf_0_clk/A (sky130_fd_sc_hd__clkbuf_16)
     2    0.020423    0.067952    0.274559    0.401200 ^ clkbuf_0_clk/X (sky130_fd_sc_hd__clkbuf_16)
                                                         clknet_0_clk (net)
                      0.067952    0.000646    0.401846 ^ clkbuf_1_1__f_clk/A (sky130_fd_sc_hd__clkbuf_16)
     3    0.010159    0.055128    0.206654    0.608500 ^ clkbuf_1_1__f_clk/X (sky130_fd_sc_hd__clkbuf_16)
                                                         clknet_1_1__leaf_clk (net)
                      0.055128    0.000303    0.608804 ^ _12_/CLK (sky130_fd_sc_hd__dfrtp_2)
                                  0.250000    0.858804   clock uncertainty
                                  0.000000    0.858804   clock reconvergence pessimism
                                 -0.084047    0.774756   library hold time
                                              0.774756   data required time
---------------------------------------------------------------------------------------------
                                              0.774756   data required time
                                             -2.604499   data arrival time
---------------------------------------------------------------------------------------------
                                              1.829743   slack (MET)


Startpoint: _13_ (rising edge-triggered flip-flop clocked by clk)
Endpoint: _13_ (rising edge-triggered flip-flop clocked by clk)
Path Group: clk
Path Type: min

Fanout         Cap        Slew       Delay        Time   Description
---------------------------------------------------------------------------------------------
                                  0.000000    0.000000   clock clk (rise edge)
                                  0.000000    0.000000   clock source latency
     1    0.024927    0.184339    0.126641    0.126641 ^ clk (in)
                                                         clk (net)
                      0.184343    0.000000    0.126641 ^ clkbuf_0_clk/A (sky130_fd_sc_hd__clkbuf_16)
     2    0.020423    0.067952    0.274559    0.401200 ^ clkbuf_0_clk/X (sky130_fd_sc_hd__clkbuf_16)
                                                         clknet_0_clk (net)
                      0.067952    0.000646    0.401846 ^ clkbuf_1_1__f_clk/A (sky130_fd_sc_hd__clkbuf_16)
     3    0.010159    0.055128    0.206654    0.608500 ^ clkbuf_1_1__f_clk/X (sky130_fd_sc_hd__clkbuf_16)
                                                         clknet_1_1__leaf_clk (net)
                      0.055128    0.000270    0.608770 ^ _13_/CLK (sky130_fd_sc_hd__dfrtp_1)
     4    0.011775    0.188046    0.728092    1.336862 ^ _13_/Q (sky130_fd_sc_hd__dfrtp_1)
                                                         net3 (net)
                      0.188046    0.000254    1.337116 ^ hold3/A (sky130_fd_sc_hd__dlygate4sd3_1)
     1    0.004887    0.120341    1.118111    2.455227 ^ hold3/X (sky130_fd_sc_hd__dlygate4sd3_1)
                                                         net8 (net)
                      0.120341    0.000143    2.455370 ^ _11_/A (sky130_fd_sc_hd__xor2_1)
     1    0.002679    0.066781    0.144874    2.600244 v _11_/X (sky130_fd_sc_hd__xor2_1)
                                                         _01_ (net)
                      0.066781    0.000081    2.600325 v _13_/D (sky130_fd_sc_hd__dfrtp_1)
                                              2.600325   data arrival time

                                  0.000000    0.000000   clock clk (rise edge)
                                  0.000000    0.000000   clock source latency
     1    0.024927    0.184339    0.126641    0.126641 ^ clk (in)
                                                         clk (net)
                      0.184343    0.000000    0.126641 ^ clkbuf_0_clk/A (sky130_fd_sc_hd__clkbuf_16)
     2    0.020423    0.067952    0.274559    0.401200 ^ clkbuf_0_clk/X (sky130_fd_sc_hd__clkbuf_16)
                                                         clknet_0_clk (net)
                      0.067952    0.000646    0.401846 ^ clkbuf_1_1__f_clk/A (sky130_fd_sc_hd__clkbuf_16)
     3    0.010159    0.055128    0.206654    0.608500 ^ clkbuf_1_1__f_clk/X (sky130_fd_sc_hd__clkbuf_16)
                                                         clknet_1_1__leaf_clk (net)
                      0.055128    0.000270    0.608770 ^ _13_/CLK (sky130_fd_sc_hd__dfrtp_1)
                                  0.250000    0.858770   clock uncertainty
                                  0.000000    0.858770   clock reconvergence pessimism
                                 -0.099655    0.759115   library hold time
                                              0.759115   data required time
---------------------------------------------------------------------------------------------
                                              0.759115   data required time
                                             -2.600325   data arrival time
---------------------------------------------------------------------------------------------
                                              1.841209   slack (MET)


Startpoint: rst_n (input port clocked by clk)
Endpoint: _13_ (removal check against rising-edge clock clk)
Path Group: asynchronous
Path Type: min

Fanout         Cap        Slew       Delay        Time   Description
---------------------------------------------------------------------------------------------
                                  0.000000    0.000000   clock clk (rise edge)
                                  0.000000    0.000000   clock network delay (propagated)
                                  4.000000    4.000000 ^ input external delay
     1    0.002663    0.031352    0.015070    4.015070 ^ rst_n (in)
                                                         rst_n (net)
                      0.031352    0.000000    4.015070 ^ input1/A (sky130_fd_sc_hd__buf_1)
     4    0.017407    0.335606    0.322275    4.337344 ^ input1/X (sky130_fd_sc_hd__buf_1)
                                                         net1 (net)
                      0.335606    0.000456    4.337801 ^ _13_/RESET_B (sky130_fd_sc_hd__dfrtp_1)
                                              4.337801   data arrival time

                                  0.000000    0.000000   clock clk (rise edge)
                                  0.000000    0.000000   clock source latency
     1    0.024927    0.184339    0.126641    0.126641 ^ clk (in)
                                                         clk (net)
                      0.184343    0.000000    0.126641 ^ clkbuf_0_clk/A (sky130_fd_sc_hd__clkbuf_16)
     2    0.020423    0.067952    0.274559    0.401200 ^ clkbuf_0_clk/X (sky130_fd_sc_hd__clkbuf_16)
                                                         clknet_0_clk (net)
                      0.067952    0.000646    0.401846 ^ clkbuf_1_1__f_clk/A (sky130_fd_sc_hd__clkbuf_16)
     3    0.010159    0.055128    0.206654    0.608500 ^ clkbuf_1_1__f_clk/X (sky130_fd_sc_hd__clkbuf_16)
                                                         clknet_1_1__leaf_clk (net)
                      0.055128    0.000270    0.608770 ^ _13_/CLK (sky130_fd_sc_hd__dfrtp_1)
                                  0.250000    0.858770   clock uncertainty
                                  0.000000    0.858770   clock reconvergence pessimism
                                  0.734594    1.593364   library removal time
                                              1.593364   data required time
---------------------------------------------------------------------------------------------
                                              1.593364   data required time
                                             -4.337801   data arrival time
---------------------------------------------------------------------------------------------
                                              2.744436   slack (MET)


Startpoint: rst_n (input port clocked by clk)
Endpoint: _12_ (removal check against rising-edge clock clk)
Path Group: asynchronous
Path Type: min

Fanout         Cap        Slew       Delay        Time   Description
---------------------------------------------------------------------------------------------
                                  0.000000    0.000000   clock clk (rise edge)
                                  0.000000    0.000000   clock network delay (propagated)
                                  4.000000    4.000000 ^ input external delay
     1    0.002663    0.031352    0.015070    4.015070 ^ rst_n (in)
                                                         rst_n (net)
                      0.031352    0.000000    4.015070 ^ input1/A (sky130_fd_sc_hd__buf_1)
     4    0.017407    0.335606    0.322275    4.337344 ^ input1/X (sky130_fd_sc_hd__buf_1)
                                                         net1 (net)
                      0.335606    0.000402    4.337746 ^ _12_/RESET_B (sky130_fd_sc_hd__dfrtp_2)
                                              4.337746   data arrival time

                                  0.000000    0.000000   clock clk (rise edge)
                                  0.000000    0.000000   clock source latency
     1    0.024927    0.184339    0.126641    0.126641 ^ clk (in)
                                                         clk (net)
                      0.184343    0.000000    0.126641 ^ clkbuf_0_clk/A (sky130_fd_sc_hd__clkbuf_16)
     2    0.020423    0.067952    0.274559    0.401200 ^ clkbuf_0_clk/X (sky130_fd_sc_hd__clkbuf_16)
                                                         clknet_0_clk (net)
                      0.067952    0.000646    0.401846 ^ clkbuf_1_1__f_clk/A (sky130_fd_sc_hd__clkbuf_16)
     3    0.010159    0.055128    0.206654    0.608500 ^ clkbuf_1_1__f_clk/X (sky130_fd_sc_hd__clkbuf_16)
                                                         clknet_1_1__leaf_clk (net)
                      0.055128    0.000303    0.608804 ^ _12_/CLK (sky130_fd_sc_hd__dfrtp_2)
                                  0.250000    0.858804   clock uncertainty
                                  0.000000    0.858804   clock reconvergence pessimism
                                  0.734363    1.593167   library removal time
                                              1.593167   data required time
---------------------------------------------------------------------------------------------
                                              1.593167   data required time
                                             -4.337746   data arrival time
---------------------------------------------------------------------------------------------
                                              2.744579   slack (MET)


Startpoint: rst_n (input port clocked by clk)
Endpoint: _15_ (removal check against rising-edge clock clk)
Path Group: asynchronous
Path Type: min

Fanout         Cap        Slew       Delay        Time   Description
---------------------------------------------------------------------------------------------
                                  0.000000    0.000000   clock clk (rise edge)
                                  0.000000    0.000000   clock network delay (propagated)
                                  4.000000    4.000000 ^ input external delay
     1    0.002663    0.031352    0.015070    4.015070 ^ rst_n (in)
                                                         rst_n (net)
                      0.031352    0.000000    4.015070 ^ input1/A (sky130_fd_sc_hd__buf_1)
     4    0.017407    0.335606    0.322275    4.337344 ^ input1/X (sky130_fd_sc_hd__buf_1)
                                                         net1 (net)
                      0.335606    0.000382    4.337726 ^ _15_/RESET_B (sky130_fd_sc_hd__dfrtp_1)
                                              4.337726   data arrival time

                                  0.000000    0.000000   clock clk (rise edge)
                                  0.000000    0.000000   clock source latency
     1    0.024927    0.184339    0.126641    0.126641 ^ clk (in)
                                                         clk (net)
                      0.184343    0.000000    0.126641 ^ clkbuf_0_clk/A (sky130_fd_sc_hd__clkbuf_16)
     2    0.020423    0.067952    0.274559    0.401200 ^ clkbuf_0_clk/X (sky130_fd_sc_hd__clkbuf_16)
                                                         clknet_0_clk (net)
                      0.067952    0.000560    0.401761 ^ clkbuf_1_0__f_clk/A (sky130_fd_sc_hd__clkbuf_16)
     2    0.005389    0.048337    0.197919    0.599679 ^ clkbuf_1_0__f_clk/X (sky130_fd_sc_hd__clkbuf_16)
                                                         clknet_1_0__leaf_clk (net)
                      0.048337    0.000143    0.599822 ^ _15_/CLK (sky130_fd_sc_hd__dfrtp_1)
                                  0.250000    0.849822   clock uncertainty
                                  0.000000    0.849822   clock reconvergence pessimism
                                  0.732554    1.582376   library removal time
                                              1.582376   data required time
---------------------------------------------------------------------------------------------
                                              1.582376   data required time
                                             -4.337726   data arrival time
---------------------------------------------------------------------------------------------
                                              2.755350   slack (MET)


Startpoint: rst_n (input port clocked by clk)
Endpoint: _14_ (removal check against rising-edge clock clk)
Path Group: asynchronous
Path Type: min

Fanout         Cap        Slew       Delay        Time   Description
---------------------------------------------------------------------------------------------
                                  0.000000    0.000000   clock clk (rise edge)
                                  0.000000    0.000000   clock network delay (propagated)
                                  4.000000    4.000000 ^ input external delay
     1    0.002663    0.031352    0.015070    4.015070 ^ rst_n (in)
                                                         rst_n (net)
                      0.031352    0.000000    4.015070 ^ input1/A (sky130_fd_sc_hd__buf_1)
     4    0.017407    0.335606    0.322275    4.337344 ^ input1/X (sky130_fd_sc_hd__buf_1)
                                                         net1 (net)
                      0.335606    0.000389    4.337733 ^ _14_/RESET_B (sky130_fd_sc_hd__dfrtp_1)
                                              4.337733   data arrival time

                                  0.000000    0.000000   clock clk (rise edge)
                                  0.000000    0.000000   clock source latency
     1    0.024927    0.184339    0.126641    0.126641 ^ clk (in)
                                                         clk (net)
                      0.184343    0.000000    0.126641 ^ clkbuf_0_clk/A (sky130_fd_sc_hd__clkbuf_16)
     2    0.020423    0.067952    0.274559    0.401200 ^ clkbuf_0_clk/X (sky130_fd_sc_hd__clkbuf_16)
                                                         clknet_0_clk (net)
                      0.067952    0.000560    0.401761 ^ clkbuf_1_0__f_clk/A (sky130_fd_sc_hd__clkbuf_16)
     2    0.005389    0.048337    0.197919    0.599679 ^ clkbuf_1_0__f_clk/X (sky130_fd_sc_hd__clkbuf_16)
                                                         clknet_1_0__leaf_clk (net)
                      0.048337    0.000136    0.599815 ^ _14_/CLK (sky130_fd_sc_hd__dfrtp_1)
                                  0.250000    0.849815   clock uncertainty
                                  0.000000    0.849815   clock reconvergence pessimism
                                  0.732554    1.582369   library removal time
                                              1.582369   data required time
---------------------------------------------------------------------------------------------
                                              1.582369   data required time
                                             -4.337733   data arrival time
---------------------------------------------------------------------------------------------
                                              2.755363   slack (MET)


Startpoint: _15_ (rising edge-triggered flip-flop clocked by clk)
Endpoint: count[3] (output port clocked by clk)
Path Group: clk
Path Type: min

Fanout         Cap        Slew       Delay        Time   Description
---------------------------------------------------------------------------------------------
                                  0.000000    0.000000   clock clk (rise edge)
                                  0.000000    0.000000   clock source latency
     1    0.024927    0.184339    0.126641    0.126641 ^ clk (in)
                                                         clk (net)
                      0.184343    0.000000    0.126641 ^ clkbuf_0_clk/A (sky130_fd_sc_hd__clkbuf_16)
     2    0.020423    0.067952    0.274559    0.401200 ^ clkbuf_0_clk/X (sky130_fd_sc_hd__clkbuf_16)
                                                         clknet_0_clk (net)
                      0.067952    0.000560    0.401761 ^ clkbuf_1_0__f_clk/A (sky130_fd_sc_hd__clkbuf_16)
     2    0.005389    0.048337    0.197919    0.599679 ^ clkbuf_1_0__f_clk/X (sky130_fd_sc_hd__clkbuf_16)
                                                         clknet_1_0__leaf_clk (net)
                      0.048337    0.000143    0.599822 ^ _15_/CLK (sky130_fd_sc_hd__dfrtp_1)
     2    0.007164    0.130667    0.676262    1.276085 ^ _15_/Q (sky130_fd_sc_hd__dfrtp_1)
                                                         net5 (net)
                      0.130667    0.000203    1.276288 ^ output5/A (sky130_fd_sc_hd__buf_2)
     1    0.034067    0.270762    0.370796    1.647084 ^ output5/X (sky130_fd_sc_hd__buf_2)
                                                         count[3] (net)
                      0.270762    0.000657    1.647741 ^ count[3] (out)
                                              1.647741   data arrival time

                                  0.000000    0.000000   clock clk (rise edge)
                                  0.000000    0.000000   clock network delay (propagated)
                                  0.250000    0.250000   clock uncertainty
                                  0.000000    0.250000   clock reconvergence pessimism
                                 -4.000000   -3.750000   output external delay
                                             -3.750000   data required time
---------------------------------------------------------------------------------------------
                                             -3.750000   data required time
                                             -1.647741   data arrival time
---------------------------------------------------------------------------------------------
                                              5.397741   slack (MET)


Startpoint: _14_ (rising edge-triggered flip-flop clocked by clk)
Endpoint: count[2] (output port clocked by clk)
Path Group: clk
Path Type: min

Fanout         Cap        Slew       Delay        Time   Description
---------------------------------------------------------------------------------------------
                                  0.000000    0.000000   clock clk (rise edge)
                                  0.000000    0.000000   clock source latency
     1    0.024927    0.184339    0.126641    0.126641 ^ clk (in)
                                                         clk (net)
                      0.184343    0.000000    0.126641 ^ clkbuf_0_clk/A (sky130_fd_sc_hd__clkbuf_16)
     2    0.020423    0.067952    0.274559    0.401200 ^ clkbuf_0_clk/X (sky130_fd_sc_hd__clkbuf_16)
                                                         clknet_0_clk (net)
                      0.067952    0.000560    0.401761 ^ clkbuf_1_0__f_clk/A (sky130_fd_sc_hd__clkbuf_16)
     2    0.005389    0.048337    0.197919    0.599679 ^ clkbuf_1_0__f_clk/X (sky130_fd_sc_hd__clkbuf_16)
                                                         clknet_1_0__leaf_clk (net)
                      0.048337    0.000136    0.599815 ^ _14_/CLK (sky130_fd_sc_hd__dfrtp_1)
     3    0.008298    0.144590    0.688239    1.288055 ^ _14_/Q (sky130_fd_sc_hd__dfrtp_1)
                                                         net4 (net)
                      0.144590    0.000203    1.288258 ^ output4/A (sky130_fd_sc_hd__buf_2)
     1    0.034009    0.270352    0.377034    1.665292 ^ output4/X (sky130_fd_sc_hd__buf_2)
                                                         count[2] (net)
                      0.270352    0.000635    1.665927 ^ count[2] (out)
                                              1.665927   data arrival time

                                  0.000000    0.000000   clock clk (rise edge)
                                  0.000000    0.000000   clock network delay (propagated)
                                  0.250000    0.250000   clock uncertainty
                                  0.000000    0.250000   clock reconvergence pessimism
                                 -4.000000   -3.750000   output external delay
                                             -3.750000   data required time
---------------------------------------------------------------------------------------------
                                             -3.750000   data required time
                                             -1.665927   data arrival time
---------------------------------------------------------------------------------------------
                                              5.415927   slack (MET)


Startpoint: _12_ (rising edge-triggered flip-flop clocked by clk)
Endpoint: count[0] (output port clocked by clk)
Path Group: clk
Path Type: min

Fanout         Cap        Slew       Delay        Time   Description
---------------------------------------------------------------------------------------------
                                  0.000000    0.000000   clock clk (rise edge)
                                  0.000000    0.000000   clock source latency
     1    0.024927    0.184339    0.126641    0.126641 ^ clk (in)
                                                         clk (net)
                      0.184343    0.000000    0.126641 ^ clkbuf_0_clk/A (sky130_fd_sc_hd__clkbuf_16)
     2    0.020423    0.067952    0.274559    0.401200 ^ clkbuf_0_clk/X (sky130_fd_sc_hd__clkbuf_16)
                                                         clknet_0_clk (net)
                      0.067952    0.000646    0.401846 ^ clkbuf_1_1__f_clk/A (sky130_fd_sc_hd__clkbuf_16)
     3    0.010159    0.055128    0.206654    0.608500 ^ clkbuf_1_1__f_clk/X (sky130_fd_sc_hd__clkbuf_16)
                                                         clknet_1_1__leaf_clk (net)
                      0.055128    0.000303    0.608804 ^ _12_/CLK (sky130_fd_sc_hd__dfrtp_2)
     4    0.011989    0.132126    0.737307    1.346111 ^ _12_/Q (sky130_fd_sc_hd__dfrtp_2)
                                                         net2 (net)
                      0.132126    0.000342    1.346453 ^ output2/A (sky130_fd_sc_hd__buf_2)
     1    0.034000    0.270267    0.371143    1.717597 ^ output2/X (sky130_fd_sc_hd__buf_2)
                                                         count[0] (net)
                      0.270267    0.000635    1.718231 ^ count[0] (out)
                                              1.718231   data arrival time

                                  0.000000    0.000000   clock clk (rise edge)
                                  0.000000    0.000000   clock network delay (propagated)
                                  0.250000    0.250000   clock uncertainty
                                  0.000000    0.250000   clock reconvergence pessimism
                                 -4.000000   -3.750000   output external delay
                                             -3.750000   data required time
---------------------------------------------------------------------------------------------
                                             -3.750000   data required time
                                             -1.718231   data arrival time
---------------------------------------------------------------------------------------------
                                              5.468231   slack (MET)


Startpoint: _13_ (rising edge-triggered flip-flop clocked by clk)
Endpoint: count[1] (output port clocked by clk)
Path Group: clk
Path Type: min

Fanout         Cap        Slew       Delay        Time   Description
---------------------------------------------------------------------------------------------
                                  0.000000    0.000000   clock clk (rise edge)
                                  0.000000    0.000000   clock source latency
     1    0.024927    0.184339    0.126641    0.126641 ^ clk (in)
                                                         clk (net)
                      0.184343    0.000000    0.126641 ^ clkbuf_0_clk/A (sky130_fd_sc_hd__clkbuf_16)
     2    0.020423    0.067952    0.274559    0.401200 ^ clkbuf_0_clk/X (sky130_fd_sc_hd__clkbuf_16)
                                                         clknet_0_clk (net)
                      0.067952    0.000646    0.401846 ^ clkbuf_1_1__f_clk/A (sky130_fd_sc_hd__clkbuf_16)
     3    0.010159    0.055128    0.206654    0.608500 ^ clkbuf_1_1__f_clk/X (sky130_fd_sc_hd__clkbuf_16)
                                                         clknet_1_1__leaf_clk (net)
                      0.055128    0.000270    0.608770 ^ _13_/CLK (sky130_fd_sc_hd__dfrtp_1)
     4    0.011775    0.188046    0.728092    1.336862 ^ _13_/Q (sky130_fd_sc_hd__dfrtp_1)
                                                         net3 (net)
                      0.188046    0.000314    1.337176 ^ output3/A (sky130_fd_sc_hd__buf_2)
     1    0.033980    0.270218    0.397271    1.734447 ^ output3/X (sky130_fd_sc_hd__buf_2)
                                                         count[1] (net)
                      0.270218    0.000625    1.735072 ^ count[1] (out)
                                              1.735072   data arrival time

                                  0.000000    0.000000   clock clk (rise edge)
                                  0.000000    0.000000   clock network delay (propagated)
                                  0.250000    0.250000   clock uncertainty
                                  0.000000    0.250000   clock reconvergence pessimism
                                 -4.000000   -3.750000   output external delay
                                             -3.750000   data required time
---------------------------------------------------------------------------------------------
                                             -3.750000   data required time
                                             -1.735072   data arrival time
---------------------------------------------------------------------------------------------
                                              5.485072   slack (MET)



