
===========================================================================
 report_power
============================================================================
======================= min_tt_025C_1v80 Corner ===================================

Group                    Internal    Switching      Leakage        Total
                            Power        Power        Power        Power (Watts)
------------------------------------------------------------------------
Sequential           1.215876e-05 1.410153e-06 4.607360e-11 1.356896e-05  21.8%
Combinational        3.397189e-06 5.291394e-06 9.836668e-11 8.688681e-06  14.0%
Clock                3.381531e-05 6.035438e-06 1.050102e-10 3.985086e-05  64.2%
Macro                0.000000e+00 0.000000e+00 0.000000e+00 0.000000e+00   0.0%
Pad                  0.000000e+00 0.000000e+00 0.000000e+00 0.000000e+00   0.0%
------------------------------------------------------------------------
Total                4.937126e-05 1.273699e-05 2.494505e-10 6.210850e-05 100.0%
                            79.5%        20.5%         0.0%

