Clock: clk
Sources: clk 
Generated: no
Virtual: yes
Propagated: no
Period: 15.000000

===========================================================================
report_clock_properties
============================================================================
Clock                   Period          Waveform
----------------------------------------------------
clk                  15.000000    0.000000  7.500000

===========================================================================
report_clock_latency
============================================================================
Clock clk
rise -> rise
    min     max
0.000000 0.000000 source latency
0.240566         network latency _12_/CLK
        0.241602 network latency _15_/CLK
---------------
0.240566 0.241602 latency
        0.001036 skew

fall -> fall
    min     max
0.000000 0.000000 source latency
0.217246         network latency _12_/CLK
        0.218207 network latency _15_/CLK
---------------
0.217246 0.218207 latency
        0.000961 skew



===========================================================================
report_clock_min_period
============================================================================
clk period_min = 1.42 fmax = 703.57
