
===========================================================================
 report_power
============================================================================
======================= max_ff_n40C_1v95 Corner ===================================

Group                    Internal    Switching      Leakage        Total
                            Power        Power        Power        Power (Watts)
------------------------------------------------------------------------
Sequential           1.264687e-05 0.000000e+00 6.075800e-11 1.264693e-05  21.1%
Combinational        6.141897e-08 2.186526e-07 2.028672e-10 2.802744e-07   0.5%
Clock                3.888494e-05 8.214675e-06 2.476741e-09 4.710209e-05  78.5%
Macro                0.000000e+00 0.000000e+00 0.000000e+00 0.000000e+00   0.0%
Pad                  0.000000e+00 0.000000e+00 0.000000e+00 0.000000e+00   0.0%
------------------------------------------------------------------------
Total                5.159323e-05 8.433328e-06 2.740366e-09 6.002930e-05 100.0%
                            85.9%        14.0%         0.0%

