Reading timing models for corner max_ff_n40C_1v95…
Reading cell library for the 'max_ff_n40C_1v95' corner at '/home/jihan/.volare/volare/sky130/versions/0fe599b2afb6708d281543108caf8310912f54af/sky130A/libs.ref/sky130_fd_sc_hd/lib/sky130_fd_sc_hd__ff_n40C_1v95.lib'…
Reading top-level netlist at '/home/jihan/projects/openlane_flow/designs/counter_4bit/runs/RUN_2025-12-04_01-46-29/51-openroad-fillinsertion/counter_4bit.nl.v'…
Linking design 'counter_4bit' from netlist…
Warning: /home/jihan/projects/openlane_flow/designs/counter_4bit/runs/RUN_2025-12-04_01-46-29/51-openroad-fillinsertion/counter_4bit.nl.v line 194, module sky130_fd_sc_hd__tapvpwrvgnd_1 not found. Creating black box for TAP_TAPCELL_ROW_0_130.
Warning: /home/jihan/projects/openlane_flow/designs/counter_4bit/runs/RUN_2025-12-04_01-46-29/51-openroad-fillinsertion/counter_4bit.nl.v line 691, module sky130_ef_sc_hd__decap_12 not found. Creating black box for FILLER_0_3.
Warning: /home/jihan/projects/openlane_flow/designs/counter_4bit/runs/RUN_2025-12-04_01-46-29/51-openroad-fillinsertion/counter_4bit.nl.v line 693, module sky130_fd_sc_hd__fill_1 not found. Creating black box for FILLER_0_27.
Warning: /home/jihan/projects/openlane_flow/designs/counter_4bit/runs/RUN_2025-12-04_01-46-29/51-openroad-fillinsertion/counter_4bit.nl.v line 734, module sky130_fd_sc_hd__fill_2 not found. Creating black box for FILLER_0_405.
Reading design constraints file at '/nix/store/ss2cw3sxbrwwx9jl0rrppbw4kgcmgi2n-python3-3.11.9-env/lib/python3.11/site-packages/openlane/scripts/base.sdc'…
[INFO] Using clock clk…
[INFO] Setting output delay to: 3.0
[INFO] Setting input delay to: 3.0
[INFO] Setting load to: 0.033442
[INFO] Setting clock uncertainty to: 0.25
[INFO] Setting clock transition to: 0.1499999999999999944488848768742172978818416595458984375
[INFO] Setting timing derate to: 5%
Reading top-level design parasitics for the 'max_ff_n40C_1v95' corner at '/home/jihan/projects/openlane_flow/designs/counter_4bit/runs/RUN_2025-12-04_01-46-29/53-openroad-rcx/max/counter_4bit.max.spef'…
%OL_CREATE_REPORT min.rpt

===========================================================================
report_checks -path_delay min (Hold)
============================================================================
======================= max_ff_n40C_1v95 Corner ===================================

Startpoint: _14_ (rising edge-triggered flip-flop clocked by clk)
Endpoint: _14_ (rising edge-triggered flip-flop clocked by clk)
Path Group: clk
Path Type: min

Fanout         Cap        Slew       Delay        Time   Description
---------------------------------------------------------------------------------------------
                                  0.000000    0.000000   clock clk (rise edge)
                                  0.000000    0.000000   clock source latency
     1    0.026287    0.092561    0.063951    0.063951 ^ clk (in)
                                                         clk (net)
                      0.092577    0.000000    0.063951 ^ clkbuf_0_clk/A (sky130_fd_sc_hd__clkbuf_16)
     2    0.019043    0.031354    0.100449    0.164399 ^ clkbuf_0_clk/X (sky130_fd_sc_hd__clkbuf_16)
                                                         clknet_0_clk (net)
                      0.031368    0.001011    0.165410 ^ clkbuf_1_0__f_clk/A (sky130_fd_sc_hd__clkbuf_16)
     2    0.006206    0.021836    0.074830    0.240240 ^ clkbuf_1_0__f_clk/X (sky130_fd_sc_hd__clkbuf_16)
                                                         clknet_1_0__leaf_clk (net)
                      0.021838    0.000375    0.240614 ^ _14_/CLK (sky130_fd_sc_hd__dfrtp_1)
     3    0.009155    0.069388    0.225096    0.465710 ^ _14_/Q (sky130_fd_sc_hd__dfrtp_1)
                                                         net4 (net)
                      0.069390    0.000475    0.466185 ^ _08_/C (sky130_fd_sc_hd__and3_1)
     2    0.010686    0.086942    0.135850    0.602035 ^ _08_/X (sky130_fd_sc_hd__and3_1)
                                                         _05_ (net)
                      0.086945    0.000626    0.602661 ^ _09_/B (sky130_fd_sc_hd__nor2_1)
     1    0.002741    0.020728    0.025149    0.627809 v _09_/Y (sky130_fd_sc_hd__nor2_1)
                                                         _02_ (net)
                      0.020728    0.000184    0.627994 v _14_/D (sky130_fd_sc_hd__dfrtp_1)
                                              0.627994   data arrival time

                                  0.000000    0.000000   clock clk (rise edge)
                                  0.000000    0.000000   clock source latency
     1    0.026287    0.092561    0.063951    0.063951 ^ clk (in)
                                                         clk (net)
                      0.092577    0.000000    0.063951 ^ clkbuf_0_clk/A (sky130_fd_sc_hd__clkbuf_16)
     2    0.019043    0.031354    0.100449    0.164399 ^ clkbuf_0_clk/X (sky130_fd_sc_hd__clkbuf_16)
                                                         clknet_0_clk (net)
                      0.031368    0.001011    0.165410 ^ clkbuf_1_0__f_clk/A (sky130_fd_sc_hd__clkbuf_16)
     2    0.006206    0.021836    0.074830    0.240240 ^ clkbuf_1_0__f_clk/X (sky130_fd_sc_hd__clkbuf_16)
                                                         clknet_1_0__leaf_clk (net)
                      0.021838    0.000375    0.240614 ^ _14_/CLK (sky130_fd_sc_hd__dfrtp_1)
                                  0.250000    0.490614   clock uncertainty
                                  0.000000    0.490614   clock reconvergence pessimism
                                 -0.029620    0.460994   library hold time
                                              0.460994   data required time
---------------------------------------------------------------------------------------------
                                              0.460994   data required time
                                             -0.627994   data arrival time
---------------------------------------------------------------------------------------------
                                              0.166999   slack (MET)


Startpoint: _14_ (rising edge-triggered flip-flop clocked by clk)
Endpoint: _15_ (rising edge-triggered flip-flop clocked by clk)
Path Group: clk
Path Type: min

Fanout         Cap        Slew       Delay        Time   Description
---------------------------------------------------------------------------------------------
                                  0.000000    0.000000   clock clk (rise edge)
                                  0.000000    0.000000   clock source latency
     1    0.026287    0.092561    0.063951    0.063951 ^ clk (in)
                                                         clk (net)
                      0.092577    0.000000    0.063951 ^ clkbuf_0_clk/A (sky130_fd_sc_hd__clkbuf_16)
     2    0.019043    0.031354    0.100449    0.164399 ^ clkbuf_0_clk/X (sky130_fd_sc_hd__clkbuf_16)
                                                         clknet_0_clk (net)
                      0.031368    0.001011    0.165410 ^ clkbuf_1_0__f_clk/A (sky130_fd_sc_hd__clkbuf_16)
     2    0.006206    0.021836    0.074830    0.240240 ^ clkbuf_1_0__f_clk/X (sky130_fd_sc_hd__clkbuf_16)
                                                         clknet_1_0__leaf_clk (net)
                      0.021838    0.000375    0.240614 ^ _14_/CLK (sky130_fd_sc_hd__dfrtp_1)
     3    0.009155    0.069388    0.225096    0.465710 ^ _14_/Q (sky130_fd_sc_hd__dfrtp_1)
                                                         net4 (net)
                      0.069390    0.000475    0.466185 ^ _08_/C (sky130_fd_sc_hd__and3_1)
     2    0.010686    0.086942    0.135850    0.602035 ^ _08_/X (sky130_fd_sc_hd__and3_1)
                                                         _05_ (net)
                      0.086947    0.000750    0.602786 ^ _10_/B (sky130_fd_sc_hd__xor2_1)
     1    0.002421    0.023949    0.038736    0.641521 v _10_/X (sky130_fd_sc_hd__xor2_1)
                                                         _03_ (net)
                      0.023949    0.000111    0.641633 v _15_/D (sky130_fd_sc_hd__dfrtp_1)
                                              0.641633   data arrival time

                                  0.000000    0.000000   clock clk (rise edge)
                                  0.000000    0.000000   clock source latency
     1    0.026287    0.092561    0.063951    0.063951 ^ clk (in)
                                                         clk (net)
                      0.092577    0.000000    0.063951 ^ clkbuf_0_clk/A (sky130_fd_sc_hd__clkbuf_16)
     2    0.019043    0.031354    0.100449    0.164399 ^ clkbuf_0_clk/X (sky130_fd_sc_hd__clkbuf_16)
                                                         clknet_0_clk (net)
                      0.031368    0.000992    0.165391 ^ clkbuf_1_1__f_clk/A (sky130_fd_sc_hd__clkbuf_16)
     2    0.007156    0.022526    0.075601    0.240992 ^ clkbuf_1_1__f_clk/X (sky130_fd_sc_hd__clkbuf_16)
                                                         clknet_1_1__leaf_clk (net)
                      0.022530    0.000610    0.241602 ^ _15_/CLK (sky130_fd_sc_hd__dfrtp_1)
                                  0.250000    0.491602   clock uncertainty
                                  0.000000    0.491602   clock reconvergence pessimism
                                 -0.030599    0.461003   library hold time
                                              0.461003   data required time
---------------------------------------------------------------------------------------------
                                              0.461003   data required time
                                             -0.641633   data arrival time
---------------------------------------------------------------------------------------------
                                              0.180629   slack (MET)


Startpoint: _12_ (rising edge-triggered flip-flop clocked by clk)
Endpoint: _13_ (rising edge-triggered flip-flop clocked by clk)
Path Group: clk
Path Type: min

Fanout         Cap        Slew       Delay        Time   Description
---------------------------------------------------------------------------------------------
                                  0.000000    0.000000   clock clk (rise edge)
                                  0.000000    0.000000   clock source latency
     1    0.026287    0.092561    0.063951    0.063951 ^ clk (in)
                                                         clk (net)
                      0.092577    0.000000    0.063951 ^ clkbuf_0_clk/A (sky130_fd_sc_hd__clkbuf_16)
     2    0.019043    0.031354    0.100449    0.164399 ^ clkbuf_0_clk/X (sky130_fd_sc_hd__clkbuf_16)
                                                         clknet_0_clk (net)
                      0.031368    0.001011    0.165410 ^ clkbuf_1_0__f_clk/A (sky130_fd_sc_hd__clkbuf_16)
     2    0.006206    0.021836    0.074830    0.240240 ^ clkbuf_1_0__f_clk/X (sky130_fd_sc_hd__clkbuf_16)
                                                         clknet_1_0__leaf_clk (net)
                      0.021837    0.000326    0.240566 ^ _12_/CLK (sky130_fd_sc_hd__dfrtp_1)
     5    0.017820    0.123400    0.264391    0.504957 ^ _12_/Q (sky130_fd_sc_hd__dfrtp_1)
                                                         net2 (net)
                      0.123410    0.001178    0.506135 ^ _11_/B (sky130_fd_sc_hd__xor2_1)
     1    0.002249    0.023428    0.041248    0.547383 v _11_/X (sky130_fd_sc_hd__xor2_1)
                                                         _01_ (net)
                      0.023428    0.000107    0.547489 v hold3/A (sky130_fd_sc_hd__dlygate4sd3_1)
     1    0.003048    0.039215    0.358453    0.905942 v hold3/X (sky130_fd_sc_hd__dlygate4sd3_1)
                                                         net8 (net)
                      0.039215    0.000226    0.906168 v _13_/D (sky130_fd_sc_hd__dfrtp_1)
                                              0.906168   data arrival time

                                  0.000000    0.000000   clock clk (rise edge)
                                  0.000000    0.000000   clock source latency
     1    0.026287    0.092561    0.063951    0.063951 ^ clk (in)
                                                         clk (net)
                      0.092577    0.000000    0.063951 ^ clkbuf_0_clk/A (sky130_fd_sc_hd__clkbuf_16)
     2    0.019043    0.031354    0.100449    0.164399 ^ clkbuf_0_clk/X (sky130_fd_sc_hd__clkbuf_16)
                                                         clknet_0_clk (net)
                      0.031368    0.000992    0.165391 ^ clkbuf_1_1__f_clk/A (sky130_fd_sc_hd__clkbuf_16)
     2    0.007156    0.022526    0.075601    0.240992 ^ clkbuf_1_1__f_clk/X (sky130_fd_sc_hd__clkbuf_16)
                                                         clknet_1_1__leaf_clk (net)
                      0.022529    0.000490    0.241483 ^ _13_/CLK (sky130_fd_sc_hd__dfrtp_1)
                                  0.250000    0.491483   clock uncertainty
                                  0.000000    0.491483   clock reconvergence pessimism
                                 -0.035562    0.455921   library hold time
                                              0.455921   data required time
---------------------------------------------------------------------------------------------
                                              0.455921   data required time
                                             -0.906168   data arrival time
---------------------------------------------------------------------------------------------
                                              0.450247   slack (MET)


Startpoint: _12_ (rising edge-triggered flip-flop clocked by clk)
Endpoint: _12_ (rising edge-triggered flip-flop clocked by clk)
Path Group: clk
Path Type: min

Fanout         Cap        Slew       Delay        Time   Description
---------------------------------------------------------------------------------------------
                                  0.000000    0.000000   clock clk (rise edge)
                                  0.000000    0.000000   clock source latency
     1    0.026287    0.092561    0.063951    0.063951 ^ clk (in)
                                                         clk (net)
                      0.092577    0.000000    0.063951 ^ clkbuf_0_clk/A (sky130_fd_sc_hd__clkbuf_16)
     2    0.019043    0.031354    0.100449    0.164399 ^ clkbuf_0_clk/X (sky130_fd_sc_hd__clkbuf_16)
                                                         clknet_0_clk (net)
                      0.031368    0.001011    0.165410 ^ clkbuf_1_0__f_clk/A (sky130_fd_sc_hd__clkbuf_16)
     2    0.006206    0.021836    0.074830    0.240240 ^ clkbuf_1_0__f_clk/X (sky130_fd_sc_hd__clkbuf_16)
                                                         clknet_1_0__leaf_clk (net)
                      0.021837    0.000326    0.240566 ^ _12_/CLK (sky130_fd_sc_hd__dfrtp_1)
     5    0.016869    0.070579    0.264065    0.504631 v _12_/Q (sky130_fd_sc_hd__dfrtp_1)
                                                         net2 (net)
                      0.070586    0.000777    0.505408 v hold4/A (sky130_fd_sc_hd__dlygate4sd3_1)
     1    0.005865    0.048664    0.390177    0.895585 v hold4/X (sky130_fd_sc_hd__dlygate4sd3_1)
                                                         net9 (net)
                      0.048664    0.000431    0.896015 v _06_/A (sky130_fd_sc_hd__inv_2)
     1    0.004206    0.023796    0.037842    0.933857 ^ _06_/Y (sky130_fd_sc_hd__inv_2)
                                                         _00_ (net)
                      0.023801    0.000315    0.934172 ^ _12_/D (sky130_fd_sc_hd__dfrtp_1)
                                              0.934172   data arrival time

                                  0.000000    0.000000   clock clk (rise edge)
                                  0.000000    0.000000   clock source latency
     1    0.026287    0.092561    0.063951    0.063951 ^ clk (in)
                                                         clk (net)
                      0.092577    0.000000    0.063951 ^ clkbuf_0_clk/A (sky130_fd_sc_hd__clkbuf_16)
     2    0.019043    0.031354    0.100449    0.164399 ^ clkbuf_0_clk/X (sky130_fd_sc_hd__clkbuf_16)
                                                         clknet_0_clk (net)
                      0.031368    0.001011    0.165410 ^ clkbuf_1_0__f_clk/A (sky130_fd_sc_hd__clkbuf_16)
     2    0.006206    0.021836    0.074830    0.240240 ^ clkbuf_1_0__f_clk/X (sky130_fd_sc_hd__clkbuf_16)
                                                         clknet_1_0__leaf_clk (net)
                      0.021837    0.000326    0.240566 ^ _12_/CLK (sky130_fd_sc_hd__dfrtp_1)
                                  0.250000    0.490566   clock uncertainty
                                  0.000000    0.490566   clock reconvergence pessimism
                                 -0.019488    0.471078   library hold time
                                              0.471078   data required time
---------------------------------------------------------------------------------------------
                                              0.471078   data required time
                                             -0.934172   data arrival time
---------------------------------------------------------------------------------------------
                                              0.463095   slack (MET)


Startpoint: rst_n (input port clocked by clk)
Endpoint: _15_ (removal check against rising-edge clock clk)
Path Group: asynchronous
Path Type: min

Fanout         Cap        Slew       Delay        Time   Description
---------------------------------------------------------------------------------------------
                                  0.000000    0.000000   clock clk (rise edge)
                                  0.000000    0.000000   clock network delay (propagated)
                                  3.000000    3.000000 ^ input external delay
     1    0.004200    0.018901    0.010967    3.010967 ^ rst_n (in)
                                                         rst_n (net)
                      0.018903    0.000000    3.010967 ^ input1/A (sky130_fd_sc_hd__buf_1)
     4    0.017251    0.154328    0.133127    3.144094 ^ input1/X (sky130_fd_sc_hd__buf_1)
                                                         net1 (net)
                      0.154333    0.000758    3.144852 ^ _15_/RESET_B (sky130_fd_sc_hd__dfrtp_1)
                                              3.144852   data arrival time

                                  0.000000    0.000000   clock clk (rise edge)
                                  0.000000    0.000000   clock source latency
     1    0.026287    0.092561    0.063951    0.063951 ^ clk (in)
                                                         clk (net)
                      0.092577    0.000000    0.063951 ^ clkbuf_0_clk/A (sky130_fd_sc_hd__clkbuf_16)
     2    0.019043    0.031354    0.100449    0.164399 ^ clkbuf_0_clk/X (sky130_fd_sc_hd__clkbuf_16)
                                                         clknet_0_clk (net)
                      0.031368    0.000992    0.165391 ^ clkbuf_1_1__f_clk/A (sky130_fd_sc_hd__clkbuf_16)
     2    0.007156    0.022526    0.075601    0.240992 ^ clkbuf_1_1__f_clk/X (sky130_fd_sc_hd__clkbuf_16)
                                                         clknet_1_1__leaf_clk (net)
                      0.022530    0.000610    0.241602 ^ _15_/CLK (sky130_fd_sc_hd__dfrtp_1)
                                  0.250000    0.491602   clock uncertainty
                                  0.000000    0.491602   clock reconvergence pessimism
                                  0.228049    0.719651   library removal time
                                              0.719651   data required time
---------------------------------------------------------------------------------------------
                                              0.719651   data required time
                                             -3.144852   data arrival time
---------------------------------------------------------------------------------------------
                                              2.425200   slack (MET)


Startpoint: rst_n (input port clocked by clk)
Endpoint: _13_ (removal check against rising-edge clock clk)
Path Group: asynchronous
Path Type: min

Fanout         Cap        Slew       Delay        Time   Description
---------------------------------------------------------------------------------------------
                                  0.000000    0.000000   clock clk (rise edge)
                                  0.000000    0.000000   clock network delay (propagated)
                                  3.000000    3.000000 ^ input external delay
     1    0.004200    0.018901    0.010967    3.010967 ^ rst_n (in)
                                                         rst_n (net)
                      0.018903    0.000000    3.010967 ^ input1/A (sky130_fd_sc_hd__buf_1)
     4    0.017251    0.154328    0.133127    3.144094 ^ input1/X (sky130_fd_sc_hd__buf_1)
                                                         net1 (net)
                      0.154334    0.000836    3.144930 ^ _13_/RESET_B (sky130_fd_sc_hd__dfrtp_1)
                                              3.144930   data arrival time

                                  0.000000    0.000000   clock clk (rise edge)
                                  0.000000    0.000000   clock source latency
     1    0.026287    0.092561    0.063951    0.063951 ^ clk (in)
                                                         clk (net)
                      0.092577    0.000000    0.063951 ^ clkbuf_0_clk/A (sky130_fd_sc_hd__clkbuf_16)
     2    0.019043    0.031354    0.100449    0.164399 ^ clkbuf_0_clk/X (sky130_fd_sc_hd__clkbuf_16)
                                                         clknet_0_clk (net)
                      0.031368    0.000992    0.165391 ^ clkbuf_1_1__f_clk/A (sky130_fd_sc_hd__clkbuf_16)
     2    0.007156    0.022526    0.075601    0.240992 ^ clkbuf_1_1__f_clk/X (sky130_fd_sc_hd__clkbuf_16)
                                                         clknet_1_1__leaf_clk (net)
                      0.022529    0.000490    0.241483 ^ _13_/CLK (sky130_fd_sc_hd__dfrtp_1)
                                  0.250000    0.491483   clock uncertainty
                                  0.000000    0.491483   clock reconvergence pessimism
                                  0.228050    0.719532   library removal time
                                              0.719532   data required time
---------------------------------------------------------------------------------------------
                                              0.719532   data required time
                                             -3.144930   data arrival time
---------------------------------------------------------------------------------------------
                                              2.425398   slack (MET)


Startpoint: rst_n (input port clocked by clk)
Endpoint: _12_ (removal check against rising-edge clock clk)
Path Group: asynchronous
Path Type: min

Fanout         Cap        Slew       Delay        Time   Description
---------------------------------------------------------------------------------------------
                                  0.000000    0.000000   clock clk (rise edge)
                                  0.000000    0.000000   clock network delay (propagated)
                                  3.000000    3.000000 ^ input external delay
     1    0.004200    0.018901    0.010967    3.010967 ^ rst_n (in)
                                                         rst_n (net)
                      0.018903    0.000000    3.010967 ^ input1/A (sky130_fd_sc_hd__buf_1)
     4    0.017251    0.154328    0.133127    3.144094 ^ input1/X (sky130_fd_sc_hd__buf_1)
                                                         net1 (net)
                      0.154333    0.000733    3.144827 ^ _12_/RESET_B (sky130_fd_sc_hd__dfrtp_1)
                                              3.144827   data arrival time

                                  0.000000    0.000000   clock clk (rise edge)
                                  0.000000    0.000000   clock source latency
     1    0.026287    0.092561    0.063951    0.063951 ^ clk (in)
                                                         clk (net)
                      0.092577    0.000000    0.063951 ^ clkbuf_0_clk/A (sky130_fd_sc_hd__clkbuf_16)
     2    0.019043    0.031354    0.100449    0.164399 ^ clkbuf_0_clk/X (sky130_fd_sc_hd__clkbuf_16)
                                                         clknet_0_clk (net)
                      0.031368    0.001011    0.165410 ^ clkbuf_1_0__f_clk/A (sky130_fd_sc_hd__clkbuf_16)
     2    0.006206    0.021836    0.074830    0.240240 ^ clkbuf_1_0__f_clk/X (sky130_fd_sc_hd__clkbuf_16)
                                                         clknet_1_0__leaf_clk (net)
                      0.021837    0.000326    0.240566 ^ _12_/CLK (sky130_fd_sc_hd__dfrtp_1)
                                  0.250000    0.490566   clock uncertainty
                                  0.000000    0.490566   clock reconvergence pessimism
                                  0.227955    0.718521   library removal time
                                              0.718521   data required time
---------------------------------------------------------------------------------------------
                                              0.718521   data required time
                                             -3.144827   data arrival time
---------------------------------------------------------------------------------------------
                                              2.426306   slack (MET)


Startpoint: rst_n (input port clocked by clk)
Endpoint: _14_ (removal check against rising-edge clock clk)
Path Group: asynchronous
Path Type: min

Fanout         Cap        Slew       Delay        Time   Description
---------------------------------------------------------------------------------------------
                                  0.000000    0.000000   clock clk (rise edge)
                                  0.000000    0.000000   clock network delay (propagated)
                                  3.000000    3.000000 ^ input external delay
     1    0.004200    0.018901    0.010967    3.010967 ^ rst_n (in)
                                                         rst_n (net)
                      0.018903    0.000000    3.010967 ^ input1/A (sky130_fd_sc_hd__buf_1)
     4    0.017251    0.154328    0.133127    3.144094 ^ input1/X (sky130_fd_sc_hd__buf_1)
                                                         net1 (net)
                      0.154334    0.000812    3.144906 ^ _14_/RESET_B (sky130_fd_sc_hd__dfrtp_1)
                                              3.144906   data arrival time

                                  0.000000    0.000000   clock clk (rise edge)
                                  0.000000    0.000000   clock source latency
     1    0.026287    0.092561    0.063951    0.063951 ^ clk (in)
                                                         clk (net)
                      0.092577    0.000000    0.063951 ^ clkbuf_0_clk/A (sky130_fd_sc_hd__clkbuf_16)
     2    0.019043    0.031354    0.100449    0.164399 ^ clkbuf_0_clk/X (sky130_fd_sc_hd__clkbuf_16)
                                                         clknet_0_clk (net)
                      0.031368    0.001011    0.165410 ^ clkbuf_1_0__f_clk/A (sky130_fd_sc_hd__clkbuf_16)
     2    0.006206    0.021836    0.074830    0.240240 ^ clkbuf_1_0__f_clk/X (sky130_fd_sc_hd__clkbuf_16)
                                                         clknet_1_0__leaf_clk (net)
                      0.021838    0.000375    0.240614 ^ _14_/CLK (sky130_fd_sc_hd__dfrtp_1)
                                  0.250000    0.490614   clock uncertainty
                                  0.000000    0.490614   clock reconvergence pessimism
                                  0.227955    0.718570   library removal time
                                              0.718570   data required time
---------------------------------------------------------------------------------------------
                                              0.718570   data required time
                                             -3.144906   data arrival time
---------------------------------------------------------------------------------------------
                                              2.426336   slack (MET)


Startpoint: _15_ (rising edge-triggered flip-flop clocked by clk)
Endpoint: count[3] (output port clocked by clk)
Path Group: clk
Path Type: min

Fanout         Cap        Slew       Delay        Time   Description
---------------------------------------------------------------------------------------------
                                  0.000000    0.000000   clock clk (rise edge)
                                  0.000000    0.000000   clock source latency
     1    0.026287    0.092561    0.063951    0.063951 ^ clk (in)
                                                         clk (net)
                      0.092577    0.000000    0.063951 ^ clkbuf_0_clk/A (sky130_fd_sc_hd__clkbuf_16)
     2    0.019043    0.031354    0.100449    0.164399 ^ clkbuf_0_clk/X (sky130_fd_sc_hd__clkbuf_16)
                                                         clknet_0_clk (net)
                      0.031368    0.000992    0.165391 ^ clkbuf_1_1__f_clk/A (sky130_fd_sc_hd__clkbuf_16)
     2    0.007156    0.022526    0.075601    0.240992 ^ clkbuf_1_1__f_clk/X (sky130_fd_sc_hd__clkbuf_16)
                                                         clknet_1_1__leaf_clk (net)
                      0.022530    0.000610    0.241602 ^ _15_/CLK (sky130_fd_sc_hd__dfrtp_1)
     2    0.006201    0.038814    0.231433    0.473035 v _15_/Q (sky130_fd_sc_hd__dfrtp_1)
                                                         net5 (net)
                      0.038814    0.000397    0.473432 v output5/A (sky130_fd_sc_hd__buf_2)
     1    0.034165    0.062639    0.119907    0.593339 v output5/X (sky130_fd_sc_hd__buf_2)
                                                         count[3] (net)
                      0.062693    0.001642    0.594982 v count[3] (out)
                                              0.594982   data arrival time

                                  0.000000    0.000000   clock clk (rise edge)
                                  0.000000    0.000000   clock network delay (propagated)
                                  0.250000    0.250000   clock uncertainty
                                  0.000000    0.250000   clock reconvergence pessimism
                                 -3.000000   -2.750000   output external delay
                                             -2.750000   data required time
---------------------------------------------------------------------------------------------
                                             -2.750000   data required time
                                             -0.594982   data arrival time
---------------------------------------------------------------------------------------------
                                              3.344981   slack (MET)


Startpoint: _14_ (rising edge-triggered flip-flop clocked by clk)
Endpoint: count[2] (output port clocked by clk)
Path Group: clk
Path Type: min

Fanout         Cap        Slew       Delay        Time   Description
---------------------------------------------------------------------------------------------
                                  0.000000    0.000000   clock clk (rise edge)
                                  0.000000    0.000000   clock source latency
     1    0.026287    0.092561    0.063951    0.063951 ^ clk (in)
                                                         clk (net)
                      0.092577    0.000000    0.063951 ^ clkbuf_0_clk/A (sky130_fd_sc_hd__clkbuf_16)
     2    0.019043    0.031354    0.100449    0.164399 ^ clkbuf_0_clk/X (sky130_fd_sc_hd__clkbuf_16)
                                                         clknet_0_clk (net)
                      0.031368    0.001011    0.165410 ^ clkbuf_1_0__f_clk/A (sky130_fd_sc_hd__clkbuf_16)
     2    0.006206    0.021836    0.074830    0.240240 ^ clkbuf_1_0__f_clk/X (sky130_fd_sc_hd__clkbuf_16)
                                                         clknet_1_0__leaf_clk (net)
                      0.021838    0.000375    0.240614 ^ _14_/CLK (sky130_fd_sc_hd__dfrtp_1)
     3    0.008680    0.047272    0.240204    0.480818 v _14_/Q (sky130_fd_sc_hd__dfrtp_1)
                                                         net4 (net)
                      0.047276    0.000470    0.481289 v output4/A (sky130_fd_sc_hd__buf_2)
     1    0.034261    0.062790    0.123386    0.604674 v output4/X (sky130_fd_sc_hd__buf_2)
                                                         count[2] (net)
                      0.062847    0.001688    0.606363 v count[2] (out)
                                              0.606363   data arrival time

                                  0.000000    0.000000   clock clk (rise edge)
                                  0.000000    0.000000   clock network delay (propagated)
                                  0.250000    0.250000   clock uncertainty
                                  0.000000    0.250000   clock reconvergence pessimism
                                 -3.000000   -2.750000   output external delay
                                             -2.750000   data required time
---------------------------------------------------------------------------------------------
                                             -2.750000   data required time
                                             -0.606363   data arrival time
---------------------------------------------------------------------------------------------
                                              3.356363   slack (MET)


Startpoint: _13_ (rising edge-triggered flip-flop clocked by clk)
Endpoint: count[1] (output port clocked by clk)
Path Group: clk
Path Type: min

Fanout         Cap        Slew       Delay        Time   Description
---------------------------------------------------------------------------------------------
                                  0.000000    0.000000   clock clk (rise edge)
                                  0.000000    0.000000   clock source latency
     1    0.026287    0.092561    0.063951    0.063951 ^ clk (in)
                                                         clk (net)
                      0.092577    0.000000    0.063951 ^ clkbuf_0_clk/A (sky130_fd_sc_hd__clkbuf_16)
     2    0.019043    0.031354    0.100449    0.164399 ^ clkbuf_0_clk/X (sky130_fd_sc_hd__clkbuf_16)
                                                         clknet_0_clk (net)
                      0.031368    0.000992    0.165391 ^ clkbuf_1_1__f_clk/A (sky130_fd_sc_hd__clkbuf_16)
     2    0.007156    0.022526    0.075601    0.240992 ^ clkbuf_1_1__f_clk/X (sky130_fd_sc_hd__clkbuf_16)
                                                         clknet_1_1__leaf_clk (net)
                      0.022529    0.000490    0.241483 ^ _13_/CLK (sky130_fd_sc_hd__dfrtp_1)
     4    0.010640    0.052063    0.247476    0.488959 v _13_/Q (sky130_fd_sc_hd__dfrtp_1)
                                                         net3 (net)
                      0.052069    0.000545    0.489504 v output3/A (sky130_fd_sc_hd__buf_2)
     1    0.034978    0.063853    0.126220    0.615724 v output3/X (sky130_fd_sc_hd__buf_2)
                                                         count[1] (net)
                      0.063908    0.001698    0.617422 v count[1] (out)
                                              0.617422   data arrival time

                                  0.000000    0.000000   clock clk (rise edge)
                                  0.000000    0.000000   clock network delay (propagated)
                                  0.250000    0.250000   clock uncertainty
                                  0.000000    0.250000   clock reconvergence pessimism
                                 -3.000000   -2.750000   output external delay
                                             -2.750000   data required time
---------------------------------------------------------------------------------------------
                                             -2.750000   data required time
                                             -0.617422   data arrival time
---------------------------------------------------------------------------------------------
                                              3.367422   slack (MET)


Startpoint: _12_ (rising edge-triggered flip-flop clocked by clk)
Endpoint: count[0] (output port clocked by clk)
Path Group: clk
Path Type: min

Fanout         Cap        Slew       Delay        Time   Description
---------------------------------------------------------------------------------------------
                                  0.000000    0.000000   clock clk (rise edge)
                                  0.000000    0.000000   clock source latency
     1    0.026287    0.092561    0.063951    0.063951 ^ clk (in)
                                                         clk (net)
                      0.092577    0.000000    0.063951 ^ clkbuf_0_clk/A (sky130_fd_sc_hd__clkbuf_16)
     2    0.019043    0.031354    0.100449    0.164399 ^ clkbuf_0_clk/X (sky130_fd_sc_hd__clkbuf_16)
                                                         clknet_0_clk (net)
                      0.031368    0.001011    0.165410 ^ clkbuf_1_0__f_clk/A (sky130_fd_sc_hd__clkbuf_16)
     2    0.006206    0.021836    0.074830    0.240240 ^ clkbuf_1_0__f_clk/X (sky130_fd_sc_hd__clkbuf_16)
                                                         clknet_1_0__leaf_clk (net)
                      0.021837    0.000326    0.240566 ^ _12_/CLK (sky130_fd_sc_hd__dfrtp_1)
     5    0.016869    0.070579    0.264065    0.504631 v _12_/Q (sky130_fd_sc_hd__dfrtp_1)
                                                         net2 (net)
                      0.070598    0.001129    0.505760 v output2/A (sky130_fd_sc_hd__buf_2)
     1    0.034048    0.062513    0.132615    0.638375 v output2/X (sky130_fd_sc_hd__buf_2)
                                                         count[0] (net)
                      0.062565    0.001613    0.639989 v count[0] (out)
                                              0.639989   data arrival time

                                  0.000000    0.000000   clock clk (rise edge)
                                  0.000000    0.000000   clock network delay (propagated)
                                  0.250000    0.250000   clock uncertainty
                                  0.000000    0.250000   clock reconvergence pessimism
                                 -3.000000   -2.750000   output external delay
                                             -2.750000   data required time
---------------------------------------------------------------------------------------------
                                             -2.750000   data required time
                                             -0.639989   data arrival time
---------------------------------------------------------------------------------------------
                                              3.389988   slack (MET)



%OL_END_REPORT
%OL_CREATE_REPORT max.rpt

===========================================================================
report_checks -path_delay max (Setup)
============================================================================
======================= max_ff_n40C_1v95 Corner ===================================

Startpoint: _12_ (rising edge-triggered flip-flop clocked by clk)
Endpoint: count[0] (output port clocked by clk)
Path Group: clk
Path Type: max

Fanout         Cap        Slew       Delay        Time   Description
---------------------------------------------------------------------------------------------
                                  0.000000    0.000000   clock clk (rise edge)
                                  0.000000    0.000000   clock source latency
     1    0.026287    0.092561    0.063951    0.063951 ^ clk (in)
                                                         clk (net)
                      0.092577    0.000000    0.063951 ^ clkbuf_0_clk/A (sky130_fd_sc_hd__clkbuf_16)
     2    0.019043    0.031354    0.100449    0.164399 ^ clkbuf_0_clk/X (sky130_fd_sc_hd__clkbuf_16)
                                                         clknet_0_clk (net)
                      0.031368    0.001011    0.165410 ^ clkbuf_1_0__f_clk/A (sky130_fd_sc_hd__clkbuf_16)
     2    0.006206    0.021836    0.074830    0.240240 ^ clkbuf_1_0__f_clk/X (sky130_fd_sc_hd__clkbuf_16)
                                                         clknet_1_0__leaf_clk (net)
                      0.021837    0.000326    0.240566 ^ _12_/CLK (sky130_fd_sc_hd__dfrtp_1)
     5    0.017820    0.123400    0.264391    0.504957 ^ _12_/Q (sky130_fd_sc_hd__dfrtp_1)
                                                         net2 (net)
                      0.123410    0.001195    0.506152 ^ output2/A (sky130_fd_sc_hd__buf_2)
     1    0.034048    0.127054    0.158795    0.664947 ^ output2/X (sky130_fd_sc_hd__buf_2)
                                                         count[0] (net)
                      0.127125    0.001616    0.666564 ^ count[0] (out)
                                              0.666564   data arrival time

                                 15.000000   15.000000   clock clk (rise edge)
                                  0.000000   15.000000   clock network delay (propagated)
                                 -0.250000   14.750000   clock uncertainty
                                  0.000000   14.750000   clock reconvergence pessimism
                                 -3.000000   11.750000   output external delay
                                             11.750000   data required time
---------------------------------------------------------------------------------------------
                                             11.750000   data required time
                                             -0.666564   data arrival time
---------------------------------------------------------------------------------------------
                                             11.083437   slack (MET)


Startpoint: _13_ (rising edge-triggered flip-flop clocked by clk)
Endpoint: count[1] (output port clocked by clk)
Path Group: clk
Path Type: max

Fanout         Cap        Slew       Delay        Time   Description
---------------------------------------------------------------------------------------------
                                  0.000000    0.000000   clock clk (rise edge)
                                  0.000000    0.000000   clock source latency
     1    0.026287    0.092561    0.063951    0.063951 ^ clk (in)
                                                         clk (net)
                      0.092577    0.000000    0.063951 ^ clkbuf_0_clk/A (sky130_fd_sc_hd__clkbuf_16)
     2    0.019043    0.031354    0.100449    0.164399 ^ clkbuf_0_clk/X (sky130_fd_sc_hd__clkbuf_16)
                                                         clknet_0_clk (net)
                      0.031368    0.000992    0.165391 ^ clkbuf_1_1__f_clk/A (sky130_fd_sc_hd__clkbuf_16)
     2    0.007156    0.022526    0.075601    0.240992 ^ clkbuf_1_1__f_clk/X (sky130_fd_sc_hd__clkbuf_16)
                                                         clknet_1_1__leaf_clk (net)
                      0.022529    0.000490    0.241483 ^ _13_/CLK (sky130_fd_sc_hd__dfrtp_1)
     4    0.011189    0.081276    0.234883    0.476366 ^ _13_/Q (sky130_fd_sc_hd__dfrtp_1)
                                                         net3 (net)
                      0.081278    0.000576    0.476942 ^ output3/A (sky130_fd_sc_hd__buf_2)
     1    0.034978    0.130379    0.151483    0.628425 ^ output3/X (sky130_fd_sc_hd__buf_2)
                                                         count[1] (net)
                      0.130411    0.001701    0.630126 ^ count[1] (out)
                                              0.630126   data arrival time

                                 15.000000   15.000000   clock clk (rise edge)
                                  0.000000   15.000000   clock network delay (propagated)
                                 -0.250000   14.750000   clock uncertainty
                                  0.000000   14.750000   clock reconvergence pessimism
                                 -3.000000   11.750000   output external delay
                                             11.750000   data required time
---------------------------------------------------------------------------------------------
                                             11.750000   data required time
                                             -0.630126   data arrival time
---------------------------------------------------------------------------------------------
                                             11.119874   slack (MET)


Startpoint: _14_ (rising edge-triggered flip-flop clocked by clk)
Endpoint: count[2] (output port clocked by clk)
Path Group: clk
Path Type: max

Fanout         Cap        Slew       Delay        Time   Description
---------------------------------------------------------------------------------------------
                                  0.000000    0.000000   clock clk (rise edge)
                                  0.000000    0.000000   clock source latency
     1    0.026287    0.092561    0.063951    0.063951 ^ clk (in)
                                                         clk (net)
                      0.092577    0.000000    0.063951 ^ clkbuf_0_clk/A (sky130_fd_sc_hd__clkbuf_16)
     2    0.019043    0.031354    0.100449    0.164399 ^ clkbuf_0_clk/X (sky130_fd_sc_hd__clkbuf_16)
                                                         clknet_0_clk (net)
                      0.031368    0.001011    0.165410 ^ clkbuf_1_0__f_clk/A (sky130_fd_sc_hd__clkbuf_16)
     2    0.006206    0.021836    0.074830    0.240240 ^ clkbuf_1_0__f_clk/X (sky130_fd_sc_hd__clkbuf_16)
                                                         clknet_1_0__leaf_clk (net)
                      0.021838    0.000375    0.240614 ^ _14_/CLK (sky130_fd_sc_hd__dfrtp_1)
     3    0.009155    0.069388    0.225096    0.465710 ^ _14_/Q (sky130_fd_sc_hd__dfrtp_1)
                                                         net4 (net)
                      0.069390    0.000496    0.466206 ^ output4/A (sky130_fd_sc_hd__buf_2)
     1    0.034261    0.127846    0.146989    0.613195 ^ output4/X (sky130_fd_sc_hd__buf_2)
                                                         count[2] (net)
                      0.127879    0.001692    0.614887 ^ count[2] (out)
                                              0.614887   data arrival time

                                 15.000000   15.000000   clock clk (rise edge)
                                  0.000000   15.000000   clock network delay (propagated)
                                 -0.250000   14.750000   clock uncertainty
                                  0.000000   14.750000   clock reconvergence pessimism
                                 -3.000000   11.750000   output external delay
                                             11.750000   data required time
---------------------------------------------------------------------------------------------
                                             11.750000   data required time
                                             -0.614887   data arrival time
---------------------------------------------------------------------------------------------
                                             11.135114   slack (MET)


Startpoint: _15_ (rising edge-triggered flip-flop clocked by clk)
Endpoint: count[3] (output port clocked by clk)
Path Group: clk
Path Type: max

Fanout         Cap        Slew       Delay        Time   Description
---------------------------------------------------------------------------------------------
                                  0.000000    0.000000   clock clk (rise edge)
                                  0.000000    0.000000   clock source latency
     1    0.026287    0.092561    0.063951    0.063951 ^ clk (in)
                                                         clk (net)
                      0.092577    0.000000    0.063951 ^ clkbuf_0_clk/A (sky130_fd_sc_hd__clkbuf_16)
     2    0.019043    0.031354    0.100449    0.164399 ^ clkbuf_0_clk/X (sky130_fd_sc_hd__clkbuf_16)
                                                         clknet_0_clk (net)
                      0.031368    0.000992    0.165391 ^ clkbuf_1_1__f_clk/A (sky130_fd_sc_hd__clkbuf_16)
     2    0.007156    0.022526    0.075601    0.240992 ^ clkbuf_1_1__f_clk/X (sky130_fd_sc_hd__clkbuf_16)
                                                         clknet_1_1__leaf_clk (net)
                      0.022530    0.000610    0.241602 ^ _15_/CLK (sky130_fd_sc_hd__dfrtp_1)
     2    0.006530    0.053445    0.212707    0.454309 ^ _15_/Q (sky130_fd_sc_hd__dfrtp_1)
                                                         net5 (net)
                      0.053447    0.000417    0.454727 ^ output5/A (sky130_fd_sc_hd__buf_2)
     1    0.034165    0.127891    0.143063    0.597790 ^ output5/X (sky130_fd_sc_hd__buf_2)
                                                         count[3] (net)
                      0.127921    0.001646    0.599436 ^ count[3] (out)
                                              0.599436   data arrival time

                                 15.000000   15.000000   clock clk (rise edge)
                                  0.000000   15.000000   clock network delay (propagated)
                                 -0.250000   14.750000   clock uncertainty
                                  0.000000   14.750000   clock reconvergence pessimism
                                 -3.000000   11.750000   output external delay
                                             11.750000   data required time
---------------------------------------------------------------------------------------------
                                             11.750000   data required time
                                             -0.599436   data arrival time
---------------------------------------------------------------------------------------------
                                             11.150564   slack (MET)


Startpoint: rst_n (input port clocked by clk)
Endpoint: _14_ (recovery check against rising-edge clock clk)
Path Group: asynchronous
Path Type: max

Fanout         Cap        Slew       Delay        Time   Description
---------------------------------------------------------------------------------------------
                                  0.000000    0.000000   clock clk (rise edge)
                                  0.000000    0.000000   clock network delay (propagated)
                                  3.000000    3.000000 ^ input external delay
     1    0.004200    0.018901    0.010967    3.010967 ^ rst_n (in)
                                                         rst_n (net)
                      0.018903    0.000000    3.010967 ^ input1/A (sky130_fd_sc_hd__buf_1)
     4    0.017251    0.154328    0.133127    3.144094 ^ input1/X (sky130_fd_sc_hd__buf_1)
                                                         net1 (net)
                      0.154334    0.000812    3.144906 ^ _14_/RESET_B (sky130_fd_sc_hd__dfrtp_1)
                                              3.144906   data arrival time

                                 15.000000   15.000000   clock clk (rise edge)
                                  0.000000   15.000000   clock source latency
     1    0.026287    0.092561    0.063951   15.063951 ^ clk (in)
                                                         clk (net)
                      0.092577    0.000000   15.063951 ^ clkbuf_0_clk/A (sky130_fd_sc_hd__clkbuf_16)
     2    0.019043    0.031354    0.100449   15.164400 ^ clkbuf_0_clk/X (sky130_fd_sc_hd__clkbuf_16)
                                                         clknet_0_clk (net)
                      0.031368    0.001011   15.165411 ^ clkbuf_1_0__f_clk/A (sky130_fd_sc_hd__clkbuf_16)
     2    0.006206    0.021836    0.074829   15.240240 ^ clkbuf_1_0__f_clk/X (sky130_fd_sc_hd__clkbuf_16)
                                                         clknet_1_0__leaf_clk (net)
                      0.021838    0.000375   15.240615 ^ _14_/CLK (sky130_fd_sc_hd__dfrtp_1)
                                 -0.250000   14.990616   clock uncertainty
                                  0.000000   14.990616   clock reconvergence pessimism
                                  0.119172   15.109788   library recovery time
                                             15.109788   data required time
---------------------------------------------------------------------------------------------
                                             15.109788   data required time
                                             -3.144906   data arrival time
---------------------------------------------------------------------------------------------
                                             11.964882   slack (MET)


Startpoint: rst_n (input port clocked by clk)
Endpoint: _12_ (recovery check against rising-edge clock clk)
Path Group: asynchronous
Path Type: max

Fanout         Cap        Slew       Delay        Time   Description
---------------------------------------------------------------------------------------------
                                  0.000000    0.000000   clock clk (rise edge)
                                  0.000000    0.000000   clock network delay (propagated)
                                  3.000000    3.000000 ^ input external delay
     1    0.004200    0.018901    0.010967    3.010967 ^ rst_n (in)
                                                         rst_n (net)
                      0.018903    0.000000    3.010967 ^ input1/A (sky130_fd_sc_hd__buf_1)
     4    0.017251    0.154328    0.133127    3.144094 ^ input1/X (sky130_fd_sc_hd__buf_1)
                                                         net1 (net)
                      0.154333    0.000733    3.144827 ^ _12_/RESET_B (sky130_fd_sc_hd__dfrtp_1)
                                              3.144827   data arrival time

                                 15.000000   15.000000   clock clk (rise edge)
                                  0.000000   15.000000   clock source latency
     1    0.026287    0.092561    0.063951   15.063951 ^ clk (in)
                                                         clk (net)
                      0.092577    0.000000   15.063951 ^ clkbuf_0_clk/A (sky130_fd_sc_hd__clkbuf_16)
     2    0.019043    0.031354    0.100449   15.164400 ^ clkbuf_0_clk/X (sky130_fd_sc_hd__clkbuf_16)
                                                         clknet_0_clk (net)
                      0.031368    0.001011   15.165411 ^ clkbuf_1_0__f_clk/A (sky130_fd_sc_hd__clkbuf_16)
     2    0.006206    0.021836    0.074829   15.240240 ^ clkbuf_1_0__f_clk/X (sky130_fd_sc_hd__clkbuf_16)
                                                         clknet_1_0__leaf_clk (net)
                      0.021837    0.000327   15.240566 ^ _12_/CLK (sky130_fd_sc_hd__dfrtp_1)
                                 -0.250000   14.990567   clock uncertainty
                                  0.000000   14.990567   clock reconvergence pessimism
                                  0.119172   15.109739   library recovery time
                                             15.109739   data required time
---------------------------------------------------------------------------------------------
                                             15.109739   data required time
                                             -3.144827   data arrival time
---------------------------------------------------------------------------------------------
                                             11.964913   slack (MET)


Startpoint: rst_n (input port clocked by clk)
Endpoint: _13_ (recovery check against rising-edge clock clk)
Path Group: asynchronous
Path Type: max

Fanout         Cap        Slew       Delay        Time   Description
---------------------------------------------------------------------------------------------
                                  0.000000    0.000000   clock clk (rise edge)
                                  0.000000    0.000000   clock network delay (propagated)
                                  3.000000    3.000000 ^ input external delay
     1    0.004200    0.018901    0.010967    3.010967 ^ rst_n (in)
                                                         rst_n (net)
                      0.018903    0.000000    3.010967 ^ input1/A (sky130_fd_sc_hd__buf_1)
     4    0.017251    0.154328    0.133127    3.144094 ^ input1/X (sky130_fd_sc_hd__buf_1)
                                                         net1 (net)
                      0.154334    0.000836    3.144930 ^ _13_/RESET_B (sky130_fd_sc_hd__dfrtp_1)
                                              3.144930   data arrival time

                                 15.000000   15.000000   clock clk (rise edge)
                                  0.000000   15.000000   clock source latency
     1    0.026287    0.092561    0.063951   15.063951 ^ clk (in)
                                                         clk (net)
                      0.092577    0.000000   15.063951 ^ clkbuf_0_clk/A (sky130_fd_sc_hd__clkbuf_16)
     2    0.019043    0.031354    0.100449   15.164400 ^ clkbuf_0_clk/X (sky130_fd_sc_hd__clkbuf_16)
                                                         clknet_0_clk (net)
                      0.031368    0.000991   15.165391 ^ clkbuf_1_1__f_clk/A (sky130_fd_sc_hd__clkbuf_16)
     2    0.007156    0.022526    0.075602   15.240993 ^ clkbuf_1_1__f_clk/X (sky130_fd_sc_hd__clkbuf_16)
                                                         clknet_1_1__leaf_clk (net)
                      0.022529    0.000490   15.241483 ^ _13_/CLK (sky130_fd_sc_hd__dfrtp_1)
                                 -0.250000   14.991484   clock uncertainty
                                  0.000000   14.991484   clock reconvergence pessimism
                                  0.119279   15.110763   library recovery time
                                             15.110763   data required time
---------------------------------------------------------------------------------------------
                                             15.110763   data required time
                                             -3.144930   data arrival time
---------------------------------------------------------------------------------------------
                                             11.965832   slack (MET)


Startpoint: rst_n (input port clocked by clk)
Endpoint: _15_ (recovery check against rising-edge clock clk)
Path Group: asynchronous
Path Type: max

Fanout         Cap        Slew       Delay        Time   Description
---------------------------------------------------------------------------------------------
                                  0.000000    0.000000   clock clk (rise edge)
                                  0.000000    0.000000   clock network delay (propagated)
                                  3.000000    3.000000 ^ input external delay
     1    0.004200    0.018901    0.010967    3.010967 ^ rst_n (in)
                                                         rst_n (net)
                      0.018903    0.000000    3.010967 ^ input1/A (sky130_fd_sc_hd__buf_1)
     4    0.017251    0.154328    0.133127    3.144094 ^ input1/X (sky130_fd_sc_hd__buf_1)
                                                         net1 (net)
                      0.154333    0.000758    3.144852 ^ _15_/RESET_B (sky130_fd_sc_hd__dfrtp_1)
                                              3.144852   data arrival time

                                 15.000000   15.000000   clock clk (rise edge)
                                  0.000000   15.000000   clock source latency
     1    0.026287    0.092561    0.063951   15.063951 ^ clk (in)
                                                         clk (net)
                      0.092577    0.000000   15.063951 ^ clkbuf_0_clk/A (sky130_fd_sc_hd__clkbuf_16)
     2    0.019043    0.031354    0.100449   15.164400 ^ clkbuf_0_clk/X (sky130_fd_sc_hd__clkbuf_16)
                                                         clknet_0_clk (net)
                      0.031368    0.000991   15.165391 ^ clkbuf_1_1__f_clk/A (sky130_fd_sc_hd__clkbuf_16)
     2    0.007156    0.022526    0.075602   15.240993 ^ clkbuf_1_1__f_clk/X (sky130_fd_sc_hd__clkbuf_16)
                                                         clknet_1_1__leaf_clk (net)
                      0.022530    0.000609   15.241602 ^ _15_/CLK (sky130_fd_sc_hd__dfrtp_1)
                                 -0.250000   14.991603   clock uncertainty
                                  0.000000   14.991603   clock reconvergence pessimism
                                  0.119279   15.110882   library recovery time
                                             15.110882   data required time
---------------------------------------------------------------------------------------------
                                             15.110882   data required time
                                             -3.144852   data arrival time
---------------------------------------------------------------------------------------------
                                             11.966030   slack (MET)


Startpoint: _13_ (rising edge-triggered flip-flop clocked by clk)
Endpoint: _13_ (rising edge-triggered flip-flop clocked by clk)
Path Group: clk
Path Type: max

Fanout         Cap        Slew       Delay        Time   Description
---------------------------------------------------------------------------------------------
                                  0.000000    0.000000   clock clk (rise edge)
                                  0.000000    0.000000   clock source latency
     1    0.026287    0.092561    0.063951    0.063951 ^ clk (in)
                                                         clk (net)
                      0.092577    0.000000    0.063951 ^ clkbuf_0_clk/A (sky130_fd_sc_hd__clkbuf_16)
     2    0.019043    0.031354    0.100449    0.164399 ^ clkbuf_0_clk/X (sky130_fd_sc_hd__clkbuf_16)
                                                         clknet_0_clk (net)
                      0.031368    0.000992    0.165391 ^ clkbuf_1_1__f_clk/A (sky130_fd_sc_hd__clkbuf_16)
     2    0.007156    0.022526    0.075601    0.240992 ^ clkbuf_1_1__f_clk/X (sky130_fd_sc_hd__clkbuf_16)
                                                         clknet_1_1__leaf_clk (net)
                      0.022529    0.000490    0.241483 ^ _13_/CLK (sky130_fd_sc_hd__dfrtp_1)
     4    0.010640    0.052063    0.247476    0.488959 v _13_/Q (sky130_fd_sc_hd__dfrtp_1)
                                                         net3 (net)
                      0.052068    0.000506    0.489465 v hold2/A (sky130_fd_sc_hd__dlygate4sd3_1)
     1    0.005446    0.047251    0.380825    0.870290 v hold2/X (sky130_fd_sc_hd__dlygate4sd3_1)
                                                         net7 (net)
                      0.047251    0.000402    0.870692 v _11_/A (sky130_fd_sc_hd__xor2_1)
     1    0.002249    0.041628    0.100509    0.971201 v _11_/X (sky130_fd_sc_hd__xor2_1)
                                                         _01_ (net)
                      0.041628    0.000107    0.971308 v hold3/A (sky130_fd_sc_hd__dlygate4sd3_1)
     1    0.003048    0.039078    0.365380    1.336687 v hold3/X (sky130_fd_sc_hd__dlygate4sd3_1)
                                                         net8 (net)
                      0.039078    0.000226    1.336914 v _13_/D (sky130_fd_sc_hd__dfrtp_1)
                                              1.336914   data arrival time

                                 15.000000   15.000000   clock clk (rise edge)
                                  0.000000   15.000000   clock source latency
     1    0.026287    0.092561    0.063951   15.063951 ^ clk (in)
                                                         clk (net)
                      0.092577    0.000000   15.063951 ^ clkbuf_0_clk/A (sky130_fd_sc_hd__clkbuf_16)
     2    0.019043    0.031354    0.100449   15.164400 ^ clkbuf_0_clk/X (sky130_fd_sc_hd__clkbuf_16)
                                                         clknet_0_clk (net)
                      0.031368    0.000991   15.165391 ^ clkbuf_1_1__f_clk/A (sky130_fd_sc_hd__clkbuf_16)
     2    0.007156    0.022526    0.075602   15.240993 ^ clkbuf_1_1__f_clk/X (sky130_fd_sc_hd__clkbuf_16)
                                                         clknet_1_1__leaf_clk (net)
                      0.022529    0.000490   15.241483 ^ _13_/CLK (sky130_fd_sc_hd__dfrtp_1)
                                 -0.250000   14.991484   clock uncertainty
                                  0.000000   14.991484   clock reconvergence pessimism
                                 -0.075885   14.915600   library setup time
                                             14.915600   data required time
---------------------------------------------------------------------------------------------
                                             14.915600   data required time
                                             -1.336914   data arrival time
---------------------------------------------------------------------------------------------
                                             13.578686   slack (MET)


Startpoint: _14_ (rising edge-triggered flip-flop clocked by clk)
Endpoint: _14_ (rising edge-triggered flip-flop clocked by clk)
Path Group: clk
Path Type: max

Fanout         Cap        Slew       Delay        Time   Description
---------------------------------------------------------------------------------------------
                                  0.000000    0.000000   clock clk (rise edge)
                                  0.000000    0.000000   clock source latency
     1    0.026287    0.092561    0.063951    0.063951 ^ clk (in)
                                                         clk (net)
                      0.092577    0.000000    0.063951 ^ clkbuf_0_clk/A (sky130_fd_sc_hd__clkbuf_16)
     2    0.019043    0.031354    0.100449    0.164399 ^ clkbuf_0_clk/X (sky130_fd_sc_hd__clkbuf_16)
                                                         clknet_0_clk (net)
                      0.031368    0.001011    0.165410 ^ clkbuf_1_0__f_clk/A (sky130_fd_sc_hd__clkbuf_16)
     2    0.006206    0.021836    0.074830    0.240240 ^ clkbuf_1_0__f_clk/X (sky130_fd_sc_hd__clkbuf_16)
                                                         clknet_1_0__leaf_clk (net)
                      0.021838    0.000375    0.240614 ^ _14_/CLK (sky130_fd_sc_hd__dfrtp_1)
     3    0.008680    0.047272    0.240204    0.480818 v _14_/Q (sky130_fd_sc_hd__dfrtp_1)
                                                         net4 (net)
                      0.047273    0.000264    0.481082 v hold5/A (sky130_fd_sc_hd__dlygate4sd3_1)
     1    0.002560    0.037165    0.364615    0.845697 v hold5/X (sky130_fd_sc_hd__dlygate4sd3_1)
                                                         net10 (net)
                      0.037165    0.000184    0.845880 v _07_/B1 (sky130_fd_sc_hd__a21oi_1)
     1    0.002743    0.076113    0.051434    0.897314 ^ _07_/Y (sky130_fd_sc_hd__a21oi_1)
                                                         _04_ (net)
                      0.076113    0.000179    0.897493 ^ hold6/A (sky130_fd_sc_hd__dlygate4sd3_1)
     1    0.003774    0.044106    0.385294    1.282787 ^ hold6/X (sky130_fd_sc_hd__dlygate4sd3_1)
                                                         net11 (net)
                      0.044106    0.000161    1.282948 ^ _09_/A (sky130_fd_sc_hd__nor2_1)
     1    0.002741    0.026376    0.026811    1.309759 v _09_/Y (sky130_fd_sc_hd__nor2_1)
                                                         _02_ (net)
                      0.026376    0.000184    1.309944 v _14_/D (sky130_fd_sc_hd__dfrtp_1)
                                              1.309944   data arrival time

                                 15.000000   15.000000   clock clk (rise edge)
                                  0.000000   15.000000   clock source latency
     1    0.026287    0.092561    0.063951   15.063951 ^ clk (in)
                                                         clk (net)
                      0.092577    0.000000   15.063951 ^ clkbuf_0_clk/A (sky130_fd_sc_hd__clkbuf_16)
     2    0.019043    0.031354    0.100449   15.164400 ^ clkbuf_0_clk/X (sky130_fd_sc_hd__clkbuf_16)
                                                         clknet_0_clk (net)
                      0.031368    0.001011   15.165411 ^ clkbuf_1_0__f_clk/A (sky130_fd_sc_hd__clkbuf_16)
     2    0.006206    0.021836    0.074829   15.240240 ^ clkbuf_1_0__f_clk/X (sky130_fd_sc_hd__clkbuf_16)
                                                         clknet_1_0__leaf_clk (net)
                      0.021838    0.000375   15.240615 ^ _14_/CLK (sky130_fd_sc_hd__dfrtp_1)
                                 -0.250000   14.990616   clock uncertainty
                                  0.000000   14.990616   clock reconvergence pessimism
                                 -0.071413   14.919202   library setup time
                                             14.919202   data required time
---------------------------------------------------------------------------------------------
                                             14.919202   data required time
                                             -1.309944   data arrival time
---------------------------------------------------------------------------------------------
                                             13.609259   slack (MET)


Startpoint: _15_ (rising edge-triggered flip-flop clocked by clk)
Endpoint: _15_ (rising edge-triggered flip-flop clocked by clk)
Path Group: clk
Path Type: max

Fanout         Cap        Slew       Delay        Time   Description
---------------------------------------------------------------------------------------------
                                  0.000000    0.000000   clock clk (rise edge)
                                  0.000000    0.000000   clock source latency
     1    0.026287    0.092561    0.063951    0.063951 ^ clk (in)
                                                         clk (net)
                      0.092577    0.000000    0.063951 ^ clkbuf_0_clk/A (sky130_fd_sc_hd__clkbuf_16)
     2    0.019043    0.031354    0.100449    0.164399 ^ clkbuf_0_clk/X (sky130_fd_sc_hd__clkbuf_16)
                                                         clknet_0_clk (net)
                      0.031368    0.000992    0.165391 ^ clkbuf_1_1__f_clk/A (sky130_fd_sc_hd__clkbuf_16)
     2    0.007156    0.022526    0.075601    0.240992 ^ clkbuf_1_1__f_clk/X (sky130_fd_sc_hd__clkbuf_16)
                                                         clknet_1_1__leaf_clk (net)
                      0.022530    0.000610    0.241602 ^ _15_/CLK (sky130_fd_sc_hd__dfrtp_1)
     2    0.006201    0.038814    0.231433    0.473035 v _15_/Q (sky130_fd_sc_hd__dfrtp_1)
                                                         net5 (net)
                      0.038814    0.000335    0.473371 v hold1/A (sky130_fd_sc_hd__dlygate4sd3_1)
     1    0.006229    0.050023    0.379174    0.852544 v hold1/X (sky130_fd_sc_hd__dlygate4sd3_1)
                                                         net6 (net)
                      0.050023    0.000462    0.853007 v _10_/A (sky130_fd_sc_hd__xor2_1)
     1    0.002421    0.035123    0.102246    0.955253 v _10_/X (sky130_fd_sc_hd__xor2_1)
                                                         _03_ (net)
                      0.035123    0.000111    0.955364 v _15_/D (sky130_fd_sc_hd__dfrtp_1)
                                              0.955364   data arrival time

                                 15.000000   15.000000   clock clk (rise edge)
                                  0.000000   15.000000   clock source latency
     1    0.026287    0.092561    0.063951   15.063951 ^ clk (in)
                                                         clk (net)
                      0.092577    0.000000   15.063951 ^ clkbuf_0_clk/A (sky130_fd_sc_hd__clkbuf_16)
     2    0.019043    0.031354    0.100449   15.164400 ^ clkbuf_0_clk/X (sky130_fd_sc_hd__clkbuf_16)
                                                         clknet_0_clk (net)
                      0.031368    0.000991   15.165391 ^ clkbuf_1_1__f_clk/A (sky130_fd_sc_hd__clkbuf_16)
     2    0.007156    0.022526    0.075602   15.240993 ^ clkbuf_1_1__f_clk/X (sky130_fd_sc_hd__clkbuf_16)
                                                         clknet_1_1__leaf_clk (net)
                      0.022530    0.000609   15.241602 ^ _15_/CLK (sky130_fd_sc_hd__dfrtp_1)
                                 -0.250000   14.991603   clock uncertainty
                                  0.000000   14.991603   clock reconvergence pessimism
                                 -0.074472   14.917131   library setup time
                                             14.917131   data required time
---------------------------------------------------------------------------------------------
                                             14.917131   data required time
                                             -0.955364   data arrival time
---------------------------------------------------------------------------------------------
                                             13.961767   slack (MET)


Startpoint: _12_ (rising edge-triggered flip-flop clocked by clk)
Endpoint: _12_ (rising edge-triggered flip-flop clocked by clk)
Path Group: clk
Path Type: max

Fanout         Cap        Slew       Delay        Time   Description
---------------------------------------------------------------------------------------------
                                  0.000000    0.000000   clock clk (rise edge)
                                  0.000000    0.000000   clock source latency
     1    0.026287    0.092561    0.063951    0.063951 ^ clk (in)
                                                         clk (net)
                      0.092577    0.000000    0.063951 ^ clkbuf_0_clk/A (sky130_fd_sc_hd__clkbuf_16)
     2    0.019043    0.031354    0.100449    0.164399 ^ clkbuf_0_clk/X (sky130_fd_sc_hd__clkbuf_16)
                                                         clknet_0_clk (net)
                      0.031368    0.001011    0.165410 ^ clkbuf_1_0__f_clk/A (sky130_fd_sc_hd__clkbuf_16)
     2    0.006206    0.021836    0.074830    0.240240 ^ clkbuf_1_0__f_clk/X (sky130_fd_sc_hd__clkbuf_16)
                                                         clknet_1_0__leaf_clk (net)
                      0.021837    0.000326    0.240566 ^ _12_/CLK (sky130_fd_sc_hd__dfrtp_1)
     5    0.017820    0.123400    0.264391    0.504957 ^ _12_/Q (sky130_fd_sc_hd__dfrtp_1)
                                                         net2 (net)
                      0.123404    0.000824    0.505781 ^ hold4/A (sky130_fd_sc_hd__dlygate4sd3_1)
     1    0.006232    0.060367    0.405928    0.911709 ^ hold4/X (sky130_fd_sc_hd__dlygate4sd3_1)
                                                         net9 (net)
                      0.060367    0.000462    0.912171 ^ _06_/A (sky130_fd_sc_hd__inv_2)
     1    0.004179    0.018189    0.018429    0.930600 v _06_/Y (sky130_fd_sc_hd__inv_2)
                                                         _00_ (net)
                      0.018198    0.000313    0.930913 v _12_/D (sky130_fd_sc_hd__dfrtp_1)
                                              0.930913   data arrival time

                                 15.000000   15.000000   clock clk (rise edge)
                                  0.000000   15.000000   clock source latency
     1    0.026287    0.092561    0.063951   15.063951 ^ clk (in)
                                                         clk (net)
                      0.092577    0.000000   15.063951 ^ clkbuf_0_clk/A (sky130_fd_sc_hd__clkbuf_16)
     2    0.019043    0.031354    0.100449   15.164400 ^ clkbuf_0_clk/X (sky130_fd_sc_hd__clkbuf_16)
                                                         clknet_0_clk (net)
                      0.031368    0.001011   15.165411 ^ clkbuf_1_0__f_clk/A (sky130_fd_sc_hd__clkbuf_16)
     2    0.006206    0.021836    0.074829   15.240240 ^ clkbuf_1_0__f_clk/X (sky130_fd_sc_hd__clkbuf_16)
                                                         clknet_1_0__leaf_clk (net)
                      0.021837    0.000327   15.240566 ^ _12_/CLK (sky130_fd_sc_hd__dfrtp_1)
                                 -0.250000   14.990567   clock uncertainty
                                  0.000000   14.990567   clock reconvergence pessimism
                                 -0.068491   14.922076   library setup time
                                             14.922076   data required time
---------------------------------------------------------------------------------------------
                                             14.922076   data required time
                                             -0.930913   data arrival time
---------------------------------------------------------------------------------------------
                                             13.991163   slack (MET)



%OL_END_REPORT
%OL_CREATE_REPORT checks.rpt

===========================================================================
report_checks -unconstrained
===========================================================================
======================= max_ff_n40C_1v95 Corner ===================================

Startpoint: rst_n (input port clocked by clk)
Endpoint: _14_ (recovery check against rising-edge clock clk)
Path Group: asynchronous
Path Type: max

Fanout         Cap        Slew       Delay        Time   Description
---------------------------------------------------------------------------------------------
                                  0.000000    0.000000   clock clk (rise edge)
                                  0.000000    0.000000   clock network delay (propagated)
                                  3.000000    3.000000 ^ input external delay
     1    0.004200    0.018901    0.010967    3.010967 ^ rst_n (in)
                                                         rst_n (net)
                      0.018903    0.000000    3.010967 ^ input1/A (sky130_fd_sc_hd__buf_1)
     4    0.017251    0.154328    0.133127    3.144094 ^ input1/X (sky130_fd_sc_hd__buf_1)
                                                         net1 (net)
                      0.154334    0.000812    3.144906 ^ _14_/RESET_B (sky130_fd_sc_hd__dfrtp_1)
                                              3.144906   data arrival time

                                 15.000000   15.000000   clock clk (rise edge)
                                  0.000000   15.000000   clock source latency
     1    0.026287    0.092561    0.063951   15.063951 ^ clk (in)
                                                         clk (net)
                      0.092577    0.000000   15.063951 ^ clkbuf_0_clk/A (sky130_fd_sc_hd__clkbuf_16)
     2    0.019043    0.031354    0.100449   15.164400 ^ clkbuf_0_clk/X (sky130_fd_sc_hd__clkbuf_16)
                                                         clknet_0_clk (net)
                      0.031368    0.001011   15.165411 ^ clkbuf_1_0__f_clk/A (sky130_fd_sc_hd__clkbuf_16)
     2    0.006206    0.021836    0.074829   15.240240 ^ clkbuf_1_0__f_clk/X (sky130_fd_sc_hd__clkbuf_16)
                                                         clknet_1_0__leaf_clk (net)
                      0.021838    0.000375   15.240615 ^ _14_/CLK (sky130_fd_sc_hd__dfrtp_1)
                                 -0.250000   14.990616   clock uncertainty
                                  0.000000   14.990616   clock reconvergence pessimism
                                  0.119172   15.109788   library recovery time
                                             15.109788   data required time
---------------------------------------------------------------------------------------------
                                             15.109788   data required time
                                             -3.144906   data arrival time
---------------------------------------------------------------------------------------------
                                             11.964882   slack (MET)


Startpoint: _12_ (rising edge-triggered flip-flop clocked by clk)
Endpoint: count[0] (output port clocked by clk)
Path Group: clk
Path Type: max

Fanout         Cap        Slew       Delay        Time   Description
---------------------------------------------------------------------------------------------
                                  0.000000    0.000000   clock clk (rise edge)
                                  0.000000    0.000000   clock source latency
     1    0.026287    0.092561    0.063951    0.063951 ^ clk (in)
                                                         clk (net)
                      0.092577    0.000000    0.063951 ^ clkbuf_0_clk/A (sky130_fd_sc_hd__clkbuf_16)
     2    0.019043    0.031354    0.100449    0.164399 ^ clkbuf_0_clk/X (sky130_fd_sc_hd__clkbuf_16)
                                                         clknet_0_clk (net)
                      0.031368    0.001011    0.165410 ^ clkbuf_1_0__f_clk/A (sky130_fd_sc_hd__clkbuf_16)
     2    0.006206    0.021836    0.074830    0.240240 ^ clkbuf_1_0__f_clk/X (sky130_fd_sc_hd__clkbuf_16)
                                                         clknet_1_0__leaf_clk (net)
                      0.021837    0.000326    0.240566 ^ _12_/CLK (sky130_fd_sc_hd__dfrtp_1)
     5    0.017820    0.123400    0.264391    0.504957 ^ _12_/Q (sky130_fd_sc_hd__dfrtp_1)
                                                         net2 (net)
                      0.123410    0.001195    0.506152 ^ output2/A (sky130_fd_sc_hd__buf_2)
     1    0.034048    0.127054    0.158795    0.664947 ^ output2/X (sky130_fd_sc_hd__buf_2)
                                                         count[0] (net)
                      0.127125    0.001616    0.666564 ^ count[0] (out)
                                              0.666564   data arrival time

                                 15.000000   15.000000   clock clk (rise edge)
                                  0.000000   15.000000   clock network delay (propagated)
                                 -0.250000   14.750000   clock uncertainty
                                  0.000000   14.750000   clock reconvergence pessimism
                                 -3.000000   11.750000   output external delay
                                             11.750000   data required time
---------------------------------------------------------------------------------------------
                                             11.750000   data required time
                                             -0.666564   data arrival time
---------------------------------------------------------------------------------------------
                                             11.083437   slack (MET)




===========================================================================
report_checks --slack_max -0.01
============================================================================
======================= max_ff_n40C_1v95 Corner ===================================

No paths found.


===========================================================================
 report_check_types -max_slew -max_cap -max_fanout -violators
============================================================================
======================= max_ff_n40C_1v95 Corner ===================================



===========================================================================
report_parasitic_annotation -report_unannotated
============================================================================
Found 0 unannotated drivers.
Found 0 partially unannotated drivers.

===========================================================================
max slew violation count 0
%OL_METRIC_I design__max_slew_violation__count__corner:max_ff_n40C_1v95 0
max fanout violation count 0
%OL_METRIC_I design__max_fanout_violation__count__corner:max_ff_n40C_1v95 0
max cap violation count 0
%OL_METRIC_I design__max_cap_violation__count__corner:max_ff_n40C_1v95 0
============================================================================

===========================================================================
check_setup -verbose -unconstrained_endpoints -multiple_clock -no_clock -no_input_delay -loops -generated_clocks
===========================================================================
%OL_END_REPORT
%OL_CREATE_REPORT power.rpt

===========================================================================
 report_power
============================================================================
======================= max_ff_n40C_1v95 Corner ===================================

Group                    Internal    Switching      Leakage        Total
                            Power        Power        Power        Power (Watts)
------------------------------------------------------------------------
Sequential           1.264687e-05 0.000000e+00 6.075800e-11 1.264693e-05  21.1%
Combinational        6.141897e-08 2.186526e-07 2.028672e-10 2.802744e-07   0.5%
Clock                3.888494e-05 8.214675e-06 2.476741e-09 4.710209e-05  78.5%
Macro                0.000000e+00 0.000000e+00 0.000000e+00 0.000000e+00   0.0%
Pad                  0.000000e+00 0.000000e+00 0.000000e+00 0.000000e+00   0.0%
------------------------------------------------------------------------
Total                5.159323e-05 8.433328e-06 2.740366e-09 6.002930e-05 100.0%
                            85.9%        14.0%         0.0%
%OL_METRIC_F power__internal__total 5.159322972758673e-5
%OL_METRIC_F power__switching__total 8.433327820966952e-6
%OL_METRIC_F power__leakage__total 2.740366156217533e-9
%OL_METRIC_F power__total 6.002929512760602e-5

%OL_END_REPORT
%OL_CREATE_REPORT skew.min.rpt

===========================================================================
Clock Skew (Hold)
============================================================================
%OL_METRIC_F clock__skew__worst_hold__corner:max_ff_n40C_1v95 -0.2510360046447292
======================= max_ff_n40C_1v95 Corner ===================================

Clock clk
0.240566 source latency _12_/CLK ^
-0.241602 target latency _15_/CLK ^
-0.250000 clock uncertainty
0.000000 CRPR
--------------
-0.251036 hold skew

%OL_END_REPORT
%OL_CREATE_REPORT skew.max.rpt

===========================================================================
Clock Skew (Setup)
============================================================================
%OL_METRIC_F clock__skew__worst_setup__corner:max_ff_n40C_1v95 0.25086838871884587
======================= max_ff_n40C_1v95 Corner ===================================

Clock clk
0.241483 source latency _13_/CLK ^
-0.240614 target latency _14_/CLK ^
0.250000 clock uncertainty
0.000000 CRPR
--------------
0.250868 setup skew

%OL_END_REPORT
%OL_CREATE_REPORT ws.min.rpt

===========================================================================
Worst Slack (Hold)
============================================================================
%OL_METRIC_F timing__hold__ws__corner:max_ff_n40C_1v95 0.1669991137089344
max_ff_n40C_1v95: 0.1669991137089344
%OL_END_REPORT
%OL_CREATE_REPORT ws.max.rpt

===========================================================================
Worst Slack (Setup)
============================================================================
%OL_METRIC_F timing__setup__ws__corner:max_ff_n40C_1v95 11.083436704351708
max_ff_n40C_1v95: 11.083436704351708
%OL_END_REPORT
%OL_CREATE_REPORT tns.min.rpt

===========================================================================
Total Negative Slack (Hold)
============================================================================
%OL_METRIC_F timing__hold__tns__corner:max_ff_n40C_1v95 0.0
max_ff_n40C_1v95: 0.0
%OL_END_REPORT
%OL_CREATE_REPORT tns.max.rpt

===========================================================================
Total Negative Slack (Setup)
============================================================================
%OL_METRIC_F timing__setup__tns__corner:max_ff_n40C_1v95 0.0
max_ff_n40C_1v95: 0.0
%OL_END_REPORT
%OL_CREATE_REPORT wns.min.rpt

===========================================================================
Worst Negative Slack (Hold)
============================================================================
%OL_METRIC_F timing__hold__wns__corner:max_ff_n40C_1v95 0
max_ff_n40C_1v95: 0
%OL_END_REPORT
%OL_CREATE_REPORT wns.max.rpt

===========================================================================
Worst Negative Slack (Setup)
============================================================================
%OL_METRIC_F timing__setup__wns__corner:max_ff_n40C_1v95 0.0
max_ff_n40C_1v95: 0.0
%OL_END_REPORT
%OL_CREATE_REPORT violator_list.rpt

===========================================================================
Violator List
============================================================================
%OL_METRIC_I timing__hold_vio__count__corner:max_ff_n40C_1v95 0
%OL_METRIC_F timing__hold_r2r__ws__corner:max_ff_n40C_1v95 0.166999
%OL_METRIC_I timing__hold_r2r_vio__count__corner:max_ff_n40C_1v95 0
%OL_METRIC_I timing__setup_vio__count__corner:max_ff_n40C_1v95 0
%OL_METRIC_F timing__setup_r2r__ws__corner:max_ff_n40C_1v95 13.578686
%OL_METRIC_I timing__setup_r2r_vio__count__corner:max_ff_n40C_1v95 0
%OL_END_REPORT
%OL_CREATE_REPORT unpropagated.rpt
%OL_END_REPORT
%OL_CREATE_REPORT clock.rpt
Clock: clk
Sources: clk 
Generated: no
Virtual: yes
Propagated: no
Period: 15.000000

===========================================================================
report_clock_properties
============================================================================
Clock                   Period          Waveform
----------------------------------------------------
clk                  15.000000    0.000000  7.500000

===========================================================================
report_clock_latency
============================================================================
Clock clk
rise -> rise
    min     max
0.000000 0.000000 source latency
0.240566         network latency _12_/CLK
        0.241602 network latency _15_/CLK
---------------
0.240566 0.241602 latency
        0.001036 skew

fall -> fall
    min     max
0.000000 0.000000 source latency
0.217246         network latency _12_/CLK
        0.218207 network latency _15_/CLK
---------------
0.217246 0.218207 latency
        0.000961 skew



===========================================================================
report_clock_min_period
============================================================================
clk period_min = 1.42 fmax = 703.57
%OL_END_REPORT
Writing SDF files for all corners…
Removing Clock latencies before writing libs…
Writing timing models for all corners…
Writing timing models for the max_ff_n40C_1v95 corner to /home/jihan/projects/openlane_flow/designs/counter_4bit/runs/RUN_2025-12-04_01-46-29/54-openroad-stapostpnr/max_ff_n40C_1v95/counter_4bit__max_ff_n40C_1v95.lib…
