Clock: clk
Sources: clk 
Generated: no
Virtual: yes
Propagated: no
Period: 20.000000

===========================================================================
report_clock_properties
============================================================================
Clock                   Period          Waveform
----------------------------------------------------
clk                  20.000000    0.000000 10.000000

===========================================================================
report_clock_latency
============================================================================
Clock clk
rise -> rise
    min     max
0.000000 0.000000 source latency
0.589853         network latency _14_/CLK
        0.598454 network latency _12_/CLK
---------------
0.589853 0.598454 latency
        0.008601 skew

fall -> fall
    min     max
0.000000 0.000000 source latency
0.571899         network latency _14_/CLK
        0.579115 network latency _12_/CLK
---------------
0.571899 0.579115 latency
        0.007216 skew



===========================================================================
report_clock_min_period
============================================================================
clk period_min = 2.92 fmax = 342.33
