Clock: clk
Sources: clk 
Generated: no
Virtual: yes
Propagated: no
Period: 15.000000

===========================================================================
report_clock_properties
============================================================================
Clock                   Period          Waveform
----------------------------------------------------
clk                  15.000000    0.000000  7.500000

===========================================================================
report_clock_latency
============================================================================
Clock clk
rise -> rise
    min     max
0.000000 0.000000 source latency
0.236191         network latency _12_/CLK
        0.236998 network latency _15_/CLK
---------------
0.236191 0.236998 latency
        0.000808 skew

fall -> fall
    min     max
0.000000 0.000000 source latency
0.214426         network latency _12_/CLK
        0.215172 network latency _15_/CLK
---------------
0.214426 0.215172 latency
        0.000746 skew



===========================================================================
report_clock_min_period
============================================================================
clk period_min = 1.42 fmax = 705.39
