
===========================================================================
report_checks -unconstrained
===========================================================================
======================= nom_tt_025C_1v80 Corner ===================================

Startpoint: rst_n (input port clocked by clk)
Endpoint: _12_ (recovery check against rising-edge clock clk)
Path Group: asynchronous
Path Type: max

Fanout         Cap        Slew       Delay        Time   Description
---------------------------------------------------------------------------------------------
                                  0.000000    0.000000   clock clk (rise edge)
                                  0.000000    0.000000   clock network delay (propagated)
                                  3.000000    3.000000 ^ input external delay
     1    0.002919    0.020243    0.010709    3.010709 ^ rst_n (in)
                                                         rst_n (net)
                      0.020243    0.000000    3.010709 ^ input1/A (sky130_fd_sc_hd__buf_1)
     4    0.016395    0.200979    0.179501    3.190210 ^ input1/X (sky130_fd_sc_hd__buf_1)
                                                         net1 (net)
                      0.200979    0.000042    3.190252 ^ _12_/RESET_B (sky130_fd_sc_hd__dfrtp_1)
                                              3.190252   data arrival time

                                 15.000000   15.000000   clock clk (rise edge)
                                  0.000000   15.000000   clock source latency
     1    0.023148    0.109768    0.075827   15.075828 ^ clk (in)
                                                         clk (net)
                      0.109781    0.000000   15.075828 ^ clkbuf_0_clk/A (sky130_fd_sc_hd__clkbuf_16)
     2    0.017778    0.040012    0.147161   15.222988 ^ clkbuf_0_clk/X (sky130_fd_sc_hd__clkbuf_16)
                                                         clknet_0_clk (net)
                      0.040012    0.000062   15.223050 ^ clkbuf_1_0__f_clk/A (sky130_fd_sc_hd__clkbuf_16)
     2    0.004936    0.028705    0.108646   15.331696 ^ clkbuf_1_0__f_clk/X (sky130_fd_sc_hd__clkbuf_16)
                                                         clknet_1_0__leaf_clk (net)
                      0.028705    0.000007   15.331702 ^ _12_/CLK (sky130_fd_sc_hd__dfrtp_1)
                                 -0.250000   15.081703   clock uncertainty
                                  0.000000   15.081703   clock reconvergence pessimism
                                  0.184851   15.266555   library recovery time
                                             15.266555   data required time
---------------------------------------------------------------------------------------------
                                             15.266555   data required time
                                             -3.190252   data arrival time
---------------------------------------------------------------------------------------------
                                             12.076303   slack (MET)


Startpoint: _12_ (rising edge-triggered flip-flop clocked by clk)
Endpoint: count[0] (output port clocked by clk)
Path Group: clk
Path Type: max

Fanout         Cap        Slew       Delay        Time   Description
---------------------------------------------------------------------------------------------
                                  0.000000    0.000000   clock clk (rise edge)
                                  0.000000    0.000000   clock source latency
     1    0.023148    0.109768    0.075827    0.075827 ^ clk (in)
                                                         clk (net)
                      0.109781    0.000000    0.075827 ^ clkbuf_0_clk/A (sky130_fd_sc_hd__clkbuf_16)
     2    0.017778    0.040012    0.147161    0.222988 ^ clkbuf_0_clk/X (sky130_fd_sc_hd__clkbuf_16)
                                                         clknet_0_clk (net)
                      0.040012    0.000062    0.223050 ^ clkbuf_1_0__f_clk/A (sky130_fd_sc_hd__clkbuf_16)
     2    0.004936    0.028705    0.108646    0.331695 ^ clkbuf_1_0__f_clk/X (sky130_fd_sc_hd__clkbuf_16)
                                                         clknet_1_0__leaf_clk (net)
                      0.028705    0.000007    0.331702 ^ _12_/CLK (sky130_fd_sc_hd__dfrtp_1)
     5    0.017227    0.159552    0.400889    0.732591 ^ _12_/Q (sky130_fd_sc_hd__dfrtp_1)
                                                         net2 (net)
                      0.159552    0.000122    0.732713 ^ output2/A (sky130_fd_sc_hd__buf_2)
     1    0.034089    0.169697    0.236460    0.969173 ^ output2/X (sky130_fd_sc_hd__buf_2)
                                                         count[0] (net)
                      0.169697    0.000103    0.969276 ^ count[0] (out)
                                              0.969276   data arrival time

                                 15.000000   15.000000   clock clk (rise edge)
                                  0.000000   15.000000   clock network delay (propagated)
                                 -0.250000   14.750000   clock uncertainty
                                  0.000000   14.750000   clock reconvergence pessimism
                                 -3.000000   11.750000   output external delay
                                             11.750000   data required time
---------------------------------------------------------------------------------------------
                                             11.750000   data required time
                                             -0.969276   data arrival time
---------------------------------------------------------------------------------------------
                                             10.780725   slack (MET)




===========================================================================
report_checks --slack_max -0.01
============================================================================
======================= nom_tt_025C_1v80 Corner ===================================

No paths found.


===========================================================================
 report_check_types -max_slew -max_cap -max_fanout -violators
============================================================================
======================= nom_tt_025C_1v80 Corner ===================================



===========================================================================
report_parasitic_annotation -report_unannotated
============================================================================
Found 0 unannotated drivers.
Found 0 partially unannotated drivers.

===========================================================================
max slew violation count 0
Writing metric design__max_slew_violation__count__corner:nom_tt_025C_1v80: 0
max fanout violation count 0
Writing metric design__max_fanout_violation__count__corner:nom_tt_025C_1v80: 0
max cap violation count 0
Writing metric design__max_cap_violation__count__corner:nom_tt_025C_1v80: 0
============================================================================

===========================================================================
check_setup -verbose -unconstrained_endpoints -multiple_clock -no_clock -no_input_delay -loops -generated_clocks
===========================================================================
