
===========================================================================
report_checks -path_delay min (Hold)
============================================================================
======================= nom_tt_025C_1v80 Corner ===================================

Startpoint: _15_ (rising edge-triggered flip-flop clocked by clk)
Endpoint: _15_ (rising edge-triggered flip-flop clocked by clk)
Path Group: clk
Path Type: min

Fanout         Cap        Slew       Delay        Time   Description
---------------------------------------------------------------------------------------------
                                  0.000000    0.000000   clock clk (rise edge)
                                  0.000000    0.000000   clock source latency
     1    0.023148    0.109768    0.075827    0.075827 ^ clk (in)
                                                         clk (net)
                      0.109781    0.000000    0.075827 ^ clkbuf_0_clk/A (sky130_fd_sc_hd__clkbuf_16)
     2    0.017778    0.040012    0.147161    0.222988 ^ clkbuf_0_clk/X (sky130_fd_sc_hd__clkbuf_16)
                                                         clknet_0_clk (net)
                      0.040012    0.000049    0.223036 ^ clkbuf_1_1__f_clk/A (sky130_fd_sc_hd__clkbuf_16)
     2    0.005691    0.029392    0.109549    0.332586 ^ clkbuf_1_1__f_clk/X (sky130_fd_sc_hd__clkbuf_16)
                                                         clknet_1_1__leaf_clk (net)
                      0.029392    0.000042    0.332628 ^ _15_/CLK (sky130_fd_sc_hd__dfrtp_1)
     2    0.007424    0.082891    0.340446    0.673074 ^ _15_/Q (sky130_fd_sc_hd__dfrtp_1)
                                                         net5 (net)
                      0.082891    0.000014    0.673088 ^ _10_/A (sky130_fd_sc_hd__xor2_1)
     1    0.002541    0.035939    0.067780    0.740869 v _10_/X (sky130_fd_sc_hd__xor2_1)
                                                         _03_ (net)
                      0.035939    0.000007    0.740875 v _15_/D (sky130_fd_sc_hd__dfrtp_1)
                                              0.740875   data arrival time

                                  0.000000    0.000000   clock clk (rise edge)
                                  0.000000    0.000000   clock source latency
     1    0.023148    0.109768    0.075827    0.075827 ^ clk (in)
                                                         clk (net)
                      0.109781    0.000000    0.075827 ^ clkbuf_0_clk/A (sky130_fd_sc_hd__clkbuf_16)
     2    0.017778    0.040012    0.147161    0.222988 ^ clkbuf_0_clk/X (sky130_fd_sc_hd__clkbuf_16)
                                                         clknet_0_clk (net)
                      0.040012    0.000049    0.223036 ^ clkbuf_1_1__f_clk/A (sky130_fd_sc_hd__clkbuf_16)
     2    0.005691    0.029392    0.109549    0.332586 ^ clkbuf_1_1__f_clk/X (sky130_fd_sc_hd__clkbuf_16)
                                                         clknet_1_1__leaf_clk (net)
                      0.029392    0.000042    0.332628 ^ _15_/CLK (sky130_fd_sc_hd__dfrtp_1)
                                  0.250000    0.582628   clock uncertainty
                                  0.000000    0.582628   clock reconvergence pessimism
                                 -0.045646    0.536982   library hold time
                                              0.536982   data required time
---------------------------------------------------------------------------------------------
                                              0.536982   data required time
                                             -0.740875   data arrival time
---------------------------------------------------------------------------------------------
                                              0.203893   slack (MET)


Startpoint: _13_ (rising edge-triggered flip-flop clocked by clk)
Endpoint: _13_ (rising edge-triggered flip-flop clocked by clk)
Path Group: clk
Path Type: min

Fanout         Cap        Slew       Delay        Time   Description
---------------------------------------------------------------------------------------------
                                  0.000000    0.000000   clock clk (rise edge)
                                  0.000000    0.000000   clock source latency
     1    0.023148    0.109768    0.075827    0.075827 ^ clk (in)
                                                         clk (net)
                      0.109781    0.000000    0.075827 ^ clkbuf_0_clk/A (sky130_fd_sc_hd__clkbuf_16)
     2    0.017778    0.040012    0.147161    0.222988 ^ clkbuf_0_clk/X (sky130_fd_sc_hd__clkbuf_16)
                                                         clknet_0_clk (net)
                      0.040012    0.000049    0.223036 ^ clkbuf_1_1__f_clk/A (sky130_fd_sc_hd__clkbuf_16)
     2    0.005691    0.029392    0.109549    0.332586 ^ clkbuf_1_1__f_clk/X (sky130_fd_sc_hd__clkbuf_16)
                                                         clknet_1_1__leaf_clk (net)
                      0.029392    0.000029    0.332615 ^ _13_/CLK (sky130_fd_sc_hd__dfrtp_1)
     4    0.011456    0.115169    0.366213    0.698828 ^ _13_/Q (sky130_fd_sc_hd__dfrtp_1)
                                                         net3 (net)
                      0.115169    0.000022    0.698850 ^ _11_/A (sky130_fd_sc_hd__xor2_1)
     1    0.002235    0.034585    0.074815    0.773665 v _11_/X (sky130_fd_sc_hd__xor2_1)
                                                         _01_ (net)
                      0.034585    0.000004    0.773669 v _13_/D (sky130_fd_sc_hd__dfrtp_1)
                                              0.773669   data arrival time

                                  0.000000    0.000000   clock clk (rise edge)
                                  0.000000    0.000000   clock source latency
     1    0.023148    0.109768    0.075827    0.075827 ^ clk (in)
                                                         clk (net)
                      0.109781    0.000000    0.075827 ^ clkbuf_0_clk/A (sky130_fd_sc_hd__clkbuf_16)
     2    0.017778    0.040012    0.147161    0.222988 ^ clkbuf_0_clk/X (sky130_fd_sc_hd__clkbuf_16)
                                                         clknet_0_clk (net)
                      0.040012    0.000049    0.223036 ^ clkbuf_1_1__f_clk/A (sky130_fd_sc_hd__clkbuf_16)
     2    0.005691    0.029392    0.109549    0.332586 ^ clkbuf_1_1__f_clk/X (sky130_fd_sc_hd__clkbuf_16)
                                                         clknet_1_1__leaf_clk (net)
                      0.029392    0.000029    0.332615 ^ _13_/CLK (sky130_fd_sc_hd__dfrtp_1)
                                  0.250000    0.582615   clock uncertainty
                                  0.000000    0.582615   clock reconvergence pessimism
                                 -0.045095    0.537520   library hold time
                                              0.537520   data required time
---------------------------------------------------------------------------------------------
                                              0.537520   data required time
                                             -0.773669   data arrival time
---------------------------------------------------------------------------------------------
                                              0.236149   slack (MET)


Startpoint: _12_ (rising edge-triggered flip-flop clocked by clk)
Endpoint: _12_ (rising edge-triggered flip-flop clocked by clk)
Path Group: clk
Path Type: min

Fanout         Cap        Slew       Delay        Time   Description
---------------------------------------------------------------------------------------------
                                  0.000000    0.000000   clock clk (rise edge)
                                  0.000000    0.000000   clock source latency
     1    0.023148    0.109768    0.075827    0.075827 ^ clk (in)
                                                         clk (net)
                      0.109781    0.000000    0.075827 ^ clkbuf_0_clk/A (sky130_fd_sc_hd__clkbuf_16)
     2    0.017778    0.040012    0.147161    0.222988 ^ clkbuf_0_clk/X (sky130_fd_sc_hd__clkbuf_16)
                                                         clknet_0_clk (net)
                      0.040012    0.000062    0.223050 ^ clkbuf_1_0__f_clk/A (sky130_fd_sc_hd__clkbuf_16)
     2    0.004936    0.028705    0.108646    0.331695 ^ clkbuf_1_0__f_clk/X (sky130_fd_sc_hd__clkbuf_16)
                                                         clknet_1_0__leaf_clk (net)
                      0.028705    0.000007    0.331702 ^ _12_/CLK (sky130_fd_sc_hd__dfrtp_1)
     5    0.017227    0.159552    0.400889    0.732591 ^ _12_/Q (sky130_fd_sc_hd__dfrtp_1)
                                                         net2 (net)
                      0.159552    0.000114    0.732705 ^ _06_/A (sky130_fd_sc_hd__inv_2)
     1    0.003580    0.033731    0.042683    0.775389 v _06_/Y (sky130_fd_sc_hd__inv_2)
                                                         _00_ (net)
                      0.033731    0.000026    0.775415 v _12_/D (sky130_fd_sc_hd__dfrtp_1)
                                              0.775415   data arrival time

                                  0.000000    0.000000   clock clk (rise edge)
                                  0.000000    0.000000   clock source latency
     1    0.023148    0.109768    0.075827    0.075827 ^ clk (in)
                                                         clk (net)
                      0.109781    0.000000    0.075827 ^ clkbuf_0_clk/A (sky130_fd_sc_hd__clkbuf_16)
     2    0.017778    0.040012    0.147161    0.222988 ^ clkbuf_0_clk/X (sky130_fd_sc_hd__clkbuf_16)
                                                         clknet_0_clk (net)
                      0.040012    0.000062    0.223050 ^ clkbuf_1_0__f_clk/A (sky130_fd_sc_hd__clkbuf_16)
     2    0.004936    0.028705    0.108646    0.331695 ^ clkbuf_1_0__f_clk/X (sky130_fd_sc_hd__clkbuf_16)
                                                         clknet_1_0__leaf_clk (net)
                      0.028705    0.000007    0.331702 ^ _12_/CLK (sky130_fd_sc_hd__dfrtp_1)
                                  0.250000    0.581702   clock uncertainty
                                  0.000000    0.581702   clock reconvergence pessimism
                                 -0.044904    0.536799   library hold time
                                              0.536799   data required time
---------------------------------------------------------------------------------------------
                                              0.536799   data required time
                                             -0.775415   data arrival time
---------------------------------------------------------------------------------------------
                                              0.238616   slack (MET)


Startpoint: _14_ (rising edge-triggered flip-flop clocked by clk)
Endpoint: _14_ (rising edge-triggered flip-flop clocked by clk)
Path Group: clk
Path Type: min

Fanout         Cap        Slew       Delay        Time   Description
---------------------------------------------------------------------------------------------
                                  0.000000    0.000000   clock clk (rise edge)
                                  0.000000    0.000000   clock source latency
     1    0.023148    0.109768    0.075827    0.075827 ^ clk (in)
                                                         clk (net)
                      0.109781    0.000000    0.075827 ^ clkbuf_0_clk/A (sky130_fd_sc_hd__clkbuf_16)
     2    0.017778    0.040012    0.147161    0.222988 ^ clkbuf_0_clk/X (sky130_fd_sc_hd__clkbuf_16)
                                                         clknet_0_clk (net)
                      0.040012    0.000062    0.223050 ^ clkbuf_1_0__f_clk/A (sky130_fd_sc_hd__clkbuf_16)
     2    0.004936    0.028705    0.108646    0.331695 ^ clkbuf_1_0__f_clk/X (sky130_fd_sc_hd__clkbuf_16)
                                                         clknet_1_0__leaf_clk (net)
                      0.028705    0.000020    0.331715 ^ _14_/CLK (sky130_fd_sc_hd__dfrtp_1)
     3    0.007239    0.081445    0.338938    0.670653 ^ _14_/Q (sky130_fd_sc_hd__dfrtp_1)
                                                         net4 (net)
                      0.081445    0.000017    0.670670 ^ _07_/B1 (sky130_fd_sc_hd__a21oi_1)
     1    0.003297    0.035592    0.047842    0.718512 v _07_/Y (sky130_fd_sc_hd__a21oi_1)
                                                         _04_ (net)
                      0.035592    0.000012    0.718524 v _09_/A (sky130_fd_sc_hd__nor2_1)
     1    0.002245    0.069114    0.085726    0.804250 ^ _09_/Y (sky130_fd_sc_hd__nor2_1)
                                                         _02_ (net)
                      0.069114    0.000003    0.804254 ^ _14_/D (sky130_fd_sc_hd__dfrtp_1)
                                              0.804254   data arrival time

                                  0.000000    0.000000   clock clk (rise edge)
                                  0.000000    0.000000   clock source latency
     1    0.023148    0.109768    0.075827    0.075827 ^ clk (in)
                                                         clk (net)
                      0.109781    0.000000    0.075827 ^ clkbuf_0_clk/A (sky130_fd_sc_hd__clkbuf_16)
     2    0.017778    0.040012    0.147161    0.222988 ^ clkbuf_0_clk/X (sky130_fd_sc_hd__clkbuf_16)
                                                         clknet_0_clk (net)
                      0.040012    0.000062    0.223050 ^ clkbuf_1_0__f_clk/A (sky130_fd_sc_hd__clkbuf_16)
     2    0.004936    0.028705    0.108646    0.331695 ^ clkbuf_1_0__f_clk/X (sky130_fd_sc_hd__clkbuf_16)
                                                         clknet_1_0__leaf_clk (net)
                      0.028705    0.000020    0.331715 ^ _14_/CLK (sky130_fd_sc_hd__dfrtp_1)
                                  0.250000    0.581715   clock uncertainty
                                  0.000000    0.581715   clock reconvergence pessimism
                                 -0.042055    0.539660   library hold time
                                              0.539660   data required time
---------------------------------------------------------------------------------------------
                                              0.539660   data required time
                                             -0.804254   data arrival time
---------------------------------------------------------------------------------------------
                                              0.264594   slack (MET)


Startpoint: rst_n (input port clocked by clk)
Endpoint: _15_ (removal check against rising-edge clock clk)
Path Group: asynchronous
Path Type: min

Fanout         Cap        Slew       Delay        Time   Description
---------------------------------------------------------------------------------------------
                                  0.000000    0.000000   clock clk (rise edge)
                                  0.000000    0.000000   clock network delay (propagated)
                                  3.000000    3.000000 ^ input external delay
     1    0.002919    0.020243    0.010709    3.010709 ^ rst_n (in)
                                                         rst_n (net)
                      0.020243    0.000000    3.010709 ^ input1/A (sky130_fd_sc_hd__buf_1)
     4    0.016395    0.200979    0.179501    3.190210 ^ input1/X (sky130_fd_sc_hd__buf_1)
                                                         net1 (net)
                      0.200979    0.000031    3.190241 ^ _15_/RESET_B (sky130_fd_sc_hd__dfrtp_1)
                                              3.190241   data arrival time

                                  0.000000    0.000000   clock clk (rise edge)
                                  0.000000    0.000000   clock source latency
     1    0.023148    0.109768    0.075827    0.075827 ^ clk (in)
                                                         clk (net)
                      0.109781    0.000000    0.075827 ^ clkbuf_0_clk/A (sky130_fd_sc_hd__clkbuf_16)
     2    0.017778    0.040012    0.147161    0.222988 ^ clkbuf_0_clk/X (sky130_fd_sc_hd__clkbuf_16)
                                                         clknet_0_clk (net)
                      0.040012    0.000049    0.223036 ^ clkbuf_1_1__f_clk/A (sky130_fd_sc_hd__clkbuf_16)
     2    0.005691    0.029392    0.109549    0.332586 ^ clkbuf_1_1__f_clk/X (sky130_fd_sc_hd__clkbuf_16)
                                                         clknet_1_1__leaf_clk (net)
                      0.029392    0.000042    0.332628 ^ _15_/CLK (sky130_fd_sc_hd__dfrtp_1)
                                  0.250000    0.582628   clock uncertainty
                                  0.000000    0.582628   clock reconvergence pessimism
                                  0.358919    0.941548   library removal time
                                              0.941548   data required time
---------------------------------------------------------------------------------------------
                                              0.941548   data required time
                                             -3.190241   data arrival time
---------------------------------------------------------------------------------------------
                                              2.248693   slack (MET)


Startpoint: rst_n (input port clocked by clk)
Endpoint: _13_ (removal check against rising-edge clock clk)
Path Group: asynchronous
Path Type: min

Fanout         Cap        Slew       Delay        Time   Description
---------------------------------------------------------------------------------------------
                                  0.000000    0.000000   clock clk (rise edge)
                                  0.000000    0.000000   clock network delay (propagated)
                                  3.000000    3.000000 ^ input external delay
     1    0.002919    0.020243    0.010709    3.010709 ^ rst_n (in)
                                                         rst_n (net)
                      0.020243    0.000000    3.010709 ^ input1/A (sky130_fd_sc_hd__buf_1)
     4    0.016395    0.200979    0.179501    3.190210 ^ input1/X (sky130_fd_sc_hd__buf_1)
                                                         net1 (net)
                      0.200979    0.000034    3.190243 ^ _13_/RESET_B (sky130_fd_sc_hd__dfrtp_1)
                                              3.190243   data arrival time

                                  0.000000    0.000000   clock clk (rise edge)
                                  0.000000    0.000000   clock source latency
     1    0.023148    0.109768    0.075827    0.075827 ^ clk (in)
                                                         clk (net)
                      0.109781    0.000000    0.075827 ^ clkbuf_0_clk/A (sky130_fd_sc_hd__clkbuf_16)
     2    0.017778    0.040012    0.147161    0.222988 ^ clkbuf_0_clk/X (sky130_fd_sc_hd__clkbuf_16)
                                                         clknet_0_clk (net)
                      0.040012    0.000049    0.223036 ^ clkbuf_1_1__f_clk/A (sky130_fd_sc_hd__clkbuf_16)
     2    0.005691    0.029392    0.109549    0.332586 ^ clkbuf_1_1__f_clk/X (sky130_fd_sc_hd__clkbuf_16)
                                                         clknet_1_1__leaf_clk (net)
                      0.029392    0.000029    0.332615 ^ _13_/CLK (sky130_fd_sc_hd__dfrtp_1)
                                  0.250000    0.582615   clock uncertainty
                                  0.000000    0.582615   clock reconvergence pessimism
                                  0.358919    0.941534   library removal time
                                              0.941534   data required time
---------------------------------------------------------------------------------------------
                                              0.941534   data required time
                                             -3.190243   data arrival time
---------------------------------------------------------------------------------------------
                                              2.248709   slack (MET)


Startpoint: rst_n (input port clocked by clk)
Endpoint: _14_ (removal check against rising-edge clock clk)
Path Group: asynchronous
Path Type: min

Fanout         Cap        Slew       Delay        Time   Description
---------------------------------------------------------------------------------------------
                                  0.000000    0.000000   clock clk (rise edge)
                                  0.000000    0.000000   clock network delay (propagated)
                                  3.000000    3.000000 ^ input external delay
     1    0.002919    0.020243    0.010709    3.010709 ^ rst_n (in)
                                                         rst_n (net)
                      0.020243    0.000000    3.010709 ^ input1/A (sky130_fd_sc_hd__buf_1)
     4    0.016395    0.200979    0.179501    3.190210 ^ input1/X (sky130_fd_sc_hd__buf_1)
                                                         net1 (net)
                      0.200979    0.000024    3.190234 ^ _14_/RESET_B (sky130_fd_sc_hd__dfrtp_1)
                                              3.190234   data arrival time

                                  0.000000    0.000000   clock clk (rise edge)
                                  0.000000    0.000000   clock source latency
     1    0.023148    0.109768    0.075827    0.075827 ^ clk (in)
                                                         clk (net)
                      0.109781    0.000000    0.075827 ^ clkbuf_0_clk/A (sky130_fd_sc_hd__clkbuf_16)
     2    0.017778    0.040012    0.147161    0.222988 ^ clkbuf_0_clk/X (sky130_fd_sc_hd__clkbuf_16)
                                                         clknet_0_clk (net)
                      0.040012    0.000062    0.223050 ^ clkbuf_1_0__f_clk/A (sky130_fd_sc_hd__clkbuf_16)
     2    0.004936    0.028705    0.108646    0.331695 ^ clkbuf_1_0__f_clk/X (sky130_fd_sc_hd__clkbuf_16)
                                                         clknet_1_0__leaf_clk (net)
                      0.028705    0.000020    0.331715 ^ _14_/CLK (sky130_fd_sc_hd__dfrtp_1)
                                  0.250000    0.581715   clock uncertainty
                                  0.000000    0.581715   clock reconvergence pessimism
                                  0.358733    0.940448   library removal time
                                              0.940448   data required time
---------------------------------------------------------------------------------------------
                                              0.940448   data required time
                                             -3.190234   data arrival time
---------------------------------------------------------------------------------------------
                                              2.249786   slack (MET)


Startpoint: rst_n (input port clocked by clk)
Endpoint: _12_ (removal check against rising-edge clock clk)
Path Group: asynchronous
Path Type: min

Fanout         Cap        Slew       Delay        Time   Description
---------------------------------------------------------------------------------------------
                                  0.000000    0.000000   clock clk (rise edge)
                                  0.000000    0.000000   clock network delay (propagated)
                                  3.000000    3.000000 ^ input external delay
     1    0.002919    0.020243    0.010709    3.010709 ^ rst_n (in)
                                                         rst_n (net)
                      0.020243    0.000000    3.010709 ^ input1/A (sky130_fd_sc_hd__buf_1)
     4    0.016395    0.200979    0.179501    3.190210 ^ input1/X (sky130_fd_sc_hd__buf_1)
                                                         net1 (net)
                      0.200979    0.000042    3.190252 ^ _12_/RESET_B (sky130_fd_sc_hd__dfrtp_1)
                                              3.190252   data arrival time

                                  0.000000    0.000000   clock clk (rise edge)
                                  0.000000    0.000000   clock source latency
     1    0.023148    0.109768    0.075827    0.075827 ^ clk (in)
                                                         clk (net)
                      0.109781    0.000000    0.075827 ^ clkbuf_0_clk/A (sky130_fd_sc_hd__clkbuf_16)
     2    0.017778    0.040012    0.147161    0.222988 ^ clkbuf_0_clk/X (sky130_fd_sc_hd__clkbuf_16)
                                                         clknet_0_clk (net)
                      0.040012    0.000062    0.223050 ^ clkbuf_1_0__f_clk/A (sky130_fd_sc_hd__clkbuf_16)
     2    0.004936    0.028705    0.108646    0.331695 ^ clkbuf_1_0__f_clk/X (sky130_fd_sc_hd__clkbuf_16)
                                                         clknet_1_0__leaf_clk (net)
                      0.028705    0.000007    0.331702 ^ _12_/CLK (sky130_fd_sc_hd__dfrtp_1)
                                  0.250000    0.581702   clock uncertainty
                                  0.000000    0.581702   clock reconvergence pessimism
                                  0.358733    0.940435   library removal time
                                              0.940435   data required time
---------------------------------------------------------------------------------------------
                                              0.940435   data required time
                                             -3.190252   data arrival time
---------------------------------------------------------------------------------------------
                                              2.249816   slack (MET)


Startpoint: _14_ (rising edge-triggered flip-flop clocked by clk)
Endpoint: count[2] (output port clocked by clk)
Path Group: clk
Path Type: min

Fanout         Cap        Slew       Delay        Time   Description
---------------------------------------------------------------------------------------------
                                  0.000000    0.000000   clock clk (rise edge)
                                  0.000000    0.000000   clock source latency
     1    0.023148    0.109768    0.075827    0.075827 ^ clk (in)
                                                         clk (net)
                      0.109781    0.000000    0.075827 ^ clkbuf_0_clk/A (sky130_fd_sc_hd__clkbuf_16)
     2    0.017778    0.040012    0.147161    0.222988 ^ clkbuf_0_clk/X (sky130_fd_sc_hd__clkbuf_16)
                                                         clknet_0_clk (net)
                      0.040012    0.000062    0.223050 ^ clkbuf_1_0__f_clk/A (sky130_fd_sc_hd__clkbuf_16)
     2    0.004936    0.028705    0.108646    0.331695 ^ clkbuf_1_0__f_clk/X (sky130_fd_sc_hd__clkbuf_16)
                                                         clknet_1_0__leaf_clk (net)
                      0.028705    0.000020    0.331715 ^ _14_/CLK (sky130_fd_sc_hd__dfrtp_1)
     3    0.007239    0.081445    0.338938    0.670653 ^ _14_/Q (sky130_fd_sc_hd__dfrtp_1)
                                                         net4 (net)
                      0.081445    0.000024    0.670676 ^ output4/A (sky130_fd_sc_hd__buf_2)
     1    0.034072    0.169329    0.211261    0.881937 ^ output4/X (sky130_fd_sc_hd__buf_2)
                                                         count[2] (net)
                      0.169329    0.000099    0.882036 ^ count[2] (out)
                                              0.882036   data arrival time

                                  0.000000    0.000000   clock clk (rise edge)
                                  0.000000    0.000000   clock network delay (propagated)
                                  0.250000    0.250000   clock uncertainty
                                  0.000000    0.250000   clock reconvergence pessimism
                                 -3.000000   -2.750000   output external delay
                                             -2.750000   data required time
---------------------------------------------------------------------------------------------
                                             -2.750000   data required time
                                             -0.882036   data arrival time
---------------------------------------------------------------------------------------------
                                              3.632036   slack (MET)


Startpoint: _15_ (rising edge-triggered flip-flop clocked by clk)
Endpoint: count[3] (output port clocked by clk)
Path Group: clk
Path Type: min

Fanout         Cap        Slew       Delay        Time   Description
---------------------------------------------------------------------------------------------
                                  0.000000    0.000000   clock clk (rise edge)
                                  0.000000    0.000000   clock source latency
     1    0.023148    0.109768    0.075827    0.075827 ^ clk (in)
                                                         clk (net)
                      0.109781    0.000000    0.075827 ^ clkbuf_0_clk/A (sky130_fd_sc_hd__clkbuf_16)
     2    0.017778    0.040012    0.147161    0.222988 ^ clkbuf_0_clk/X (sky130_fd_sc_hd__clkbuf_16)
                                                         clknet_0_clk (net)
                      0.040012    0.000049    0.223036 ^ clkbuf_1_1__f_clk/A (sky130_fd_sc_hd__clkbuf_16)
     2    0.005691    0.029392    0.109549    0.332586 ^ clkbuf_1_1__f_clk/X (sky130_fd_sc_hd__clkbuf_16)
                                                         clknet_1_1__leaf_clk (net)
                      0.029392    0.000042    0.332628 ^ _15_/CLK (sky130_fd_sc_hd__dfrtp_1)
     2    0.007424    0.082891    0.340446    0.673074 ^ _15_/Q (sky130_fd_sc_hd__dfrtp_1)
                                                         net5 (net)
                      0.082891    0.000022    0.673096 ^ output5/A (sky130_fd_sc_hd__buf_2)
     1    0.034124    0.169584    0.211959    0.885055 ^ output5/X (sky130_fd_sc_hd__buf_2)
                                                         count[3] (net)
                      0.169584    0.000111    0.885166 ^ count[3] (out)
                                              0.885166   data arrival time

                                  0.000000    0.000000   clock clk (rise edge)
                                  0.000000    0.000000   clock network delay (propagated)
                                  0.250000    0.250000   clock uncertainty
                                  0.000000    0.250000   clock reconvergence pessimism
                                 -3.000000   -2.750000   output external delay
                                             -2.750000   data required time
---------------------------------------------------------------------------------------------
                                             -2.750000   data required time
                                             -0.885166   data arrival time
---------------------------------------------------------------------------------------------
                                              3.635166   slack (MET)


Startpoint: _13_ (rising edge-triggered flip-flop clocked by clk)
Endpoint: count[1] (output port clocked by clk)
Path Group: clk
Path Type: min

Fanout         Cap        Slew       Delay        Time   Description
---------------------------------------------------------------------------------------------
                                  0.000000    0.000000   clock clk (rise edge)
                                  0.000000    0.000000   clock source latency
     1    0.023148    0.109768    0.075827    0.075827 ^ clk (in)
                                                         clk (net)
                      0.109781    0.000000    0.075827 ^ clkbuf_0_clk/A (sky130_fd_sc_hd__clkbuf_16)
     2    0.017778    0.040012    0.147161    0.222988 ^ clkbuf_0_clk/X (sky130_fd_sc_hd__clkbuf_16)
                                                         clknet_0_clk (net)
                      0.040012    0.000049    0.223036 ^ clkbuf_1_1__f_clk/A (sky130_fd_sc_hd__clkbuf_16)
     2    0.005691    0.029392    0.109549    0.332586 ^ clkbuf_1_1__f_clk/X (sky130_fd_sc_hd__clkbuf_16)
                                                         clknet_1_1__leaf_clk (net)
                      0.029392    0.000029    0.332615 ^ _13_/CLK (sky130_fd_sc_hd__dfrtp_1)
     4    0.010769    0.076521    0.389144    0.721759 v _13_/Q (sky130_fd_sc_hd__dfrtp_1)
                                                         net3 (net)
                      0.076521    0.000024    0.721783 v output3/A (sky130_fd_sc_hd__buf_2)
     1    0.034124    0.088919    0.194415    0.916198 v output3/X (sky130_fd_sc_hd__buf_2)
                                                         count[1] (net)
                      0.088919    0.000111    0.916309 v count[1] (out)
                                              0.916309   data arrival time

                                  0.000000    0.000000   clock clk (rise edge)
                                  0.000000    0.000000   clock network delay (propagated)
                                  0.250000    0.250000   clock uncertainty
                                  0.000000    0.250000   clock reconvergence pessimism
                                 -3.000000   -2.750000   output external delay
                                             -2.750000   data required time
---------------------------------------------------------------------------------------------
                                             -2.750000   data required time
                                             -0.916309   data arrival time
---------------------------------------------------------------------------------------------
                                              3.666309   slack (MET)


Startpoint: _12_ (rising edge-triggered flip-flop clocked by clk)
Endpoint: count[0] (output port clocked by clk)
Path Group: clk
Path Type: min

Fanout         Cap        Slew       Delay        Time   Description
---------------------------------------------------------------------------------------------
                                  0.000000    0.000000   clock clk (rise edge)
                                  0.000000    0.000000   clock source latency
     1    0.023148    0.109768    0.075827    0.075827 ^ clk (in)
                                                         clk (net)
                      0.109781    0.000000    0.075827 ^ clkbuf_0_clk/A (sky130_fd_sc_hd__clkbuf_16)
     2    0.017778    0.040012    0.147161    0.222988 ^ clkbuf_0_clk/X (sky130_fd_sc_hd__clkbuf_16)
                                                         clknet_0_clk (net)
                      0.040012    0.000062    0.223050 ^ clkbuf_1_0__f_clk/A (sky130_fd_sc_hd__clkbuf_16)
     2    0.004936    0.028705    0.108646    0.331695 ^ clkbuf_1_0__f_clk/X (sky130_fd_sc_hd__clkbuf_16)
                                                         clknet_1_0__leaf_clk (net)
                      0.028705    0.000007    0.331702 ^ _12_/CLK (sky130_fd_sc_hd__dfrtp_1)
     5    0.016092    0.097402    0.410380    0.742082 v _12_/Q (sky130_fd_sc_hd__dfrtp_1)
                                                         net2 (net)
                      0.097402    0.000113    0.742196 v output2/A (sky130_fd_sc_hd__buf_2)
     1    0.034089    0.088860    0.203855    0.946051 v output2/X (sky130_fd_sc_hd__buf_2)
                                                         count[0] (net)
                      0.088860    0.000103    0.946154 v count[0] (out)
                                              0.946154   data arrival time

                                  0.000000    0.000000   clock clk (rise edge)
                                  0.000000    0.000000   clock network delay (propagated)
                                  0.250000    0.250000   clock uncertainty
                                  0.000000    0.250000   clock reconvergence pessimism
                                 -3.000000   -2.750000   output external delay
                                             -2.750000   data required time
---------------------------------------------------------------------------------------------
                                             -2.750000   data required time
                                             -0.946154   data arrival time
---------------------------------------------------------------------------------------------
                                              3.696154   slack (MET)



