Reading OpenROAD database at '/home/jihan/projects/openlane_flow/designs/counter_4bit/runs/RUN_2025-12-04_01-46-29/34-openroad-cts/counter_4bit.odb'…
Reading library file at '/home/jihan/.volare/volare/sky130/versions/0fe599b2afb6708d281543108caf8310912f54af/sky130A/libs.ref/sky130_fd_sc_hd/lib/sky130_fd_sc_hd__tt_025C_1v80.lib'…
Reading design constraints file at '/nix/store/ss2cw3sxbrwwx9jl0rrppbw4kgcmgi2n-python3-3.11.9-env/lib/python3.11/site-packages/openlane/scripts/base.sdc'…
[INFO] Using clock clk…
[INFO] Setting output delay to: 3.0
[INFO] Setting input delay to: 3.0
[INFO] Setting load to: 0.033442
[INFO] Setting clock uncertainty to: 0.25
[INFO] Setting clock transition to: 0.1499999999999999944488848768742172978818416595458984375
[INFO] Setting timing derate to: 5%
[INFO] Setting RC values…
[WARNING GRT-0097] No global routing found for nets.
%OL_CREATE_REPORT min.rpt

===========================================================================
report_checks -path_delay min (Hold)
============================================================================
======================= nom_tt_025C_1v80 Corner ===================================

Startpoint: _15_ (rising edge-triggered flip-flop clocked by clk)
Endpoint: _15_ (rising edge-triggered flip-flop clocked by clk)
Path Group: clk
Path Type: min

Fanout         Cap        Slew       Delay        Time   Description
---------------------------------------------------------------------------------------------
                                  0.000000    0.000000   clock clk (rise edge)
                                  0.000000    0.000000   clock source latency
     1    0.023148    0.109768    0.075827    0.075827 ^ clk (in)
                                                         clk (net)
                      0.109781    0.000000    0.075827 ^ clkbuf_0_clk/A (sky130_fd_sc_hd__clkbuf_16)
     2    0.017778    0.040012    0.147161    0.222988 ^ clkbuf_0_clk/X (sky130_fd_sc_hd__clkbuf_16)
                                                         clknet_0_clk (net)
                      0.040012    0.000049    0.223036 ^ clkbuf_1_1__f_clk/A (sky130_fd_sc_hd__clkbuf_16)
     2    0.005691    0.029392    0.109549    0.332586 ^ clkbuf_1_1__f_clk/X (sky130_fd_sc_hd__clkbuf_16)
                                                         clknet_1_1__leaf_clk (net)
                      0.029392    0.000042    0.332628 ^ _15_/CLK (sky130_fd_sc_hd__dfrtp_1)
     2    0.007424    0.082891    0.340446    0.673074 ^ _15_/Q (sky130_fd_sc_hd__dfrtp_1)
                                                         net5 (net)
                      0.082891    0.000014    0.673088 ^ _10_/A (sky130_fd_sc_hd__xor2_1)
     1    0.002541    0.035939    0.067780    0.740869 v _10_/X (sky130_fd_sc_hd__xor2_1)
                                                         _03_ (net)
                      0.035939    0.000007    0.740875 v _15_/D (sky130_fd_sc_hd__dfrtp_1)
                                              0.740875   data arrival time

                                  0.000000    0.000000   clock clk (rise edge)
                                  0.000000    0.000000   clock source latency
     1    0.023148    0.109768    0.075827    0.075827 ^ clk (in)
                                                         clk (net)
                      0.109781    0.000000    0.075827 ^ clkbuf_0_clk/A (sky130_fd_sc_hd__clkbuf_16)
     2    0.017778    0.040012    0.147161    0.222988 ^ clkbuf_0_clk/X (sky130_fd_sc_hd__clkbuf_16)
                                                         clknet_0_clk (net)
                      0.040012    0.000049    0.223036 ^ clkbuf_1_1__f_clk/A (sky130_fd_sc_hd__clkbuf_16)
     2    0.005691    0.029392    0.109549    0.332586 ^ clkbuf_1_1__f_clk/X (sky130_fd_sc_hd__clkbuf_16)
                                                         clknet_1_1__leaf_clk (net)
                      0.029392    0.000042    0.332628 ^ _15_/CLK (sky130_fd_sc_hd__dfrtp_1)
                                  0.250000    0.582628   clock uncertainty
                                  0.000000    0.582628   clock reconvergence pessimism
                                 -0.045646    0.536982   library hold time
                                              0.536982   data required time
---------------------------------------------------------------------------------------------
                                              0.536982   data required time
                                             -0.740875   data arrival time
---------------------------------------------------------------------------------------------
                                              0.203893   slack (MET)


Startpoint: _13_ (rising edge-triggered flip-flop clocked by clk)
Endpoint: _13_ (rising edge-triggered flip-flop clocked by clk)
Path Group: clk
Path Type: min

Fanout         Cap        Slew       Delay        Time   Description
---------------------------------------------------------------------------------------------
                                  0.000000    0.000000   clock clk (rise edge)
                                  0.000000    0.000000   clock source latency
     1    0.023148    0.109768    0.075827    0.075827 ^ clk (in)
                                                         clk (net)
                      0.109781    0.000000    0.075827 ^ clkbuf_0_clk/A (sky130_fd_sc_hd__clkbuf_16)
     2    0.017778    0.040012    0.147161    0.222988 ^ clkbuf_0_clk/X (sky130_fd_sc_hd__clkbuf_16)
                                                         clknet_0_clk (net)
                      0.040012    0.000049    0.223036 ^ clkbuf_1_1__f_clk/A (sky130_fd_sc_hd__clkbuf_16)
     2    0.005691    0.029392    0.109549    0.332586 ^ clkbuf_1_1__f_clk/X (sky130_fd_sc_hd__clkbuf_16)
                                                         clknet_1_1__leaf_clk (net)
                      0.029392    0.000029    0.332615 ^ _13_/CLK (sky130_fd_sc_hd__dfrtp_1)
     4    0.011456    0.115169    0.366213    0.698828 ^ _13_/Q (sky130_fd_sc_hd__dfrtp_1)
                                                         net3 (net)
                      0.115169    0.000022    0.698850 ^ _11_/A (sky130_fd_sc_hd__xor2_1)
     1    0.002235    0.034585    0.074815    0.773665 v _11_/X (sky130_fd_sc_hd__xor2_1)
                                                         _01_ (net)
                      0.034585    0.000004    0.773669 v _13_/D (sky130_fd_sc_hd__dfrtp_1)
                                              0.773669   data arrival time

                                  0.000000    0.000000   clock clk (rise edge)
                                  0.000000    0.000000   clock source latency
     1    0.023148    0.109768    0.075827    0.075827 ^ clk (in)
                                                         clk (net)
                      0.109781    0.000000    0.075827 ^ clkbuf_0_clk/A (sky130_fd_sc_hd__clkbuf_16)
     2    0.017778    0.040012    0.147161    0.222988 ^ clkbuf_0_clk/X (sky130_fd_sc_hd__clkbuf_16)
                                                         clknet_0_clk (net)
                      0.040012    0.000049    0.223036 ^ clkbuf_1_1__f_clk/A (sky130_fd_sc_hd__clkbuf_16)
     2    0.005691    0.029392    0.109549    0.332586 ^ clkbuf_1_1__f_clk/X (sky130_fd_sc_hd__clkbuf_16)
                                                         clknet_1_1__leaf_clk (net)
                      0.029392    0.000029    0.332615 ^ _13_/CLK (sky130_fd_sc_hd__dfrtp_1)
                                  0.250000    0.582615   clock uncertainty
                                  0.000000    0.582615   clock reconvergence pessimism
                                 -0.045095    0.537520   library hold time
                                              0.537520   data required time
---------------------------------------------------------------------------------------------
                                              0.537520   data required time
                                             -0.773669   data arrival time
---------------------------------------------------------------------------------------------
                                              0.236149   slack (MET)


Startpoint: _12_ (rising edge-triggered flip-flop clocked by clk)
Endpoint: _12_ (rising edge-triggered flip-flop clocked by clk)
Path Group: clk
Path Type: min

Fanout         Cap        Slew       Delay        Time   Description
---------------------------------------------------------------------------------------------
                                  0.000000    0.000000   clock clk (rise edge)
                                  0.000000    0.000000   clock source latency
     1    0.023148    0.109768    0.075827    0.075827 ^ clk (in)
                                                         clk (net)
                      0.109781    0.000000    0.075827 ^ clkbuf_0_clk/A (sky130_fd_sc_hd__clkbuf_16)
     2    0.017778    0.040012    0.147161    0.222988 ^ clkbuf_0_clk/X (sky130_fd_sc_hd__clkbuf_16)
                                                         clknet_0_clk (net)
                      0.040012    0.000062    0.223050 ^ clkbuf_1_0__f_clk/A (sky130_fd_sc_hd__clkbuf_16)
     2    0.004936    0.028705    0.108646    0.331695 ^ clkbuf_1_0__f_clk/X (sky130_fd_sc_hd__clkbuf_16)
                                                         clknet_1_0__leaf_clk (net)
                      0.028705    0.000007    0.331702 ^ _12_/CLK (sky130_fd_sc_hd__dfrtp_1)
     5    0.017227    0.159552    0.400889    0.732591 ^ _12_/Q (sky130_fd_sc_hd__dfrtp_1)
                                                         net2 (net)
                      0.159552    0.000114    0.732705 ^ _06_/A (sky130_fd_sc_hd__inv_2)
     1    0.003580    0.033731    0.042683    0.775389 v _06_/Y (sky130_fd_sc_hd__inv_2)
                                                         _00_ (net)
                      0.033731    0.000026    0.775415 v _12_/D (sky130_fd_sc_hd__dfrtp_1)
                                              0.775415   data arrival time

                                  0.000000    0.000000   clock clk (rise edge)
                                  0.000000    0.000000   clock source latency
     1    0.023148    0.109768    0.075827    0.075827 ^ clk (in)
                                                         clk (net)
                      0.109781    0.000000    0.075827 ^ clkbuf_0_clk/A (sky130_fd_sc_hd__clkbuf_16)
     2    0.017778    0.040012    0.147161    0.222988 ^ clkbuf_0_clk/X (sky130_fd_sc_hd__clkbuf_16)
                                                         clknet_0_clk (net)
                      0.040012    0.000062    0.223050 ^ clkbuf_1_0__f_clk/A (sky130_fd_sc_hd__clkbuf_16)
     2    0.004936    0.028705    0.108646    0.331695 ^ clkbuf_1_0__f_clk/X (sky130_fd_sc_hd__clkbuf_16)
                                                         clknet_1_0__leaf_clk (net)
                      0.028705    0.000007    0.331702 ^ _12_/CLK (sky130_fd_sc_hd__dfrtp_1)
                                  0.250000    0.581702   clock uncertainty
                                  0.000000    0.581702   clock reconvergence pessimism
                                 -0.044904    0.536799   library hold time
                                              0.536799   data required time
---------------------------------------------------------------------------------------------
                                              0.536799   data required time
                                             -0.775415   data arrival time
---------------------------------------------------------------------------------------------
                                              0.238616   slack (MET)


Startpoint: _14_ (rising edge-triggered flip-flop clocked by clk)
Endpoint: _14_ (rising edge-triggered flip-flop clocked by clk)
Path Group: clk
Path Type: min

Fanout         Cap        Slew       Delay        Time   Description
---------------------------------------------------------------------------------------------
                                  0.000000    0.000000   clock clk (rise edge)
                                  0.000000    0.000000   clock source latency
     1    0.023148    0.109768    0.075827    0.075827 ^ clk (in)
                                                         clk (net)
                      0.109781    0.000000    0.075827 ^ clkbuf_0_clk/A (sky130_fd_sc_hd__clkbuf_16)
     2    0.017778    0.040012    0.147161    0.222988 ^ clkbuf_0_clk/X (sky130_fd_sc_hd__clkbuf_16)
                                                         clknet_0_clk (net)
                      0.040012    0.000062    0.223050 ^ clkbuf_1_0__f_clk/A (sky130_fd_sc_hd__clkbuf_16)
     2    0.004936    0.028705    0.108646    0.331695 ^ clkbuf_1_0__f_clk/X (sky130_fd_sc_hd__clkbuf_16)
                                                         clknet_1_0__leaf_clk (net)
                      0.028705    0.000020    0.331715 ^ _14_/CLK (sky130_fd_sc_hd__dfrtp_1)
     3    0.007239    0.081445    0.338938    0.670653 ^ _14_/Q (sky130_fd_sc_hd__dfrtp_1)
                                                         net4 (net)
                      0.081445    0.000017    0.670670 ^ _07_/B1 (sky130_fd_sc_hd__a21oi_1)
     1    0.003297    0.035592    0.047842    0.718512 v _07_/Y (sky130_fd_sc_hd__a21oi_1)
                                                         _04_ (net)
                      0.035592    0.000012    0.718524 v _09_/A (sky130_fd_sc_hd__nor2_1)
     1    0.002245    0.069114    0.085726    0.804250 ^ _09_/Y (sky130_fd_sc_hd__nor2_1)
                                                         _02_ (net)
                      0.069114    0.000003    0.804254 ^ _14_/D (sky130_fd_sc_hd__dfrtp_1)
                                              0.804254   data arrival time

                                  0.000000    0.000000   clock clk (rise edge)
                                  0.000000    0.000000   clock source latency
     1    0.023148    0.109768    0.075827    0.075827 ^ clk (in)
                                                         clk (net)
                      0.109781    0.000000    0.075827 ^ clkbuf_0_clk/A (sky130_fd_sc_hd__clkbuf_16)
     2    0.017778    0.040012    0.147161    0.222988 ^ clkbuf_0_clk/X (sky130_fd_sc_hd__clkbuf_16)
                                                         clknet_0_clk (net)
                      0.040012    0.000062    0.223050 ^ clkbuf_1_0__f_clk/A (sky130_fd_sc_hd__clkbuf_16)
     2    0.004936    0.028705    0.108646    0.331695 ^ clkbuf_1_0__f_clk/X (sky130_fd_sc_hd__clkbuf_16)
                                                         clknet_1_0__leaf_clk (net)
                      0.028705    0.000020    0.331715 ^ _14_/CLK (sky130_fd_sc_hd__dfrtp_1)
                                  0.250000    0.581715   clock uncertainty
                                  0.000000    0.581715   clock reconvergence pessimism
                                 -0.042055    0.539660   library hold time
                                              0.539660   data required time
---------------------------------------------------------------------------------------------
                                              0.539660   data required time
                                             -0.804254   data arrival time
---------------------------------------------------------------------------------------------
                                              0.264594   slack (MET)


Startpoint: rst_n (input port clocked by clk)
Endpoint: _15_ (removal check against rising-edge clock clk)
Path Group: asynchronous
Path Type: min

Fanout         Cap        Slew       Delay        Time   Description
---------------------------------------------------------------------------------------------
                                  0.000000    0.000000   clock clk (rise edge)
                                  0.000000    0.000000   clock network delay (propagated)
                                  3.000000    3.000000 ^ input external delay
     1    0.002919    0.020243    0.010709    3.010709 ^ rst_n (in)
                                                         rst_n (net)
                      0.020243    0.000000    3.010709 ^ input1/A (sky130_fd_sc_hd__buf_1)
     4    0.016395    0.200979    0.179501    3.190210 ^ input1/X (sky130_fd_sc_hd__buf_1)
                                                         net1 (net)
                      0.200979    0.000031    3.190241 ^ _15_/RESET_B (sky130_fd_sc_hd__dfrtp_1)
                                              3.190241   data arrival time

                                  0.000000    0.000000   clock clk (rise edge)
                                  0.000000    0.000000   clock source latency
     1    0.023148    0.109768    0.075827    0.075827 ^ clk (in)
                                                         clk (net)
                      0.109781    0.000000    0.075827 ^ clkbuf_0_clk/A (sky130_fd_sc_hd__clkbuf_16)
     2    0.017778    0.040012    0.147161    0.222988 ^ clkbuf_0_clk/X (sky130_fd_sc_hd__clkbuf_16)
                                                         clknet_0_clk (net)
                      0.040012    0.000049    0.223036 ^ clkbuf_1_1__f_clk/A (sky130_fd_sc_hd__clkbuf_16)
     2    0.005691    0.029392    0.109549    0.332586 ^ clkbuf_1_1__f_clk/X (sky130_fd_sc_hd__clkbuf_16)
                                                         clknet_1_1__leaf_clk (net)
                      0.029392    0.000042    0.332628 ^ _15_/CLK (sky130_fd_sc_hd__dfrtp_1)
                                  0.250000    0.582628   clock uncertainty
                                  0.000000    0.582628   clock reconvergence pessimism
                                  0.358919    0.941548   library removal time
                                              0.941548   data required time
---------------------------------------------------------------------------------------------
                                              0.941548   data required time
                                             -3.190241   data arrival time
---------------------------------------------------------------------------------------------
                                              2.248693   slack (MET)


Startpoint: rst_n (input port clocked by clk)
Endpoint: _13_ (removal check against rising-edge clock clk)
Path Group: asynchronous
Path Type: min

Fanout         Cap        Slew       Delay        Time   Description
---------------------------------------------------------------------------------------------
                                  0.000000    0.000000   clock clk (rise edge)
                                  0.000000    0.000000   clock network delay (propagated)
                                  3.000000    3.000000 ^ input external delay
     1    0.002919    0.020243    0.010709    3.010709 ^ rst_n (in)
                                                         rst_n (net)
                      0.020243    0.000000    3.010709 ^ input1/A (sky130_fd_sc_hd__buf_1)
     4    0.016395    0.200979    0.179501    3.190210 ^ input1/X (sky130_fd_sc_hd__buf_1)
                                                         net1 (net)
                      0.200979    0.000034    3.190243 ^ _13_/RESET_B (sky130_fd_sc_hd__dfrtp_1)
                                              3.190243   data arrival time

                                  0.000000    0.000000   clock clk (rise edge)
                                  0.000000    0.000000   clock source latency
     1    0.023148    0.109768    0.075827    0.075827 ^ clk (in)
                                                         clk (net)
                      0.109781    0.000000    0.075827 ^ clkbuf_0_clk/A (sky130_fd_sc_hd__clkbuf_16)
     2    0.017778    0.040012    0.147161    0.222988 ^ clkbuf_0_clk/X (sky130_fd_sc_hd__clkbuf_16)
                                                         clknet_0_clk (net)
                      0.040012    0.000049    0.223036 ^ clkbuf_1_1__f_clk/A (sky130_fd_sc_hd__clkbuf_16)
     2    0.005691    0.029392    0.109549    0.332586 ^ clkbuf_1_1__f_clk/X (sky130_fd_sc_hd__clkbuf_16)
                                                         clknet_1_1__leaf_clk (net)
                      0.029392    0.000029    0.332615 ^ _13_/CLK (sky130_fd_sc_hd__dfrtp_1)
                                  0.250000    0.582615   clock uncertainty
                                  0.000000    0.582615   clock reconvergence pessimism
                                  0.358919    0.941534   library removal time
                                              0.941534   data required time
---------------------------------------------------------------------------------------------
                                              0.941534   data required time
                                             -3.190243   data arrival time
---------------------------------------------------------------------------------------------
                                              2.248709   slack (MET)


Startpoint: rst_n (input port clocked by clk)
Endpoint: _14_ (removal check against rising-edge clock clk)
Path Group: asynchronous
Path Type: min

Fanout         Cap        Slew       Delay        Time   Description
---------------------------------------------------------------------------------------------
                                  0.000000    0.000000   clock clk (rise edge)
                                  0.000000    0.000000   clock network delay (propagated)
                                  3.000000    3.000000 ^ input external delay
     1    0.002919    0.020243    0.010709    3.010709 ^ rst_n (in)
                                                         rst_n (net)
                      0.020243    0.000000    3.010709 ^ input1/A (sky130_fd_sc_hd__buf_1)
     4    0.016395    0.200979    0.179501    3.190210 ^ input1/X (sky130_fd_sc_hd__buf_1)
                                                         net1 (net)
                      0.200979    0.000024    3.190234 ^ _14_/RESET_B (sky130_fd_sc_hd__dfrtp_1)
                                              3.190234   data arrival time

                                  0.000000    0.000000   clock clk (rise edge)
                                  0.000000    0.000000   clock source latency
     1    0.023148    0.109768    0.075827    0.075827 ^ clk (in)
                                                         clk (net)
                      0.109781    0.000000    0.075827 ^ clkbuf_0_clk/A (sky130_fd_sc_hd__clkbuf_16)
     2    0.017778    0.040012    0.147161    0.222988 ^ clkbuf_0_clk/X (sky130_fd_sc_hd__clkbuf_16)
                                                         clknet_0_clk (net)
                      0.040012    0.000062    0.223050 ^ clkbuf_1_0__f_clk/A (sky130_fd_sc_hd__clkbuf_16)
     2    0.004936    0.028705    0.108646    0.331695 ^ clkbuf_1_0__f_clk/X (sky130_fd_sc_hd__clkbuf_16)
                                                         clknet_1_0__leaf_clk (net)
                      0.028705    0.000020    0.331715 ^ _14_/CLK (sky130_fd_sc_hd__dfrtp_1)
                                  0.250000    0.581715   clock uncertainty
                                  0.000000    0.581715   clock reconvergence pessimism
                                  0.358733    0.940448   library removal time
                                              0.940448   data required time
---------------------------------------------------------------------------------------------
                                              0.940448   data required time
                                             -3.190234   data arrival time
---------------------------------------------------------------------------------------------
                                              2.249786   slack (MET)


Startpoint: rst_n (input port clocked by clk)
Endpoint: _12_ (removal check against rising-edge clock clk)
Path Group: asynchronous
Path Type: min

Fanout         Cap        Slew       Delay        Time   Description
---------------------------------------------------------------------------------------------
                                  0.000000    0.000000   clock clk (rise edge)
                                  0.000000    0.000000   clock network delay (propagated)
                                  3.000000    3.000000 ^ input external delay
     1    0.002919    0.020243    0.010709    3.010709 ^ rst_n (in)
                                                         rst_n (net)
                      0.020243    0.000000    3.010709 ^ input1/A (sky130_fd_sc_hd__buf_1)
     4    0.016395    0.200979    0.179501    3.190210 ^ input1/X (sky130_fd_sc_hd__buf_1)
                                                         net1 (net)
                      0.200979    0.000042    3.190252 ^ _12_/RESET_B (sky130_fd_sc_hd__dfrtp_1)
                                              3.190252   data arrival time

                                  0.000000    0.000000   clock clk (rise edge)
                                  0.000000    0.000000   clock source latency
     1    0.023148    0.109768    0.075827    0.075827 ^ clk (in)
                                                         clk (net)
                      0.109781    0.000000    0.075827 ^ clkbuf_0_clk/A (sky130_fd_sc_hd__clkbuf_16)
     2    0.017778    0.040012    0.147161    0.222988 ^ clkbuf_0_clk/X (sky130_fd_sc_hd__clkbuf_16)
                                                         clknet_0_clk (net)
                      0.040012    0.000062    0.223050 ^ clkbuf_1_0__f_clk/A (sky130_fd_sc_hd__clkbuf_16)
     2    0.004936    0.028705    0.108646    0.331695 ^ clkbuf_1_0__f_clk/X (sky130_fd_sc_hd__clkbuf_16)
                                                         clknet_1_0__leaf_clk (net)
                      0.028705    0.000007    0.331702 ^ _12_/CLK (sky130_fd_sc_hd__dfrtp_1)
                                  0.250000    0.581702   clock uncertainty
                                  0.000000    0.581702   clock reconvergence pessimism
                                  0.358733    0.940435   library removal time
                                              0.940435   data required time
---------------------------------------------------------------------------------------------
                                              0.940435   data required time
                                             -3.190252   data arrival time
---------------------------------------------------------------------------------------------
                                              2.249816   slack (MET)


Startpoint: _14_ (rising edge-triggered flip-flop clocked by clk)
Endpoint: count[2] (output port clocked by clk)
Path Group: clk
Path Type: min

Fanout         Cap        Slew       Delay        Time   Description
---------------------------------------------------------------------------------------------
                                  0.000000    0.000000   clock clk (rise edge)
                                  0.000000    0.000000   clock source latency
     1    0.023148    0.109768    0.075827    0.075827 ^ clk (in)
                                                         clk (net)
                      0.109781    0.000000    0.075827 ^ clkbuf_0_clk/A (sky130_fd_sc_hd__clkbuf_16)
     2    0.017778    0.040012    0.147161    0.222988 ^ clkbuf_0_clk/X (sky130_fd_sc_hd__clkbuf_16)
                                                         clknet_0_clk (net)
                      0.040012    0.000062    0.223050 ^ clkbuf_1_0__f_clk/A (sky130_fd_sc_hd__clkbuf_16)
     2    0.004936    0.028705    0.108646    0.331695 ^ clkbuf_1_0__f_clk/X (sky130_fd_sc_hd__clkbuf_16)
                                                         clknet_1_0__leaf_clk (net)
                      0.028705    0.000020    0.331715 ^ _14_/CLK (sky130_fd_sc_hd__dfrtp_1)
     3    0.007239    0.081445    0.338938    0.670653 ^ _14_/Q (sky130_fd_sc_hd__dfrtp_1)
                                                         net4 (net)
                      0.081445    0.000024    0.670676 ^ output4/A (sky130_fd_sc_hd__buf_2)
     1    0.034072    0.169329    0.211261    0.881937 ^ output4/X (sky130_fd_sc_hd__buf_2)
                                                         count[2] (net)
                      0.169329    0.000099    0.882036 ^ count[2] (out)
                                              0.882036   data arrival time

                                  0.000000    0.000000   clock clk (rise edge)
                                  0.000000    0.000000   clock network delay (propagated)
                                  0.250000    0.250000   clock uncertainty
                                  0.000000    0.250000   clock reconvergence pessimism
                                 -3.000000   -2.750000   output external delay
                                             -2.750000   data required time
---------------------------------------------------------------------------------------------
                                             -2.750000   data required time
                                             -0.882036   data arrival time
---------------------------------------------------------------------------------------------
                                              3.632036   slack (MET)


Startpoint: _15_ (rising edge-triggered flip-flop clocked by clk)
Endpoint: count[3] (output port clocked by clk)
Path Group: clk
Path Type: min

Fanout         Cap        Slew       Delay        Time   Description
---------------------------------------------------------------------------------------------
                                  0.000000    0.000000   clock clk (rise edge)
                                  0.000000    0.000000   clock source latency
     1    0.023148    0.109768    0.075827    0.075827 ^ clk (in)
                                                         clk (net)
                      0.109781    0.000000    0.075827 ^ clkbuf_0_clk/A (sky130_fd_sc_hd__clkbuf_16)
     2    0.017778    0.040012    0.147161    0.222988 ^ clkbuf_0_clk/X (sky130_fd_sc_hd__clkbuf_16)
                                                         clknet_0_clk (net)
                      0.040012    0.000049    0.223036 ^ clkbuf_1_1__f_clk/A (sky130_fd_sc_hd__clkbuf_16)
     2    0.005691    0.029392    0.109549    0.332586 ^ clkbuf_1_1__f_clk/X (sky130_fd_sc_hd__clkbuf_16)
                                                         clknet_1_1__leaf_clk (net)
                      0.029392    0.000042    0.332628 ^ _15_/CLK (sky130_fd_sc_hd__dfrtp_1)
     2    0.007424    0.082891    0.340446    0.673074 ^ _15_/Q (sky130_fd_sc_hd__dfrtp_1)
                                                         net5 (net)
                      0.082891    0.000022    0.673096 ^ output5/A (sky130_fd_sc_hd__buf_2)
     1    0.034124    0.169584    0.211959    0.885055 ^ output5/X (sky130_fd_sc_hd__buf_2)
                                                         count[3] (net)
                      0.169584    0.000111    0.885166 ^ count[3] (out)
                                              0.885166   data arrival time

                                  0.000000    0.000000   clock clk (rise edge)
                                  0.000000    0.000000   clock network delay (propagated)
                                  0.250000    0.250000   clock uncertainty
                                  0.000000    0.250000   clock reconvergence pessimism
                                 -3.000000   -2.750000   output external delay
                                             -2.750000   data required time
---------------------------------------------------------------------------------------------
                                             -2.750000   data required time
                                             -0.885166   data arrival time
---------------------------------------------------------------------------------------------
                                              3.635166   slack (MET)


Startpoint: _13_ (rising edge-triggered flip-flop clocked by clk)
Endpoint: count[1] (output port clocked by clk)
Path Group: clk
Path Type: min

Fanout         Cap        Slew       Delay        Time   Description
---------------------------------------------------------------------------------------------
                                  0.000000    0.000000   clock clk (rise edge)
                                  0.000000    0.000000   clock source latency
     1    0.023148    0.109768    0.075827    0.075827 ^ clk (in)
                                                         clk (net)
                      0.109781    0.000000    0.075827 ^ clkbuf_0_clk/A (sky130_fd_sc_hd__clkbuf_16)
     2    0.017778    0.040012    0.147161    0.222988 ^ clkbuf_0_clk/X (sky130_fd_sc_hd__clkbuf_16)
                                                         clknet_0_clk (net)
                      0.040012    0.000049    0.223036 ^ clkbuf_1_1__f_clk/A (sky130_fd_sc_hd__clkbuf_16)
     2    0.005691    0.029392    0.109549    0.332586 ^ clkbuf_1_1__f_clk/X (sky130_fd_sc_hd__clkbuf_16)
                                                         clknet_1_1__leaf_clk (net)
                      0.029392    0.000029    0.332615 ^ _13_/CLK (sky130_fd_sc_hd__dfrtp_1)
     4    0.010769    0.076521    0.389144    0.721759 v _13_/Q (sky130_fd_sc_hd__dfrtp_1)
                                                         net3 (net)
                      0.076521    0.000024    0.721783 v output3/A (sky130_fd_sc_hd__buf_2)
     1    0.034124    0.088919    0.194415    0.916198 v output3/X (sky130_fd_sc_hd__buf_2)
                                                         count[1] (net)
                      0.088919    0.000111    0.916309 v count[1] (out)
                                              0.916309   data arrival time

                                  0.000000    0.000000   clock clk (rise edge)
                                  0.000000    0.000000   clock network delay (propagated)
                                  0.250000    0.250000   clock uncertainty
                                  0.000000    0.250000   clock reconvergence pessimism
                                 -3.000000   -2.750000   output external delay
                                             -2.750000   data required time
---------------------------------------------------------------------------------------------
                                             -2.750000   data required time
                                             -0.916309   data arrival time
---------------------------------------------------------------------------------------------
                                              3.666309   slack (MET)


Startpoint: _12_ (rising edge-triggered flip-flop clocked by clk)
Endpoint: count[0] (output port clocked by clk)
Path Group: clk
Path Type: min

Fanout         Cap        Slew       Delay        Time   Description
---------------------------------------------------------------------------------------------
                                  0.000000    0.000000   clock clk (rise edge)
                                  0.000000    0.000000   clock source latency
     1    0.023148    0.109768    0.075827    0.075827 ^ clk (in)
                                                         clk (net)
                      0.109781    0.000000    0.075827 ^ clkbuf_0_clk/A (sky130_fd_sc_hd__clkbuf_16)
     2    0.017778    0.040012    0.147161    0.222988 ^ clkbuf_0_clk/X (sky130_fd_sc_hd__clkbuf_16)
                                                         clknet_0_clk (net)
                      0.040012    0.000062    0.223050 ^ clkbuf_1_0__f_clk/A (sky130_fd_sc_hd__clkbuf_16)
     2    0.004936    0.028705    0.108646    0.331695 ^ clkbuf_1_0__f_clk/X (sky130_fd_sc_hd__clkbuf_16)
                                                         clknet_1_0__leaf_clk (net)
                      0.028705    0.000007    0.331702 ^ _12_/CLK (sky130_fd_sc_hd__dfrtp_1)
     5    0.016092    0.097402    0.410380    0.742082 v _12_/Q (sky130_fd_sc_hd__dfrtp_1)
                                                         net2 (net)
                      0.097402    0.000113    0.742196 v output2/A (sky130_fd_sc_hd__buf_2)
     1    0.034089    0.088860    0.203855    0.946051 v output2/X (sky130_fd_sc_hd__buf_2)
                                                         count[0] (net)
                      0.088860    0.000103    0.946154 v count[0] (out)
                                              0.946154   data arrival time

                                  0.000000    0.000000   clock clk (rise edge)
                                  0.000000    0.000000   clock network delay (propagated)
                                  0.250000    0.250000   clock uncertainty
                                  0.000000    0.250000   clock reconvergence pessimism
                                 -3.000000   -2.750000   output external delay
                                             -2.750000   data required time
---------------------------------------------------------------------------------------------
                                             -2.750000   data required time
                                             -0.946154   data arrival time
---------------------------------------------------------------------------------------------
                                              3.696154   slack (MET)



%OL_END_REPORT
%OL_CREATE_REPORT max.rpt

===========================================================================
report_checks -path_delay max (Setup)
============================================================================
======================= nom_tt_025C_1v80 Corner ===================================

Startpoint: _12_ (rising edge-triggered flip-flop clocked by clk)
Endpoint: count[0] (output port clocked by clk)
Path Group: clk
Path Type: max

Fanout         Cap        Slew       Delay        Time   Description
---------------------------------------------------------------------------------------------
                                  0.000000    0.000000   clock clk (rise edge)
                                  0.000000    0.000000   clock source latency
     1    0.023148    0.109768    0.075827    0.075827 ^ clk (in)
                                                         clk (net)
                      0.109781    0.000000    0.075827 ^ clkbuf_0_clk/A (sky130_fd_sc_hd__clkbuf_16)
     2    0.017778    0.040012    0.147161    0.222988 ^ clkbuf_0_clk/X (sky130_fd_sc_hd__clkbuf_16)
                                                         clknet_0_clk (net)
                      0.040012    0.000062    0.223050 ^ clkbuf_1_0__f_clk/A (sky130_fd_sc_hd__clkbuf_16)
     2    0.004936    0.028705    0.108646    0.331695 ^ clkbuf_1_0__f_clk/X (sky130_fd_sc_hd__clkbuf_16)
                                                         clknet_1_0__leaf_clk (net)
                      0.028705    0.000007    0.331702 ^ _12_/CLK (sky130_fd_sc_hd__dfrtp_1)
     5    0.017227    0.159552    0.400889    0.732591 ^ _12_/Q (sky130_fd_sc_hd__dfrtp_1)
                                                         net2 (net)
                      0.159552    0.000122    0.732713 ^ output2/A (sky130_fd_sc_hd__buf_2)
     1    0.034089    0.169697    0.236460    0.969173 ^ output2/X (sky130_fd_sc_hd__buf_2)
                                                         count[0] (net)
                      0.169697    0.000103    0.969276 ^ count[0] (out)
                                              0.969276   data arrival time

                                 15.000000   15.000000   clock clk (rise edge)
                                  0.000000   15.000000   clock network delay (propagated)
                                 -0.250000   14.750000   clock uncertainty
                                  0.000000   14.750000   clock reconvergence pessimism
                                 -3.000000   11.750000   output external delay
                                             11.750000   data required time
---------------------------------------------------------------------------------------------
                                             11.750000   data required time
                                             -0.969276   data arrival time
---------------------------------------------------------------------------------------------
                                             10.780725   slack (MET)


Startpoint: _13_ (rising edge-triggered flip-flop clocked by clk)
Endpoint: count[1] (output port clocked by clk)
Path Group: clk
Path Type: max

Fanout         Cap        Slew       Delay        Time   Description
---------------------------------------------------------------------------------------------
                                  0.000000    0.000000   clock clk (rise edge)
                                  0.000000    0.000000   clock source latency
     1    0.023148    0.109768    0.075827    0.075827 ^ clk (in)
                                                         clk (net)
                      0.109781    0.000000    0.075827 ^ clkbuf_0_clk/A (sky130_fd_sc_hd__clkbuf_16)
     2    0.017778    0.040012    0.147161    0.222988 ^ clkbuf_0_clk/X (sky130_fd_sc_hd__clkbuf_16)
                                                         clknet_0_clk (net)
                      0.040012    0.000049    0.223036 ^ clkbuf_1_1__f_clk/A (sky130_fd_sc_hd__clkbuf_16)
     2    0.005691    0.029392    0.109549    0.332586 ^ clkbuf_1_1__f_clk/X (sky130_fd_sc_hd__clkbuf_16)
                                                         clknet_1_1__leaf_clk (net)
                      0.029392    0.000029    0.332615 ^ _13_/CLK (sky130_fd_sc_hd__dfrtp_1)
     4    0.011456    0.115169    0.366213    0.698828 ^ _13_/Q (sky130_fd_sc_hd__dfrtp_1)
                                                         net3 (net)
                      0.115169    0.000025    0.698853 ^ output3/A (sky130_fd_sc_hd__buf_2)
     1    0.034124    0.169772    0.223853    0.922706 ^ output3/X (sky130_fd_sc_hd__buf_2)
                                                         count[1] (net)
                      0.169772    0.000111    0.922817 ^ count[1] (out)
                                              0.922817   data arrival time

                                 15.000000   15.000000   clock clk (rise edge)
                                  0.000000   15.000000   clock network delay (propagated)
                                 -0.250000   14.750000   clock uncertainty
                                  0.000000   14.750000   clock reconvergence pessimism
                                 -3.000000   11.750000   output external delay
                                             11.750000   data required time
---------------------------------------------------------------------------------------------
                                             11.750000   data required time
                                             -0.922817   data arrival time
---------------------------------------------------------------------------------------------
                                             10.827183   slack (MET)


Startpoint: _15_ (rising edge-triggered flip-flop clocked by clk)
Endpoint: count[3] (output port clocked by clk)
Path Group: clk
Path Type: max

Fanout         Cap        Slew       Delay        Time   Description
---------------------------------------------------------------------------------------------
                                  0.000000    0.000000   clock clk (rise edge)
                                  0.000000    0.000000   clock source latency
     1    0.023148    0.109768    0.075827    0.075827 ^ clk (in)
                                                         clk (net)
                      0.109781    0.000000    0.075827 ^ clkbuf_0_clk/A (sky130_fd_sc_hd__clkbuf_16)
     2    0.017778    0.040012    0.147161    0.222988 ^ clkbuf_0_clk/X (sky130_fd_sc_hd__clkbuf_16)
                                                         clknet_0_clk (net)
                      0.040012    0.000049    0.223036 ^ clkbuf_1_1__f_clk/A (sky130_fd_sc_hd__clkbuf_16)
     2    0.005691    0.029392    0.109549    0.332586 ^ clkbuf_1_1__f_clk/X (sky130_fd_sc_hd__clkbuf_16)
                                                         clknet_1_1__leaf_clk (net)
                      0.029392    0.000042    0.332628 ^ _15_/CLK (sky130_fd_sc_hd__dfrtp_1)
     2    0.006930    0.059708    0.370332    0.702961 v _15_/Q (sky130_fd_sc_hd__dfrtp_1)
                                                         net5 (net)
                      0.059708    0.000020    0.702981 v output5/A (sky130_fd_sc_hd__buf_2)
     1    0.034124    0.088902    0.186767    0.889748 v output5/X (sky130_fd_sc_hd__buf_2)
                                                         count[3] (net)
                      0.088902    0.000111    0.889859 v count[3] (out)
                                              0.889859   data arrival time

                                 15.000000   15.000000   clock clk (rise edge)
                                  0.000000   15.000000   clock network delay (propagated)
                                 -0.250000   14.750000   clock uncertainty
                                  0.000000   14.750000   clock reconvergence pessimism
                                 -3.000000   11.750000   output external delay
                                             11.750000   data required time
---------------------------------------------------------------------------------------------
                                             11.750000   data required time
                                             -0.889859   data arrival time
---------------------------------------------------------------------------------------------
                                             10.860142   slack (MET)


Startpoint: _14_ (rising edge-triggered flip-flop clocked by clk)
Endpoint: count[2] (output port clocked by clk)
Path Group: clk
Path Type: max

Fanout         Cap        Slew       Delay        Time   Description
---------------------------------------------------------------------------------------------
                                  0.000000    0.000000   clock clk (rise edge)
                                  0.000000    0.000000   clock source latency
     1    0.023148    0.109768    0.075827    0.075827 ^ clk (in)
                                                         clk (net)
                      0.109781    0.000000    0.075827 ^ clkbuf_0_clk/A (sky130_fd_sc_hd__clkbuf_16)
     2    0.017778    0.040012    0.147161    0.222988 ^ clkbuf_0_clk/X (sky130_fd_sc_hd__clkbuf_16)
                                                         clknet_0_clk (net)
                      0.040012    0.000062    0.223050 ^ clkbuf_1_0__f_clk/A (sky130_fd_sc_hd__clkbuf_16)
     2    0.004936    0.028705    0.108646    0.331695 ^ clkbuf_1_0__f_clk/X (sky130_fd_sc_hd__clkbuf_16)
                                                         clknet_1_0__leaf_clk (net)
                      0.028705    0.000020    0.331715 ^ _14_/CLK (sky130_fd_sc_hd__dfrtp_1)
     3    0.006635    0.058388    0.368482    0.700196 v _14_/Q (sky130_fd_sc_hd__dfrtp_1)
                                                         net4 (net)
                      0.058388    0.000022    0.700218 v output4/A (sky130_fd_sc_hd__buf_2)
     1    0.034072    0.088783    0.186078    0.886296 v output4/X (sky130_fd_sc_hd__buf_2)
                                                         count[2] (net)
                      0.088783    0.000099    0.886395 v count[2] (out)
                                              0.886395   data arrival time

                                 15.000000   15.000000   clock clk (rise edge)
                                  0.000000   15.000000   clock network delay (propagated)
                                 -0.250000   14.750000   clock uncertainty
                                  0.000000   14.750000   clock reconvergence pessimism
                                 -3.000000   11.750000   output external delay
                                             11.750000   data required time
---------------------------------------------------------------------------------------------
                                             11.750000   data required time
                                             -0.886395   data arrival time
---------------------------------------------------------------------------------------------
                                             10.863605   slack (MET)


Startpoint: rst_n (input port clocked by clk)
Endpoint: _12_ (recovery check against rising-edge clock clk)
Path Group: asynchronous
Path Type: max

Fanout         Cap        Slew       Delay        Time   Description
---------------------------------------------------------------------------------------------
                                  0.000000    0.000000   clock clk (rise edge)
                                  0.000000    0.000000   clock network delay (propagated)
                                  3.000000    3.000000 ^ input external delay
     1    0.002919    0.020243    0.010709    3.010709 ^ rst_n (in)
                                                         rst_n (net)
                      0.020243    0.000000    3.010709 ^ input1/A (sky130_fd_sc_hd__buf_1)
     4    0.016395    0.200979    0.179501    3.190210 ^ input1/X (sky130_fd_sc_hd__buf_1)
                                                         net1 (net)
                      0.200979    0.000042    3.190252 ^ _12_/RESET_B (sky130_fd_sc_hd__dfrtp_1)
                                              3.190252   data arrival time

                                 15.000000   15.000000   clock clk (rise edge)
                                  0.000000   15.000000   clock source latency
     1    0.023148    0.109768    0.075827   15.075828 ^ clk (in)
                                                         clk (net)
                      0.109781    0.000000   15.075828 ^ clkbuf_0_clk/A (sky130_fd_sc_hd__clkbuf_16)
     2    0.017778    0.040012    0.147161   15.222988 ^ clkbuf_0_clk/X (sky130_fd_sc_hd__clkbuf_16)
                                                         clknet_0_clk (net)
                      0.040012    0.000062   15.223050 ^ clkbuf_1_0__f_clk/A (sky130_fd_sc_hd__clkbuf_16)
     2    0.004936    0.028705    0.108646   15.331696 ^ clkbuf_1_0__f_clk/X (sky130_fd_sc_hd__clkbuf_16)
                                                         clknet_1_0__leaf_clk (net)
                      0.028705    0.000007   15.331702 ^ _12_/CLK (sky130_fd_sc_hd__dfrtp_1)
                                 -0.250000   15.081703   clock uncertainty
                                  0.000000   15.081703   clock reconvergence pessimism
                                  0.184851   15.266555   library recovery time
                                             15.266555   data required time
---------------------------------------------------------------------------------------------
                                             15.266555   data required time
                                             -3.190252   data arrival time
---------------------------------------------------------------------------------------------
                                             12.076303   slack (MET)


Startpoint: rst_n (input port clocked by clk)
Endpoint: _14_ (recovery check against rising-edge clock clk)
Path Group: asynchronous
Path Type: max

Fanout         Cap        Slew       Delay        Time   Description
---------------------------------------------------------------------------------------------
                                  0.000000    0.000000   clock clk (rise edge)
                                  0.000000    0.000000   clock network delay (propagated)
                                  3.000000    3.000000 ^ input external delay
     1    0.002919    0.020243    0.010709    3.010709 ^ rst_n (in)
                                                         rst_n (net)
                      0.020243    0.000000    3.010709 ^ input1/A (sky130_fd_sc_hd__buf_1)
     4    0.016395    0.200979    0.179501    3.190210 ^ input1/X (sky130_fd_sc_hd__buf_1)
                                                         net1 (net)
                      0.200979    0.000024    3.190234 ^ _14_/RESET_B (sky130_fd_sc_hd__dfrtp_1)
                                              3.190234   data arrival time

                                 15.000000   15.000000   clock clk (rise edge)
                                  0.000000   15.000000   clock source latency
     1    0.023148    0.109768    0.075827   15.075828 ^ clk (in)
                                                         clk (net)
                      0.109781    0.000000   15.075828 ^ clkbuf_0_clk/A (sky130_fd_sc_hd__clkbuf_16)
     2    0.017778    0.040012    0.147161   15.222988 ^ clkbuf_0_clk/X (sky130_fd_sc_hd__clkbuf_16)
                                                         clknet_0_clk (net)
                      0.040012    0.000062   15.223050 ^ clkbuf_1_0__f_clk/A (sky130_fd_sc_hd__clkbuf_16)
     2    0.004936    0.028705    0.108646   15.331696 ^ clkbuf_1_0__f_clk/X (sky130_fd_sc_hd__clkbuf_16)
                                                         clknet_1_0__leaf_clk (net)
                      0.028705    0.000020   15.331715 ^ _14_/CLK (sky130_fd_sc_hd__dfrtp_1)
                                 -0.250000   15.081716   clock uncertainty
                                  0.000000   15.081716   clock reconvergence pessimism
                                  0.184851   15.266567   library recovery time
                                             15.266567   data required time
---------------------------------------------------------------------------------------------
                                             15.266567   data required time
                                             -3.190234   data arrival time
---------------------------------------------------------------------------------------------
                                             12.076333   slack (MET)


Startpoint: rst_n (input port clocked by clk)
Endpoint: _13_ (recovery check against rising-edge clock clk)
Path Group: asynchronous
Path Type: max

Fanout         Cap        Slew       Delay        Time   Description
---------------------------------------------------------------------------------------------
                                  0.000000    0.000000   clock clk (rise edge)
                                  0.000000    0.000000   clock network delay (propagated)
                                  3.000000    3.000000 ^ input external delay
     1    0.002919    0.020243    0.010709    3.010709 ^ rst_n (in)
                                                         rst_n (net)
                      0.020243    0.000000    3.010709 ^ input1/A (sky130_fd_sc_hd__buf_1)
     4    0.016395    0.200979    0.179501    3.190210 ^ input1/X (sky130_fd_sc_hd__buf_1)
                                                         net1 (net)
                      0.200979    0.000034    3.190243 ^ _13_/RESET_B (sky130_fd_sc_hd__dfrtp_1)
                                              3.190243   data arrival time

                                 15.000000   15.000000   clock clk (rise edge)
                                  0.000000   15.000000   clock source latency
     1    0.023148    0.109768    0.075827   15.075828 ^ clk (in)
                                                         clk (net)
                      0.109781    0.000000   15.075828 ^ clkbuf_0_clk/A (sky130_fd_sc_hd__clkbuf_16)
     2    0.017778    0.040012    0.147161   15.222988 ^ clkbuf_0_clk/X (sky130_fd_sc_hd__clkbuf_16)
                                                         clknet_0_clk (net)
                      0.040012    0.000048   15.223036 ^ clkbuf_1_1__f_clk/A (sky130_fd_sc_hd__clkbuf_16)
     2    0.005691    0.029392    0.109550   15.332585 ^ clkbuf_1_1__f_clk/X (sky130_fd_sc_hd__clkbuf_16)
                                                         clknet_1_1__leaf_clk (net)
                      0.029392    0.000030   15.332616 ^ _13_/CLK (sky130_fd_sc_hd__dfrtp_1)
                                 -0.250000   15.082617   clock uncertainty
                                  0.000000   15.082617   clock reconvergence pessimism
                                  0.185066   15.267683   library recovery time
                                             15.267683   data required time
---------------------------------------------------------------------------------------------
                                             15.267683   data required time
                                             -3.190243   data arrival time
---------------------------------------------------------------------------------------------
                                             12.077440   slack (MET)


Startpoint: rst_n (input port clocked by clk)
Endpoint: _15_ (recovery check against rising-edge clock clk)
Path Group: asynchronous
Path Type: max

Fanout         Cap        Slew       Delay        Time   Description
---------------------------------------------------------------------------------------------
                                  0.000000    0.000000   clock clk (rise edge)
                                  0.000000    0.000000   clock network delay (propagated)
                                  3.000000    3.000000 ^ input external delay
     1    0.002919    0.020243    0.010709    3.010709 ^ rst_n (in)
                                                         rst_n (net)
                      0.020243    0.000000    3.010709 ^ input1/A (sky130_fd_sc_hd__buf_1)
     4    0.016395    0.200979    0.179501    3.190210 ^ input1/X (sky130_fd_sc_hd__buf_1)
                                                         net1 (net)
                      0.200979    0.000031    3.190241 ^ _15_/RESET_B (sky130_fd_sc_hd__dfrtp_1)
                                              3.190241   data arrival time

                                 15.000000   15.000000   clock clk (rise edge)
                                  0.000000   15.000000   clock source latency
     1    0.023148    0.109768    0.075827   15.075828 ^ clk (in)
                                                         clk (net)
                      0.109781    0.000000   15.075828 ^ clkbuf_0_clk/A (sky130_fd_sc_hd__clkbuf_16)
     2    0.017778    0.040012    0.147161   15.222988 ^ clkbuf_0_clk/X (sky130_fd_sc_hd__clkbuf_16)
                                                         clknet_0_clk (net)
                      0.040012    0.000048   15.223036 ^ clkbuf_1_1__f_clk/A (sky130_fd_sc_hd__clkbuf_16)
     2    0.005691    0.029392    0.109550   15.332585 ^ clkbuf_1_1__f_clk/X (sky130_fd_sc_hd__clkbuf_16)
                                                         clknet_1_1__leaf_clk (net)
                      0.029392    0.000043   15.332628 ^ _15_/CLK (sky130_fd_sc_hd__dfrtp_1)
                                 -0.250000   15.082629   clock uncertainty
                                  0.000000   15.082629   clock reconvergence pessimism
                                  0.185066   15.267695   library recovery time
                                             15.267695   data required time
---------------------------------------------------------------------------------------------
                                             15.267695   data required time
                                             -3.190241   data arrival time
---------------------------------------------------------------------------------------------
                                             12.077454   slack (MET)


Startpoint: _12_ (rising edge-triggered flip-flop clocked by clk)
Endpoint: _15_ (rising edge-triggered flip-flop clocked by clk)
Path Group: clk
Path Type: max

Fanout         Cap        Slew       Delay        Time   Description
---------------------------------------------------------------------------------------------
                                  0.000000    0.000000   clock clk (rise edge)
                                  0.000000    0.000000   clock source latency
     1    0.023148    0.109768    0.075827    0.075827 ^ clk (in)
                                                         clk (net)
                      0.109781    0.000000    0.075827 ^ clkbuf_0_clk/A (sky130_fd_sc_hd__clkbuf_16)
     2    0.017778    0.040012    0.147161    0.222988 ^ clkbuf_0_clk/X (sky130_fd_sc_hd__clkbuf_16)
                                                         clknet_0_clk (net)
                      0.040012    0.000062    0.223050 ^ clkbuf_1_0__f_clk/A (sky130_fd_sc_hd__clkbuf_16)
     2    0.004936    0.028705    0.108646    0.331695 ^ clkbuf_1_0__f_clk/X (sky130_fd_sc_hd__clkbuf_16)
                                                         clknet_1_0__leaf_clk (net)
                      0.028705    0.000007    0.331702 ^ _12_/CLK (sky130_fd_sc_hd__dfrtp_1)
     5    0.016092    0.097402    0.410380    0.742082 v _12_/Q (sky130_fd_sc_hd__dfrtp_1)
                                                         net2 (net)
                      0.097402    0.000108    0.742190 v _08_/B (sky130_fd_sc_hd__and3_1)
     2    0.007695    0.059510    0.206526    0.948716 v _08_/X (sky130_fd_sc_hd__and3_1)
                                                         _05_ (net)
                      0.059510    0.000020    0.948736 v _10_/B (sky130_fd_sc_hd__xor2_1)
     1    0.002541    0.048544    0.139582    1.088318 v _10_/X (sky130_fd_sc_hd__xor2_1)
                                                         _03_ (net)
                      0.048544    0.000007    1.088325 v _15_/D (sky130_fd_sc_hd__dfrtp_1)
                                              1.088325   data arrival time

                                 15.000000   15.000000   clock clk (rise edge)
                                  0.000000   15.000000   clock source latency
     1    0.023148    0.109768    0.075827   15.075828 ^ clk (in)
                                                         clk (net)
                      0.109781    0.000000   15.075828 ^ clkbuf_0_clk/A (sky130_fd_sc_hd__clkbuf_16)
     2    0.017778    0.040012    0.147161   15.222988 ^ clkbuf_0_clk/X (sky130_fd_sc_hd__clkbuf_16)
                                                         clknet_0_clk (net)
                      0.040012    0.000048   15.223036 ^ clkbuf_1_1__f_clk/A (sky130_fd_sc_hd__clkbuf_16)
     2    0.005691    0.029392    0.109550   15.332585 ^ clkbuf_1_1__f_clk/X (sky130_fd_sc_hd__clkbuf_16)
                                                         clknet_1_1__leaf_clk (net)
                      0.029392    0.000043   15.332628 ^ _15_/CLK (sky130_fd_sc_hd__dfrtp_1)
                                 -0.250000   15.082629   clock uncertainty
                                  0.000000   15.082629   clock reconvergence pessimism
                                 -0.119393   14.963237   library setup time
                                             14.963237   data required time
---------------------------------------------------------------------------------------------
                                             14.963237   data required time
                                             -1.088325   data arrival time
---------------------------------------------------------------------------------------------
                                             13.874911   slack (MET)


Startpoint: _12_ (rising edge-triggered flip-flop clocked by clk)
Endpoint: _14_ (rising edge-triggered flip-flop clocked by clk)
Path Group: clk
Path Type: max

Fanout         Cap        Slew       Delay        Time   Description
---------------------------------------------------------------------------------------------
                                  0.000000    0.000000   clock clk (rise edge)
                                  0.000000    0.000000   clock source latency
     1    0.023148    0.109768    0.075827    0.075827 ^ clk (in)
                                                         clk (net)
                      0.109781    0.000000    0.075827 ^ clkbuf_0_clk/A (sky130_fd_sc_hd__clkbuf_16)
     2    0.017778    0.040012    0.147161    0.222988 ^ clkbuf_0_clk/X (sky130_fd_sc_hd__clkbuf_16)
                                                         clknet_0_clk (net)
                      0.040012    0.000062    0.223050 ^ clkbuf_1_0__f_clk/A (sky130_fd_sc_hd__clkbuf_16)
     2    0.004936    0.028705    0.108646    0.331695 ^ clkbuf_1_0__f_clk/X (sky130_fd_sc_hd__clkbuf_16)
                                                         clknet_1_0__leaf_clk (net)
                      0.028705    0.000007    0.331702 ^ _12_/CLK (sky130_fd_sc_hd__dfrtp_1)
     5    0.017227    0.159552    0.400889    0.732591 ^ _12_/Q (sky130_fd_sc_hd__dfrtp_1)
                                                         net2 (net)
                      0.159552    0.000116    0.732707 ^ _08_/B (sky130_fd_sc_hd__and3_1)
     2    0.008329    0.099901    0.213765    0.946472 ^ _08_/X (sky130_fd_sc_hd__and3_1)
                                                         _05_ (net)
                      0.099901    0.000022    0.946493 ^ _09_/B (sky130_fd_sc_hd__nor2_1)
     1    0.002188    0.037110    0.045203    0.991696 v _09_/Y (sky130_fd_sc_hd__nor2_1)
                                                         _02_ (net)
                      0.037110    0.000003    0.991700 v _14_/D (sky130_fd_sc_hd__dfrtp_1)
                                              0.991700   data arrival time

                                 15.000000   15.000000   clock clk (rise edge)
                                  0.000000   15.000000   clock source latency
     1    0.023148    0.109768    0.075827   15.075828 ^ clk (in)
                                                         clk (net)
                      0.109781    0.000000   15.075828 ^ clkbuf_0_clk/A (sky130_fd_sc_hd__clkbuf_16)
     2    0.017778    0.040012    0.147161   15.222988 ^ clkbuf_0_clk/X (sky130_fd_sc_hd__clkbuf_16)
                                                         clknet_0_clk (net)
                      0.040012    0.000062   15.223050 ^ clkbuf_1_0__f_clk/A (sky130_fd_sc_hd__clkbuf_16)
     2    0.004936    0.028705    0.108646   15.331696 ^ clkbuf_1_0__f_clk/X (sky130_fd_sc_hd__clkbuf_16)
                                                         clknet_1_0__leaf_clk (net)
                      0.028705    0.000020   15.331715 ^ _14_/CLK (sky130_fd_sc_hd__dfrtp_1)
                                 -0.250000   15.081716   clock uncertainty
                                  0.000000   15.081716   clock reconvergence pessimism
                                 -0.114556   14.967160   library setup time
                                             14.967160   data required time
---------------------------------------------------------------------------------------------
                                             14.967160   data required time
                                             -0.991700   data arrival time
---------------------------------------------------------------------------------------------
                                             13.975461   slack (MET)


Startpoint: _12_ (rising edge-triggered flip-flop clocked by clk)
Endpoint: _13_ (rising edge-triggered flip-flop clocked by clk)
Path Group: clk
Path Type: max

Fanout         Cap        Slew       Delay        Time   Description
---------------------------------------------------------------------------------------------
                                  0.000000    0.000000   clock clk (rise edge)
                                  0.000000    0.000000   clock source latency
     1    0.023148    0.109768    0.075827    0.075827 ^ clk (in)
                                                         clk (net)
                      0.109781    0.000000    0.075827 ^ clkbuf_0_clk/A (sky130_fd_sc_hd__clkbuf_16)
     2    0.017778    0.040012    0.147161    0.222988 ^ clkbuf_0_clk/X (sky130_fd_sc_hd__clkbuf_16)
                                                         clknet_0_clk (net)
                      0.040012    0.000062    0.223050 ^ clkbuf_1_0__f_clk/A (sky130_fd_sc_hd__clkbuf_16)
     2    0.004936    0.028705    0.108646    0.331695 ^ clkbuf_1_0__f_clk/X (sky130_fd_sc_hd__clkbuf_16)
                                                         clknet_1_0__leaf_clk (net)
                      0.028705    0.000007    0.331702 ^ _12_/CLK (sky130_fd_sc_hd__dfrtp_1)
     5    0.016092    0.097402    0.410380    0.742082 v _12_/Q (sky130_fd_sc_hd__dfrtp_1)
                                                         net2 (net)
                      0.097402    0.000114    0.742197 v _11_/B (sky130_fd_sc_hd__xor2_1)
     1    0.002235    0.057120    0.152745    0.894942 v _11_/X (sky130_fd_sc_hd__xor2_1)
                                                         _01_ (net)
                      0.057120    0.000004    0.894946 v _13_/D (sky130_fd_sc_hd__dfrtp_1)
                                              0.894946   data arrival time

                                 15.000000   15.000000   clock clk (rise edge)
                                  0.000000   15.000000   clock source latency
     1    0.023148    0.109768    0.075827   15.075828 ^ clk (in)
                                                         clk (net)
                      0.109781    0.000000   15.075828 ^ clkbuf_0_clk/A (sky130_fd_sc_hd__clkbuf_16)
     2    0.017778    0.040012    0.147161   15.222988 ^ clkbuf_0_clk/X (sky130_fd_sc_hd__clkbuf_16)
                                                         clknet_0_clk (net)
                      0.040012    0.000048   15.223036 ^ clkbuf_1_1__f_clk/A (sky130_fd_sc_hd__clkbuf_16)
     2    0.005691    0.029392    0.109550   15.332585 ^ clkbuf_1_1__f_clk/X (sky130_fd_sc_hd__clkbuf_16)
                                                         clknet_1_1__leaf_clk (net)
                      0.029392    0.000030   15.332616 ^ _13_/CLK (sky130_fd_sc_hd__dfrtp_1)
                                 -0.250000   15.082617   clock uncertainty
                                  0.000000   15.082617   clock reconvergence pessimism
                                 -0.123138   14.959479   library setup time
                                             14.959479   data required time
---------------------------------------------------------------------------------------------
                                             14.959479   data required time
                                             -0.894946   data arrival time
---------------------------------------------------------------------------------------------
                                             14.064533   slack (MET)


Startpoint: _12_ (rising edge-triggered flip-flop clocked by clk)
Endpoint: _12_ (rising edge-triggered flip-flop clocked by clk)
Path Group: clk
Path Type: max

Fanout         Cap        Slew       Delay        Time   Description
---------------------------------------------------------------------------------------------
                                  0.000000    0.000000   clock clk (rise edge)
                                  0.000000    0.000000   clock source latency
     1    0.023148    0.109768    0.075827    0.075827 ^ clk (in)
                                                         clk (net)
                      0.109781    0.000000    0.075827 ^ clkbuf_0_clk/A (sky130_fd_sc_hd__clkbuf_16)
     2    0.017778    0.040012    0.147161    0.222988 ^ clkbuf_0_clk/X (sky130_fd_sc_hd__clkbuf_16)
                                                         clknet_0_clk (net)
                      0.040012    0.000062    0.223050 ^ clkbuf_1_0__f_clk/A (sky130_fd_sc_hd__clkbuf_16)
     2    0.004936    0.028705    0.108646    0.331695 ^ clkbuf_1_0__f_clk/X (sky130_fd_sc_hd__clkbuf_16)
                                                         clknet_1_0__leaf_clk (net)
                      0.028705    0.000007    0.331702 ^ _12_/CLK (sky130_fd_sc_hd__dfrtp_1)
     5    0.017227    0.159552    0.400889    0.732591 ^ _12_/Q (sky130_fd_sc_hd__dfrtp_1)
                                                         net2 (net)
                      0.159552    0.000114    0.732705 ^ _06_/A (sky130_fd_sc_hd__inv_2)
     1    0.003580    0.033731    0.042683    0.775389 v _06_/Y (sky130_fd_sc_hd__inv_2)
                                                         _00_ (net)
                      0.033731    0.000026    0.775415 v _12_/D (sky130_fd_sc_hd__dfrtp_1)
                                              0.775415   data arrival time

                                 15.000000   15.000000   clock clk (rise edge)
                                  0.000000   15.000000   clock source latency
     1    0.023148    0.109768    0.075827   15.075828 ^ clk (in)
                                                         clk (net)
                      0.109781    0.000000   15.075828 ^ clkbuf_0_clk/A (sky130_fd_sc_hd__clkbuf_16)
     2    0.017778    0.040012    0.147161   15.222988 ^ clkbuf_0_clk/X (sky130_fd_sc_hd__clkbuf_16)
                                                         clknet_0_clk (net)
                      0.040012    0.000062   15.223050 ^ clkbuf_1_0__f_clk/A (sky130_fd_sc_hd__clkbuf_16)
     2    0.004936    0.028705    0.108646   15.331696 ^ clkbuf_1_0__f_clk/X (sky130_fd_sc_hd__clkbuf_16)
                                                         clknet_1_0__leaf_clk (net)
                      0.028705    0.000007   15.331702 ^ _12_/CLK (sky130_fd_sc_hd__dfrtp_1)
                                 -0.250000   15.081703   clock uncertainty
                                  0.000000   15.081703   clock reconvergence pessimism
                                 -0.113081   14.968622   library setup time
                                             14.968622   data required time
---------------------------------------------------------------------------------------------
                                             14.968622   data required time
                                             -0.775415   data arrival time
---------------------------------------------------------------------------------------------
                                             14.193207   slack (MET)



%OL_END_REPORT
%OL_CREATE_REPORT checks.rpt

===========================================================================
report_checks -unconstrained
===========================================================================
======================= nom_tt_025C_1v80 Corner ===================================

Startpoint: rst_n (input port clocked by clk)
Endpoint: _12_ (recovery check against rising-edge clock clk)
Path Group: asynchronous
Path Type: max

Fanout         Cap        Slew       Delay        Time   Description
---------------------------------------------------------------------------------------------
                                  0.000000    0.000000   clock clk (rise edge)
                                  0.000000    0.000000   clock network delay (propagated)
                                  3.000000    3.000000 ^ input external delay
     1    0.002919    0.020243    0.010709    3.010709 ^ rst_n (in)
                                                         rst_n (net)
                      0.020243    0.000000    3.010709 ^ input1/A (sky130_fd_sc_hd__buf_1)
     4    0.016395    0.200979    0.179501    3.190210 ^ input1/X (sky130_fd_sc_hd__buf_1)
                                                         net1 (net)
                      0.200979    0.000042    3.190252 ^ _12_/RESET_B (sky130_fd_sc_hd__dfrtp_1)
                                              3.190252   data arrival time

                                 15.000000   15.000000   clock clk (rise edge)
                                  0.000000   15.000000   clock source latency
     1    0.023148    0.109768    0.075827   15.075828 ^ clk (in)
                                                         clk (net)
                      0.109781    0.000000   15.075828 ^ clkbuf_0_clk/A (sky130_fd_sc_hd__clkbuf_16)
     2    0.017778    0.040012    0.147161   15.222988 ^ clkbuf_0_clk/X (sky130_fd_sc_hd__clkbuf_16)
                                                         clknet_0_clk (net)
                      0.040012    0.000062   15.223050 ^ clkbuf_1_0__f_clk/A (sky130_fd_sc_hd__clkbuf_16)
     2    0.004936    0.028705    0.108646   15.331696 ^ clkbuf_1_0__f_clk/X (sky130_fd_sc_hd__clkbuf_16)
                                                         clknet_1_0__leaf_clk (net)
                      0.028705    0.000007   15.331702 ^ _12_/CLK (sky130_fd_sc_hd__dfrtp_1)
                                 -0.250000   15.081703   clock uncertainty
                                  0.000000   15.081703   clock reconvergence pessimism
                                  0.184851   15.266555   library recovery time
                                             15.266555   data required time
---------------------------------------------------------------------------------------------
                                             15.266555   data required time
                                             -3.190252   data arrival time
---------------------------------------------------------------------------------------------
                                             12.076303   slack (MET)


Startpoint: _12_ (rising edge-triggered flip-flop clocked by clk)
Endpoint: count[0] (output port clocked by clk)
Path Group: clk
Path Type: max

Fanout         Cap        Slew       Delay        Time   Description
---------------------------------------------------------------------------------------------
                                  0.000000    0.000000   clock clk (rise edge)
                                  0.000000    0.000000   clock source latency
     1    0.023148    0.109768    0.075827    0.075827 ^ clk (in)
                                                         clk (net)
                      0.109781    0.000000    0.075827 ^ clkbuf_0_clk/A (sky130_fd_sc_hd__clkbuf_16)
     2    0.017778    0.040012    0.147161    0.222988 ^ clkbuf_0_clk/X (sky130_fd_sc_hd__clkbuf_16)
                                                         clknet_0_clk (net)
                      0.040012    0.000062    0.223050 ^ clkbuf_1_0__f_clk/A (sky130_fd_sc_hd__clkbuf_16)
     2    0.004936    0.028705    0.108646    0.331695 ^ clkbuf_1_0__f_clk/X (sky130_fd_sc_hd__clkbuf_16)
                                                         clknet_1_0__leaf_clk (net)
                      0.028705    0.000007    0.331702 ^ _12_/CLK (sky130_fd_sc_hd__dfrtp_1)
     5    0.017227    0.159552    0.400889    0.732591 ^ _12_/Q (sky130_fd_sc_hd__dfrtp_1)
                                                         net2 (net)
                      0.159552    0.000122    0.732713 ^ output2/A (sky130_fd_sc_hd__buf_2)
     1    0.034089    0.169697    0.236460    0.969173 ^ output2/X (sky130_fd_sc_hd__buf_2)
                                                         count[0] (net)
                      0.169697    0.000103    0.969276 ^ count[0] (out)
                                              0.969276   data arrival time

                                 15.000000   15.000000   clock clk (rise edge)
                                  0.000000   15.000000   clock network delay (propagated)
                                 -0.250000   14.750000   clock uncertainty
                                  0.000000   14.750000   clock reconvergence pessimism
                                 -3.000000   11.750000   output external delay
                                             11.750000   data required time
---------------------------------------------------------------------------------------------
                                             11.750000   data required time
                                             -0.969276   data arrival time
---------------------------------------------------------------------------------------------
                                             10.780725   slack (MET)




===========================================================================
report_checks --slack_max -0.01
============================================================================
======================= nom_tt_025C_1v80 Corner ===================================

No paths found.


===========================================================================
 report_check_types -max_slew -max_cap -max_fanout -violators
============================================================================
======================= nom_tt_025C_1v80 Corner ===================================



===========================================================================
report_parasitic_annotation -report_unannotated
============================================================================
Found 0 unannotated drivers.
Found 0 partially unannotated drivers.

===========================================================================
max slew violation count 0
Writing metric design__max_slew_violation__count__corner:nom_tt_025C_1v80: 0
max fanout violation count 0
Writing metric design__max_fanout_violation__count__corner:nom_tt_025C_1v80: 0
max cap violation count 0
Writing metric design__max_cap_violation__count__corner:nom_tt_025C_1v80: 0
============================================================================

===========================================================================
check_setup -verbose -unconstrained_endpoints -multiple_clock -no_clock -no_input_delay -loops -generated_clocks
===========================================================================
%OL_END_REPORT
%OL_CREATE_REPORT power.rpt

===========================================================================
 report_power
============================================================================
======================= nom_tt_025C_1v80 Corner ===================================

Group                    Internal    Switching      Leakage        Total
                            Power        Power        Power        Power (Watts)
------------------------------------------------------------------------
Sequential           1.087385e-05 0.000000e+00 5.131949e-11 1.087390e-05  21.3%
Combinational        5.602746e-08 1.770618e-07 4.126949e-11 2.331305e-07   0.5%
Clock                3.372467e-05 6.135474e-06 4.581746e-10 3.986060e-05  78.2%
Macro                0.000000e+00 0.000000e+00 0.000000e+00 0.000000e+00   0.0%
Pad                  0.000000e+00 0.000000e+00 0.000000e+00 0.000000e+00   0.0%
------------------------------------------------------------------------
Total                4.465455e-05 6.312535e-06 5.507634e-10 5.096763e-05 100.0%
                            87.6%        12.4%         0.0%
Writing metric power__internal__total: 4.465454549062997e-5
Writing metric power__switching__total: 6.312535333563574e-6
Writing metric power__leakage__total: 5.507634348589363e-10
Writing metric power__total: 5.096762834000401e-5

%OL_END_REPORT
%OL_CREATE_REPORT skew.min.rpt

===========================================================================
Clock Skew (Hold)
============================================================================
Writing metric clock__skew__worst_hold__corner:nom_tt_025C_1v80: -0.25092575949526597
======================= nom_tt_025C_1v80 Corner ===================================

Clock clk
0.331702 source latency _12_/CLK ^
-0.332628 target latency _15_/CLK ^
-0.250000 clock uncertainty
0.000000 CRPR
--------------
-0.250926 hold skew

%OL_END_REPORT
%OL_CREATE_REPORT skew.max.rpt

===========================================================================
Clock Skew (Setup)
============================================================================
Writing metric clock__skew__worst_setup__corner:nom_tt_025C_1v80: 0.25090027987613017
======================= nom_tt_025C_1v80 Corner ===================================

Clock clk
0.332615 source latency _13_/CLK ^
-0.331715 target latency _14_/CLK ^
0.250000 clock uncertainty
0.000000 CRPR
--------------
0.250900 setup skew

%OL_END_REPORT
%OL_CREATE_REPORT ws.min.rpt

===========================================================================
Worst Slack (Hold)
============================================================================
Writing metric timing__hold__ws__corner:nom_tt_025C_1v80: 0.20389329690617472
nom_tt_025C_1v80: 0.20389329690617472
%OL_END_REPORT
%OL_CREATE_REPORT ws.max.rpt

===========================================================================
Worst Slack (Setup)
============================================================================
Writing metric timing__setup__ws__corner:nom_tt_025C_1v80: 10.780725062252982
nom_tt_025C_1v80: 10.780725062252982
%OL_END_REPORT
%OL_CREATE_REPORT tns.min.rpt

===========================================================================
Total Negative Slack (Hold)
============================================================================
Writing metric timing__hold__tns__corner:nom_tt_025C_1v80: 0.0
nom_tt_025C_1v80: 0.0
%OL_END_REPORT
%OL_CREATE_REPORT tns.max.rpt

===========================================================================
Total Negative Slack (Setup)
============================================================================
Writing metric timing__setup__tns__corner:nom_tt_025C_1v80: 0.0
nom_tt_025C_1v80: 0.0
%OL_END_REPORT
%OL_CREATE_REPORT wns.min.rpt

===========================================================================
Worst Negative Slack (Hold)
============================================================================
Writing metric timing__hold__wns__corner:nom_tt_025C_1v80: 0
nom_tt_025C_1v80: 0
%OL_END_REPORT
%OL_CREATE_REPORT wns.max.rpt

===========================================================================
Worst Negative Slack (Setup)
============================================================================
Writing metric timing__setup__wns__corner:nom_tt_025C_1v80: 0.0
nom_tt_025C_1v80: 0.0
%OL_END_REPORT
%OL_CREATE_REPORT violator_list.rpt

===========================================================================
Violator List
============================================================================
Writing metric timing__hold_vio__count__corner:nom_tt_025C_1v80: 0
Writing metric timing__hold_r2r__ws__corner:nom_tt_025C_1v80: 0.203893
Writing metric timing__hold_r2r_vio__count__corner:nom_tt_025C_1v80: 0
Writing metric timing__setup_vio__count__corner:nom_tt_025C_1v80: 0
Writing metric timing__setup_r2r__ws__corner:nom_tt_025C_1v80: 13.874911
Writing metric timing__setup_r2r_vio__count__corner:nom_tt_025C_1v80: 0
%OL_END_REPORT
%OL_CREATE_REPORT unpropagated.rpt
%OL_END_REPORT
%OL_CREATE_REPORT clock.rpt
Clock: clk
Sources: clk 
Generated: no
Virtual: yes
Propagated: no
Period: 15.000000

===========================================================================
report_clock_properties
============================================================================
Clock                   Period          Waveform
----------------------------------------------------
clk                  15.000000    0.000000  7.500000

===========================================================================
report_clock_latency
============================================================================
Clock clk
rise -> rise
    min     max
0.000000 0.000000 source latency
0.331702         network latency _12_/CLK
        0.332628 network latency _15_/CLK
---------------
0.331702 0.332628 latency
        0.000926 skew

fall -> fall
    min     max
0.000000 0.000000 source latency
0.310746         network latency _12_/CLK
        0.311589 network latency _15_/CLK
---------------
0.310746 0.311589 latency
        0.000843 skew



===========================================================================
report_clock_min_period
============================================================================
clk period_min = 1.13 fmax = 888.82
%OL_END_REPORT
