
===========================================================================
 report_power
============================================================================
======================= nom_tt_025C_1v80 Corner ===================================

Group                    Internal    Switching      Leakage        Total
                            Power        Power        Power        Power (Watts)
------------------------------------------------------------------------
Sequential           1.087385e-05 0.000000e+00 5.131949e-11 1.087390e-05  21.3%
Combinational        5.602746e-08 1.770618e-07 4.126949e-11 2.331305e-07   0.5%
Clock                3.372467e-05 6.135474e-06 4.581746e-10 3.986060e-05  78.2%
Macro                0.000000e+00 0.000000e+00 0.000000e+00 0.000000e+00   0.0%
Pad                  0.000000e+00 0.000000e+00 0.000000e+00 0.000000e+00   0.0%
------------------------------------------------------------------------
Total                4.465455e-05 6.312535e-06 5.507634e-10 5.096763e-05 100.0%
                            87.6%        12.4%         0.0%
Writing metric power__internal__total: 4.465454549062997e-5
Writing metric power__switching__total: 6.312535333563574e-6
Writing metric power__leakage__total: 5.507634348589363e-10
Writing metric power__total: 5.096762834000401e-5

