
===========================================================================
report_checks -unconstrained
===========================================================================
======================= nom_ss_100C_1v60 Corner ===================================

Startpoint: rst_n (input port clocked by clk)
Endpoint: _14_ (recovery check against rising-edge clock clk)
Path Group: asynchronous
Path Type: max

Fanout         Cap        Slew       Delay        Time   Description
---------------------------------------------------------------------------------------------
                                  0.000000    0.000000   clock clk (rise edge)
                                  0.000000    0.000000   clock network delay (propagated)
                                  3.000000    3.000000 ^ input external delay
     1    0.003874    0.039462    0.021463    3.021463 ^ rst_n (in)
                                                         rst_n (net)
                      0.039462    0.000000    3.021463 ^ input1/A (sky130_fd_sc_hd__buf_1)
     4    0.015535    0.301681    0.302082    3.323545 ^ input1/X (sky130_fd_sc_hd__buf_1)
                                                         net1 (net)
                      0.301681    0.000307    3.323852 ^ _14_/RESET_B (sky130_fd_sc_hd__dfrtp_1)
                                              3.323852   data arrival time

                                 15.000000   15.000000   clock clk (rise edge)
                                  0.000000   15.000000   clock source latency
     1    0.025229    0.186452    0.128134   15.128134 ^ clk (in)
                                                         clk (net)
                      0.186456    0.000000   15.128134 ^ clkbuf_0_clk/A (sky130_fd_sc_hd__clkbuf_16)
     2    0.018602    0.065683    0.273012   15.401146 ^ clkbuf_0_clk/X (sky130_fd_sc_hd__clkbuf_16)
                                                         clknet_0_clk (net)
                      0.065683    0.000441   15.401587 ^ clkbuf_1_0__f_clk/A (sky130_fd_sc_hd__clkbuf_16)
     2    0.005660    0.048709    0.197412   15.598998 ^ clkbuf_1_0__f_clk/X (sky130_fd_sc_hd__clkbuf_16)
                                                         clknet_1_0__leaf_clk (net)
                      0.048709    0.000158   15.599156 ^ _14_/CLK (sky130_fd_sc_hd__dfrtp_1)
                                 -0.250000   15.349157   clock uncertainty
                                  0.000000   15.349157   clock reconvergence pessimism
                                  0.369546   15.718703   library recovery time
                                             15.718703   data required time
---------------------------------------------------------------------------------------------
                                             15.718703   data required time
                                             -3.323852   data arrival time
---------------------------------------------------------------------------------------------
                                             12.394851   slack (MET)


Startpoint: _12_ (rising edge-triggered flip-flop clocked by clk)
Endpoint: count[0] (output port clocked by clk)
Path Group: clk
Path Type: max

Fanout         Cap        Slew       Delay        Time   Description
---------------------------------------------------------------------------------------------
                                  0.000000    0.000000   clock clk (rise edge)
                                  0.000000    0.000000   clock source latency
     1    0.025229    0.186452    0.128135    0.128135 ^ clk (in)
                                                         clk (net)
                      0.186456    0.000000    0.128135 ^ clkbuf_0_clk/A (sky130_fd_sc_hd__clkbuf_16)
     2    0.018602    0.065683    0.273012    0.401146 ^ clkbuf_0_clk/X (sky130_fd_sc_hd__clkbuf_16)
                                                         clknet_0_clk (net)
                      0.065683    0.000439    0.401586 ^ clkbuf_1_0__f_clk/A (sky130_fd_sc_hd__clkbuf_16)
     2    0.005660    0.048709    0.197413    0.598998 ^ clkbuf_1_0__f_clk/X (sky130_fd_sc_hd__clkbuf_16)
                                                         clknet_1_0__leaf_clk (net)
                      0.048709    0.000118    0.599116 ^ _12_/CLK (sky130_fd_sc_hd__dfrtp_1)
     5    0.016050    0.185415    0.843666    1.442782 v _12_/Q (sky130_fd_sc_hd__dfrtp_1)
                                                         net2 (net)
                      0.185415    0.000489    1.443272 v output2/A (sky130_fd_sc_hd__buf_2)
     1    0.034007    0.164969    0.399186    1.842457 v output2/X (sky130_fd_sc_hd__buf_2)
                                                         count[0] (net)
                      0.164969    0.000635    1.843092 v count[0] (out)
                                              1.843092   data arrival time

                                 15.000000   15.000000   clock clk (rise edge)
                                  0.000000   15.000000   clock network delay (propagated)
                                 -0.250000   14.750000   clock uncertainty
                                  0.000000   14.750000   clock reconvergence pessimism
                                 -3.000000   11.750000   output external delay
                                             11.750000   data required time
---------------------------------------------------------------------------------------------
                                             11.750000   data required time
                                             -1.843092   data arrival time
---------------------------------------------------------------------------------------------
                                              9.906908   slack (MET)




===========================================================================
report_checks --slack_max -0.01
============================================================================
======================= nom_ss_100C_1v60 Corner ===================================

No paths found.


===========================================================================
 report_check_types -max_slew -max_cap -max_fanout -violators
============================================================================
======================= nom_ss_100C_1v60 Corner ===================================



===========================================================================
report_parasitic_annotation -report_unannotated
============================================================================
Found 0 unannotated drivers.
Found 0 partially unannotated drivers.

===========================================================================
max slew violation count 0
max fanout violation count 0
max cap violation count 0
============================================================================

===========================================================================
check_setup -verbose -unconstrained_endpoints -multiple_clock -no_clock -no_input_delay -loops -generated_clocks
===========================================================================
