Clock: clk
Sources: clk 
Generated: no
Virtual: yes
Propagated: no
Period: 15.000000

===========================================================================
report_clock_properties
============================================================================
Clock                   Period          Waveform
----------------------------------------------------
clk                  15.000000    0.000000  7.500000

===========================================================================
report_clock_latency
============================================================================
Clock clk
rise -> rise
    min     max
0.000000 0.000000 source latency
0.599116         network latency _12_/CLK
        0.600768 network latency _15_/CLK
---------------
0.599116 0.600768 latency
        0.001651 skew

fall -> fall
    min     max
0.000000 0.000000 source latency
0.577601         network latency _12_/CLK
        0.579054 network latency _15_/CLK
---------------
0.577601 0.579054 latency
        0.001453 skew



===========================================================================
report_clock_min_period
============================================================================
clk period_min = 3.98 fmax = 251.29
