Reading OpenROAD database at '/home/jihan/projects/openlane_flow/designs/counter_4bit/runs/RUN_2025-12-04_01-46-29/15-odb-setpowerconnections/counter_4bit.odb'…
Reading library file at '/home/jihan/.volare/volare/sky130/versions/0fe599b2afb6708d281543108caf8310912f54af/sky130A/libs.ref/sky130_fd_sc_hd/lib/sky130_fd_sc_hd__tt_025C_1v80.lib'…
Reading design constraints file at '/nix/store/ss2cw3sxbrwwx9jl0rrppbw4kgcmgi2n-python3-3.11.9-env/lib/python3.11/site-packages/openlane/scripts/base.sdc'…
[INFO] Using clock clk…
[INFO] Setting output delay to: 3.0
[INFO] Setting input delay to: 3.0
[INFO] Setting load to: 0.033442
[INFO] Setting clock uncertainty to: 0.25
[INFO] Setting clock transition to: 0.1499999999999999944488848768742172978818416595458984375
[INFO] Setting timing derate to: 5%
Setting global connections for newly added cells…
[INFO] Setting global connections...
Updating metrics…
Cell type report:                       Count       Area
  Inverter                                  1       3.75
  Sequential cell                           4     105.10
  Multi-Input combinational cell            5      55.05
  Total                                    10     163.91
Writing OpenROAD database to '/home/jihan/projects/openlane_flow/designs/counter_4bit/runs/RUN_2025-12-04_01-46-29/17-openroad-cutrows/counter_4bit.odb'…
Writing layout to '/home/jihan/projects/openlane_flow/designs/counter_4bit/runs/RUN_2025-12-04_01-46-29/17-openroad-cutrows/counter_4bit.def'…
