Reading timing models for corner nom_tt_025C_1v80…
Reading timing library for the 'nom_tt_025C_1v80' corner at '/home/jihan/.volare/volare/sky130/versions/0fe599b2afb6708d281543108caf8310912f54af/sky130A/libs.ref/sky130_fd_sc_hd/lib/sky130_fd_sc_hd__tt_025C_1v80.lib'…
Reading timing models for corner nom_ff_n40C_1v95…
Reading timing library for the 'nom_ff_n40C_1v95' corner at '/home/jihan/.volare/volare/sky130/versions/0fe599b2afb6708d281543108caf8310912f54af/sky130A/libs.ref/sky130_fd_sc_hd/lib/sky130_fd_sc_hd__ff_n40C_1v95.lib'…
Reading timing models for corner nom_ss_100C_1v60…
Reading timing library for the 'nom_ss_100C_1v60' corner at '/home/jihan/.volare/volare/sky130/versions/0fe599b2afb6708d281543108caf8310912f54af/sky130A/libs.ref/sky130_fd_sc_hd/lib/sky130_fd_sc_hd__ss_100C_1v60.lib'…
Reading OpenROAD database at '/home/jihan/projects/openlane_flow/designs/param_counter/runs/RUN_2025-12-08_00-15-48/27-openroad-globalplacement/param_counter.odb'…
Reading design constraints file at '/nix/store/ss2cw3sxbrwwx9jl0rrppbw4kgcmgi2n-python3-3.11.9-env/lib/python3.11/site-packages/openlane/scripts/base.sdc'…
[INFO] Using clock clk…
[INFO] Setting output delay to: 3.0
[INFO] Setting input delay to: 3.0
[INFO] Setting load to: 0.033442
[INFO] Setting clock uncertainty to: 0.25
[INFO] Setting clock transition to: 0.1499999999999999944488848768742172978818416595458984375
[INFO] Setting timing derate to: 5%
[INFO] Setting RC values…
[INFO RSZ-0027] Inserted 7 input buffers.
[INFO RSZ-0028] Inserted 4 output buffers.
[INFO RSZ-0058] Using max wire length 6335um.
Iteration | Resized | Buffers | Nets repaired | Remaining
---------------------------------------------------------
        0 |       0 |       0 |             0 |        38
       10 |       9 |       0 |             0 |        28
       20 |      18 |       0 |             0 |        18
       30 |      28 |       1 |             1 |         8
    final |      28 |       1 |             1 |         0
---------------------------------------------------------
[INFO RSZ-0035] Found 1 fanout violations.
[INFO RSZ-0038] Inserted 1 buffers in 1 nets.
[INFO RSZ-0039] Resized 28 instances.
Placement Analysis
---------------------------------
total displacement         77.8 u
average displacement        1.5 u
max displacement            6.3 u
original HPWL             340.1 u
legalized HPWL            382.4 u
delta HPWL                   12 %

[INFO DPL-0020] Mirrored 10 instances
[INFO DPL-0021] HPWL before             382.4 u
[INFO DPL-0022] HPWL after              367.1 u
[INFO DPL-0023] HPWL delta               -4.0 %
[INFO] Setting RC values…
Setting global connections for newly added cells…
[INFO] Setting global connections...
Updating metrics…
Cell type report:                       Count       Area
  Fill cell                                16      60.06
  Tap cell                                  5       6.26
  Timing Repair Buffer                     12      60.06
  Inverter                                  2       7.51
  Sequential cell                           4     100.10
  Multi-Input combinational cell           13      96.34
  Total                                    52     330.32
Writing OpenROAD database to '/home/jihan/projects/openlane_flow/designs/param_counter/runs/RUN_2025-12-08_00-15-48/31-openroad-repairdesignpostgpl/param_counter.odb'…
Writing netlist to '/home/jihan/projects/openlane_flow/designs/param_counter/runs/RUN_2025-12-08_00-15-48/31-openroad-repairdesignpostgpl/param_counter.nl.v'…
Writing powered netlist to '/home/jihan/projects/openlane_flow/designs/param_counter/runs/RUN_2025-12-08_00-15-48/31-openroad-repairdesignpostgpl/param_counter.pnl.v'…
Writing layout to '/home/jihan/projects/openlane_flow/designs/param_counter/runs/RUN_2025-12-08_00-15-48/31-openroad-repairdesignpostgpl/param_counter.def'…
Writing timing constraints to '/home/jihan/projects/openlane_flow/designs/param_counter/runs/RUN_2025-12-08_00-15-48/31-openroad-repairdesignpostgpl/param_counter.sdc'…
