Clock: clk
Sources: clk 
Generated: no
Virtual: yes
Propagated: no
Period: 15.000000

===========================================================================
report_clock_properties
============================================================================
Clock                   Period          Waveform
----------------------------------------------------
clk                  15.000000    0.000000  7.500000

===========================================================================
report_clock_latency
============================================================================
Clock clk
rise -> rise
    min     max
0.000000 0.000000 source latency
0.337857         network latency _12_/CLK
        0.338834 network latency _15_/CLK
---------------
0.337857 0.338834 latency
        0.000976 skew

fall -> fall
    min     max
0.000000 0.000000 source latency
0.314516         network latency _12_/CLK
        0.315408 network latency _15_/CLK
---------------
0.314516 0.315408 latency
        0.000893 skew



===========================================================================
report_clock_min_period
============================================================================
clk period_min = 2.04 fmax = 489.89
