Clock: clk
Sources: clk 
Generated: no
Virtual: yes
Propagated: no
Period: 15.000000

===========================================================================
report_clock_properties
============================================================================
Clock                   Period          Waveform
----------------------------------------------------
clk                  15.000000    0.000000  7.500000

===========================================================================
report_clock_latency
============================================================================
Clock clk
rise -> rise
    min     max
0.000000 0.000000 source latency
0.181765         network latency _30_/CLK
        0.182662 network latency _31_/CLK
---------------
0.181765 0.182662 latency
        0.000896 skew

fall -> fall
    min     max
0.000000 0.000000 source latency
0.184922         network latency _30_/CLK
        0.185747 network latency _31_/CLK
---------------
0.184922 0.185747 latency
        0.000824 skew



===========================================================================
report_clock_min_period
============================================================================
clk period_min = 0.95 fmax = 1049.58
