
===========================================================================
 report_power
============================================================================
======================= max_ff_n40C_1v95 Corner ===================================

Group                    Internal    Switching      Leakage        Total
                            Power        Power        Power        Power (Watts)
------------------------------------------------------------------------
Sequential           1.412198e-05 1.765784e-06 5.538655e-11 1.588782e-05  21.9%
Combinational        3.668300e-06 6.396021e-06 1.448280e-10 1.006447e-05  13.9%
Clock                3.896495e-05 7.485051e-06 2.712831e-10 4.645027e-05  64.2%
Macro                0.000000e+00 0.000000e+00 0.000000e+00 0.000000e+00   0.0%
Pad                  0.000000e+00 0.000000e+00 0.000000e+00 0.000000e+00   0.0%
------------------------------------------------------------------------
Total                5.675522e-05 1.564686e-05 4.714977e-10 7.240255e-05 100.0%
                            78.4%        21.6%         0.0%

