Reading timing models for corner max_ff_n40C_1v95…
Reading cell library for the 'max_ff_n40C_1v95' corner at '/home/jihan/.volare/volare/sky130/versions/0fe599b2afb6708d281543108caf8310912f54af/sky130A/libs.ref/sky130_fd_sc_hd/lib/sky130_fd_sc_hd__ff_n40C_1v95.lib'…
Reading top-level netlist at '/home/jihan/projects/openlane_flow/designs/param_counter/runs/RUN_2025-12-08_00-15-48/51-openroad-fillinsertion/param_counter.nl.v'…
Linking design 'param_counter' from netlist…
Warning: /home/jihan/projects/openlane_flow/designs/param_counter/runs/RUN_2025-12-08_00-15-48/51-openroad-fillinsertion/param_counter.nl.v line 138, module sky130_fd_sc_hd__tapvpwrvgnd_1 not found. Creating black box for TAP_TAPCELL_ROW_0_16.
Warning: /home/jihan/projects/openlane_flow/designs/param_counter/runs/RUN_2025-12-08_00-15-48/51-openroad-fillinsertion/param_counter.nl.v line 173, module sky130_ef_sc_hd__decap_12 not found. Creating black box for FILLER_0_6.
Warning: /home/jihan/projects/openlane_flow/designs/param_counter/runs/RUN_2025-12-08_00-15-48/51-openroad-fillinsertion/param_counter.nl.v line 175, module sky130_fd_sc_hd__fill_1 not found. Creating black box for FILLER_0_27.
Warning: /home/jihan/projects/openlane_flow/designs/param_counter/runs/RUN_2025-12-08_00-15-48/51-openroad-fillinsertion/param_counter.nl.v line 182, module sky130_fd_sc_hd__fill_2 not found. Creating black box for FILLER_2_37.
Reading design constraints file at '/nix/store/ss2cw3sxbrwwx9jl0rrppbw4kgcmgi2n-python3-3.11.9-env/lib/python3.11/site-packages/openlane/scripts/base.sdc'…
[INFO] Using clock clk…
[INFO] Setting output delay to: 3.0
[INFO] Setting input delay to: 3.0
[INFO] Setting load to: 0.033442
[INFO] Setting clock uncertainty to: 0.25
[INFO] Setting clock transition to: 0.1499999999999999944488848768742172978818416595458984375
[INFO] Setting timing derate to: 5%
Reading top-level design parasitics for the 'max_ff_n40C_1v95' corner at '/home/jihan/projects/openlane_flow/designs/param_counter/runs/RUN_2025-12-08_00-15-48/53-openroad-rcx/max/param_counter.max.spef'…
%OL_CREATE_REPORT min.rpt

===========================================================================
report_checks -path_delay min (Hold)
============================================================================
======================= max_ff_n40C_1v95 Corner ===================================

Startpoint: _33_ (rising edge-triggered flip-flop clocked by clk)
Endpoint: _33_ (rising edge-triggered flip-flop clocked by clk)
Path Group: clk
Path Type: min

Fanout         Cap        Slew       Delay        Time   Description
---------------------------------------------------------------------------------------------
                                  0.000000    0.000000   clock clk (rise edge)
                                  0.000000    0.000000   clock source latency
     1    0.009030    0.035174    0.022875    0.022875 ^ clk (in)
                                                         clk (net)
                      0.035182    0.000000    0.022875 ^ clkbuf_0_clk/A (sky130_fd_sc_hd__clkbuf_16)
     2    0.017747    0.029694    0.083872    0.106746 ^ clkbuf_0_clk/X (sky130_fd_sc_hd__clkbuf_16)
                                                         clknet_0_clk (net)
                      0.029708    0.001034    0.107780 ^ clkbuf_1_1__f_clk/A (sky130_fd_sc_hd__clkbuf_16)
     2    0.006383    0.021954    0.074499    0.182279 ^ clkbuf_1_1__f_clk/X (sky130_fd_sc_hd__clkbuf_16)
                                                         clknet_1_1__leaf_clk (net)
                      0.021956    0.000350    0.182629 ^ _33_/CLK (sky130_fd_sc_hd__dfrtp_1)
     3    0.008055    0.062696    0.219789    0.402418 ^ _33_/Q (sky130_fd_sc_hd__dfrtp_1)
                                                         net11 (net)
                      0.062701    0.000590    0.403008 ^ _27_/A (sky130_fd_sc_hd__or2_1)
     1    0.003586    0.033771    0.070996    0.474005 ^ _27_/X (sky130_fd_sc_hd__or2_1)
                                                         _13_ (net)
                      0.033772    0.000240    0.474245 ^ _29_/C1 (sky130_fd_sc_hd__o221a_1)
     1    0.002708    0.032407    0.068783    0.543028 ^ _29_/X (sky130_fd_sc_hd__o221a_1)
                                                         _03_ (net)
                      0.032408    0.000198    0.543227 ^ _33_/D (sky130_fd_sc_hd__dfrtp_1)
                                              0.543227   data arrival time

                                  0.000000    0.000000   clock clk (rise edge)
                                  0.000000    0.000000   clock source latency
     1    0.009030    0.035174    0.022875    0.022875 ^ clk (in)
                                                         clk (net)
                      0.035182    0.000000    0.022875 ^ clkbuf_0_clk/A (sky130_fd_sc_hd__clkbuf_16)
     2    0.017747    0.029694    0.083872    0.106746 ^ clkbuf_0_clk/X (sky130_fd_sc_hd__clkbuf_16)
                                                         clknet_0_clk (net)
                      0.029708    0.001034    0.107780 ^ clkbuf_1_1__f_clk/A (sky130_fd_sc_hd__clkbuf_16)
     2    0.006383    0.021954    0.074499    0.182279 ^ clkbuf_1_1__f_clk/X (sky130_fd_sc_hd__clkbuf_16)
                                                         clknet_1_1__leaf_clk (net)
                      0.021956    0.000350    0.182629 ^ _33_/CLK (sky130_fd_sc_hd__dfrtp_1)
                                  0.250000    0.432629   clock uncertainty
                                  0.000000    0.432629   clock reconvergence pessimism
                                 -0.020138    0.412492   library hold time
                                              0.412492   data required time
---------------------------------------------------------------------------------------------
                                              0.412492   data required time
                                             -0.543227   data arrival time
---------------------------------------------------------------------------------------------
                                              0.130735   slack (MET)


Startpoint: _30_ (rising edge-triggered flip-flop clocked by clk)
Endpoint: _30_ (rising edge-triggered flip-flop clocked by clk)
Path Group: clk
Path Type: min

Fanout         Cap        Slew       Delay        Time   Description
---------------------------------------------------------------------------------------------
                                  0.000000    0.000000   clock clk (rise edge)
                                  0.000000    0.000000   clock source latency
     1    0.009030    0.035174    0.022875    0.022875 ^ clk (in)
                                                         clk (net)
                      0.035182    0.000000    0.022875 ^ clkbuf_0_clk/A (sky130_fd_sc_hd__clkbuf_16)
     2    0.017747    0.029694    0.083872    0.106746 ^ clkbuf_0_clk/X (sky130_fd_sc_hd__clkbuf_16)
                                                         clknet_0_clk (net)
                      0.029709    0.001055    0.107801 ^ clkbuf_1_0__f_clk/A (sky130_fd_sc_hd__clkbuf_16)
     2    0.005397    0.021271    0.073666    0.181467 ^ clkbuf_1_0__f_clk/X (sky130_fd_sc_hd__clkbuf_16)
                                                         clknet_1_0__leaf_clk (net)
                      0.021272    0.000299    0.181765 ^ _30_/CLK (sky130_fd_sc_hd__dfrtp_1)
     6    0.022104    0.150688    0.283379    0.465144 ^ _30_/Q (sky130_fd_sc_hd__dfrtp_1)
                                                         net8 (net)
                      0.150693    0.001045    0.466188 ^ _19_/A3 (sky130_fd_sc_hd__o31a_1)
     1    0.002334    0.027703    0.078611    0.544799 ^ _19_/X (sky130_fd_sc_hd__o31a_1)
                                                         _00_ (net)
                      0.027704    0.000169    0.544968 ^ _30_/D (sky130_fd_sc_hd__dfrtp_1)
                                              0.544968   data arrival time

                                  0.000000    0.000000   clock clk (rise edge)
                                  0.000000    0.000000   clock source latency
     1    0.009030    0.035174    0.022875    0.022875 ^ clk (in)
                                                         clk (net)
                      0.035182    0.000000    0.022875 ^ clkbuf_0_clk/A (sky130_fd_sc_hd__clkbuf_16)
     2    0.017747    0.029694    0.083872    0.106746 ^ clkbuf_0_clk/X (sky130_fd_sc_hd__clkbuf_16)
                                                         clknet_0_clk (net)
                      0.029709    0.001055    0.107801 ^ clkbuf_1_0__f_clk/A (sky130_fd_sc_hd__clkbuf_16)
     2    0.005397    0.021271    0.073666    0.181467 ^ clkbuf_1_0__f_clk/X (sky130_fd_sc_hd__clkbuf_16)
                                                         clknet_1_0__leaf_clk (net)
                      0.021272    0.000299    0.181765 ^ _30_/CLK (sky130_fd_sc_hd__dfrtp_1)
                                  0.250000    0.431765   clock uncertainty
                                  0.000000    0.431765   clock reconvergence pessimism
                                 -0.019799    0.411966   library hold time
                                              0.411966   data required time
---------------------------------------------------------------------------------------------
                                              0.411966   data required time
                                             -0.544968   data arrival time
---------------------------------------------------------------------------------------------
                                              0.133002   slack (MET)


Startpoint: _31_ (rising edge-triggered flip-flop clocked by clk)
Endpoint: _31_ (rising edge-triggered flip-flop clocked by clk)
Path Group: clk
Path Type: min

Fanout         Cap        Slew       Delay        Time   Description
---------------------------------------------------------------------------------------------
                                  0.000000    0.000000   clock clk (rise edge)
                                  0.000000    0.000000   clock source latency
     1    0.009030    0.035174    0.022875    0.022875 ^ clk (in)
                                                         clk (net)
                      0.035182    0.000000    0.022875 ^ clkbuf_0_clk/A (sky130_fd_sc_hd__clkbuf_16)
     2    0.017747    0.029694    0.083872    0.106746 ^ clkbuf_0_clk/X (sky130_fd_sc_hd__clkbuf_16)
                                                         clknet_0_clk (net)
                      0.029708    0.001034    0.107780 ^ clkbuf_1_1__f_clk/A (sky130_fd_sc_hd__clkbuf_16)
     2    0.006383    0.021954    0.074499    0.182279 ^ clkbuf_1_1__f_clk/X (sky130_fd_sc_hd__clkbuf_16)
                                                         clknet_1_1__leaf_clk (net)
                      0.021956    0.000383    0.182662 ^ _31_/CLK (sky130_fd_sc_hd__dfrtp_1)
     5    0.019594    0.134749    0.272077    0.454739 ^ _31_/Q (sky130_fd_sc_hd__dfrtp_1)
                                                         net9 (net)
                      0.134780    0.001962    0.456701 ^ _16_/A (sky130_fd_sc_hd__inv_2)
     1    0.002848    0.025627    0.012279    0.468980 v _16_/Y (sky130_fd_sc_hd__inv_2)
                                                         _05_ (net)
                      0.025627    0.000136    0.469116 v _21_/A (sky130_fd_sc_hd__nand2_1)
     1    0.002919    0.028025    0.035388    0.504504 ^ _21_/Y (sky130_fd_sc_hd__nand2_1)
                                                         _09_ (net)
                      0.028027    0.000213    0.504717 ^ _22_/C1 (sky130_fd_sc_hd__o211a_1)
     1    0.002704    0.026522    0.060868    0.565585 ^ _22_/X (sky130_fd_sc_hd__o211a_1)
                                                         _01_ (net)
                      0.026523    0.000183    0.565767 ^ _31_/D (sky130_fd_sc_hd__dfrtp_1)
                                              0.565767   data arrival time

                                  0.000000    0.000000   clock clk (rise edge)
                                  0.000000    0.000000   clock source latency
     1    0.009030    0.035174    0.022875    0.022875 ^ clk (in)
                                                         clk (net)
                      0.035182    0.000000    0.022875 ^ clkbuf_0_clk/A (sky130_fd_sc_hd__clkbuf_16)
     2    0.017747    0.029694    0.083872    0.106746 ^ clkbuf_0_clk/X (sky130_fd_sc_hd__clkbuf_16)
                                                         clknet_0_clk (net)
                      0.029708    0.001034    0.107780 ^ clkbuf_1_1__f_clk/A (sky130_fd_sc_hd__clkbuf_16)
     2    0.006383    0.021954    0.074499    0.182279 ^ clkbuf_1_1__f_clk/X (sky130_fd_sc_hd__clkbuf_16)
                                                         clknet_1_1__leaf_clk (net)
                      0.021956    0.000383    0.182662 ^ _31_/CLK (sky130_fd_sc_hd__dfrtp_1)
                                  0.250000    0.432662   clock uncertainty
                                  0.000000    0.432662   clock reconvergence pessimism
                                 -0.019692    0.412970   library hold time
                                              0.412970   data required time
---------------------------------------------------------------------------------------------
                                              0.412970   data required time
                                             -0.565767   data arrival time
---------------------------------------------------------------------------------------------
                                              0.152797   slack (MET)


Startpoint: _32_ (rising edge-triggered flip-flop clocked by clk)
Endpoint: _32_ (rising edge-triggered flip-flop clocked by clk)
Path Group: clk
Path Type: min

Fanout         Cap        Slew       Delay        Time   Description
---------------------------------------------------------------------------------------------
                                  0.000000    0.000000   clock clk (rise edge)
                                  0.000000    0.000000   clock source latency
     1    0.009030    0.035174    0.022875    0.022875 ^ clk (in)
                                                         clk (net)
                      0.035182    0.000000    0.022875 ^ clkbuf_0_clk/A (sky130_fd_sc_hd__clkbuf_16)
     2    0.017747    0.029694    0.083872    0.106746 ^ clkbuf_0_clk/X (sky130_fd_sc_hd__clkbuf_16)
                                                         clknet_0_clk (net)
                      0.029709    0.001055    0.107801 ^ clkbuf_1_0__f_clk/A (sky130_fd_sc_hd__clkbuf_16)
     2    0.005397    0.021271    0.073666    0.181467 ^ clkbuf_1_0__f_clk/X (sky130_fd_sc_hd__clkbuf_16)
                                                         clknet_1_0__leaf_clk (net)
                      0.021272    0.000329    0.181795 ^ _32_/CLK (sky130_fd_sc_hd__dfrtp_1)
     4    0.011976    0.086264    0.238080    0.419875 ^ _32_/Q (sky130_fd_sc_hd__dfrtp_1)
                                                         net10 (net)
                      0.086267    0.000628    0.420504 ^ _24_/A (sky130_fd_sc_hd__nor2_1)
     1    0.002933    0.017946    0.031862    0.452365 v _24_/Y (sky130_fd_sc_hd__nor2_1)
                                                         _11_ (net)
                      0.017946    0.000180    0.452545 v _26_/A1_N (sky130_fd_sc_hd__a2bb2o_1)
     1    0.002570    0.029181    0.147604    0.600149 ^ _26_/X (sky130_fd_sc_hd__a2bb2o_1)
                                                         _02_ (net)
                      0.029181    0.000177    0.600326 ^ _32_/D (sky130_fd_sc_hd__dfrtp_1)
                                              0.600326   data arrival time

                                  0.000000    0.000000   clock clk (rise edge)
                                  0.000000    0.000000   clock source latency
     1    0.009030    0.035174    0.022875    0.022875 ^ clk (in)
                                                         clk (net)
                      0.035182    0.000000    0.022875 ^ clkbuf_0_clk/A (sky130_fd_sc_hd__clkbuf_16)
     2    0.017747    0.029694    0.083872    0.106746 ^ clkbuf_0_clk/X (sky130_fd_sc_hd__clkbuf_16)
                                                         clknet_0_clk (net)
                      0.029709    0.001055    0.107801 ^ clkbuf_1_0__f_clk/A (sky130_fd_sc_hd__clkbuf_16)
     2    0.005397    0.021271    0.073666    0.181467 ^ clkbuf_1_0__f_clk/X (sky130_fd_sc_hd__clkbuf_16)
                                                         clknet_1_0__leaf_clk (net)
                      0.021272    0.000329    0.181795 ^ _32_/CLK (sky130_fd_sc_hd__dfrtp_1)
                                  0.250000    0.431795   clock uncertainty
                                  0.000000    0.431795   clock reconvergence pessimism
                                 -0.019911    0.411884   library hold time
                                              0.411884   data required time
---------------------------------------------------------------------------------------------
                                              0.411884   data required time
                                             -0.600326   data arrival time
---------------------------------------------------------------------------------------------
                                              0.188442   slack (MET)


Startpoint: rst_n (input port clocked by clk)
Endpoint: _31_ (removal check against rising-edge clock clk)
Path Group: asynchronous
Path Type: min

Fanout         Cap        Slew       Delay        Time   Description
---------------------------------------------------------------------------------------------
                                  0.000000    0.000000   clock clk (rise edge)
                                  0.000000    0.000000   clock network delay (propagated)
                                  3.000000    3.000000 ^ input external delay
     1    0.002319    0.012209    0.006011    3.006011 ^ rst_n (in)
                                                         rst_n (net)
                      0.012210    0.000000    3.006011 ^ input7/A (sky130_fd_sc_hd__dlymetal6s2s_1)
     4    0.020193    0.166204    0.145115    3.151126 ^ input7/X (sky130_fd_sc_hd__dlymetal6s2s_1)
                                                         net7 (net)
                      0.166212    0.000935    3.152061 ^ _31_/RESET_B (sky130_fd_sc_hd__dfrtp_1)
                                              3.152061   data arrival time

                                  0.000000    0.000000   clock clk (rise edge)
                                  0.000000    0.000000   clock source latency
     1    0.009030    0.035174    0.022875    0.022875 ^ clk (in)
                                                         clk (net)
                      0.035182    0.000000    0.022875 ^ clkbuf_0_clk/A (sky130_fd_sc_hd__clkbuf_16)
     2    0.017747    0.029694    0.083872    0.106746 ^ clkbuf_0_clk/X (sky130_fd_sc_hd__clkbuf_16)
                                                         clknet_0_clk (net)
                      0.029708    0.001034    0.107780 ^ clkbuf_1_1__f_clk/A (sky130_fd_sc_hd__clkbuf_16)
     2    0.006383    0.021954    0.074499    0.182279 ^ clkbuf_1_1__f_clk/X (sky130_fd_sc_hd__clkbuf_16)
                                                         clknet_1_1__leaf_clk (net)
                      0.021956    0.000383    0.182662 ^ _31_/CLK (sky130_fd_sc_hd__dfrtp_1)
                                  0.250000    0.432662   clock uncertainty
                                  0.000000    0.432662   clock reconvergence pessimism
                                  0.231062    0.663723   library removal time
                                              0.663723   data required time
---------------------------------------------------------------------------------------------
                                              0.663723   data required time
                                             -3.152061   data arrival time
---------------------------------------------------------------------------------------------
                                              2.488338   slack (MET)


Startpoint: rst_n (input port clocked by clk)
Endpoint: _33_ (removal check against rising-edge clock clk)
Path Group: asynchronous
Path Type: min

Fanout         Cap        Slew       Delay        Time   Description
---------------------------------------------------------------------------------------------
                                  0.000000    0.000000   clock clk (rise edge)
                                  0.000000    0.000000   clock network delay (propagated)
                                  3.000000    3.000000 ^ input external delay
     1    0.002319    0.012209    0.006011    3.006011 ^ rst_n (in)
                                                         rst_n (net)
                      0.012210    0.000000    3.006011 ^ input7/A (sky130_fd_sc_hd__dlymetal6s2s_1)
     4    0.020193    0.166204    0.145115    3.151126 ^ input7/X (sky130_fd_sc_hd__dlymetal6s2s_1)
                                                         net7 (net)
                      0.166215    0.001102    3.152228 ^ _33_/RESET_B (sky130_fd_sc_hd__dfrtp_1)
                                              3.152228   data arrival time

                                  0.000000    0.000000   clock clk (rise edge)
                                  0.000000    0.000000   clock source latency
     1    0.009030    0.035174    0.022875    0.022875 ^ clk (in)
                                                         clk (net)
                      0.035182    0.000000    0.022875 ^ clkbuf_0_clk/A (sky130_fd_sc_hd__clkbuf_16)
     2    0.017747    0.029694    0.083872    0.106746 ^ clkbuf_0_clk/X (sky130_fd_sc_hd__clkbuf_16)
                                                         clknet_0_clk (net)
                      0.029708    0.001034    0.107780 ^ clkbuf_1_1__f_clk/A (sky130_fd_sc_hd__clkbuf_16)
     2    0.006383    0.021954    0.074499    0.182279 ^ clkbuf_1_1__f_clk/X (sky130_fd_sc_hd__clkbuf_16)
                                                         clknet_1_1__leaf_clk (net)
                      0.021956    0.000350    0.182629 ^ _33_/CLK (sky130_fd_sc_hd__dfrtp_1)
                                  0.250000    0.432629   clock uncertainty
                                  0.000000    0.432629   clock reconvergence pessimism
                                  0.231062    0.663692   library removal time
                                              0.663692   data required time
---------------------------------------------------------------------------------------------
                                              0.663692   data required time
                                             -3.152228   data arrival time
---------------------------------------------------------------------------------------------
                                              2.488536   slack (MET)


Startpoint: rst_n (input port clocked by clk)
Endpoint: _30_ (removal check against rising-edge clock clk)
Path Group: asynchronous
Path Type: min

Fanout         Cap        Slew       Delay        Time   Description
---------------------------------------------------------------------------------------------
                                  0.000000    0.000000   clock clk (rise edge)
                                  0.000000    0.000000   clock network delay (propagated)
                                  3.000000    3.000000 ^ input external delay
     1    0.002319    0.012209    0.006011    3.006011 ^ rst_n (in)
                                                         rst_n (net)
                      0.012210    0.000000    3.006011 ^ input7/A (sky130_fd_sc_hd__dlymetal6s2s_1)
     4    0.020193    0.166204    0.145115    3.151126 ^ input7/X (sky130_fd_sc_hd__dlymetal6s2s_1)
                                                         net7 (net)
                      0.166212    0.000963    3.152089 ^ _30_/RESET_B (sky130_fd_sc_hd__dfrtp_1)
                                              3.152089   data arrival time

                                  0.000000    0.000000   clock clk (rise edge)
                                  0.000000    0.000000   clock source latency
     1    0.009030    0.035174    0.022875    0.022875 ^ clk (in)
                                                         clk (net)
                      0.035182    0.000000    0.022875 ^ clkbuf_0_clk/A (sky130_fd_sc_hd__clkbuf_16)
     2    0.017747    0.029694    0.083872    0.106746 ^ clkbuf_0_clk/X (sky130_fd_sc_hd__clkbuf_16)
                                                         clknet_0_clk (net)
                      0.029709    0.001055    0.107801 ^ clkbuf_1_0__f_clk/A (sky130_fd_sc_hd__clkbuf_16)
     2    0.005397    0.021271    0.073666    0.181467 ^ clkbuf_1_0__f_clk/X (sky130_fd_sc_hd__clkbuf_16)
                                                         clknet_1_0__leaf_clk (net)
                      0.021272    0.000299    0.181765 ^ _30_/CLK (sky130_fd_sc_hd__dfrtp_1)
                                  0.250000    0.431765   clock uncertainty
                                  0.000000    0.431765   clock reconvergence pessimism
                                  0.230969    0.662734   library removal time
                                              0.662734   data required time
---------------------------------------------------------------------------------------------
                                              0.662734   data required time
                                             -3.152089   data arrival time
---------------------------------------------------------------------------------------------
                                              2.489355   slack (MET)


Startpoint: rst_n (input port clocked by clk)
Endpoint: _32_ (removal check against rising-edge clock clk)
Path Group: asynchronous
Path Type: min

Fanout         Cap        Slew       Delay        Time   Description
---------------------------------------------------------------------------------------------
                                  0.000000    0.000000   clock clk (rise edge)
                                  0.000000    0.000000   clock network delay (propagated)
                                  3.000000    3.000000 ^ input external delay
     1    0.002319    0.012209    0.006011    3.006011 ^ rst_n (in)
                                                         rst_n (net)
                      0.012210    0.000000    3.006011 ^ input7/A (sky130_fd_sc_hd__dlymetal6s2s_1)
     4    0.020193    0.166204    0.145115    3.151126 ^ input7/X (sky130_fd_sc_hd__dlymetal6s2s_1)
                                                         net7 (net)
                      0.166216    0.001148    3.152274 ^ _32_/RESET_B (sky130_fd_sc_hd__dfrtp_1)
                                              3.152274   data arrival time

                                  0.000000    0.000000   clock clk (rise edge)
                                  0.000000    0.000000   clock source latency
     1    0.009030    0.035174    0.022875    0.022875 ^ clk (in)
                                                         clk (net)
                      0.035182    0.000000    0.022875 ^ clkbuf_0_clk/A (sky130_fd_sc_hd__clkbuf_16)
     2    0.017747    0.029694    0.083872    0.106746 ^ clkbuf_0_clk/X (sky130_fd_sc_hd__clkbuf_16)
                                                         clknet_0_clk (net)
                      0.029709    0.001055    0.107801 ^ clkbuf_1_0__f_clk/A (sky130_fd_sc_hd__clkbuf_16)
     2    0.005397    0.021271    0.073666    0.181467 ^ clkbuf_1_0__f_clk/X (sky130_fd_sc_hd__clkbuf_16)
                                                         clknet_1_0__leaf_clk (net)
                      0.021272    0.000329    0.181795 ^ _32_/CLK (sky130_fd_sc_hd__dfrtp_1)
                                  0.250000    0.431795   clock uncertainty
                                  0.000000    0.431795   clock reconvergence pessimism
                                  0.230970    0.662765   library removal time
                                              0.662765   data required time
---------------------------------------------------------------------------------------------
                                              0.662765   data required time
                                             -3.152274   data arrival time
---------------------------------------------------------------------------------------------
                                              2.489509   slack (MET)


Startpoint: _33_ (rising edge-triggered flip-flop clocked by clk)
Endpoint: count[3] (output port clocked by clk)
Path Group: clk
Path Type: min

Fanout         Cap        Slew       Delay        Time   Description
---------------------------------------------------------------------------------------------
                                  0.000000    0.000000   clock clk (rise edge)
                                  0.000000    0.000000   clock source latency
     1    0.009030    0.035174    0.022875    0.022875 ^ clk (in)
                                                         clk (net)
                      0.035182    0.000000    0.022875 ^ clkbuf_0_clk/A (sky130_fd_sc_hd__clkbuf_16)
     2    0.017747    0.029694    0.083872    0.106746 ^ clkbuf_0_clk/X (sky130_fd_sc_hd__clkbuf_16)
                                                         clknet_0_clk (net)
                      0.029708    0.001034    0.107780 ^ clkbuf_1_1__f_clk/A (sky130_fd_sc_hd__clkbuf_16)
     2    0.006383    0.021954    0.074499    0.182279 ^ clkbuf_1_1__f_clk/X (sky130_fd_sc_hd__clkbuf_16)
                                                         clknet_1_1__leaf_clk (net)
                      0.021956    0.000350    0.182629 ^ _33_/CLK (sky130_fd_sc_hd__dfrtp_1)
     3    0.007544    0.043372    0.236068    0.418697 v _33_/Q (sky130_fd_sc_hd__dfrtp_1)
                                                         net11 (net)
                      0.043376    0.000449    0.419146 v output11/A (sky130_fd_sc_hd__buf_2)
     1    0.033959    0.062322    0.121516    0.540662 v output11/X (sky130_fd_sc_hd__buf_2)
                                                         count[3] (net)
                      0.062372    0.001587    0.542249 v count[3] (out)
                                              0.542249   data arrival time

                                  0.000000    0.000000   clock clk (rise edge)
                                  0.000000    0.000000   clock network delay (propagated)
                                  0.250000    0.250000   clock uncertainty
                                  0.000000    0.250000   clock reconvergence pessimism
                                 -3.000000   -2.750000   output external delay
                                             -2.750000   data required time
---------------------------------------------------------------------------------------------
                                             -2.750000   data required time
                                             -0.542249   data arrival time
---------------------------------------------------------------------------------------------
                                              3.292249   slack (MET)


Startpoint: _32_ (rising edge-triggered flip-flop clocked by clk)
Endpoint: count[2] (output port clocked by clk)
Path Group: clk
Path Type: min

Fanout         Cap        Slew       Delay        Time   Description
---------------------------------------------------------------------------------------------
                                  0.000000    0.000000   clock clk (rise edge)
                                  0.000000    0.000000   clock source latency
     1    0.009030    0.035174    0.022875    0.022875 ^ clk (in)
                                                         clk (net)
                      0.035182    0.000000    0.022875 ^ clkbuf_0_clk/A (sky130_fd_sc_hd__clkbuf_16)
     2    0.017747    0.029694    0.083872    0.106746 ^ clkbuf_0_clk/X (sky130_fd_sc_hd__clkbuf_16)
                                                         clknet_0_clk (net)
                      0.029709    0.001055    0.107801 ^ clkbuf_1_0__f_clk/A (sky130_fd_sc_hd__clkbuf_16)
     2    0.005397    0.021271    0.073666    0.181467 ^ clkbuf_1_0__f_clk/X (sky130_fd_sc_hd__clkbuf_16)
                                                         clknet_1_0__leaf_clk (net)
                      0.021272    0.000329    0.181795 ^ _32_/CLK (sky130_fd_sc_hd__dfrtp_1)
     4    0.011270    0.053810    0.249010    0.430805 v _32_/Q (sky130_fd_sc_hd__dfrtp_1)
                                                         net10 (net)
                      0.053816    0.000595    0.431400 v output10/A (sky130_fd_sc_hd__buf_2)
     1    0.034203    0.062712    0.125924    0.557324 v output10/X (sky130_fd_sc_hd__buf_2)
                                                         count[2] (net)
                      0.062770    0.001700    0.559023 v count[2] (out)
                                              0.559023   data arrival time

                                  0.000000    0.000000   clock clk (rise edge)
                                  0.000000    0.000000   clock network delay (propagated)
                                  0.250000    0.250000   clock uncertainty
                                  0.000000    0.250000   clock reconvergence pessimism
                                 -3.000000   -2.750000   output external delay
                                             -2.750000   data required time
---------------------------------------------------------------------------------------------
                                             -2.750000   data required time
                                             -0.559023   data arrival time
---------------------------------------------------------------------------------------------
                                              3.309023   slack (MET)


Startpoint: _31_ (rising edge-triggered flip-flop clocked by clk)
Endpoint: count[1] (output port clocked by clk)
Path Group: clk
Path Type: min

Fanout         Cap        Slew       Delay        Time   Description
---------------------------------------------------------------------------------------------
                                  0.000000    0.000000   clock clk (rise edge)
                                  0.000000    0.000000   clock source latency
     1    0.009030    0.035174    0.022875    0.022875 ^ clk (in)
                                                         clk (net)
                      0.035182    0.000000    0.022875 ^ clkbuf_0_clk/A (sky130_fd_sc_hd__clkbuf_16)
     2    0.017747    0.029694    0.083872    0.106746 ^ clkbuf_0_clk/X (sky130_fd_sc_hd__clkbuf_16)
                                                         clknet_0_clk (net)
                      0.029708    0.001034    0.107780 ^ clkbuf_1_1__f_clk/A (sky130_fd_sc_hd__clkbuf_16)
     2    0.006383    0.021954    0.074499    0.182279 ^ clkbuf_1_1__f_clk/X (sky130_fd_sc_hd__clkbuf_16)
                                                         clknet_1_1__leaf_clk (net)
                      0.021956    0.000383    0.182662 ^ _31_/CLK (sky130_fd_sc_hd__dfrtp_1)
     5    0.018501    0.075410    0.268211    0.450873 v _31_/Q (sky130_fd_sc_hd__dfrtp_1)
                                                         net9 (net)
                      0.075426    0.001078    0.451951 v output9/A (sky130_fd_sc_hd__buf_2)
     1    0.033992    0.062440    0.134522    0.586473 v output9/X (sky130_fd_sc_hd__buf_2)
                                                         count[1] (net)
                      0.062490    0.001590    0.588063 v count[1] (out)
                                              0.588063   data arrival time

                                  0.000000    0.000000   clock clk (rise edge)
                                  0.000000    0.000000   clock network delay (propagated)
                                  0.250000    0.250000   clock uncertainty
                                  0.000000    0.250000   clock reconvergence pessimism
                                 -3.000000   -2.750000   output external delay
                                             -2.750000   data required time
---------------------------------------------------------------------------------------------
                                             -2.750000   data required time
                                             -0.588063   data arrival time
---------------------------------------------------------------------------------------------
                                              3.338063   slack (MET)


Startpoint: _30_ (rising edge-triggered flip-flop clocked by clk)
Endpoint: count[0] (output port clocked by clk)
Path Group: clk
Path Type: min

Fanout         Cap        Slew       Delay        Time   Description
---------------------------------------------------------------------------------------------
                                  0.000000    0.000000   clock clk (rise edge)
                                  0.000000    0.000000   clock source latency
     1    0.009030    0.035174    0.022875    0.022875 ^ clk (in)
                                                         clk (net)
                      0.035182    0.000000    0.022875 ^ clkbuf_0_clk/A (sky130_fd_sc_hd__clkbuf_16)
     2    0.017747    0.029694    0.083872    0.106746 ^ clkbuf_0_clk/X (sky130_fd_sc_hd__clkbuf_16)
                                                         clknet_0_clk (net)
                      0.029709    0.001055    0.107801 ^ clkbuf_1_0__f_clk/A (sky130_fd_sc_hd__clkbuf_16)
     2    0.005397    0.021271    0.073666    0.181467 ^ clkbuf_1_0__f_clk/X (sky130_fd_sc_hd__clkbuf_16)
                                                         clknet_1_0__leaf_clk (net)
                      0.021272    0.000299    0.181765 ^ _30_/CLK (sky130_fd_sc_hd__dfrtp_1)
     6    0.020846    0.082807    0.274437    0.456203 v _30_/Q (sky130_fd_sc_hd__dfrtp_1)
                                                         net8 (net)
                      0.082844    0.001609    0.457812 v output8/A (sky130_fd_sc_hd__buf_2)
     1    0.035824    0.065628    0.139462    0.597273 v output8/X (sky130_fd_sc_hd__buf_2)
                                                         count[0] (net)
                      0.065710    0.002054    0.599327 v count[0] (out)
                                              0.599327   data arrival time

                                  0.000000    0.000000   clock clk (rise edge)
                                  0.000000    0.000000   clock network delay (propagated)
                                  0.250000    0.250000   clock uncertainty
                                  0.000000    0.250000   clock reconvergence pessimism
                                 -3.000000   -2.750000   output external delay
                                             -2.750000   data required time
---------------------------------------------------------------------------------------------
                                             -2.750000   data required time
                                             -0.599327   data arrival time
---------------------------------------------------------------------------------------------
                                              3.349327   slack (MET)



%OL_END_REPORT
%OL_CREATE_REPORT max.rpt

===========================================================================
report_checks -path_delay max (Setup)
============================================================================
======================= max_ff_n40C_1v95 Corner ===================================

Startpoint: _30_ (rising edge-triggered flip-flop clocked by clk)
Endpoint: count[0] (output port clocked by clk)
Path Group: clk
Path Type: max

Fanout         Cap        Slew       Delay        Time   Description
---------------------------------------------------------------------------------------------
                                  0.000000    0.000000   clock clk (rise edge)
                                  0.000000    0.000000   clock source latency
     1    0.009030    0.035174    0.022875    0.022875 ^ clk (in)
                                                         clk (net)
                      0.035182    0.000000    0.022875 ^ clkbuf_0_clk/A (sky130_fd_sc_hd__clkbuf_16)
     2    0.017747    0.029694    0.083872    0.106746 ^ clkbuf_0_clk/X (sky130_fd_sc_hd__clkbuf_16)
                                                         clknet_0_clk (net)
                      0.029709    0.001055    0.107801 ^ clkbuf_1_0__f_clk/A (sky130_fd_sc_hd__clkbuf_16)
     2    0.005397    0.021271    0.073666    0.181467 ^ clkbuf_1_0__f_clk/X (sky130_fd_sc_hd__clkbuf_16)
                                                         clknet_1_0__leaf_clk (net)
                      0.021272    0.000299    0.181765 ^ _30_/CLK (sky130_fd_sc_hd__dfrtp_1)
     6    0.022104    0.150688    0.283379    0.465144 ^ _30_/Q (sky130_fd_sc_hd__dfrtp_1)
                                                         net8 (net)
                      0.150706    0.001707    0.466850 ^ output8/A (sky130_fd_sc_hd__buf_2)
     1    0.035824    0.133436    0.165682    0.632533 ^ output8/X (sky130_fd_sc_hd__buf_2)
                                                         count[0] (net)
                      0.133482    0.002059    0.634591 ^ count[0] (out)
                                              0.634591   data arrival time

                                 15.000000   15.000000   clock clk (rise edge)
                                  0.000000   15.000000   clock network delay (propagated)
                                 -0.250000   14.750000   clock uncertainty
                                  0.000000   14.750000   clock reconvergence pessimism
                                 -3.000000   11.750000   output external delay
                                             11.750000   data required time
---------------------------------------------------------------------------------------------
                                             11.750000   data required time
                                             -0.634591   data arrival time
---------------------------------------------------------------------------------------------
                                             11.115409   slack (MET)


Startpoint: _31_ (rising edge-triggered flip-flop clocked by clk)
Endpoint: count[1] (output port clocked by clk)
Path Group: clk
Path Type: max

Fanout         Cap        Slew       Delay        Time   Description
---------------------------------------------------------------------------------------------
                                  0.000000    0.000000   clock clk (rise edge)
                                  0.000000    0.000000   clock source latency
     1    0.009030    0.035174    0.022875    0.022875 ^ clk (in)
                                                         clk (net)
                      0.035182    0.000000    0.022875 ^ clkbuf_0_clk/A (sky130_fd_sc_hd__clkbuf_16)
     2    0.017747    0.029694    0.083872    0.106746 ^ clkbuf_0_clk/X (sky130_fd_sc_hd__clkbuf_16)
                                                         clknet_0_clk (net)
                      0.029708    0.001034    0.107780 ^ clkbuf_1_1__f_clk/A (sky130_fd_sc_hd__clkbuf_16)
     2    0.006383    0.021954    0.074499    0.182279 ^ clkbuf_1_1__f_clk/X (sky130_fd_sc_hd__clkbuf_16)
                                                         clknet_1_1__leaf_clk (net)
                      0.021956    0.000383    0.182662 ^ _31_/CLK (sky130_fd_sc_hd__dfrtp_1)
     5    0.019594    0.134749    0.272077    0.454739 ^ _31_/Q (sky130_fd_sc_hd__dfrtp_1)
                                                         net9 (net)
                      0.134757    0.001145    0.455884 ^ output9/A (sky130_fd_sc_hd__buf_2)
     1    0.033992    0.126917    0.159844    0.615728 ^ output9/X (sky130_fd_sc_hd__buf_2)
                                                         count[1] (net)
                      0.126987    0.001593    0.617321 ^ count[1] (out)
                                              0.617321   data arrival time

                                 15.000000   15.000000   clock clk (rise edge)
                                  0.000000   15.000000   clock network delay (propagated)
                                 -0.250000   14.750000   clock uncertainty
                                  0.000000   14.750000   clock reconvergence pessimism
                                 -3.000000   11.750000   output external delay
                                             11.750000   data required time
---------------------------------------------------------------------------------------------
                                             11.750000   data required time
                                             -0.617321   data arrival time
---------------------------------------------------------------------------------------------
                                             11.132680   slack (MET)


Startpoint: _32_ (rising edge-triggered flip-flop clocked by clk)
Endpoint: count[2] (output port clocked by clk)
Path Group: clk
Path Type: max

Fanout         Cap        Slew       Delay        Time   Description
---------------------------------------------------------------------------------------------
                                  0.000000    0.000000   clock clk (rise edge)
                                  0.000000    0.000000   clock source latency
     1    0.009030    0.035174    0.022875    0.022875 ^ clk (in)
                                                         clk (net)
                      0.035182    0.000000    0.022875 ^ clkbuf_0_clk/A (sky130_fd_sc_hd__clkbuf_16)
     2    0.017747    0.029694    0.083872    0.106746 ^ clkbuf_0_clk/X (sky130_fd_sc_hd__clkbuf_16)
                                                         clknet_0_clk (net)
                      0.029709    0.001055    0.107801 ^ clkbuf_1_0__f_clk/A (sky130_fd_sc_hd__clkbuf_16)
     2    0.005397    0.021271    0.073666    0.181467 ^ clkbuf_1_0__f_clk/X (sky130_fd_sc_hd__clkbuf_16)
                                                         clknet_1_0__leaf_clk (net)
                      0.021272    0.000329    0.181795 ^ _32_/CLK (sky130_fd_sc_hd__dfrtp_1)
     4    0.011976    0.086264    0.238080    0.419875 ^ _32_/Q (sky130_fd_sc_hd__dfrtp_1)
                                                         net10 (net)
                      0.086267    0.000633    0.420508 ^ output10/A (sky130_fd_sc_hd__buf_2)
     1    0.034203    0.127639    0.150711    0.571219 ^ output10/X (sky130_fd_sc_hd__buf_2)
                                                         count[2] (net)
                      0.127672    0.001703    0.572922 ^ count[2] (out)
                                              0.572922   data arrival time

                                 15.000000   15.000000   clock clk (rise edge)
                                  0.000000   15.000000   clock network delay (propagated)
                                 -0.250000   14.750000   clock uncertainty
                                  0.000000   14.750000   clock reconvergence pessimism
                                 -3.000000   11.750000   output external delay
                                             11.750000   data required time
---------------------------------------------------------------------------------------------
                                             11.750000   data required time
                                             -0.572922   data arrival time
---------------------------------------------------------------------------------------------
                                             11.177078   slack (MET)


Startpoint: _33_ (rising edge-triggered flip-flop clocked by clk)
Endpoint: count[3] (output port clocked by clk)
Path Group: clk
Path Type: max

Fanout         Cap        Slew       Delay        Time   Description
---------------------------------------------------------------------------------------------
                                  0.000000    0.000000   clock clk (rise edge)
                                  0.000000    0.000000   clock source latency
     1    0.009030    0.035174    0.022875    0.022875 ^ clk (in)
                                                         clk (net)
                      0.035182    0.000000    0.022875 ^ clkbuf_0_clk/A (sky130_fd_sc_hd__clkbuf_16)
     2    0.017747    0.029694    0.083872    0.106746 ^ clkbuf_0_clk/X (sky130_fd_sc_hd__clkbuf_16)
                                                         clknet_0_clk (net)
                      0.029708    0.001034    0.107780 ^ clkbuf_1_1__f_clk/A (sky130_fd_sc_hd__clkbuf_16)
     2    0.006383    0.021954    0.074499    0.182279 ^ clkbuf_1_1__f_clk/X (sky130_fd_sc_hd__clkbuf_16)
                                                         clknet_1_1__leaf_clk (net)
                      0.021956    0.000350    0.182629 ^ _33_/CLK (sky130_fd_sc_hd__dfrtp_1)
     3    0.008055    0.062696    0.219789    0.402418 ^ _33_/Q (sky130_fd_sc_hd__dfrtp_1)
                                                         net11 (net)
                      0.062698    0.000482    0.402900 ^ output11/A (sky130_fd_sc_hd__buf_2)
     1    0.033959    0.127149    0.144717    0.547617 ^ output11/X (sky130_fd_sc_hd__buf_2)
                                                         count[3] (net)
                      0.127178    0.001590    0.549206 ^ count[3] (out)
                                              0.549206   data arrival time

                                 15.000000   15.000000   clock clk (rise edge)
                                  0.000000   15.000000   clock network delay (propagated)
                                 -0.250000   14.750000   clock uncertainty
                                  0.000000   14.750000   clock reconvergence pessimism
                                 -3.000000   11.750000   output external delay
                                             11.750000   data required time
---------------------------------------------------------------------------------------------
                                             11.750000   data required time
                                             -0.549206   data arrival time
---------------------------------------------------------------------------------------------
                                             11.200793   slack (MET)


Startpoint: load (input port clocked by clk)
Endpoint: _32_ (rising edge-triggered flip-flop clocked by clk)
Path Group: clk
Path Type: max

Fanout         Cap        Slew       Delay        Time   Description
---------------------------------------------------------------------------------------------
                                  0.000000    0.000000   clock clk (rise edge)
                                  0.000000    0.000000   clock network delay (propagated)
                                  3.000000    3.000000 v input external delay
     1    0.002944    0.004925    0.002448    3.002448 v load (in)
                                                         load (net)
                      0.004933    0.000000    3.002448 v input2/A (sky130_fd_sc_hd__clkbuf_1)
     2    0.007205    0.034137    0.060499    3.062948 v input2/X (sky130_fd_sc_hd__clkbuf_1)
                                                         net2 (net)
                      0.034145    0.000486    3.063434 v fanout12/A (sky130_fd_sc_hd__clkbuf_2)
     6    0.022694    0.063422    0.106490    3.169924 v fanout12/X (sky130_fd_sc_hd__clkbuf_2)
                                                         net12 (net)
                      0.063436    0.000920    3.170844 v _23_/A1 (sky130_fd_sc_hd__o211a_1)
     1    0.004580    0.033758    0.155067    3.325911 v _23_/X (sky130_fd_sc_hd__o211a_1)
                                                         _10_ (net)
                      0.033782    0.000336    3.326247 v _24_/B (sky130_fd_sc_hd__nor2_1)
     1    0.003008    0.055541    0.057651    3.383898 ^ _24_/Y (sky130_fd_sc_hd__nor2_1)
                                                         _11_ (net)
                      0.055541    0.000186    3.384084 ^ _26_/A1_N (sky130_fd_sc_hd__a2bb2o_1)
     1    0.002543    0.034202    0.123905    3.507990 v _26_/X (sky130_fd_sc_hd__a2bb2o_1)
                                                         _02_ (net)
                      0.034202    0.000175    3.508165 v _32_/D (sky130_fd_sc_hd__dfrtp_1)
                                              3.508165   data arrival time

                                 15.000000   15.000000   clock clk (rise edge)
                                  0.000000   15.000000   clock source latency
     1    0.009030    0.035174    0.022874   15.022874 ^ clk (in)
                                                         clk (net)
                      0.035182    0.000000   15.022874 ^ clkbuf_0_clk/A (sky130_fd_sc_hd__clkbuf_16)
     2    0.017747    0.029694    0.083872   15.106747 ^ clkbuf_0_clk/X (sky130_fd_sc_hd__clkbuf_16)
                                                         clknet_0_clk (net)
                      0.029709    0.001055   15.107801 ^ clkbuf_1_0__f_clk/A (sky130_fd_sc_hd__clkbuf_16)
     2    0.005397    0.021271    0.073666   15.181467 ^ clkbuf_1_0__f_clk/X (sky130_fd_sc_hd__clkbuf_16)
                                                         clknet_1_0__leaf_clk (net)
                      0.021272    0.000329   15.181796 ^ _32_/CLK (sky130_fd_sc_hd__dfrtp_1)
                                 -0.250000   14.931797   clock uncertainty
                                  0.000000   14.931797   clock reconvergence pessimism
                                 -0.074264   14.857533   library setup time
                                             14.857533   data required time
---------------------------------------------------------------------------------------------
                                             14.857533   data required time
                                             -3.508165   data arrival time
---------------------------------------------------------------------------------------------
                                             11.349368   slack (MET)


Startpoint: load (input port clocked by clk)
Endpoint: _33_ (rising edge-triggered flip-flop clocked by clk)
Path Group: clk
Path Type: max

Fanout         Cap        Slew       Delay        Time   Description
---------------------------------------------------------------------------------------------
                                  0.000000    0.000000   clock clk (rise edge)
                                  0.000000    0.000000   clock network delay (propagated)
                                  3.000000    3.000000 v input external delay
     1    0.002944    0.004925    0.002448    3.002448 v load (in)
                                                         load (net)
                      0.004933    0.000000    3.002448 v input2/A (sky130_fd_sc_hd__clkbuf_1)
     2    0.007205    0.034137    0.060499    3.062948 v input2/X (sky130_fd_sc_hd__clkbuf_1)
                                                         net2 (net)
                      0.034145    0.000486    3.063434 v fanout12/A (sky130_fd_sc_hd__clkbuf_2)
     6    0.022694    0.063422    0.106490    3.169924 v fanout12/X (sky130_fd_sc_hd__clkbuf_2)
                                                         net12 (net)
                      0.063437    0.000933    3.170857 v _25_/B1 (sky130_fd_sc_hd__a41o_1)
     2    0.004681    0.035237    0.084551    3.255407 v _25_/X (sky130_fd_sc_hd__a41o_1)
                                                         _12_ (net)
                      0.035237    0.000237    3.255644 v _27_/B (sky130_fd_sc_hd__or2_1)
     1    0.003417    0.034675    0.122939    3.378583 v _27_/X (sky130_fd_sc_hd__or2_1)
                                                         _13_ (net)
                      0.034684    0.000227    3.378810 v _29_/C1 (sky130_fd_sc_hd__o221a_1)
     1    0.002681    0.032132    0.068554    3.447364 v _29_/X (sky130_fd_sc_hd__o221a_1)
                                                         _03_ (net)
                      0.032132    0.000196    3.447560 v _33_/D (sky130_fd_sc_hd__dfrtp_1)
                                              3.447560   data arrival time

                                 15.000000   15.000000   clock clk (rise edge)
                                  0.000000   15.000000   clock source latency
     1    0.009030    0.035174    0.022874   15.022874 ^ clk (in)
                                                         clk (net)
                      0.035182    0.000000   15.022874 ^ clkbuf_0_clk/A (sky130_fd_sc_hd__clkbuf_16)
     2    0.017747    0.029694    0.083872   15.106747 ^ clkbuf_0_clk/X (sky130_fd_sc_hd__clkbuf_16)
                                                         clknet_0_clk (net)
                      0.029708    0.001034   15.107780 ^ clkbuf_1_1__f_clk/A (sky130_fd_sc_hd__clkbuf_16)
     2    0.006383    0.021954    0.074499   15.182279 ^ clkbuf_1_1__f_clk/X (sky130_fd_sc_hd__clkbuf_16)
                                                         clknet_1_1__leaf_clk (net)
                      0.021956    0.000350   15.182629 ^ _33_/CLK (sky130_fd_sc_hd__dfrtp_1)
                                 -0.250000   14.932630   clock uncertainty
                                  0.000000   14.932630   clock reconvergence pessimism
                                 -0.073458   14.859171   library setup time
                                             14.859171   data required time
---------------------------------------------------------------------------------------------
                                             14.859171   data required time
                                             -3.447560   data arrival time
---------------------------------------------------------------------------------------------
                                             11.411611   slack (MET)


Startpoint: load (input port clocked by clk)
Endpoint: _30_ (rising edge-triggered flip-flop clocked by clk)
Path Group: clk
Path Type: max

Fanout         Cap        Slew       Delay        Time   Description
---------------------------------------------------------------------------------------------
                                  0.000000    0.000000   clock clk (rise edge)
                                  0.000000    0.000000   clock network delay (propagated)
                                  3.000000    3.000000 ^ input external delay
     1    0.003130    0.015098    0.008150    3.008150 ^ load (in)
                                                         load (net)
                      0.015100    0.000000    3.008150 ^ input2/A (sky130_fd_sc_hd__clkbuf_1)
     2    0.007515    0.071626    0.075509    3.083659 ^ input2/X (sky130_fd_sc_hd__clkbuf_1)
                                                         net2 (net)
                      0.071631    0.000512    3.084171 ^ fanout12/A (sky130_fd_sc_hd__clkbuf_2)
     6    0.024282    0.104922    0.128880    3.213052 ^ fanout12/X (sky130_fd_sc_hd__clkbuf_2)
                                                         net12 (net)
                      0.104938    0.001046    3.214098 ^ _17_/B1 (sky130_fd_sc_hd__a21oi_1)
     2    0.007382    0.065630    0.045649    3.259747 v _17_/Y (sky130_fd_sc_hd__a21oi_1)
                                                         _06_ (net)
                      0.065631    0.000509    3.260256 v _18_/B1 (sky130_fd_sc_hd__a21o_1)
     1    0.002602    0.023213    0.079650    3.339905 v _18_/X (sky130_fd_sc_hd__a21o_1)
                                                         _07_ (net)
                      0.023224    0.000123    3.340028 v _19_/B1 (sky130_fd_sc_hd__o31a_1)
     1    0.002307    0.032501    0.055619    3.395647 v _19_/X (sky130_fd_sc_hd__o31a_1)
                                                         _00_ (net)
                      0.032501    0.000167    3.395813 v _30_/D (sky130_fd_sc_hd__dfrtp_1)
                                              3.395813   data arrival time

                                 15.000000   15.000000   clock clk (rise edge)
                                  0.000000   15.000000   clock source latency
     1    0.009030    0.035174    0.022874   15.022874 ^ clk (in)
                                                         clk (net)
                      0.035182    0.000000   15.022874 ^ clkbuf_0_clk/A (sky130_fd_sc_hd__clkbuf_16)
     2    0.017747    0.029694    0.083872   15.106747 ^ clkbuf_0_clk/X (sky130_fd_sc_hd__clkbuf_16)
                                                         clknet_0_clk (net)
                      0.029709    0.001055   15.107801 ^ clkbuf_1_0__f_clk/A (sky130_fd_sc_hd__clkbuf_16)
     2    0.005397    0.021271    0.073666   15.181467 ^ clkbuf_1_0__f_clk/X (sky130_fd_sc_hd__clkbuf_16)
                                                         clknet_1_0__leaf_clk (net)
                      0.021272    0.000298   15.181766 ^ _30_/CLK (sky130_fd_sc_hd__dfrtp_1)
                                 -0.250000   14.931767   clock uncertainty
                                  0.000000   14.931767   clock reconvergence pessimism
                                 -0.073656   14.858110   library setup time
                                             14.858110   data required time
---------------------------------------------------------------------------------------------
                                             14.858110   data required time
                                             -3.395813   data arrival time
---------------------------------------------------------------------------------------------
                                             11.462298   slack (MET)


Startpoint: load (input port clocked by clk)
Endpoint: _31_ (rising edge-triggered flip-flop clocked by clk)
Path Group: clk
Path Type: max

Fanout         Cap        Slew       Delay        Time   Description
---------------------------------------------------------------------------------------------
                                  0.000000    0.000000   clock clk (rise edge)
                                  0.000000    0.000000   clock network delay (propagated)
                                  3.000000    3.000000 ^ input external delay
     1    0.003130    0.015098    0.008150    3.008150 ^ load (in)
                                                         load (net)
                      0.015100    0.000000    3.008150 ^ input2/A (sky130_fd_sc_hd__clkbuf_1)
     2    0.007515    0.071626    0.075509    3.083659 ^ input2/X (sky130_fd_sc_hd__clkbuf_1)
                                                         net2 (net)
                      0.071631    0.000512    3.084171 ^ fanout12/A (sky130_fd_sc_hd__clkbuf_2)
     6    0.024282    0.104922    0.128880    3.213052 ^ fanout12/X (sky130_fd_sc_hd__clkbuf_2)
                                                         net12 (net)
                      0.104935    0.000963    3.214014 ^ _15_/A (sky130_fd_sc_hd__inv_2)
     3    0.009706    0.034576    0.030926    3.244941 v _15_/Y (sky130_fd_sc_hd__inv_2)
                                                         _04_ (net)
                      0.034587    0.000508    3.245448 v _22_/A1 (sky130_fd_sc_hd__o211a_1)
     1    0.002677    0.027586    0.136626    3.382074 v _22_/X (sky130_fd_sc_hd__o211a_1)
                                                         _01_ (net)
                      0.027599    0.000180    3.382254 v _31_/D (sky130_fd_sc_hd__dfrtp_1)
                                              3.382254   data arrival time

                                 15.000000   15.000000   clock clk (rise edge)
                                  0.000000   15.000000   clock source latency
     1    0.009030    0.035174    0.022874   15.022874 ^ clk (in)
                                                         clk (net)
                      0.035182    0.000000   15.022874 ^ clkbuf_0_clk/A (sky130_fd_sc_hd__clkbuf_16)
     2    0.017747    0.029694    0.083872   15.106747 ^ clkbuf_0_clk/X (sky130_fd_sc_hd__clkbuf_16)
                                                         clknet_0_clk (net)
                      0.029708    0.001034   15.107780 ^ clkbuf_1_1__f_clk/A (sky130_fd_sc_hd__clkbuf_16)
     2    0.006383    0.021954    0.074499   15.182279 ^ clkbuf_1_1__f_clk/X (sky130_fd_sc_hd__clkbuf_16)
                                                         clknet_1_1__leaf_clk (net)
                      0.021956    0.000382   15.182661 ^ _31_/CLK (sky130_fd_sc_hd__dfrtp_1)
                                 -0.250000   14.932662   clock uncertainty
                                  0.000000   14.932662   clock reconvergence pessimism
                                 -0.071839   14.860824   library setup time
                                             14.860824   data required time
---------------------------------------------------------------------------------------------
                                             14.860824   data required time
                                             -3.382254   data arrival time
---------------------------------------------------------------------------------------------
                                             11.478569   slack (MET)


Startpoint: rst_n (input port clocked by clk)
Endpoint: _32_ (recovery check against rising-edge clock clk)
Path Group: asynchronous
Path Type: max

Fanout         Cap        Slew       Delay        Time   Description
---------------------------------------------------------------------------------------------
                                  0.000000    0.000000   clock clk (rise edge)
                                  0.000000    0.000000   clock network delay (propagated)
                                  3.000000    3.000000 ^ input external delay
     1    0.002319    0.012209    0.006011    3.006011 ^ rst_n (in)
                                                         rst_n (net)
                      0.012210    0.000000    3.006011 ^ input7/A (sky130_fd_sc_hd__dlymetal6s2s_1)
     4    0.020193    0.166204    0.145115    3.151126 ^ input7/X (sky130_fd_sc_hd__dlymetal6s2s_1)
                                                         net7 (net)
                      0.166216    0.001148    3.152274 ^ _32_/RESET_B (sky130_fd_sc_hd__dfrtp_1)
                                              3.152274   data arrival time

                                 15.000000   15.000000   clock clk (rise edge)
                                  0.000000   15.000000   clock source latency
     1    0.009030    0.035174    0.022874   15.022874 ^ clk (in)
                                                         clk (net)
                      0.035182    0.000000   15.022874 ^ clkbuf_0_clk/A (sky130_fd_sc_hd__clkbuf_16)
     2    0.017747    0.029694    0.083872   15.106747 ^ clkbuf_0_clk/X (sky130_fd_sc_hd__clkbuf_16)
                                                         clknet_0_clk (net)
                      0.029709    0.001055   15.107801 ^ clkbuf_1_0__f_clk/A (sky130_fd_sc_hd__clkbuf_16)
     2    0.005397    0.021271    0.073666   15.181467 ^ clkbuf_1_0__f_clk/X (sky130_fd_sc_hd__clkbuf_16)
                                                         clknet_1_0__leaf_clk (net)
                      0.021272    0.000329   15.181796 ^ _32_/CLK (sky130_fd_sc_hd__dfrtp_1)
                                 -0.250000   14.931797   clock uncertainty
                                  0.000000   14.931797   clock reconvergence pessimism
                                  0.116856   15.048653   library recovery time
                                             15.048653   data required time
---------------------------------------------------------------------------------------------
                                             15.048653   data required time
                                             -3.152274   data arrival time
---------------------------------------------------------------------------------------------
                                             11.896379   slack (MET)


Startpoint: rst_n (input port clocked by clk)
Endpoint: _30_ (recovery check against rising-edge clock clk)
Path Group: asynchronous
Path Type: max

Fanout         Cap        Slew       Delay        Time   Description
---------------------------------------------------------------------------------------------
                                  0.000000    0.000000   clock clk (rise edge)
                                  0.000000    0.000000   clock network delay (propagated)
                                  3.000000    3.000000 ^ input external delay
     1    0.002319    0.012209    0.006011    3.006011 ^ rst_n (in)
                                                         rst_n (net)
                      0.012210    0.000000    3.006011 ^ input7/A (sky130_fd_sc_hd__dlymetal6s2s_1)
     4    0.020193    0.166204    0.145115    3.151126 ^ input7/X (sky130_fd_sc_hd__dlymetal6s2s_1)
                                                         net7 (net)
                      0.166212    0.000963    3.152089 ^ _30_/RESET_B (sky130_fd_sc_hd__dfrtp_1)
                                              3.152089   data arrival time

                                 15.000000   15.000000   clock clk (rise edge)
                                  0.000000   15.000000   clock source latency
     1    0.009030    0.035174    0.022874   15.022874 ^ clk (in)
                                                         clk (net)
                      0.035182    0.000000   15.022874 ^ clkbuf_0_clk/A (sky130_fd_sc_hd__clkbuf_16)
     2    0.017747    0.029694    0.083872   15.106747 ^ clkbuf_0_clk/X (sky130_fd_sc_hd__clkbuf_16)
                                                         clknet_0_clk (net)
                      0.029709    0.001055   15.107801 ^ clkbuf_1_0__f_clk/A (sky130_fd_sc_hd__clkbuf_16)
     2    0.005397    0.021271    0.073666   15.181467 ^ clkbuf_1_0__f_clk/X (sky130_fd_sc_hd__clkbuf_16)
                                                         clknet_1_0__leaf_clk (net)
                      0.021272    0.000298   15.181766 ^ _30_/CLK (sky130_fd_sc_hd__dfrtp_1)
                                 -0.250000   14.931767   clock uncertainty
                                  0.000000   14.931767   clock reconvergence pessimism
                                  0.116857   15.048622   library recovery time
                                             15.048622   data required time
---------------------------------------------------------------------------------------------
                                             15.048622   data required time
                                             -3.152089   data arrival time
---------------------------------------------------------------------------------------------
                                             11.896534   slack (MET)


Startpoint: rst_n (input port clocked by clk)
Endpoint: _33_ (recovery check against rising-edge clock clk)
Path Group: asynchronous
Path Type: max

Fanout         Cap        Slew       Delay        Time   Description
---------------------------------------------------------------------------------------------
                                  0.000000    0.000000   clock clk (rise edge)
                                  0.000000    0.000000   clock network delay (propagated)
                                  3.000000    3.000000 ^ input external delay
     1    0.002319    0.012209    0.006011    3.006011 ^ rst_n (in)
                                                         rst_n (net)
                      0.012210    0.000000    3.006011 ^ input7/A (sky130_fd_sc_hd__dlymetal6s2s_1)
     4    0.020193    0.166204    0.145115    3.151126 ^ input7/X (sky130_fd_sc_hd__dlymetal6s2s_1)
                                                         net7 (net)
                      0.166215    0.001102    3.152228 ^ _33_/RESET_B (sky130_fd_sc_hd__dfrtp_1)
                                              3.152228   data arrival time

                                 15.000000   15.000000   clock clk (rise edge)
                                  0.000000   15.000000   clock source latency
     1    0.009030    0.035174    0.022874   15.022874 ^ clk (in)
                                                         clk (net)
                      0.035182    0.000000   15.022874 ^ clkbuf_0_clk/A (sky130_fd_sc_hd__clkbuf_16)
     2    0.017747    0.029694    0.083872   15.106747 ^ clkbuf_0_clk/X (sky130_fd_sc_hd__clkbuf_16)
                                                         clknet_0_clk (net)
                      0.029708    0.001034   15.107780 ^ clkbuf_1_1__f_clk/A (sky130_fd_sc_hd__clkbuf_16)
     2    0.006383    0.021954    0.074499   15.182279 ^ clkbuf_1_1__f_clk/X (sky130_fd_sc_hd__clkbuf_16)
                                                         clknet_1_1__leaf_clk (net)
                      0.021956    0.000350   15.182629 ^ _33_/CLK (sky130_fd_sc_hd__dfrtp_1)
                                 -0.250000   14.932630   clock uncertainty
                                  0.000000   14.932630   clock reconvergence pessimism
                                  0.116962   15.049592   library recovery time
                                             15.049592   data required time
---------------------------------------------------------------------------------------------
                                             15.049592   data required time
                                             -3.152228   data arrival time
---------------------------------------------------------------------------------------------
                                             11.897365   slack (MET)


Startpoint: rst_n (input port clocked by clk)
Endpoint: _31_ (recovery check against rising-edge clock clk)
Path Group: asynchronous
Path Type: max

Fanout         Cap        Slew       Delay        Time   Description
---------------------------------------------------------------------------------------------
                                  0.000000    0.000000   clock clk (rise edge)
                                  0.000000    0.000000   clock network delay (propagated)
                                  3.000000    3.000000 ^ input external delay
     1    0.002319    0.012209    0.006011    3.006011 ^ rst_n (in)
                                                         rst_n (net)
                      0.012210    0.000000    3.006011 ^ input7/A (sky130_fd_sc_hd__dlymetal6s2s_1)
     4    0.020193    0.166204    0.145115    3.151126 ^ input7/X (sky130_fd_sc_hd__dlymetal6s2s_1)
                                                         net7 (net)
                      0.166212    0.000935    3.152061 ^ _31_/RESET_B (sky130_fd_sc_hd__dfrtp_1)
                                              3.152061   data arrival time

                                 15.000000   15.000000   clock clk (rise edge)
                                  0.000000   15.000000   clock source latency
     1    0.009030    0.035174    0.022874   15.022874 ^ clk (in)
                                                         clk (net)
                      0.035182    0.000000   15.022874 ^ clkbuf_0_clk/A (sky130_fd_sc_hd__clkbuf_16)
     2    0.017747    0.029694    0.083872   15.106747 ^ clkbuf_0_clk/X (sky130_fd_sc_hd__clkbuf_16)
                                                         clknet_0_clk (net)
                      0.029708    0.001034   15.107780 ^ clkbuf_1_1__f_clk/A (sky130_fd_sc_hd__clkbuf_16)
     2    0.006383    0.021954    0.074499   15.182279 ^ clkbuf_1_1__f_clk/X (sky130_fd_sc_hd__clkbuf_16)
                                                         clknet_1_1__leaf_clk (net)
                      0.021956    0.000382   15.182661 ^ _31_/CLK (sky130_fd_sc_hd__dfrtp_1)
                                 -0.250000   14.932662   clock uncertainty
                                  0.000000   14.932662   clock reconvergence pessimism
                                  0.116963   15.049624   library recovery time
                                             15.049624   data required time
---------------------------------------------------------------------------------------------
                                             15.049624   data required time
                                             -3.152061   data arrival time
---------------------------------------------------------------------------------------------
                                             11.897563   slack (MET)



%OL_END_REPORT
%OL_CREATE_REPORT checks.rpt

===========================================================================
report_checks -unconstrained
===========================================================================
======================= max_ff_n40C_1v95 Corner ===================================

Startpoint: rst_n (input port clocked by clk)
Endpoint: _32_ (recovery check against rising-edge clock clk)
Path Group: asynchronous
Path Type: max

Fanout         Cap        Slew       Delay        Time   Description
---------------------------------------------------------------------------------------------
                                  0.000000    0.000000   clock clk (rise edge)
                                  0.000000    0.000000   clock network delay (propagated)
                                  3.000000    3.000000 ^ input external delay
     1    0.002319    0.012209    0.006011    3.006011 ^ rst_n (in)
                                                         rst_n (net)
                      0.012210    0.000000    3.006011 ^ input7/A (sky130_fd_sc_hd__dlymetal6s2s_1)
     4    0.020193    0.166204    0.145115    3.151126 ^ input7/X (sky130_fd_sc_hd__dlymetal6s2s_1)
                                                         net7 (net)
                      0.166216    0.001148    3.152274 ^ _32_/RESET_B (sky130_fd_sc_hd__dfrtp_1)
                                              3.152274   data arrival time

                                 15.000000   15.000000   clock clk (rise edge)
                                  0.000000   15.000000   clock source latency
     1    0.009030    0.035174    0.022874   15.022874 ^ clk (in)
                                                         clk (net)
                      0.035182    0.000000   15.022874 ^ clkbuf_0_clk/A (sky130_fd_sc_hd__clkbuf_16)
     2    0.017747    0.029694    0.083872   15.106747 ^ clkbuf_0_clk/X (sky130_fd_sc_hd__clkbuf_16)
                                                         clknet_0_clk (net)
                      0.029709    0.001055   15.107801 ^ clkbuf_1_0__f_clk/A (sky130_fd_sc_hd__clkbuf_16)
     2    0.005397    0.021271    0.073666   15.181467 ^ clkbuf_1_0__f_clk/X (sky130_fd_sc_hd__clkbuf_16)
                                                         clknet_1_0__leaf_clk (net)
                      0.021272    0.000329   15.181796 ^ _32_/CLK (sky130_fd_sc_hd__dfrtp_1)
                                 -0.250000   14.931797   clock uncertainty
                                  0.000000   14.931797   clock reconvergence pessimism
                                  0.116856   15.048653   library recovery time
                                             15.048653   data required time
---------------------------------------------------------------------------------------------
                                             15.048653   data required time
                                             -3.152274   data arrival time
---------------------------------------------------------------------------------------------
                                             11.896379   slack (MET)


Startpoint: _30_ (rising edge-triggered flip-flop clocked by clk)
Endpoint: count[0] (output port clocked by clk)
Path Group: clk
Path Type: max

Fanout         Cap        Slew       Delay        Time   Description
---------------------------------------------------------------------------------------------
                                  0.000000    0.000000   clock clk (rise edge)
                                  0.000000    0.000000   clock source latency
     1    0.009030    0.035174    0.022875    0.022875 ^ clk (in)
                                                         clk (net)
                      0.035182    0.000000    0.022875 ^ clkbuf_0_clk/A (sky130_fd_sc_hd__clkbuf_16)
     2    0.017747    0.029694    0.083872    0.106746 ^ clkbuf_0_clk/X (sky130_fd_sc_hd__clkbuf_16)
                                                         clknet_0_clk (net)
                      0.029709    0.001055    0.107801 ^ clkbuf_1_0__f_clk/A (sky130_fd_sc_hd__clkbuf_16)
     2    0.005397    0.021271    0.073666    0.181467 ^ clkbuf_1_0__f_clk/X (sky130_fd_sc_hd__clkbuf_16)
                                                         clknet_1_0__leaf_clk (net)
                      0.021272    0.000299    0.181765 ^ _30_/CLK (sky130_fd_sc_hd__dfrtp_1)
     6    0.022104    0.150688    0.283379    0.465144 ^ _30_/Q (sky130_fd_sc_hd__dfrtp_1)
                                                         net8 (net)
                      0.150706    0.001707    0.466850 ^ output8/A (sky130_fd_sc_hd__buf_2)
     1    0.035824    0.133436    0.165682    0.632533 ^ output8/X (sky130_fd_sc_hd__buf_2)
                                                         count[0] (net)
                      0.133482    0.002059    0.634591 ^ count[0] (out)
                                              0.634591   data arrival time

                                 15.000000   15.000000   clock clk (rise edge)
                                  0.000000   15.000000   clock network delay (propagated)
                                 -0.250000   14.750000   clock uncertainty
                                  0.000000   14.750000   clock reconvergence pessimism
                                 -3.000000   11.750000   output external delay
                                             11.750000   data required time
---------------------------------------------------------------------------------------------
                                             11.750000   data required time
                                             -0.634591   data arrival time
---------------------------------------------------------------------------------------------
                                             11.115409   slack (MET)




===========================================================================
report_checks --slack_max -0.01
============================================================================
======================= max_ff_n40C_1v95 Corner ===================================

No paths found.


===========================================================================
 report_check_types -max_slew -max_cap -max_fanout -violators
============================================================================
======================= max_ff_n40C_1v95 Corner ===================================



===========================================================================
report_parasitic_annotation -report_unannotated
============================================================================
Found 0 unannotated drivers.
Found 0 partially unannotated drivers.

===========================================================================
max slew violation count 0
%OL_METRIC_I design__max_slew_violation__count__corner:max_ff_n40C_1v95 0
max fanout violation count 0
%OL_METRIC_I design__max_fanout_violation__count__corner:max_ff_n40C_1v95 0
max cap violation count 0
%OL_METRIC_I design__max_cap_violation__count__corner:max_ff_n40C_1v95 0
============================================================================

===========================================================================
check_setup -verbose -unconstrained_endpoints -multiple_clock -no_clock -no_input_delay -loops -generated_clocks
===========================================================================
%OL_END_REPORT
%OL_CREATE_REPORT power.rpt

===========================================================================
 report_power
============================================================================
======================= max_ff_n40C_1v95 Corner ===================================

Group                    Internal    Switching      Leakage        Total
                            Power        Power        Power        Power (Watts)
------------------------------------------------------------------------
Sequential           1.412198e-05 1.765784e-06 5.538655e-11 1.588782e-05  21.9%
Combinational        3.668300e-06 6.396021e-06 1.448280e-10 1.006447e-05  13.9%
Clock                3.896495e-05 7.485051e-06 2.712831e-10 4.645027e-05  64.2%
Macro                0.000000e+00 0.000000e+00 0.000000e+00 0.000000e+00   0.0%
Pad                  0.000000e+00 0.000000e+00 0.000000e+00 0.000000e+00   0.0%
------------------------------------------------------------------------
Total                5.675522e-05 1.564686e-05 4.714977e-10 7.240255e-05 100.0%
                            78.4%        21.6%         0.0%
%OL_METRIC_F power__internal__total 5.675522334058769e-5
%OL_METRIC_F power__switching__total 1.5646857718820684e-5
%OL_METRIC_F power__leakage__total 4.714977297481937e-10
%OL_METRIC_F power__total 7.240255217766389e-5

%OL_END_REPORT
%OL_CREATE_REPORT skew.min.rpt

===========================================================================
Clock Skew (Hold)
============================================================================
%OL_METRIC_F clock__skew__worst_hold__corner:max_ff_n40C_1v95 -0.2508964773621633
======================= max_ff_n40C_1v95 Corner ===================================

Clock clk
0.181765 source latency _30_/CLK ^
-0.182662 target latency _31_/CLK ^
-0.250000 clock uncertainty
0.000000 CRPR
--------------
-0.250896 hold skew

%OL_END_REPORT
%OL_CREATE_REPORT skew.max.rpt

===========================================================================
Clock Skew (Setup)
============================================================================
%OL_METRIC_F clock__skew__worst_setup__corner:max_ff_n40C_1v95 0.25086639031734503
======================= max_ff_n40C_1v95 Corner ===================================

Clock clk
0.182662 source latency _31_/CLK ^
-0.181795 target latency _32_/CLK ^
0.250000 clock uncertainty
0.000000 CRPR
--------------
0.250866 setup skew

%OL_END_REPORT
%OL_CREATE_REPORT ws.min.rpt

===========================================================================
Worst Slack (Hold)
============================================================================
%OL_METRIC_F timing__hold__ws__corner:max_ff_n40C_1v95 0.13073489882925868
max_ff_n40C_1v95: 0.13073489882925868
%OL_END_REPORT
%OL_CREATE_REPORT ws.max.rpt

===========================================================================
Worst Slack (Setup)
============================================================================
%OL_METRIC_F timing__setup__ws__corner:max_ff_n40C_1v95 11.11540935200832
max_ff_n40C_1v95: 11.11540935200832
%OL_END_REPORT
%OL_CREATE_REPORT tns.min.rpt

===========================================================================
Total Negative Slack (Hold)
============================================================================
%OL_METRIC_F timing__hold__tns__corner:max_ff_n40C_1v95 0.0
max_ff_n40C_1v95: 0.0
%OL_END_REPORT
%OL_CREATE_REPORT tns.max.rpt

===========================================================================
Total Negative Slack (Setup)
============================================================================
%OL_METRIC_F timing__setup__tns__corner:max_ff_n40C_1v95 0.0
max_ff_n40C_1v95: 0.0
%OL_END_REPORT
%OL_CREATE_REPORT wns.min.rpt

===========================================================================
Worst Negative Slack (Hold)
============================================================================
%OL_METRIC_F timing__hold__wns__corner:max_ff_n40C_1v95 0
max_ff_n40C_1v95: 0
%OL_END_REPORT
%OL_CREATE_REPORT wns.max.rpt

===========================================================================
Worst Negative Slack (Setup)
============================================================================
%OL_METRIC_F timing__setup__wns__corner:max_ff_n40C_1v95 0.0
max_ff_n40C_1v95: 0.0
%OL_END_REPORT
%OL_CREATE_REPORT violator_list.rpt

===========================================================================
Violator List
============================================================================
%OL_METRIC_I timing__hold_vio__count__corner:max_ff_n40C_1v95 0
%OL_METRIC_F timing__hold_r2r__ws__corner:max_ff_n40C_1v95 0.130735
%OL_METRIC_I timing__hold_r2r_vio__count__corner:max_ff_n40C_1v95 0
%OL_METRIC_I timing__setup_vio__count__corner:max_ff_n40C_1v95 0
%OL_METRIC_F timing__setup_r2r__ws__corner:max_ff_n40C_1v95 inf
%OL_METRIC_I timing__setup_r2r_vio__count__corner:max_ff_n40C_1v95 0
%OL_END_REPORT
%OL_CREATE_REPORT unpropagated.rpt
%OL_END_REPORT
%OL_CREATE_REPORT clock.rpt
Clock: clk
Sources: clk 
Generated: no
Virtual: yes
Propagated: no
Period: 15.000000

===========================================================================
report_clock_properties
============================================================================
Clock                   Period          Waveform
----------------------------------------------------
clk                  15.000000    0.000000  7.500000

===========================================================================
report_clock_latency
============================================================================
Clock clk
rise -> rise
    min     max
0.000000 0.000000 source latency
0.181765         network latency _30_/CLK
        0.182662 network latency _31_/CLK
---------------
0.181765 0.182662 latency
        0.000896 skew

fall -> fall
    min     max
0.000000 0.000000 source latency
0.184922         network latency _30_/CLK
        0.185747 network latency _31_/CLK
---------------
0.184922 0.185747 latency
        0.000824 skew



===========================================================================
report_clock_min_period
============================================================================
clk period_min = 0.95 fmax = 1049.58
%OL_END_REPORT
Writing SDF files for all corners…
Removing Clock latencies before writing libs…
Writing timing models for all corners…
Writing timing models for the max_ff_n40C_1v95 corner to /home/jihan/projects/openlane_flow/designs/param_counter/runs/RUN_2025-12-08_00-15-48/54-openroad-stapostpnr/max_ff_n40C_1v95/param_counter__max_ff_n40C_1v95.lib…
