Reading timing models for corner max_ss_100C_1v60…
Reading cell library for the 'max_ss_100C_1v60' corner at '/home/jihan/.volare/volare/sky130/versions/0fe599b2afb6708d281543108caf8310912f54af/sky130A/libs.ref/sky130_fd_sc_hd/lib/sky130_fd_sc_hd__ss_100C_1v60.lib'…
Reading top-level netlist at '/home/jihan/projects/openlane_flow/designs/counter_4bit/runs/RUN_2025-12-04_01-46-29/51-openroad-fillinsertion/counter_4bit.nl.v'…
Linking design 'counter_4bit' from netlist…
Warning: /home/jihan/projects/openlane_flow/designs/counter_4bit/runs/RUN_2025-12-04_01-46-29/51-openroad-fillinsertion/counter_4bit.nl.v line 194, module sky130_fd_sc_hd__tapvpwrvgnd_1 not found. Creating black box for TAP_TAPCELL_ROW_0_130.
Warning: /home/jihan/projects/openlane_flow/designs/counter_4bit/runs/RUN_2025-12-04_01-46-29/51-openroad-fillinsertion/counter_4bit.nl.v line 691, module sky130_ef_sc_hd__decap_12 not found. Creating black box for FILLER_0_3.
Warning: /home/jihan/projects/openlane_flow/designs/counter_4bit/runs/RUN_2025-12-04_01-46-29/51-openroad-fillinsertion/counter_4bit.nl.v line 693, module sky130_fd_sc_hd__fill_1 not found. Creating black box for FILLER_0_27.
Warning: /home/jihan/projects/openlane_flow/designs/counter_4bit/runs/RUN_2025-12-04_01-46-29/51-openroad-fillinsertion/counter_4bit.nl.v line 734, module sky130_fd_sc_hd__fill_2 not found. Creating black box for FILLER_0_405.
Reading design constraints file at '/nix/store/ss2cw3sxbrwwx9jl0rrppbw4kgcmgi2n-python3-3.11.9-env/lib/python3.11/site-packages/openlane/scripts/base.sdc'…
[INFO] Using clock clk…
[INFO] Setting output delay to: 3.0
[INFO] Setting input delay to: 3.0
[INFO] Setting load to: 0.033442
[INFO] Setting clock uncertainty to: 0.25
[INFO] Setting clock transition to: 0.1499999999999999944488848768742172978818416595458984375
[INFO] Setting timing derate to: 5%
Reading top-level design parasitics for the 'max_ss_100C_1v60' corner at '/home/jihan/projects/openlane_flow/designs/counter_4bit/runs/RUN_2025-12-04_01-46-29/53-openroad-rcx/max/counter_4bit.max.spef'…
%OL_CREATE_REPORT min.rpt

===========================================================================
report_checks -path_delay min (Hold)
============================================================================
======================= max_ss_100C_1v60 Corner ===================================

Startpoint: _14_ (rising edge-triggered flip-flop clocked by clk)
Endpoint: _14_ (rising edge-triggered flip-flop clocked by clk)
Path Group: clk
Path Type: min

Fanout         Cap        Slew       Delay        Time   Description
---------------------------------------------------------------------------------------------
                                  0.000000    0.000000   clock clk (rise edge)
                                  0.000000    0.000000   clock source latency
     1    0.026218    0.193373    0.133231    0.133231 ^ clk (in)
                                                         clk (net)
                      0.193380    0.000000    0.133231 ^ clkbuf_0_clk/A (sky130_fd_sc_hd__clkbuf_16)
     2    0.018905    0.066070    0.276442    0.409673 ^ clkbuf_0_clk/X (sky130_fd_sc_hd__clkbuf_16)
                                                         clknet_0_clk (net)
                      0.066070    0.001004    0.410677 ^ clkbuf_1_0__f_clk/A (sky130_fd_sc_hd__clkbuf_16)
     2    0.005836    0.048956    0.197894    0.608571 ^ clkbuf_1_0__f_clk/X (sky130_fd_sc_hd__clkbuf_16)
                                                         clknet_1_0__leaf_clk (net)
                      0.048957    0.000350    0.608921 ^ _14_/CLK (sky130_fd_sc_hd__dfrtp_1)
     3    0.008632    0.148767    0.691927    1.300847 ^ _14_/Q (sky130_fd_sc_hd__dfrtp_1)
                                                         net4 (net)
                      0.148767    0.000447    1.301295 ^ _08_/C (sky130_fd_sc_hd__and3_1)
     2    0.010692    0.192419    0.425492    1.726787 ^ _08_/X (sky130_fd_sc_hd__and3_1)
                                                         _05_ (net)
                      0.192419    0.000625    1.727412 ^ _09_/B (sky130_fd_sc_hd__nor2_1)
     1    0.002520    0.046427    0.114023    1.841435 v _09_/Y (sky130_fd_sc_hd__nor2_1)
                                                         _02_ (net)
                      0.046428    0.000166    1.841601 v _14_/D (sky130_fd_sc_hd__dfrtp_1)
                                              1.841601   data arrival time

                                  0.000000    0.000000   clock clk (rise edge)
                                  0.000000    0.000000   clock source latency
     1    0.026218    0.193373    0.133231    0.133231 ^ clk (in)
                                                         clk (net)
                      0.193380    0.000000    0.133231 ^ clkbuf_0_clk/A (sky130_fd_sc_hd__clkbuf_16)
     2    0.018905    0.066070    0.276442    0.409673 ^ clkbuf_0_clk/X (sky130_fd_sc_hd__clkbuf_16)
                                                         clknet_0_clk (net)
                      0.066070    0.001004    0.410677 ^ clkbuf_1_0__f_clk/A (sky130_fd_sc_hd__clkbuf_16)
     2    0.005836    0.048956    0.197894    0.608571 ^ clkbuf_1_0__f_clk/X (sky130_fd_sc_hd__clkbuf_16)
                                                         clknet_1_0__leaf_clk (net)
                      0.048957    0.000350    0.608921 ^ _14_/CLK (sky130_fd_sc_hd__dfrtp_1)
                                  0.250000    0.858921   clock uncertainty
                                  0.000000    0.858921   clock reconvergence pessimism
                                 -0.093600    0.765321   library hold time
                                              0.765321   data required time
---------------------------------------------------------------------------------------------
                                              0.765321   data required time
                                             -1.841601   data arrival time
---------------------------------------------------------------------------------------------
                                              1.076280   slack (MET)


Startpoint: _14_ (rising edge-triggered flip-flop clocked by clk)
Endpoint: _15_ (rising edge-triggered flip-flop clocked by clk)
Path Group: clk
Path Type: min

Fanout         Cap        Slew       Delay        Time   Description
---------------------------------------------------------------------------------------------
                                  0.000000    0.000000   clock clk (rise edge)
                                  0.000000    0.000000   clock source latency
     1    0.026218    0.193373    0.133231    0.133231 ^ clk (in)
                                                         clk (net)
                      0.193380    0.000000    0.133231 ^ clkbuf_0_clk/A (sky130_fd_sc_hd__clkbuf_16)
     2    0.018905    0.066070    0.276442    0.409673 ^ clkbuf_0_clk/X (sky130_fd_sc_hd__clkbuf_16)
                                                         clknet_0_clk (net)
                      0.066070    0.001004    0.410677 ^ clkbuf_1_0__f_clk/A (sky130_fd_sc_hd__clkbuf_16)
     2    0.005836    0.048956    0.197894    0.608571 ^ clkbuf_1_0__f_clk/X (sky130_fd_sc_hd__clkbuf_16)
                                                         clknet_1_0__leaf_clk (net)
                      0.048957    0.000350    0.608921 ^ _14_/CLK (sky130_fd_sc_hd__dfrtp_1)
     3    0.008632    0.148767    0.691927    1.300847 ^ _14_/Q (sky130_fd_sc_hd__dfrtp_1)
                                                         net4 (net)
                      0.148767    0.000447    1.301295 ^ _08_/C (sky130_fd_sc_hd__and3_1)
     2    0.010692    0.192419    0.425492    1.726787 ^ _08_/X (sky130_fd_sc_hd__and3_1)
                                                         _05_ (net)
                      0.192419    0.000753    1.727540 ^ _10_/B (sky130_fd_sc_hd__xor2_1)
     1    0.002200    0.063110    0.162138    1.889678 v _10_/X (sky130_fd_sc_hd__xor2_1)
                                                         _03_ (net)
                      0.063110    0.000100    1.889778 v _15_/D (sky130_fd_sc_hd__dfrtp_1)
                                              1.889778   data arrival time

                                  0.000000    0.000000   clock clk (rise edge)
                                  0.000000    0.000000   clock source latency
     1    0.026218    0.193373    0.133231    0.133231 ^ clk (in)
                                                         clk (net)
                      0.193380    0.000000    0.133231 ^ clkbuf_0_clk/A (sky130_fd_sc_hd__clkbuf_16)
     2    0.018905    0.066070    0.276442    0.409673 ^ clkbuf_0_clk/X (sky130_fd_sc_hd__clkbuf_16)
                                                         clknet_0_clk (net)
                      0.066070    0.000985    0.410658 ^ clkbuf_1_1__f_clk/A (sky130_fd_sc_hd__clkbuf_16)
     2    0.006786    0.050245    0.199658    0.610316 ^ clkbuf_1_1__f_clk/X (sky130_fd_sc_hd__clkbuf_16)
                                                         clknet_1_1__leaf_clk (net)
                      0.050246    0.000573    0.610889 ^ _15_/CLK (sky130_fd_sc_hd__dfrtp_1)
                                  0.250000    0.860889   clock uncertainty
                                  0.000000    0.860889   clock reconvergence pessimism
                                 -0.099479    0.761410   library hold time
                                              0.761410   data required time
---------------------------------------------------------------------------------------------
                                              0.761410   data required time
                                             -1.889778   data arrival time
---------------------------------------------------------------------------------------------
                                              1.128369   slack (MET)


Startpoint: rst_n (input port clocked by clk)
Endpoint: _15_ (removal check against rising-edge clock clk)
Path Group: asynchronous
Path Type: min

Fanout         Cap        Slew       Delay        Time   Description
---------------------------------------------------------------------------------------------
                                  0.000000    0.000000   clock clk (rise edge)
                                  0.000000    0.000000   clock network delay (propagated)
                                  3.000000    3.000000 ^ input external delay
     1    0.004067    0.040776    0.022528    3.022528 ^ rst_n (in)
                                                         rst_n (net)
                      0.040790    0.000000    3.022528 ^ input1/A (sky130_fd_sc_hd__buf_1)
     4    0.015827    0.307123    0.306182    3.328710 ^ input1/X (sky130_fd_sc_hd__buf_1)
                                                         net1 (net)
                      0.307125    0.000694    3.329404 ^ _15_/RESET_B (sky130_fd_sc_hd__dfrtp_1)
                                              3.329404   data arrival time

                                  0.000000    0.000000   clock clk (rise edge)
                                  0.000000    0.000000   clock source latency
     1    0.026218    0.193373    0.133231    0.133231 ^ clk (in)
                                                         clk (net)
                      0.193380    0.000000    0.133231 ^ clkbuf_0_clk/A (sky130_fd_sc_hd__clkbuf_16)
     2    0.018905    0.066070    0.276442    0.409673 ^ clkbuf_0_clk/X (sky130_fd_sc_hd__clkbuf_16)
                                                         clknet_0_clk (net)
                      0.066070    0.000985    0.410658 ^ clkbuf_1_1__f_clk/A (sky130_fd_sc_hd__clkbuf_16)
     2    0.006786    0.050245    0.199658    0.610316 ^ clkbuf_1_1__f_clk/X (sky130_fd_sc_hd__clkbuf_16)
                                                         clknet_1_1__leaf_clk (net)
                      0.050246    0.000573    0.610889 ^ _15_/CLK (sky130_fd_sc_hd__dfrtp_1)
                                  0.250000    0.860889   clock uncertainty
                                  0.000000    0.860889   clock reconvergence pessimism
                                  0.724374    1.585263   library removal time
                                              1.585263   data required time
---------------------------------------------------------------------------------------------
                                              1.585263   data required time
                                             -3.329404   data arrival time
---------------------------------------------------------------------------------------------
                                              1.744141   slack (MET)


Startpoint: rst_n (input port clocked by clk)
Endpoint: _13_ (removal check against rising-edge clock clk)
Path Group: asynchronous
Path Type: min

Fanout         Cap        Slew       Delay        Time   Description
---------------------------------------------------------------------------------------------
                                  0.000000    0.000000   clock clk (rise edge)
                                  0.000000    0.000000   clock network delay (propagated)
                                  3.000000    3.000000 ^ input external delay
     1    0.004067    0.040776    0.022528    3.022528 ^ rst_n (in)
                                                         rst_n (net)
                      0.040790    0.000000    3.022528 ^ input1/A (sky130_fd_sc_hd__buf_1)
     4    0.015827    0.307123    0.306182    3.328710 ^ input1/X (sky130_fd_sc_hd__buf_1)
                                                         net1 (net)
                      0.307126    0.000768    3.329477 ^ _13_/RESET_B (sky130_fd_sc_hd__dfrtp_1)
                                              3.329477   data arrival time

                                  0.000000    0.000000   clock clk (rise edge)
                                  0.000000    0.000000   clock source latency
     1    0.026218    0.193373    0.133231    0.133231 ^ clk (in)
                                                         clk (net)
                      0.193380    0.000000    0.133231 ^ clkbuf_0_clk/A (sky130_fd_sc_hd__clkbuf_16)
     2    0.018905    0.066070    0.276442    0.409673 ^ clkbuf_0_clk/X (sky130_fd_sc_hd__clkbuf_16)
                                                         clknet_0_clk (net)
                      0.066070    0.000985    0.410658 ^ clkbuf_1_1__f_clk/A (sky130_fd_sc_hd__clkbuf_16)
     2    0.006786    0.050245    0.199658    0.610316 ^ clkbuf_1_1__f_clk/X (sky130_fd_sc_hd__clkbuf_16)
                                                         clknet_1_1__leaf_clk (net)
                      0.050246    0.000461    0.610777 ^ _13_/CLK (sky130_fd_sc_hd__dfrtp_1)
                                  0.250000    0.860777   clock uncertainty
                                  0.000000    0.860777   clock reconvergence pessimism
                                  0.724374    1.585151   library removal time
                                              1.585151   data required time
---------------------------------------------------------------------------------------------
                                              1.585151   data required time
                                             -3.329477   data arrival time
---------------------------------------------------------------------------------------------
                                              1.744326   slack (MET)


Startpoint: rst_n (input port clocked by clk)
Endpoint: _12_ (removal check against rising-edge clock clk)
Path Group: asynchronous
Path Type: min

Fanout         Cap        Slew       Delay        Time   Description
---------------------------------------------------------------------------------------------
                                  0.000000    0.000000   clock clk (rise edge)
                                  0.000000    0.000000   clock network delay (propagated)
                                  3.000000    3.000000 ^ input external delay
     1    0.004067    0.040776    0.022528    3.022528 ^ rst_n (in)
                                                         rst_n (net)
                      0.040790    0.000000    3.022528 ^ input1/A (sky130_fd_sc_hd__buf_1)
     4    0.015827    0.307123    0.306182    3.328710 ^ input1/X (sky130_fd_sc_hd__buf_1)
                                                         net1 (net)
                      0.307125    0.000672    3.329381 ^ _12_/RESET_B (sky130_fd_sc_hd__dfrtp_1)
                                              3.329381   data arrival time

                                  0.000000    0.000000   clock clk (rise edge)
                                  0.000000    0.000000   clock source latency
     1    0.026218    0.193373    0.133231    0.133231 ^ clk (in)
                                                         clk (net)
                      0.193380    0.000000    0.133231 ^ clkbuf_0_clk/A (sky130_fd_sc_hd__clkbuf_16)
     2    0.018905    0.066070    0.276442    0.409673 ^ clkbuf_0_clk/X (sky130_fd_sc_hd__clkbuf_16)
                                                         clknet_0_clk (net)
                      0.066070    0.001004    0.410677 ^ clkbuf_1_0__f_clk/A (sky130_fd_sc_hd__clkbuf_16)
     2    0.005836    0.048956    0.197894    0.608571 ^ clkbuf_1_0__f_clk/X (sky130_fd_sc_hd__clkbuf_16)
                                                         clknet_1_0__leaf_clk (net)
                      0.048957    0.000304    0.608875 ^ _12_/CLK (sky130_fd_sc_hd__dfrtp_1)
                                  0.250000    0.858875   clock uncertainty
                                  0.000000    0.858875   clock reconvergence pessimism
                                  0.723986    1.582861   library removal time
                                              1.582861   data required time
---------------------------------------------------------------------------------------------
                                              1.582861   data required time
                                             -3.329381   data arrival time
---------------------------------------------------------------------------------------------
                                              1.746520   slack (MET)


Startpoint: rst_n (input port clocked by clk)
Endpoint: _14_ (removal check against rising-edge clock clk)
Path Group: asynchronous
Path Type: min

Fanout         Cap        Slew       Delay        Time   Description
---------------------------------------------------------------------------------------------
                                  0.000000    0.000000   clock clk (rise edge)
                                  0.000000    0.000000   clock network delay (propagated)
                                  3.000000    3.000000 ^ input external delay
     1    0.004067    0.040776    0.022528    3.022528 ^ rst_n (in)
                                                         rst_n (net)
                      0.040790    0.000000    3.022528 ^ input1/A (sky130_fd_sc_hd__buf_1)
     4    0.015827    0.307123    0.306182    3.328710 ^ input1/X (sky130_fd_sc_hd__buf_1)
                                                         net1 (net)
                      0.307126    0.000744    3.329454 ^ _14_/RESET_B (sky130_fd_sc_hd__dfrtp_1)
                                              3.329454   data arrival time

                                  0.000000    0.000000   clock clk (rise edge)
                                  0.000000    0.000000   clock source latency
     1    0.026218    0.193373    0.133231    0.133231 ^ clk (in)
                                                         clk (net)
                      0.193380    0.000000    0.133231 ^ clkbuf_0_clk/A (sky130_fd_sc_hd__clkbuf_16)
     2    0.018905    0.066070    0.276442    0.409673 ^ clkbuf_0_clk/X (sky130_fd_sc_hd__clkbuf_16)
                                                         clknet_0_clk (net)
                      0.066070    0.001004    0.410677 ^ clkbuf_1_0__f_clk/A (sky130_fd_sc_hd__clkbuf_16)
     2    0.005836    0.048956    0.197894    0.608571 ^ clkbuf_1_0__f_clk/X (sky130_fd_sc_hd__clkbuf_16)
                                                         clknet_1_0__leaf_clk (net)
                      0.048957    0.000350    0.608921 ^ _14_/CLK (sky130_fd_sc_hd__dfrtp_1)
                                  0.250000    0.858921   clock uncertainty
                                  0.000000    0.858921   clock reconvergence pessimism
                                  0.723987    1.582907   library removal time
                                              1.582907   data required time
---------------------------------------------------------------------------------------------
                                              1.582907   data required time
                                             -3.329454   data arrival time
---------------------------------------------------------------------------------------------
                                              1.746547   slack (MET)


Startpoint: _12_ (rising edge-triggered flip-flop clocked by clk)
Endpoint: _12_ (rising edge-triggered flip-flop clocked by clk)
Path Group: clk
Path Type: min

Fanout         Cap        Slew       Delay        Time   Description
---------------------------------------------------------------------------------------------
                                  0.000000    0.000000   clock clk (rise edge)
                                  0.000000    0.000000   clock source latency
     1    0.026218    0.193373    0.133231    0.133231 ^ clk (in)
                                                         clk (net)
                      0.193380    0.000000    0.133231 ^ clkbuf_0_clk/A (sky130_fd_sc_hd__clkbuf_16)
     2    0.018905    0.066070    0.276442    0.409673 ^ clkbuf_0_clk/X (sky130_fd_sc_hd__clkbuf_16)
                                                         clknet_0_clk (net)
                      0.066070    0.001004    0.410677 ^ clkbuf_1_0__f_clk/A (sky130_fd_sc_hd__clkbuf_16)
     2    0.005836    0.048956    0.197894    0.608571 ^ clkbuf_1_0__f_clk/X (sky130_fd_sc_hd__clkbuf_16)
                                                         clknet_1_0__leaf_clk (net)
                      0.048957    0.000304    0.608875 ^ _12_/CLK (sky130_fd_sc_hd__dfrtp_1)
     5    0.017378    0.256569    0.779954    1.388829 ^ _12_/Q (sky130_fd_sc_hd__dfrtp_1)
                                                         net2 (net)
                      0.256569    0.000797    1.389627 ^ hold4/A (sky130_fd_sc_hd__dlygate4sd3_1)
     1    0.006189    0.137278    1.158157    2.547783 ^ hold4/X (sky130_fd_sc_hd__dlygate4sd3_1)
                                                         net9 (net)
                      0.137278    0.000459    2.548242 ^ _06_/A (sky130_fd_sc_hd__inv_2)
     1    0.003958    0.037932    0.080070    2.628312 v _06_/Y (sky130_fd_sc_hd__inv_2)
                                                         _00_ (net)
                      0.037934    0.000293    2.628605 v _12_/D (sky130_fd_sc_hd__dfrtp_1)
                                              2.628605   data arrival time

                                  0.000000    0.000000   clock clk (rise edge)
                                  0.000000    0.000000   clock source latency
     1    0.026218    0.193373    0.133231    0.133231 ^ clk (in)
                                                         clk (net)
                      0.193380    0.000000    0.133231 ^ clkbuf_0_clk/A (sky130_fd_sc_hd__clkbuf_16)
     2    0.018905    0.066070    0.276442    0.409673 ^ clkbuf_0_clk/X (sky130_fd_sc_hd__clkbuf_16)
                                                         clknet_0_clk (net)
                      0.066070    0.001004    0.410677 ^ clkbuf_1_0__f_clk/A (sky130_fd_sc_hd__clkbuf_16)
     2    0.005836    0.048956    0.197894    0.608571 ^ clkbuf_1_0__f_clk/X (sky130_fd_sc_hd__clkbuf_16)
                                                         clknet_1_0__leaf_clk (net)
                      0.048957    0.000304    0.608875 ^ _12_/CLK (sky130_fd_sc_hd__dfrtp_1)
                                  0.250000    0.858875   clock uncertainty
                                  0.000000    0.858875   clock reconvergence pessimism
                                 -0.090447    0.768428   library hold time
                                              0.768428   data required time
---------------------------------------------------------------------------------------------
                                              0.768428   data required time
                                             -2.628605   data arrival time
---------------------------------------------------------------------------------------------
                                              1.860177   slack (MET)


Startpoint: _12_ (rising edge-triggered flip-flop clocked by clk)
Endpoint: _13_ (rising edge-triggered flip-flop clocked by clk)
Path Group: clk
Path Type: min

Fanout         Cap        Slew       Delay        Time   Description
---------------------------------------------------------------------------------------------
                                  0.000000    0.000000   clock clk (rise edge)
                                  0.000000    0.000000   clock source latency
     1    0.026218    0.193373    0.133231    0.133231 ^ clk (in)
                                                         clk (net)
                      0.193380    0.000000    0.133231 ^ clkbuf_0_clk/A (sky130_fd_sc_hd__clkbuf_16)
     2    0.018905    0.066070    0.276442    0.409673 ^ clkbuf_0_clk/X (sky130_fd_sc_hd__clkbuf_16)
                                                         clknet_0_clk (net)
                      0.066070    0.001004    0.410677 ^ clkbuf_1_0__f_clk/A (sky130_fd_sc_hd__clkbuf_16)
     2    0.005836    0.048956    0.197894    0.608571 ^ clkbuf_1_0__f_clk/X (sky130_fd_sc_hd__clkbuf_16)
                                                         clknet_1_0__leaf_clk (net)
                      0.048957    0.000304    0.608875 ^ _12_/CLK (sky130_fd_sc_hd__dfrtp_1)
     5    0.017378    0.256569    0.779954    1.388829 ^ _12_/Q (sky130_fd_sc_hd__dfrtp_1)
                                                         net2 (net)
                      0.256570    0.001155    1.389984 ^ _11_/B (sky130_fd_sc_hd__xor2_1)
     1    0.002089    0.062283    0.183713    1.573698 v _11_/X (sky130_fd_sc_hd__xor2_1)
                                                         _01_ (net)
                      0.062283    0.000099    1.573797 v hold3/A (sky130_fd_sc_hd__dlygate4sd3_1)
     1    0.002827    0.105780    1.120470    2.694266 v hold3/X (sky130_fd_sc_hd__dlygate4sd3_1)
                                                         net8 (net)
                      0.105780    0.000208    2.694474 v _13_/D (sky130_fd_sc_hd__dfrtp_1)
                                              2.694474   data arrival time

                                  0.000000    0.000000   clock clk (rise edge)
                                  0.000000    0.000000   clock source latency
     1    0.026218    0.193373    0.133231    0.133231 ^ clk (in)
                                                         clk (net)
                      0.193380    0.000000    0.133231 ^ clkbuf_0_clk/A (sky130_fd_sc_hd__clkbuf_16)
     2    0.018905    0.066070    0.276442    0.409673 ^ clkbuf_0_clk/X (sky130_fd_sc_hd__clkbuf_16)
                                                         clknet_0_clk (net)
                      0.066070    0.000985    0.410658 ^ clkbuf_1_1__f_clk/A (sky130_fd_sc_hd__clkbuf_16)
     2    0.006786    0.050245    0.199658    0.610316 ^ clkbuf_1_1__f_clk/X (sky130_fd_sc_hd__clkbuf_16)
                                                         clknet_1_1__leaf_clk (net)
                      0.050246    0.000461    0.610777 ^ _13_/CLK (sky130_fd_sc_hd__dfrtp_1)
                                  0.250000    0.860777   clock uncertainty
                                  0.000000    0.860777   clock reconvergence pessimism
                                 -0.115319    0.745458   library hold time
                                              0.745458   data required time
---------------------------------------------------------------------------------------------
                                              0.745458   data required time
                                             -2.694474   data arrival time
---------------------------------------------------------------------------------------------
                                              1.949017   slack (MET)


Startpoint: _15_ (rising edge-triggered flip-flop clocked by clk)
Endpoint: count[3] (output port clocked by clk)
Path Group: clk
Path Type: min

Fanout         Cap        Slew       Delay        Time   Description
---------------------------------------------------------------------------------------------
                                  0.000000    0.000000   clock clk (rise edge)
                                  0.000000    0.000000   clock source latency
     1    0.026218    0.193373    0.133231    0.133231 ^ clk (in)
                                                         clk (net)
                      0.193380    0.000000    0.133231 ^ clkbuf_0_clk/A (sky130_fd_sc_hd__clkbuf_16)
     2    0.018905    0.066070    0.276442    0.409673 ^ clkbuf_0_clk/X (sky130_fd_sc_hd__clkbuf_16)
                                                         clknet_0_clk (net)
                      0.066070    0.000985    0.410658 ^ clkbuf_1_1__f_clk/A (sky130_fd_sc_hd__clkbuf_16)
     2    0.006786    0.050245    0.199658    0.610316 ^ clkbuf_1_1__f_clk/X (sky130_fd_sc_hd__clkbuf_16)
                                                         clknet_1_1__leaf_clk (net)
                      0.050246    0.000573    0.610889 ^ _15_/CLK (sky130_fd_sc_hd__dfrtp_1)
     2    0.006193    0.118852    0.666796    1.277684 ^ _15_/Q (sky130_fd_sc_hd__dfrtp_1)
                                                         net5 (net)
                      0.118852    0.000399    1.278083 ^ output5/A (sky130_fd_sc_hd__buf_2)
     1    0.034165    0.271667    0.365077    1.643160 ^ output5/X (sky130_fd_sc_hd__buf_2)
                                                         count[3] (net)
                      0.271673    0.001647    1.644807 ^ count[3] (out)
                                              1.644807   data arrival time

                                  0.000000    0.000000   clock clk (rise edge)
                                  0.000000    0.000000   clock network delay (propagated)
                                  0.250000    0.250000   clock uncertainty
                                  0.000000    0.250000   clock reconvergence pessimism
                                 -3.000000   -2.750000   output external delay
                                             -2.750000   data required time
---------------------------------------------------------------------------------------------
                                             -2.750000   data required time
                                             -1.644807   data arrival time
---------------------------------------------------------------------------------------------
                                              4.394807   slack (MET)


Startpoint: _14_ (rising edge-triggered flip-flop clocked by clk)
Endpoint: count[2] (output port clocked by clk)
Path Group: clk
Path Type: min

Fanout         Cap        Slew       Delay        Time   Description
---------------------------------------------------------------------------------------------
                                  0.000000    0.000000   clock clk (rise edge)
                                  0.000000    0.000000   clock source latency
     1    0.026218    0.193373    0.133231    0.133231 ^ clk (in)
                                                         clk (net)
                      0.193380    0.000000    0.133231 ^ clkbuf_0_clk/A (sky130_fd_sc_hd__clkbuf_16)
     2    0.018905    0.066070    0.276442    0.409673 ^ clkbuf_0_clk/X (sky130_fd_sc_hd__clkbuf_16)
                                                         clknet_0_clk (net)
                      0.066070    0.001004    0.410677 ^ clkbuf_1_0__f_clk/A (sky130_fd_sc_hd__clkbuf_16)
     2    0.005836    0.048956    0.197894    0.608571 ^ clkbuf_1_0__f_clk/X (sky130_fd_sc_hd__clkbuf_16)
                                                         clknet_1_0__leaf_clk (net)
                      0.048957    0.000350    0.608921 ^ _14_/CLK (sky130_fd_sc_hd__dfrtp_1)
     3    0.008632    0.148767    0.691927    1.300847 ^ _14_/Q (sky130_fd_sc_hd__dfrtp_1)
                                                         net4 (net)
                      0.148767    0.000471    1.301318 ^ output4/A (sky130_fd_sc_hd__buf_2)
     1    0.034261    0.272439    0.379586    1.680905 ^ output4/X (sky130_fd_sc_hd__buf_2)
                                                         count[2] (net)
                      0.272445    0.001693    1.682598 ^ count[2] (out)
                                              1.682598   data arrival time

                                  0.000000    0.000000   clock clk (rise edge)
                                  0.000000    0.000000   clock network delay (propagated)
                                  0.250000    0.250000   clock uncertainty
                                  0.000000    0.250000   clock reconvergence pessimism
                                 -3.000000   -2.750000   output external delay
                                             -2.750000   data required time
---------------------------------------------------------------------------------------------
                                             -2.750000   data required time
                                             -1.682598   data arrival time
---------------------------------------------------------------------------------------------
                                              4.432598   slack (MET)


Startpoint: _13_ (rising edge-triggered flip-flop clocked by clk)
Endpoint: count[1] (output port clocked by clk)
Path Group: clk
Path Type: min

Fanout         Cap        Slew       Delay        Time   Description
---------------------------------------------------------------------------------------------
                                  0.000000    0.000000   clock clk (rise edge)
                                  0.000000    0.000000   clock source latency
     1    0.026218    0.193373    0.133231    0.133231 ^ clk (in)
                                                         clk (net)
                      0.193380    0.000000    0.133231 ^ clkbuf_0_clk/A (sky130_fd_sc_hd__clkbuf_16)
     2    0.018905    0.066070    0.276442    0.409673 ^ clkbuf_0_clk/X (sky130_fd_sc_hd__clkbuf_16)
                                                         clknet_0_clk (net)
                      0.066070    0.000985    0.410658 ^ clkbuf_1_1__f_clk/A (sky130_fd_sc_hd__clkbuf_16)
     2    0.006786    0.050245    0.199658    0.610316 ^ clkbuf_1_1__f_clk/X (sky130_fd_sc_hd__clkbuf_16)
                                                         clknet_1_1__leaf_clk (net)
                      0.050246    0.000461    0.610777 ^ _13_/CLK (sky130_fd_sc_hd__dfrtp_1)
     4    0.010656    0.174082    0.713813    1.324590 ^ _13_/Q (sky130_fd_sc_hd__dfrtp_1)
                                                         net3 (net)
                      0.174082    0.000549    1.325139 ^ output3/A (sky130_fd_sc_hd__buf_2)
     1    0.034978    0.277817    0.395269    1.720407 ^ output3/X (sky130_fd_sc_hd__buf_2)
                                                         count[1] (net)
                      0.277823    0.001703    1.722110 ^ count[1] (out)
                                              1.722110   data arrival time

                                  0.000000    0.000000   clock clk (rise edge)
                                  0.000000    0.000000   clock network delay (propagated)
                                  0.250000    0.250000   clock uncertainty
                                  0.000000    0.250000   clock reconvergence pessimism
                                 -3.000000   -2.750000   output external delay
                                             -2.750000   data required time
---------------------------------------------------------------------------------------------
                                             -2.750000   data required time
                                             -1.722110   data arrival time
---------------------------------------------------------------------------------------------
                                              4.472110   slack (MET)


Startpoint: _12_ (rising edge-triggered flip-flop clocked by clk)
Endpoint: count[0] (output port clocked by clk)
Path Group: clk
Path Type: min

Fanout         Cap        Slew       Delay        Time   Description
---------------------------------------------------------------------------------------------
                                  0.000000    0.000000   clock clk (rise edge)
                                  0.000000    0.000000   clock source latency
     1    0.026218    0.193373    0.133231    0.133231 ^ clk (in)
                                                         clk (net)
                      0.193380    0.000000    0.133231 ^ clkbuf_0_clk/A (sky130_fd_sc_hd__clkbuf_16)
     2    0.018905    0.066070    0.276442    0.409673 ^ clkbuf_0_clk/X (sky130_fd_sc_hd__clkbuf_16)
                                                         clknet_0_clk (net)
                      0.066070    0.001004    0.410677 ^ clkbuf_1_0__f_clk/A (sky130_fd_sc_hd__clkbuf_16)
     2    0.005836    0.048956    0.197894    0.608571 ^ clkbuf_1_0__f_clk/X (sky130_fd_sc_hd__clkbuf_16)
                                                         clknet_1_0__leaf_clk (net)
                      0.048957    0.000304    0.608875 ^ _12_/CLK (sky130_fd_sc_hd__dfrtp_1)
     5    0.017378    0.256569    0.779954    1.388829 ^ _12_/Q (sky130_fd_sc_hd__dfrtp_1)
                                                         net2 (net)
                      0.256570    0.001163    1.389992 ^ output2/A (sky130_fd_sc_hd__buf_2)
     1    0.034048    0.271145    0.426407    1.816399 ^ output2/X (sky130_fd_sc_hd__buf_2)
                                                         count[0] (net)
                      0.271150    0.001617    1.818016 ^ count[0] (out)
                                              1.818016   data arrival time

                                  0.000000    0.000000   clock clk (rise edge)
                                  0.000000    0.000000   clock network delay (propagated)
                                  0.250000    0.250000   clock uncertainty
                                  0.000000    0.250000   clock reconvergence pessimism
                                 -3.000000   -2.750000   output external delay
                                             -2.750000   data required time
---------------------------------------------------------------------------------------------
                                             -2.750000   data required time
                                             -1.818016   data arrival time
---------------------------------------------------------------------------------------------
                                              4.568017   slack (MET)



%OL_END_REPORT
%OL_CREATE_REPORT max.rpt

===========================================================================
report_checks -path_delay max (Setup)
============================================================================
======================= max_ss_100C_1v60 Corner ===================================

Startpoint: _12_ (rising edge-triggered flip-flop clocked by clk)
Endpoint: count[0] (output port clocked by clk)
Path Group: clk
Path Type: max

Fanout         Cap        Slew       Delay        Time   Description
---------------------------------------------------------------------------------------------
                                  0.000000    0.000000   clock clk (rise edge)
                                  0.000000    0.000000   clock source latency
     1    0.026218    0.193373    0.133231    0.133231 ^ clk (in)
                                                         clk (net)
                      0.193380    0.000000    0.133231 ^ clkbuf_0_clk/A (sky130_fd_sc_hd__clkbuf_16)
     2    0.018905    0.066070    0.276442    0.409673 ^ clkbuf_0_clk/X (sky130_fd_sc_hd__clkbuf_16)
                                                         clknet_0_clk (net)
                      0.066070    0.001004    0.410677 ^ clkbuf_1_0__f_clk/A (sky130_fd_sc_hd__clkbuf_16)
     2    0.005836    0.048956    0.197894    0.608571 ^ clkbuf_1_0__f_clk/X (sky130_fd_sc_hd__clkbuf_16)
                                                         clknet_1_0__leaf_clk (net)
                      0.048957    0.000304    0.608875 ^ _12_/CLK (sky130_fd_sc_hd__dfrtp_1)
     5    0.016625    0.190352    0.847500    1.456375 v _12_/Q (sky130_fd_sc_hd__dfrtp_1)
                                                         net2 (net)
                      0.190355    0.001111    1.457486 v output2/A (sky130_fd_sc_hd__buf_2)
     1    0.034048    0.165411    0.401021    1.858507 v output2/X (sky130_fd_sc_hd__buf_2)
                                                         count[0] (net)
                      0.165425    0.001617    1.860123 v count[0] (out)
                                              1.860123   data arrival time

                                 15.000000   15.000000   clock clk (rise edge)
                                  0.000000   15.000000   clock network delay (propagated)
                                 -0.250000   14.750000   clock uncertainty
                                  0.000000   14.750000   clock reconvergence pessimism
                                 -3.000000   11.750000   output external delay
                                             11.750000   data required time
---------------------------------------------------------------------------------------------
                                             11.750000   data required time
                                             -1.860123   data arrival time
---------------------------------------------------------------------------------------------
                                              9.889876   slack (MET)


Startpoint: _13_ (rising edge-triggered flip-flop clocked by clk)
Endpoint: count[1] (output port clocked by clk)
Path Group: clk
Path Type: max

Fanout         Cap        Slew       Delay        Time   Description
---------------------------------------------------------------------------------------------
                                  0.000000    0.000000   clock clk (rise edge)
                                  0.000000    0.000000   clock source latency
     1    0.026218    0.193373    0.133231    0.133231 ^ clk (in)
                                                         clk (net)
                      0.193380    0.000000    0.133231 ^ clkbuf_0_clk/A (sky130_fd_sc_hd__clkbuf_16)
     2    0.018905    0.066070    0.276442    0.409673 ^ clkbuf_0_clk/X (sky130_fd_sc_hd__clkbuf_16)
                                                         clknet_0_clk (net)
                      0.066070    0.000985    0.410658 ^ clkbuf_1_1__f_clk/A (sky130_fd_sc_hd__clkbuf_16)
     2    0.006786    0.050245    0.199658    0.610316 ^ clkbuf_1_1__f_clk/X (sky130_fd_sc_hd__clkbuf_16)
                                                         clknet_1_1__leaf_clk (net)
                      0.050246    0.000461    0.610777 ^ _13_/CLK (sky130_fd_sc_hd__dfrtp_1)
     4    0.010262    0.140971    0.796042    1.406819 v _13_/Q (sky130_fd_sc_hd__dfrtp_1)
                                                         net3 (net)
                      0.140971    0.000526    1.407345 v output3/A (sky130_fd_sc_hd__buf_2)
     1    0.034978    0.169050    0.380127    1.787473 v output3/X (sky130_fd_sc_hd__buf_2)
                                                         count[1] (net)
                      0.169066    0.001702    1.789174 v count[1] (out)
                                              1.789174   data arrival time

                                 15.000000   15.000000   clock clk (rise edge)
                                  0.000000   15.000000   clock network delay (propagated)
                                 -0.250000   14.750000   clock uncertainty
                                  0.000000   14.750000   clock reconvergence pessimism
                                 -3.000000   11.750000   output external delay
                                             11.750000   data required time
---------------------------------------------------------------------------------------------
                                             11.750000   data required time
                                             -1.789174   data arrival time
---------------------------------------------------------------------------------------------
                                              9.960826   slack (MET)


Startpoint: _14_ (rising edge-triggered flip-flop clocked by clk)
Endpoint: count[2] (output port clocked by clk)
Path Group: clk
Path Type: max

Fanout         Cap        Slew       Delay        Time   Description
---------------------------------------------------------------------------------------------
                                  0.000000    0.000000   clock clk (rise edge)
                                  0.000000    0.000000   clock source latency
     1    0.026218    0.193373    0.133231    0.133231 ^ clk (in)
                                                         clk (net)
                      0.193380    0.000000    0.133231 ^ clkbuf_0_clk/A (sky130_fd_sc_hd__clkbuf_16)
     2    0.018905    0.066070    0.276442    0.409673 ^ clkbuf_0_clk/X (sky130_fd_sc_hd__clkbuf_16)
                                                         clknet_0_clk (net)
                      0.066070    0.001004    0.410677 ^ clkbuf_1_0__f_clk/A (sky130_fd_sc_hd__clkbuf_16)
     2    0.005836    0.048956    0.197894    0.608571 ^ clkbuf_1_0__f_clk/X (sky130_fd_sc_hd__clkbuf_16)
                                                         clknet_1_0__leaf_clk (net)
                      0.048957    0.000350    0.608921 ^ _14_/CLK (sky130_fd_sc_hd__dfrtp_1)
     3    0.008284    0.122895    0.777345    1.386266 v _14_/Q (sky130_fd_sc_hd__dfrtp_1)
                                                         net4 (net)
                      0.122895    0.000452    1.386718 v output4/A (sky130_fd_sc_hd__buf_2)
     1    0.034261    0.166181    0.369121    1.755839 v output4/X (sky130_fd_sc_hd__buf_2)
                                                         count[2] (net)
                      0.166196    0.001692    1.757531 v count[2] (out)
                                              1.757531   data arrival time

                                 15.000000   15.000000   clock clk (rise edge)
                                  0.000000   15.000000   clock network delay (propagated)
                                 -0.250000   14.750000   clock uncertainty
                                  0.000000   14.750000   clock reconvergence pessimism
                                 -3.000000   11.750000   output external delay
                                             11.750000   data required time
---------------------------------------------------------------------------------------------
                                             11.750000   data required time
                                             -1.757531   data arrival time
---------------------------------------------------------------------------------------------
                                              9.992470   slack (MET)


Startpoint: _15_ (rising edge-triggered flip-flop clocked by clk)
Endpoint: count[3] (output port clocked by clk)
Path Group: clk
Path Type: max

Fanout         Cap        Slew       Delay        Time   Description
---------------------------------------------------------------------------------------------
                                  0.000000    0.000000   clock clk (rise edge)
                                  0.000000    0.000000   clock source latency
     1    0.026218    0.193373    0.133231    0.133231 ^ clk (in)
                                                         clk (net)
                      0.193380    0.000000    0.133231 ^ clkbuf_0_clk/A (sky130_fd_sc_hd__clkbuf_16)
     2    0.018905    0.066070    0.276442    0.409673 ^ clkbuf_0_clk/X (sky130_fd_sc_hd__clkbuf_16)
                                                         clknet_0_clk (net)
                      0.066070    0.000985    0.410658 ^ clkbuf_1_1__f_clk/A (sky130_fd_sc_hd__clkbuf_16)
     2    0.006786    0.050245    0.199658    0.610316 ^ clkbuf_1_1__f_clk/X (sky130_fd_sc_hd__clkbuf_16)
                                                         clknet_1_1__leaf_clk (net)
                      0.050246    0.000573    0.610889 ^ _15_/CLK (sky130_fd_sc_hd__dfrtp_1)
     2    0.005947    0.102986    0.756492    1.367381 v _15_/Q (sky130_fd_sc_hd__dfrtp_1)
                                                         net5 (net)
                      0.102986    0.000383    1.367764 v output5/A (sky130_fd_sc_hd__buf_2)
     1    0.034165    0.165766    0.359244    1.727007 v output5/X (sky130_fd_sc_hd__buf_2)
                                                         count[3] (net)
                      0.165780    0.001646    1.728654 v count[3] (out)
                                              1.728654   data arrival time

                                 15.000000   15.000000   clock clk (rise edge)
                                  0.000000   15.000000   clock network delay (propagated)
                                 -0.250000   14.750000   clock uncertainty
                                  0.000000   14.750000   clock reconvergence pessimism
                                 -3.000000   11.750000   output external delay
                                             11.750000   data required time
---------------------------------------------------------------------------------------------
                                             11.750000   data required time
                                             -1.728654   data arrival time
---------------------------------------------------------------------------------------------
                                             10.021347   slack (MET)


Startpoint: _13_ (rising edge-triggered flip-flop clocked by clk)
Endpoint: _13_ (rising edge-triggered flip-flop clocked by clk)
Path Group: clk
Path Type: max

Fanout         Cap        Slew       Delay        Time   Description
---------------------------------------------------------------------------------------------
                                  0.000000    0.000000   clock clk (rise edge)
                                  0.000000    0.000000   clock source latency
     1    0.026218    0.193373    0.133231    0.133231 ^ clk (in)
                                                         clk (net)
                      0.193380    0.000000    0.133231 ^ clkbuf_0_clk/A (sky130_fd_sc_hd__clkbuf_16)
     2    0.018905    0.066070    0.276442    0.409673 ^ clkbuf_0_clk/X (sky130_fd_sc_hd__clkbuf_16)
                                                         clknet_0_clk (net)
                      0.066070    0.000985    0.410658 ^ clkbuf_1_1__f_clk/A (sky130_fd_sc_hd__clkbuf_16)
     2    0.006786    0.050245    0.199658    0.610316 ^ clkbuf_1_1__f_clk/X (sky130_fd_sc_hd__clkbuf_16)
                                                         clknet_1_1__leaf_clk (net)
                      0.050246    0.000461    0.610777 ^ _13_/CLK (sky130_fd_sc_hd__dfrtp_1)
     4    0.010262    0.140971    0.796042    1.406819 v _13_/Q (sky130_fd_sc_hd__dfrtp_1)
                                                         net3 (net)
                      0.140971    0.000485    1.407304 v hold2/A (sky130_fd_sc_hd__dlygate4sd3_1)
     1    0.005520    0.134243    1.197144    2.604448 v hold2/X (sky130_fd_sc_hd__dlygate4sd3_1)
                                                         net7 (net)
                      0.134243    0.000408    2.604856 v _11_/A (sky130_fd_sc_hd__xor2_1)
     1    0.002089    0.099829    0.311049    2.915906 v _11_/X (sky130_fd_sc_hd__xor2_1)
                                                         _01_ (net)
                      0.099829    0.000099    2.916005 v hold3/A (sky130_fd_sc_hd__dlygate4sd3_1)
     1    0.002827    0.105787    1.137766    4.053771 v hold3/X (sky130_fd_sc_hd__dlygate4sd3_1)
                                                         net8 (net)
                      0.105787    0.000208    4.053978 v _13_/D (sky130_fd_sc_hd__dfrtp_1)
                                              4.053978   data arrival time

                                 15.000000   15.000000   clock clk (rise edge)
                                  0.000000   15.000000   clock source latency
     1    0.026218    0.193373    0.133232   15.133232 ^ clk (in)
                                                         clk (net)
                      0.193380    0.000000   15.133232 ^ clkbuf_0_clk/A (sky130_fd_sc_hd__clkbuf_16)
     2    0.018905    0.066070    0.276440   15.409672 ^ clkbuf_0_clk/X (sky130_fd_sc_hd__clkbuf_16)
                                                         clknet_0_clk (net)
                      0.066070    0.000986   15.410658 ^ clkbuf_1_1__f_clk/A (sky130_fd_sc_hd__clkbuf_16)
     2    0.006786    0.050245    0.199657   15.610315 ^ clkbuf_1_1__f_clk/X (sky130_fd_sc_hd__clkbuf_16)
                                                         clknet_1_1__leaf_clk (net)
                      0.050246    0.000462   15.610777 ^ _13_/CLK (sky130_fd_sc_hd__dfrtp_1)
                                 -0.250000   15.360778   clock uncertainty
                                  0.000000   15.360778   clock reconvergence pessimism
                                 -0.296759   15.064018   library setup time
                                             15.064018   data required time
---------------------------------------------------------------------------------------------
                                             15.064018   data required time
                                             -4.053978   data arrival time
---------------------------------------------------------------------------------------------
                                             11.010039   slack (MET)


Startpoint: _14_ (rising edge-triggered flip-flop clocked by clk)
Endpoint: _14_ (rising edge-triggered flip-flop clocked by clk)
Path Group: clk
Path Type: max

Fanout         Cap        Slew       Delay        Time   Description
---------------------------------------------------------------------------------------------
                                  0.000000    0.000000   clock clk (rise edge)
                                  0.000000    0.000000   clock source latency
     1    0.026218    0.193373    0.133231    0.133231 ^ clk (in)
                                                         clk (net)
                      0.193380    0.000000    0.133231 ^ clkbuf_0_clk/A (sky130_fd_sc_hd__clkbuf_16)
     2    0.018905    0.066070    0.276442    0.409673 ^ clkbuf_0_clk/X (sky130_fd_sc_hd__clkbuf_16)
                                                         clknet_0_clk (net)
                      0.066070    0.001004    0.410677 ^ clkbuf_1_0__f_clk/A (sky130_fd_sc_hd__clkbuf_16)
     2    0.005836    0.048956    0.197894    0.608571 ^ clkbuf_1_0__f_clk/X (sky130_fd_sc_hd__clkbuf_16)
                                                         clknet_1_0__leaf_clk (net)
                      0.048957    0.000350    0.608921 ^ _14_/CLK (sky130_fd_sc_hd__dfrtp_1)
     3    0.008284    0.122895    0.777345    1.386266 v _14_/Q (sky130_fd_sc_hd__dfrtp_1)
                                                         net4 (net)
                      0.122895    0.000249    1.386515 v hold5/A (sky130_fd_sc_hd__dlygate4sd3_1)
     1    0.002532    0.103572    1.144021    2.530536 v hold5/X (sky130_fd_sc_hd__dlygate4sd3_1)
                                                         net10 (net)
                      0.103572    0.000182    2.530717 v _07_/B1 (sky130_fd_sc_hd__a21oi_1)
     1    0.002531    0.159531    0.189459    2.720177 ^ _07_/Y (sky130_fd_sc_hd__a21oi_1)
                                                         _04_ (net)
                      0.159531    0.000161    2.720338 ^ hold6/A (sky130_fd_sc_hd__dlygate4sd3_1)
     1    0.003764    0.103928    1.091258    3.811596 ^ hold6/X (sky130_fd_sc_hd__dlygate4sd3_1)
                                                         net11 (net)
                      0.103928    0.000161    3.811757 ^ _09_/A (sky130_fd_sc_hd__nor2_1)
     1    0.002520    0.055635    0.090840    3.902597 v _09_/Y (sky130_fd_sc_hd__nor2_1)
                                                         _02_ (net)
                      0.055638    0.000166    3.902764 v _14_/D (sky130_fd_sc_hd__dfrtp_1)
                                              3.902764   data arrival time

                                 15.000000   15.000000   clock clk (rise edge)
                                  0.000000   15.000000   clock source latency
     1    0.026218    0.193373    0.133232   15.133232 ^ clk (in)
                                                         clk (net)
                      0.193380    0.000000   15.133232 ^ clkbuf_0_clk/A (sky130_fd_sc_hd__clkbuf_16)
     2    0.018905    0.066070    0.276440   15.409672 ^ clkbuf_0_clk/X (sky130_fd_sc_hd__clkbuf_16)
                                                         clknet_0_clk (net)
                      0.066070    0.001005   15.410678 ^ clkbuf_1_0__f_clk/A (sky130_fd_sc_hd__clkbuf_16)
     2    0.005836    0.048956    0.197893   15.608571 ^ clkbuf_1_0__f_clk/X (sky130_fd_sc_hd__clkbuf_16)
                                                         clknet_1_0__leaf_clk (net)
                      0.048957    0.000350   15.608921 ^ _14_/CLK (sky130_fd_sc_hd__dfrtp_1)
                                 -0.250000   15.358922   clock uncertainty
                                  0.000000   15.358922   clock reconvergence pessimism
                                 -0.276180   15.082743   library setup time
                                             15.082743   data required time
---------------------------------------------------------------------------------------------
                                             15.082743   data required time
                                             -3.902764   data arrival time
---------------------------------------------------------------------------------------------
                                             11.179979   slack (MET)


Startpoint: _15_ (rising edge-triggered flip-flop clocked by clk)
Endpoint: _15_ (rising edge-triggered flip-flop clocked by clk)
Path Group: clk
Path Type: max

Fanout         Cap        Slew       Delay        Time   Description
---------------------------------------------------------------------------------------------
                                  0.000000    0.000000   clock clk (rise edge)
                                  0.000000    0.000000   clock source latency
     1    0.026218    0.193373    0.133231    0.133231 ^ clk (in)
                                                         clk (net)
                      0.193380    0.000000    0.133231 ^ clkbuf_0_clk/A (sky130_fd_sc_hd__clkbuf_16)
     2    0.018905    0.066070    0.276442    0.409673 ^ clkbuf_0_clk/X (sky130_fd_sc_hd__clkbuf_16)
                                                         clknet_0_clk (net)
                      0.066070    0.000985    0.410658 ^ clkbuf_1_1__f_clk/A (sky130_fd_sc_hd__clkbuf_16)
     2    0.006786    0.050245    0.199658    0.610316 ^ clkbuf_1_1__f_clk/X (sky130_fd_sc_hd__clkbuf_16)
                                                         clknet_1_1__leaf_clk (net)
                      0.050246    0.000573    0.610889 ^ _15_/CLK (sky130_fd_sc_hd__dfrtp_1)
     2    0.005947    0.102986    0.756492    1.367381 v _15_/Q (sky130_fd_sc_hd__dfrtp_1)
                                                         net5 (net)
                      0.102986    0.000319    1.367700 v hold1/A (sky130_fd_sc_hd__dlygate4sd3_1)
     1    0.006303    0.140320    1.187548    2.555247 v hold1/X (sky130_fd_sc_hd__dlygate4sd3_1)
                                                         net6 (net)
                      0.140320    0.000469    2.555717 v _10_/A (sky130_fd_sc_hd__xor2_1)
     1    0.002200    0.092914    0.314746    2.870462 v _10_/X (sky130_fd_sc_hd__xor2_1)
                                                         _03_ (net)
                      0.092914    0.000100    2.870563 v _15_/D (sky130_fd_sc_hd__dfrtp_1)
                                              2.870563   data arrival time

                                 15.000000   15.000000   clock clk (rise edge)
                                  0.000000   15.000000   clock source latency
     1    0.026218    0.193373    0.133232   15.133232 ^ clk (in)
                                                         clk (net)
                      0.193380    0.000000   15.133232 ^ clkbuf_0_clk/A (sky130_fd_sc_hd__clkbuf_16)
     2    0.018905    0.066070    0.276440   15.409672 ^ clkbuf_0_clk/X (sky130_fd_sc_hd__clkbuf_16)
                                                         clknet_0_clk (net)
                      0.066070    0.000986   15.410658 ^ clkbuf_1_1__f_clk/A (sky130_fd_sc_hd__clkbuf_16)
     2    0.006786    0.050245    0.199657   15.610315 ^ clkbuf_1_1__f_clk/X (sky130_fd_sc_hd__clkbuf_16)
                                                         clknet_1_1__leaf_clk (net)
                      0.050246    0.000574   15.610889 ^ _15_/CLK (sky130_fd_sc_hd__dfrtp_1)
                                 -0.250000   15.360889   clock uncertainty
                                  0.000000   15.360889   clock reconvergence pessimism
                                 -0.291389   15.069502   library setup time
                                             15.069502   data required time
---------------------------------------------------------------------------------------------
                                             15.069502   data required time
                                             -2.870563   data arrival time
---------------------------------------------------------------------------------------------
                                             12.198939   slack (MET)


Startpoint: rst_n (input port clocked by clk)
Endpoint: _14_ (recovery check against rising-edge clock clk)
Path Group: asynchronous
Path Type: max

Fanout         Cap        Slew       Delay        Time   Description
---------------------------------------------------------------------------------------------
                                  0.000000    0.000000   clock clk (rise edge)
                                  0.000000    0.000000   clock network delay (propagated)
                                  3.000000    3.000000 ^ input external delay
     1    0.004067    0.040776    0.022528    3.022528 ^ rst_n (in)
                                                         rst_n (net)
                      0.040790    0.000000    3.022528 ^ input1/A (sky130_fd_sc_hd__buf_1)
     4    0.015827    0.307123    0.306182    3.328710 ^ input1/X (sky130_fd_sc_hd__buf_1)
                                                         net1 (net)
                      0.307126    0.000744    3.329454 ^ _14_/RESET_B (sky130_fd_sc_hd__dfrtp_1)
                                              3.329454   data arrival time

                                 15.000000   15.000000   clock clk (rise edge)
                                  0.000000   15.000000   clock source latency
     1    0.026218    0.193373    0.133232   15.133232 ^ clk (in)
                                                         clk (net)
                      0.193380    0.000000   15.133232 ^ clkbuf_0_clk/A (sky130_fd_sc_hd__clkbuf_16)
     2    0.018905    0.066070    0.276440   15.409672 ^ clkbuf_0_clk/X (sky130_fd_sc_hd__clkbuf_16)
                                                         clknet_0_clk (net)
                      0.066070    0.001005   15.410678 ^ clkbuf_1_0__f_clk/A (sky130_fd_sc_hd__clkbuf_16)
     2    0.005836    0.048956    0.197893   15.608571 ^ clkbuf_1_0__f_clk/X (sky130_fd_sc_hd__clkbuf_16)
                                                         clknet_1_0__leaf_clk (net)
                      0.048957    0.000350   15.608921 ^ _14_/CLK (sky130_fd_sc_hd__dfrtp_1)
                                 -0.250000   15.358922   clock uncertainty
                                  0.000000   15.358922   clock reconvergence pessimism
                                  0.367611   15.726532   library recovery time
                                             15.726532   data required time
---------------------------------------------------------------------------------------------
                                             15.726532   data required time
                                             -3.329454   data arrival time
---------------------------------------------------------------------------------------------
                                             12.397078   slack (MET)


Startpoint: rst_n (input port clocked by clk)
Endpoint: _12_ (recovery check against rising-edge clock clk)
Path Group: asynchronous
Path Type: max

Fanout         Cap        Slew       Delay        Time   Description
---------------------------------------------------------------------------------------------
                                  0.000000    0.000000   clock clk (rise edge)
                                  0.000000    0.000000   clock network delay (propagated)
                                  3.000000    3.000000 ^ input external delay
     1    0.004067    0.040776    0.022528    3.022528 ^ rst_n (in)
                                                         rst_n (net)
                      0.040790    0.000000    3.022528 ^ input1/A (sky130_fd_sc_hd__buf_1)
     4    0.015827    0.307123    0.306182    3.328710 ^ input1/X (sky130_fd_sc_hd__buf_1)
                                                         net1 (net)
                      0.307125    0.000672    3.329381 ^ _12_/RESET_B (sky130_fd_sc_hd__dfrtp_1)
                                              3.329381   data arrival time

                                 15.000000   15.000000   clock clk (rise edge)
                                  0.000000   15.000000   clock source latency
     1    0.026218    0.193373    0.133232   15.133232 ^ clk (in)
                                                         clk (net)
                      0.193380    0.000000   15.133232 ^ clkbuf_0_clk/A (sky130_fd_sc_hd__clkbuf_16)
     2    0.018905    0.066070    0.276440   15.409672 ^ clkbuf_0_clk/X (sky130_fd_sc_hd__clkbuf_16)
                                                         clknet_0_clk (net)
                      0.066070    0.001005   15.410678 ^ clkbuf_1_0__f_clk/A (sky130_fd_sc_hd__clkbuf_16)
     2    0.005836    0.048956    0.197893   15.608571 ^ clkbuf_1_0__f_clk/X (sky130_fd_sc_hd__clkbuf_16)
                                                         clknet_1_0__leaf_clk (net)
                      0.048957    0.000304   15.608874 ^ _12_/CLK (sky130_fd_sc_hd__dfrtp_1)
                                 -0.250000   15.358875   clock uncertainty
                                  0.000000   15.358875   clock reconvergence pessimism
                                  0.367611   15.726485   library recovery time
                                             15.726485   data required time
---------------------------------------------------------------------------------------------
                                             15.726485   data required time
                                             -3.329381   data arrival time
---------------------------------------------------------------------------------------------
                                             12.397104   slack (MET)


Startpoint: rst_n (input port clocked by clk)
Endpoint: _13_ (recovery check against rising-edge clock clk)
Path Group: asynchronous
Path Type: max

Fanout         Cap        Slew       Delay        Time   Description
---------------------------------------------------------------------------------------------
                                  0.000000    0.000000   clock clk (rise edge)
                                  0.000000    0.000000   clock network delay (propagated)
                                  3.000000    3.000000 ^ input external delay
     1    0.004067    0.040776    0.022528    3.022528 ^ rst_n (in)
                                                         rst_n (net)
                      0.040790    0.000000    3.022528 ^ input1/A (sky130_fd_sc_hd__buf_1)
     4    0.015827    0.307123    0.306182    3.328710 ^ input1/X (sky130_fd_sc_hd__buf_1)
                                                         net1 (net)
                      0.307126    0.000768    3.329477 ^ _13_/RESET_B (sky130_fd_sc_hd__dfrtp_1)
                                              3.329477   data arrival time

                                 15.000000   15.000000   clock clk (rise edge)
                                  0.000000   15.000000   clock source latency
     1    0.026218    0.193373    0.133232   15.133232 ^ clk (in)
                                                         clk (net)
                      0.193380    0.000000   15.133232 ^ clkbuf_0_clk/A (sky130_fd_sc_hd__clkbuf_16)
     2    0.018905    0.066070    0.276440   15.409672 ^ clkbuf_0_clk/X (sky130_fd_sc_hd__clkbuf_16)
                                                         clknet_0_clk (net)
                      0.066070    0.000986   15.410658 ^ clkbuf_1_1__f_clk/A (sky130_fd_sc_hd__clkbuf_16)
     2    0.006786    0.050245    0.199657   15.610315 ^ clkbuf_1_1__f_clk/X (sky130_fd_sc_hd__clkbuf_16)
                                                         clknet_1_1__leaf_clk (net)
                      0.050246    0.000462   15.610777 ^ _13_/CLK (sky130_fd_sc_hd__dfrtp_1)
                                 -0.250000   15.360778   clock uncertainty
                                  0.000000   15.360778   clock reconvergence pessimism
                                  0.368047   15.728825   library recovery time
                                             15.728825   data required time
---------------------------------------------------------------------------------------------
                                             15.728825   data required time
                                             -3.329477   data arrival time
---------------------------------------------------------------------------------------------
                                             12.399347   slack (MET)


Startpoint: rst_n (input port clocked by clk)
Endpoint: _15_ (recovery check against rising-edge clock clk)
Path Group: asynchronous
Path Type: max

Fanout         Cap        Slew       Delay        Time   Description
---------------------------------------------------------------------------------------------
                                  0.000000    0.000000   clock clk (rise edge)
                                  0.000000    0.000000   clock network delay (propagated)
                                  3.000000    3.000000 ^ input external delay
     1    0.004067    0.040776    0.022528    3.022528 ^ rst_n (in)
                                                         rst_n (net)
                      0.040790    0.000000    3.022528 ^ input1/A (sky130_fd_sc_hd__buf_1)
     4    0.015827    0.307123    0.306182    3.328710 ^ input1/X (sky130_fd_sc_hd__buf_1)
                                                         net1 (net)
                      0.307125    0.000694    3.329404 ^ _15_/RESET_B (sky130_fd_sc_hd__dfrtp_1)
                                              3.329404   data arrival time

                                 15.000000   15.000000   clock clk (rise edge)
                                  0.000000   15.000000   clock source latency
     1    0.026218    0.193373    0.133232   15.133232 ^ clk (in)
                                                         clk (net)
                      0.193380    0.000000   15.133232 ^ clkbuf_0_clk/A (sky130_fd_sc_hd__clkbuf_16)
     2    0.018905    0.066070    0.276440   15.409672 ^ clkbuf_0_clk/X (sky130_fd_sc_hd__clkbuf_16)
                                                         clknet_0_clk (net)
                      0.066070    0.000986   15.410658 ^ clkbuf_1_1__f_clk/A (sky130_fd_sc_hd__clkbuf_16)
     2    0.006786    0.050245    0.199657   15.610315 ^ clkbuf_1_1__f_clk/X (sky130_fd_sc_hd__clkbuf_16)
                                                         clknet_1_1__leaf_clk (net)
                      0.050246    0.000574   15.610889 ^ _15_/CLK (sky130_fd_sc_hd__dfrtp_1)
                                 -0.250000   15.360889   clock uncertainty
                                  0.000000   15.360889   clock reconvergence pessimism
                                  0.368048   15.728937   library recovery time
                                             15.728937   data required time
---------------------------------------------------------------------------------------------
                                             15.728937   data required time
                                             -3.329404   data arrival time
---------------------------------------------------------------------------------------------
                                             12.399532   slack (MET)


Startpoint: _12_ (rising edge-triggered flip-flop clocked by clk)
Endpoint: _12_ (rising edge-triggered flip-flop clocked by clk)
Path Group: clk
Path Type: max

Fanout         Cap        Slew       Delay        Time   Description
---------------------------------------------------------------------------------------------
                                  0.000000    0.000000   clock clk (rise edge)
                                  0.000000    0.000000   clock source latency
     1    0.026218    0.193373    0.133231    0.133231 ^ clk (in)
                                                         clk (net)
                      0.193380    0.000000    0.133231 ^ clkbuf_0_clk/A (sky130_fd_sc_hd__clkbuf_16)
     2    0.018905    0.066070    0.276442    0.409673 ^ clkbuf_0_clk/X (sky130_fd_sc_hd__clkbuf_16)
                                                         clknet_0_clk (net)
                      0.066070    0.001004    0.410677 ^ clkbuf_1_0__f_clk/A (sky130_fd_sc_hd__clkbuf_16)
     2    0.005836    0.048956    0.197894    0.608571 ^ clkbuf_1_0__f_clk/X (sky130_fd_sc_hd__clkbuf_16)
                                                         clknet_1_0__leaf_clk (net)
                      0.048957    0.000304    0.608875 ^ _12_/CLK (sky130_fd_sc_hd__dfrtp_1)
     5    0.016625    0.190352    0.847500    1.456375 v _12_/Q (sky130_fd_sc_hd__dfrtp_1)
                                                         net2 (net)
                      0.190352    0.000761    1.457136 v hold4/A (sky130_fd_sc_hd__dlygate4sd3_1)
     1    0.005880    0.137677    1.225274    2.682410 v hold4/X (sky130_fd_sc_hd__dlygate4sd3_1)
                                                         net9 (net)
                      0.137677    0.000432    2.682842 v _06_/A (sky130_fd_sc_hd__inv_2)
     1    0.003973    0.054676    0.098599    2.781441 ^ _06_/Y (sky130_fd_sc_hd__inv_2)
                                                         _00_ (net)
                      0.054676    0.000294    2.781735 ^ _12_/D (sky130_fd_sc_hd__dfrtp_1)
                                              2.781735   data arrival time

                                 15.000000   15.000000   clock clk (rise edge)
                                  0.000000   15.000000   clock source latency
     1    0.026218    0.193373    0.133232   15.133232 ^ clk (in)
                                                         clk (net)
                      0.193380    0.000000   15.133232 ^ clkbuf_0_clk/A (sky130_fd_sc_hd__clkbuf_16)
     2    0.018905    0.066070    0.276440   15.409672 ^ clkbuf_0_clk/X (sky130_fd_sc_hd__clkbuf_16)
                                                         clknet_0_clk (net)
                      0.066070    0.001005   15.410678 ^ clkbuf_1_0__f_clk/A (sky130_fd_sc_hd__clkbuf_16)
     2    0.005836    0.048956    0.197893   15.608571 ^ clkbuf_1_0__f_clk/X (sky130_fd_sc_hd__clkbuf_16)
                                                         clknet_1_0__leaf_clk (net)
                      0.048957    0.000304   15.608874 ^ _12_/CLK (sky130_fd_sc_hd__dfrtp_1)
                                 -0.250000   15.358875   clock uncertainty
                                  0.000000   15.358875   clock reconvergence pessimism
                                 -0.132835   15.226041   library setup time
                                             15.226041   data required time
---------------------------------------------------------------------------------------------
                                             15.226041   data required time
                                             -2.781735   data arrival time
---------------------------------------------------------------------------------------------
                                             12.444305   slack (MET)



%OL_END_REPORT
%OL_CREATE_REPORT checks.rpt

===========================================================================
report_checks -unconstrained
===========================================================================
======================= max_ss_100C_1v60 Corner ===================================

Startpoint: rst_n (input port clocked by clk)
Endpoint: _14_ (recovery check against rising-edge clock clk)
Path Group: asynchronous
Path Type: max

Fanout         Cap        Slew       Delay        Time   Description
---------------------------------------------------------------------------------------------
                                  0.000000    0.000000   clock clk (rise edge)
                                  0.000000    0.000000   clock network delay (propagated)
                                  3.000000    3.000000 ^ input external delay
     1    0.004067    0.040776    0.022528    3.022528 ^ rst_n (in)
                                                         rst_n (net)
                      0.040790    0.000000    3.022528 ^ input1/A (sky130_fd_sc_hd__buf_1)
     4    0.015827    0.307123    0.306182    3.328710 ^ input1/X (sky130_fd_sc_hd__buf_1)
                                                         net1 (net)
                      0.307126    0.000744    3.329454 ^ _14_/RESET_B (sky130_fd_sc_hd__dfrtp_1)
                                              3.329454   data arrival time

                                 15.000000   15.000000   clock clk (rise edge)
                                  0.000000   15.000000   clock source latency
     1    0.026218    0.193373    0.133232   15.133232 ^ clk (in)
                                                         clk (net)
                      0.193380    0.000000   15.133232 ^ clkbuf_0_clk/A (sky130_fd_sc_hd__clkbuf_16)
     2    0.018905    0.066070    0.276440   15.409672 ^ clkbuf_0_clk/X (sky130_fd_sc_hd__clkbuf_16)
                                                         clknet_0_clk (net)
                      0.066070    0.001005   15.410678 ^ clkbuf_1_0__f_clk/A (sky130_fd_sc_hd__clkbuf_16)
     2    0.005836    0.048956    0.197893   15.608571 ^ clkbuf_1_0__f_clk/X (sky130_fd_sc_hd__clkbuf_16)
                                                         clknet_1_0__leaf_clk (net)
                      0.048957    0.000350   15.608921 ^ _14_/CLK (sky130_fd_sc_hd__dfrtp_1)
                                 -0.250000   15.358922   clock uncertainty
                                  0.000000   15.358922   clock reconvergence pessimism
                                  0.367611   15.726532   library recovery time
                                             15.726532   data required time
---------------------------------------------------------------------------------------------
                                             15.726532   data required time
                                             -3.329454   data arrival time
---------------------------------------------------------------------------------------------
                                             12.397078   slack (MET)


Startpoint: _12_ (rising edge-triggered flip-flop clocked by clk)
Endpoint: count[0] (output port clocked by clk)
Path Group: clk
Path Type: max

Fanout         Cap        Slew       Delay        Time   Description
---------------------------------------------------------------------------------------------
                                  0.000000    0.000000   clock clk (rise edge)
                                  0.000000    0.000000   clock source latency
     1    0.026218    0.193373    0.133231    0.133231 ^ clk (in)
                                                         clk (net)
                      0.193380    0.000000    0.133231 ^ clkbuf_0_clk/A (sky130_fd_sc_hd__clkbuf_16)
     2    0.018905    0.066070    0.276442    0.409673 ^ clkbuf_0_clk/X (sky130_fd_sc_hd__clkbuf_16)
                                                         clknet_0_clk (net)
                      0.066070    0.001004    0.410677 ^ clkbuf_1_0__f_clk/A (sky130_fd_sc_hd__clkbuf_16)
     2    0.005836    0.048956    0.197894    0.608571 ^ clkbuf_1_0__f_clk/X (sky130_fd_sc_hd__clkbuf_16)
                                                         clknet_1_0__leaf_clk (net)
                      0.048957    0.000304    0.608875 ^ _12_/CLK (sky130_fd_sc_hd__dfrtp_1)
     5    0.016625    0.190352    0.847500    1.456375 v _12_/Q (sky130_fd_sc_hd__dfrtp_1)
                                                         net2 (net)
                      0.190355    0.001111    1.457486 v output2/A (sky130_fd_sc_hd__buf_2)
     1    0.034048    0.165411    0.401021    1.858507 v output2/X (sky130_fd_sc_hd__buf_2)
                                                         count[0] (net)
                      0.165425    0.001617    1.860123 v count[0] (out)
                                              1.860123   data arrival time

                                 15.000000   15.000000   clock clk (rise edge)
                                  0.000000   15.000000   clock network delay (propagated)
                                 -0.250000   14.750000   clock uncertainty
                                  0.000000   14.750000   clock reconvergence pessimism
                                 -3.000000   11.750000   output external delay
                                             11.750000   data required time
---------------------------------------------------------------------------------------------
                                             11.750000   data required time
                                             -1.860123   data arrival time
---------------------------------------------------------------------------------------------
                                              9.889876   slack (MET)




===========================================================================
report_checks --slack_max -0.01
============================================================================
======================= max_ss_100C_1v60 Corner ===================================

No paths found.


===========================================================================
 report_check_types -max_slew -max_cap -max_fanout -violators
============================================================================
======================= max_ss_100C_1v60 Corner ===================================



===========================================================================
report_parasitic_annotation -report_unannotated
============================================================================
Found 0 unannotated drivers.
Found 0 partially unannotated drivers.

===========================================================================
max slew violation count 0
%OL_METRIC_I design__max_slew_violation__count__corner:max_ss_100C_1v60 0
max fanout violation count 0
%OL_METRIC_I design__max_fanout_violation__count__corner:max_ss_100C_1v60 0
max cap violation count 0
%OL_METRIC_I design__max_cap_violation__count__corner:max_ss_100C_1v60 0
============================================================================

===========================================================================
check_setup -verbose -unconstrained_endpoints -multiple_clock -no_clock -no_input_delay -loops -generated_clocks
===========================================================================
%OL_END_REPORT
%OL_CREATE_REPORT power.rpt

===========================================================================
 report_power
============================================================================
======================= max_ss_100C_1v60 Corner ===================================

Group                    Internal    Switching      Leakage        Total
                            Power        Power        Power        Power (Watts)
------------------------------------------------------------------------
Sequential           8.488683e-06 0.000000e+00 7.529997e-08 8.563983e-06  20.5%
Combinational        4.661362e-08 1.350545e-07 8.442421e-08 2.660923e-07   0.6%
Clock                2.743468e-05 5.380612e-06 5.896935e-08 3.287426e-05  78.8%
Macro                0.000000e+00 0.000000e+00 0.000000e+00 0.000000e+00   0.0%
Pad                  0.000000e+00 0.000000e+00 0.000000e+00 0.000000e+00   0.0%
------------------------------------------------------------------------
Total                3.596998e-05 5.515667e-06 2.186935e-07 4.170434e-05 100.0%
                            86.2%        13.2%         0.5%
%OL_METRIC_F power__internal__total 3.596998067223467e-5
%OL_METRIC_F power__switching__total 5.515666998689994e-6
%OL_METRIC_F power__leakage__total 2.1869354327463952e-7
%OL_METRIC_F power__total 4.1704341128934175e-5

%OL_END_REPORT
%OL_CREATE_REPORT skew.min.rpt

===========================================================================
Clock Skew (Hold)
============================================================================
%OL_METRIC_F clock__skew__worst_hold__corner:max_ss_100C_1v60 -0.25201388911247546
======================= max_ss_100C_1v60 Corner ===================================

Clock clk
0.608875 source latency _12_/CLK ^
-0.610889 target latency _15_/CLK ^
-0.250000 clock uncertainty
0.000000 CRPR
--------------
-0.252014 hold skew

%OL_END_REPORT
%OL_CREATE_REPORT skew.max.rpt

===========================================================================
Clock Skew (Setup)
============================================================================
%OL_METRIC_F clock__skew__worst_setup__corner:max_ss_100C_1v60 0.2518561264162144
======================= max_ss_100C_1v60 Corner ===================================

Clock clk
0.610777 source latency _13_/CLK ^
-0.608921 target latency _14_/CLK ^
0.250000 clock uncertainty
0.000000 CRPR
--------------
0.251856 setup skew

%OL_END_REPORT
%OL_CREATE_REPORT ws.min.rpt

===========================================================================
Worst Slack (Hold)
============================================================================
%OL_METRIC_F timing__hold__ws__corner:max_ss_100C_1v60 1.0762802065325747
max_ss_100C_1v60: 1.0762802065325747
%OL_END_REPORT
%OL_CREATE_REPORT ws.max.rpt

===========================================================================
Worst Slack (Setup)
============================================================================
%OL_METRIC_F timing__setup__ws__corner:max_ss_100C_1v60 9.889876753028327
max_ss_100C_1v60: 9.889876753028327
%OL_END_REPORT
%OL_CREATE_REPORT tns.min.rpt

===========================================================================
Total Negative Slack (Hold)
============================================================================
%OL_METRIC_F timing__hold__tns__corner:max_ss_100C_1v60 0.0
max_ss_100C_1v60: 0.0
%OL_END_REPORT
%OL_CREATE_REPORT tns.max.rpt

===========================================================================
Total Negative Slack (Setup)
============================================================================
%OL_METRIC_F timing__setup__tns__corner:max_ss_100C_1v60 0.0
max_ss_100C_1v60: 0.0
%OL_END_REPORT
%OL_CREATE_REPORT wns.min.rpt

===========================================================================
Worst Negative Slack (Hold)
============================================================================
%OL_METRIC_F timing__hold__wns__corner:max_ss_100C_1v60 0
max_ss_100C_1v60: 0
%OL_END_REPORT
%OL_CREATE_REPORT wns.max.rpt

===========================================================================
Worst Negative Slack (Setup)
============================================================================
%OL_METRIC_F timing__setup__wns__corner:max_ss_100C_1v60 0.0
max_ss_100C_1v60: 0.0
%OL_END_REPORT
%OL_CREATE_REPORT violator_list.rpt

===========================================================================
Violator List
============================================================================
%OL_METRIC_I timing__hold_vio__count__corner:max_ss_100C_1v60 0
%OL_METRIC_F timing__hold_r2r__ws__corner:max_ss_100C_1v60 1.076280
%OL_METRIC_I timing__hold_r2r_vio__count__corner:max_ss_100C_1v60 0
%OL_METRIC_I timing__setup_vio__count__corner:max_ss_100C_1v60 0
%OL_METRIC_F timing__setup_r2r__ws__corner:max_ss_100C_1v60 11.010039
%OL_METRIC_I timing__setup_r2r_vio__count__corner:max_ss_100C_1v60 0
%OL_END_REPORT
%OL_CREATE_REPORT unpropagated.rpt
%OL_END_REPORT
%OL_CREATE_REPORT clock.rpt
Clock: clk
Sources: clk 
Generated: no
Virtual: yes
Propagated: no
Period: 15.000000

===========================================================================
report_clock_properties
============================================================================
Clock                   Period          Waveform
----------------------------------------------------
clk                  15.000000    0.000000  7.500000

===========================================================================
report_clock_latency
============================================================================
Clock clk
rise -> rise
    min     max
0.000000 0.000000 source latency
0.608875         network latency _12_/CLK
        0.610889 network latency _15_/CLK
---------------
0.608875 0.610889 latency
        0.002014 skew

fall -> fall
    min     max
0.000000 0.000000 source latency
0.584199         network latency _12_/CLK
        0.585978 network latency _15_/CLK
---------------
0.584199 0.585978 latency
        0.001779 skew



===========================================================================
report_clock_min_period
============================================================================
clk period_min = 3.99 fmax = 250.63
%OL_END_REPORT
Writing SDF files for all corners…
Removing Clock latencies before writing libs…
Writing timing models for all corners…
Writing timing models for the max_ss_100C_1v60 corner to /home/jihan/projects/openlane_flow/designs/counter_4bit/runs/RUN_2025-12-04_01-46-29/54-openroad-stapostpnr/max_ss_100C_1v60/counter_4bit__max_ss_100C_1v60.lib…
