Reading timing models for corner min_ff_n40C_1v95…
Reading cell library for the 'min_ff_n40C_1v95' corner at '/home/jihan/.volare/volare/sky130/versions/0fe599b2afb6708d281543108caf8310912f54af/sky130A/libs.ref/sky130_fd_sc_hd/lib/sky130_fd_sc_hd__ff_n40C_1v95.lib'…
Reading top-level netlist at '/home/jihan/projects/openlane_flow/designs/counter_4bit/runs/RUN_2025-12-04_01-46-29/51-openroad-fillinsertion/counter_4bit.nl.v'…
Linking design 'counter_4bit' from netlist…
Warning: /home/jihan/projects/openlane_flow/designs/counter_4bit/runs/RUN_2025-12-04_01-46-29/51-openroad-fillinsertion/counter_4bit.nl.v line 194, module sky130_fd_sc_hd__tapvpwrvgnd_1 not found. Creating black box for TAP_TAPCELL_ROW_0_130.
Warning: /home/jihan/projects/openlane_flow/designs/counter_4bit/runs/RUN_2025-12-04_01-46-29/51-openroad-fillinsertion/counter_4bit.nl.v line 691, module sky130_ef_sc_hd__decap_12 not found. Creating black box for FILLER_0_3.
Warning: /home/jihan/projects/openlane_flow/designs/counter_4bit/runs/RUN_2025-12-04_01-46-29/51-openroad-fillinsertion/counter_4bit.nl.v line 693, module sky130_fd_sc_hd__fill_1 not found. Creating black box for FILLER_0_27.
Warning: /home/jihan/projects/openlane_flow/designs/counter_4bit/runs/RUN_2025-12-04_01-46-29/51-openroad-fillinsertion/counter_4bit.nl.v line 734, module sky130_fd_sc_hd__fill_2 not found. Creating black box for FILLER_0_405.
Reading design constraints file at '/nix/store/ss2cw3sxbrwwx9jl0rrppbw4kgcmgi2n-python3-3.11.9-env/lib/python3.11/site-packages/openlane/scripts/base.sdc'…
[INFO] Using clock clk…
[INFO] Setting output delay to: 3.0
[INFO] Setting input delay to: 3.0
[INFO] Setting load to: 0.033442
[INFO] Setting clock uncertainty to: 0.25
[INFO] Setting clock transition to: 0.1499999999999999944488848768742172978818416595458984375
[INFO] Setting timing derate to: 5%
Reading top-level design parasitics for the 'min_ff_n40C_1v95' corner at '/home/jihan/projects/openlane_flow/designs/counter_4bit/runs/RUN_2025-12-04_01-46-29/53-openroad-rcx/min/counter_4bit.min.spef'…
%OL_CREATE_REPORT min.rpt

===========================================================================
report_checks -path_delay min (Hold)
============================================================================
======================= min_ff_n40C_1v95 Corner ===================================

Startpoint: _14_ (rising edge-triggered flip-flop clocked by clk)
Endpoint: _14_ (rising edge-triggered flip-flop clocked by clk)
Path Group: clk
Path Type: min

Fanout         Cap        Slew       Delay        Time   Description
---------------------------------------------------------------------------------------------
                                  0.000000    0.000000   clock clk (rise edge)
                                  0.000000    0.000000   clock source latency
     1    0.024218    0.085658    0.058753    0.058753 ^ clk (in)
                                                         clk (net)
                      0.085661    0.000000    0.058753 ^ clkbuf_0_clk/A (sky130_fd_sc_hd__clkbuf_16)
     2    0.018491    0.030838    0.098517    0.157270 ^ clkbuf_0_clk/X (sky130_fd_sc_hd__clkbuf_16)
                                                         clknet_0_clk (net)
                      0.030845    0.000169    0.157439 ^ clkbuf_1_0__f_clk/A (sky130_fd_sc_hd__clkbuf_16)
     2    0.005835    0.021567    0.074408    0.231847 ^ clkbuf_1_0__f_clk/X (sky130_fd_sc_hd__clkbuf_16)
                                                         clknet_1_0__leaf_clk (net)
                      0.021567    0.000071    0.231918 ^ _14_/CLK (sky130_fd_sc_hd__dfrtp_1)
     3    0.008433    0.064907    0.221772    0.453690 ^ _14_/Q (sky130_fd_sc_hd__dfrtp_1)
                                                         net4 (net)
                      0.064907    0.000075    0.453765 ^ _08_/C (sky130_fd_sc_hd__and3_1)
     2    0.010051    0.082467    0.132203    0.585968 ^ _08_/X (sky130_fd_sc_hd__and3_1)
                                                         _05_ (net)
                      0.082467    0.000165    0.586133 ^ _09_/B (sky130_fd_sc_hd__nor2_1)
     1    0.002618    0.019973    0.024495    0.610628 v _09_/Y (sky130_fd_sc_hd__nor2_1)
                                                         _02_ (net)
                      0.019973    0.000025    0.610653 v _14_/D (sky130_fd_sc_hd__dfrtp_1)
                                              0.610653   data arrival time

                                  0.000000    0.000000   clock clk (rise edge)
                                  0.000000    0.000000   clock source latency
     1    0.024218    0.085658    0.058753    0.058753 ^ clk (in)
                                                         clk (net)
                      0.085661    0.000000    0.058753 ^ clkbuf_0_clk/A (sky130_fd_sc_hd__clkbuf_16)
     2    0.018491    0.030838    0.098517    0.157270 ^ clkbuf_0_clk/X (sky130_fd_sc_hd__clkbuf_16)
                                                         clknet_0_clk (net)
                      0.030845    0.000169    0.157439 ^ clkbuf_1_0__f_clk/A (sky130_fd_sc_hd__clkbuf_16)
     2    0.005835    0.021567    0.074408    0.231847 ^ clkbuf_1_0__f_clk/X (sky130_fd_sc_hd__clkbuf_16)
                                                         clknet_1_0__leaf_clk (net)
                      0.021567    0.000071    0.231918 ^ _14_/CLK (sky130_fd_sc_hd__dfrtp_1)
                                  0.250000    0.481918   clock uncertainty
                                  0.000000    0.481918   clock reconvergence pessimism
                                 -0.029401    0.452518   library hold time
                                              0.452518   data required time
---------------------------------------------------------------------------------------------
                                              0.452518   data required time
                                             -0.610653   data arrival time
---------------------------------------------------------------------------------------------
                                              0.158136   slack (MET)


Startpoint: _14_ (rising edge-triggered flip-flop clocked by clk)
Endpoint: _15_ (rising edge-triggered flip-flop clocked by clk)
Path Group: clk
Path Type: min

Fanout         Cap        Slew       Delay        Time   Description
---------------------------------------------------------------------------------------------
                                  0.000000    0.000000   clock clk (rise edge)
                                  0.000000    0.000000   clock source latency
     1    0.024218    0.085658    0.058753    0.058753 ^ clk (in)
                                                         clk (net)
                      0.085661    0.000000    0.058753 ^ clkbuf_0_clk/A (sky130_fd_sc_hd__clkbuf_16)
     2    0.018491    0.030838    0.098517    0.157270 ^ clkbuf_0_clk/X (sky130_fd_sc_hd__clkbuf_16)
                                                         clknet_0_clk (net)
                      0.030845    0.000169    0.157439 ^ clkbuf_1_0__f_clk/A (sky130_fd_sc_hd__clkbuf_16)
     2    0.005835    0.021567    0.074408    0.231847 ^ clkbuf_1_0__f_clk/X (sky130_fd_sc_hd__clkbuf_16)
                                                         clknet_1_0__leaf_clk (net)
                      0.021567    0.000071    0.231918 ^ _14_/CLK (sky130_fd_sc_hd__dfrtp_1)
     3    0.008433    0.064907    0.221772    0.453690 ^ _14_/Q (sky130_fd_sc_hd__dfrtp_1)
                                                         net4 (net)
                      0.064907    0.000075    0.453765 ^ _08_/C (sky130_fd_sc_hd__and3_1)
     2    0.010051    0.082467    0.132203    0.585968 ^ _08_/X (sky130_fd_sc_hd__and3_1)
                                                         _05_ (net)
                      0.082467    0.000197    0.586164 ^ _10_/B (sky130_fd_sc_hd__xor2_1)
     1    0.002354    0.023740    0.038014    0.624178 v _10_/X (sky130_fd_sc_hd__xor2_1)
                                                         _03_ (net)
                      0.023740    0.000012    0.624190 v _15_/D (sky130_fd_sc_hd__dfrtp_1)
                                              0.624190   data arrival time

                                  0.000000    0.000000   clock clk (rise edge)
                                  0.000000    0.000000   clock source latency
     1    0.024218    0.085658    0.058753    0.058753 ^ clk (in)
                                                         clk (net)
                      0.085661    0.000000    0.058753 ^ clkbuf_0_clk/A (sky130_fd_sc_hd__clkbuf_16)
     2    0.018491    0.030838    0.098517    0.157270 ^ clkbuf_0_clk/X (sky130_fd_sc_hd__clkbuf_16)
                                                         clknet_0_clk (net)
                      0.030845    0.000154    0.157424 ^ clkbuf_1_1__f_clk/A (sky130_fd_sc_hd__clkbuf_16)
     2    0.006595    0.022091    0.075050    0.232474 ^ clkbuf_1_1__f_clk/X (sky130_fd_sc_hd__clkbuf_16)
                                                         clknet_1_1__leaf_clk (net)
                      0.022091    0.000134    0.232608 ^ _15_/CLK (sky130_fd_sc_hd__dfrtp_1)
                                  0.250000    0.482608   clock uncertainty
                                  0.000000    0.482608   clock reconvergence pessimism
                                 -0.030574    0.452034   library hold time
                                              0.452034   data required time
---------------------------------------------------------------------------------------------
                                              0.452034   data required time
                                             -0.624190   data arrival time
---------------------------------------------------------------------------------------------
                                              0.172155   slack (MET)


Startpoint: _12_ (rising edge-triggered flip-flop clocked by clk)
Endpoint: _13_ (rising edge-triggered flip-flop clocked by clk)
Path Group: clk
Path Type: min

Fanout         Cap        Slew       Delay        Time   Description
---------------------------------------------------------------------------------------------
                                  0.000000    0.000000   clock clk (rise edge)
                                  0.000000    0.000000   clock source latency
     1    0.024218    0.085658    0.058753    0.058753 ^ clk (in)
                                                         clk (net)
                      0.085661    0.000000    0.058753 ^ clkbuf_0_clk/A (sky130_fd_sc_hd__clkbuf_16)
     2    0.018491    0.030838    0.098517    0.157270 ^ clkbuf_0_clk/X (sky130_fd_sc_hd__clkbuf_16)
                                                         clknet_0_clk (net)
                      0.030845    0.000169    0.157439 ^ clkbuf_1_0__f_clk/A (sky130_fd_sc_hd__clkbuf_16)
     2    0.005835    0.021567    0.074408    0.231847 ^ clkbuf_1_0__f_clk/X (sky130_fd_sc_hd__clkbuf_16)
                                                         clknet_1_0__leaf_clk (net)
                      0.021567    0.000043    0.231890 ^ _12_/CLK (sky130_fd_sc_hd__dfrtp_1)
     5    0.016763    0.116550    0.260085    0.491976 ^ _12_/Q (sky130_fd_sc_hd__dfrtp_1)
                                                         net2 (net)
                      0.116550    0.000243    0.492219 ^ _11_/B (sky130_fd_sc_hd__xor2_1)
     1    0.002160    0.023151    0.040232    0.532451 v _11_/X (sky130_fd_sc_hd__xor2_1)
                                                         _01_ (net)
                      0.023151    0.000013    0.532464 v hold3/A (sky130_fd_sc_hd__dlygate4sd3_1)
     1    0.002879    0.038486    0.357401    0.889865 v hold3/X (sky130_fd_sc_hd__dlygate4sd3_1)
                                                         net8 (net)
                      0.038486    0.000030    0.889895 v _13_/D (sky130_fd_sc_hd__dfrtp_1)
                                              0.889895   data arrival time

                                  0.000000    0.000000   clock clk (rise edge)
                                  0.000000    0.000000   clock source latency
     1    0.024218    0.085658    0.058753    0.058753 ^ clk (in)
                                                         clk (net)
                      0.085661    0.000000    0.058753 ^ clkbuf_0_clk/A (sky130_fd_sc_hd__clkbuf_16)
     2    0.018491    0.030838    0.098517    0.157270 ^ clkbuf_0_clk/X (sky130_fd_sc_hd__clkbuf_16)
                                                         clknet_0_clk (net)
                      0.030845    0.000154    0.157424 ^ clkbuf_1_1__f_clk/A (sky130_fd_sc_hd__clkbuf_16)
     2    0.006595    0.022091    0.075050    0.232474 ^ clkbuf_1_1__f_clk/X (sky130_fd_sc_hd__clkbuf_16)
                                                         clknet_1_1__leaf_clk (net)
                      0.022091    0.000099    0.232574 ^ _13_/CLK (sky130_fd_sc_hd__dfrtp_1)
                                  0.250000    0.482574   clock uncertainty
                                  0.000000    0.482574   clock reconvergence pessimism
                                 -0.035368    0.447206   library hold time
                                              0.447206   data required time
---------------------------------------------------------------------------------------------
                                              0.447206   data required time
                                             -0.889895   data arrival time
---------------------------------------------------------------------------------------------
                                              0.442689   slack (MET)


Startpoint: _12_ (rising edge-triggered flip-flop clocked by clk)
Endpoint: _12_ (rising edge-triggered flip-flop clocked by clk)
Path Group: clk
Path Type: min

Fanout         Cap        Slew       Delay        Time   Description
---------------------------------------------------------------------------------------------
                                  0.000000    0.000000   clock clk (rise edge)
                                  0.000000    0.000000   clock source latency
     1    0.024218    0.085658    0.058753    0.058753 ^ clk (in)
                                                         clk (net)
                      0.085661    0.000000    0.058753 ^ clkbuf_0_clk/A (sky130_fd_sc_hd__clkbuf_16)
     2    0.018491    0.030838    0.098517    0.157270 ^ clkbuf_0_clk/X (sky130_fd_sc_hd__clkbuf_16)
                                                         clknet_0_clk (net)
                      0.030845    0.000169    0.157439 ^ clkbuf_1_0__f_clk/A (sky130_fd_sc_hd__clkbuf_16)
     2    0.005835    0.021567    0.074408    0.231847 ^ clkbuf_1_0__f_clk/X (sky130_fd_sc_hd__clkbuf_16)
                                                         clknet_1_0__leaf_clk (net)
                      0.021567    0.000043    0.231890 ^ _12_/CLK (sky130_fd_sc_hd__dfrtp_1)
     5    0.015812    0.067133    0.261636    0.493527 v _12_/Q (sky130_fd_sc_hd__dfrtp_1)
                                                         net2 (net)
                      0.067133    0.000111    0.493637 v hold4/A (sky130_fd_sc_hd__dlygate4sd3_1)
     1    0.005571    0.047661    0.387621    0.881259 v hold4/X (sky130_fd_sc_hd__dlygate4sd3_1)
                                                         net9 (net)
                      0.047661    0.000079    0.881338 v _06_/A (sky130_fd_sc_hd__inv_2)
     1    0.003820    0.022660    0.036350    0.917688 ^ _06_/Y (sky130_fd_sc_hd__inv_2)
                                                         _00_ (net)
                      0.022660    0.000060    0.917748 ^ _12_/D (sky130_fd_sc_hd__dfrtp_1)
                                              0.917748   data arrival time

                                  0.000000    0.000000   clock clk (rise edge)
                                  0.000000    0.000000   clock source latency
     1    0.024218    0.085658    0.058753    0.058753 ^ clk (in)
                                                         clk (net)
                      0.085661    0.000000    0.058753 ^ clkbuf_0_clk/A (sky130_fd_sc_hd__clkbuf_16)
     2    0.018491    0.030838    0.098517    0.157270 ^ clkbuf_0_clk/X (sky130_fd_sc_hd__clkbuf_16)
                                                         clknet_0_clk (net)
                      0.030845    0.000169    0.157439 ^ clkbuf_1_0__f_clk/A (sky130_fd_sc_hd__clkbuf_16)
     2    0.005835    0.021567    0.074408    0.231847 ^ clkbuf_1_0__f_clk/X (sky130_fd_sc_hd__clkbuf_16)
                                                         clknet_1_0__leaf_clk (net)
                      0.021567    0.000043    0.231890 ^ _12_/CLK (sky130_fd_sc_hd__dfrtp_1)
                                  0.250000    0.481890   clock uncertainty
                                  0.000000    0.481890   clock reconvergence pessimism
                                 -0.019409    0.462481   library hold time
                                              0.462481   data required time
---------------------------------------------------------------------------------------------
                                              0.462481   data required time
                                             -0.917748   data arrival time
---------------------------------------------------------------------------------------------
                                              0.455267   slack (MET)


Startpoint: rst_n (input port clocked by clk)
Endpoint: _15_ (removal check against rising-edge clock clk)
Path Group: asynchronous
Path Type: min

Fanout         Cap        Slew       Delay        Time   Description
---------------------------------------------------------------------------------------------
                                  0.000000    0.000000   clock clk (rise edge)
                                  0.000000    0.000000   clock network delay (propagated)
                                  3.000000    3.000000 ^ input external delay
     1    0.003864    0.017736    0.010010    3.010010 ^ rst_n (in)
                                                         rst_n (net)
                      0.017736    0.000000    3.010010 ^ input1/A (sky130_fd_sc_hd__buf_1)
     4    0.016746    0.149935    0.130311    3.140321 ^ input1/X (sky130_fd_sc_hd__buf_1)
                                                         net1 (net)
                      0.149935    0.000102    3.140423 ^ _15_/RESET_B (sky130_fd_sc_hd__dfrtp_1)
                                              3.140423   data arrival time

                                  0.000000    0.000000   clock clk (rise edge)
                                  0.000000    0.000000   clock source latency
     1    0.024218    0.085658    0.058753    0.058753 ^ clk (in)
                                                         clk (net)
                      0.085661    0.000000    0.058753 ^ clkbuf_0_clk/A (sky130_fd_sc_hd__clkbuf_16)
     2    0.018491    0.030838    0.098517    0.157270 ^ clkbuf_0_clk/X (sky130_fd_sc_hd__clkbuf_16)
                                                         clknet_0_clk (net)
                      0.030845    0.000154    0.157424 ^ clkbuf_1_1__f_clk/A (sky130_fd_sc_hd__clkbuf_16)
     2    0.006595    0.022091    0.075050    0.232474 ^ clkbuf_1_1__f_clk/X (sky130_fd_sc_hd__clkbuf_16)
                                                         clknet_1_1__leaf_clk (net)
                      0.022091    0.000134    0.232608 ^ _15_/CLK (sky130_fd_sc_hd__dfrtp_1)
                                  0.250000    0.482608   clock uncertainty
                                  0.000000    0.482608   clock reconvergence pessimism
                                  0.226845    0.709454   library removal time
                                              0.709454   data required time
---------------------------------------------------------------------------------------------
                                              0.709454   data required time
                                             -3.140423   data arrival time
---------------------------------------------------------------------------------------------
                                              2.430969   slack (MET)


Startpoint: rst_n (input port clocked by clk)
Endpoint: _13_ (removal check against rising-edge clock clk)
Path Group: asynchronous
Path Type: min

Fanout         Cap        Slew       Delay        Time   Description
---------------------------------------------------------------------------------------------
                                  0.000000    0.000000   clock clk (rise edge)
                                  0.000000    0.000000   clock network delay (propagated)
                                  3.000000    3.000000 ^ input external delay
     1    0.003864    0.017736    0.010010    3.010010 ^ rst_n (in)
                                                         rst_n (net)
                      0.017736    0.000000    3.010010 ^ input1/A (sky130_fd_sc_hd__buf_1)
     4    0.016746    0.149935    0.130311    3.140321 ^ input1/X (sky130_fd_sc_hd__buf_1)
                                                         net1 (net)
                      0.149935    0.000151    3.140473 ^ _13_/RESET_B (sky130_fd_sc_hd__dfrtp_1)
                                              3.140473   data arrival time

                                  0.000000    0.000000   clock clk (rise edge)
                                  0.000000    0.000000   clock source latency
     1    0.024218    0.085658    0.058753    0.058753 ^ clk (in)
                                                         clk (net)
                      0.085661    0.000000    0.058753 ^ clkbuf_0_clk/A (sky130_fd_sc_hd__clkbuf_16)
     2    0.018491    0.030838    0.098517    0.157270 ^ clkbuf_0_clk/X (sky130_fd_sc_hd__clkbuf_16)
                                                         clknet_0_clk (net)
                      0.030845    0.000154    0.157424 ^ clkbuf_1_1__f_clk/A (sky130_fd_sc_hd__clkbuf_16)
     2    0.006595    0.022091    0.075050    0.232474 ^ clkbuf_1_1__f_clk/X (sky130_fd_sc_hd__clkbuf_16)
                                                         clknet_1_1__leaf_clk (net)
                      0.022091    0.000099    0.232574 ^ _13_/CLK (sky130_fd_sc_hd__dfrtp_1)
                                  0.250000    0.482574   clock uncertainty
                                  0.000000    0.482574   clock reconvergence pessimism
                                  0.226845    0.709419   library removal time
                                              0.709419   data required time
---------------------------------------------------------------------------------------------
                                              0.709419   data required time
                                             -3.140473   data arrival time
---------------------------------------------------------------------------------------------
                                              2.431054   slack (MET)


Startpoint: rst_n (input port clocked by clk)
Endpoint: _12_ (removal check against rising-edge clock clk)
Path Group: asynchronous
Path Type: min

Fanout         Cap        Slew       Delay        Time   Description
---------------------------------------------------------------------------------------------
                                  0.000000    0.000000   clock clk (rise edge)
                                  0.000000    0.000000   clock network delay (propagated)
                                  3.000000    3.000000 ^ input external delay
     1    0.003864    0.017736    0.010010    3.010010 ^ rst_n (in)
                                                         rst_n (net)
                      0.017736    0.000000    3.010010 ^ input1/A (sky130_fd_sc_hd__buf_1)
     4    0.016746    0.149935    0.130311    3.140321 ^ input1/X (sky130_fd_sc_hd__buf_1)
                                                         net1 (net)
                      0.149935    0.000083    3.140405 ^ _12_/RESET_B (sky130_fd_sc_hd__dfrtp_1)
                                              3.140405   data arrival time

                                  0.000000    0.000000   clock clk (rise edge)
                                  0.000000    0.000000   clock source latency
     1    0.024218    0.085658    0.058753    0.058753 ^ clk (in)
                                                         clk (net)
                      0.085661    0.000000    0.058753 ^ clkbuf_0_clk/A (sky130_fd_sc_hd__clkbuf_16)
     2    0.018491    0.030838    0.098517    0.157270 ^ clkbuf_0_clk/X (sky130_fd_sc_hd__clkbuf_16)
                                                         clknet_0_clk (net)
                      0.030845    0.000169    0.157439 ^ clkbuf_1_0__f_clk/A (sky130_fd_sc_hd__clkbuf_16)
     2    0.005835    0.021567    0.074408    0.231847 ^ clkbuf_1_0__f_clk/X (sky130_fd_sc_hd__clkbuf_16)
                                                         clknet_1_0__leaf_clk (net)
                      0.021567    0.000043    0.231890 ^ _12_/CLK (sky130_fd_sc_hd__dfrtp_1)
                                  0.250000    0.481890   clock uncertainty
                                  0.000000    0.481890   clock reconvergence pessimism
                                  0.226774    0.708665   library removal time
                                              0.708665   data required time
---------------------------------------------------------------------------------------------
                                              0.708665   data required time
                                             -3.140405   data arrival time
---------------------------------------------------------------------------------------------
                                              2.431740   slack (MET)


Startpoint: rst_n (input port clocked by clk)
Endpoint: _14_ (removal check against rising-edge clock clk)
Path Group: asynchronous
Path Type: min

Fanout         Cap        Slew       Delay        Time   Description
---------------------------------------------------------------------------------------------
                                  0.000000    0.000000   clock clk (rise edge)
                                  0.000000    0.000000   clock network delay (propagated)
                                  3.000000    3.000000 ^ input external delay
     1    0.003864    0.017736    0.010010    3.010010 ^ rst_n (in)
                                                         rst_n (net)
                      0.017736    0.000000    3.010010 ^ input1/A (sky130_fd_sc_hd__buf_1)
     4    0.016746    0.149935    0.130311    3.140321 ^ input1/X (sky130_fd_sc_hd__buf_1)
                                                         net1 (net)
                      0.149935    0.000138    3.140459 ^ _14_/RESET_B (sky130_fd_sc_hd__dfrtp_1)
                                              3.140459   data arrival time

                                  0.000000    0.000000   clock clk (rise edge)
                                  0.000000    0.000000   clock source latency
     1    0.024218    0.085658    0.058753    0.058753 ^ clk (in)
                                                         clk (net)
                      0.085661    0.000000    0.058753 ^ clkbuf_0_clk/A (sky130_fd_sc_hd__clkbuf_16)
     2    0.018491    0.030838    0.098517    0.157270 ^ clkbuf_0_clk/X (sky130_fd_sc_hd__clkbuf_16)
                                                         clknet_0_clk (net)
                      0.030845    0.000169    0.157439 ^ clkbuf_1_0__f_clk/A (sky130_fd_sc_hd__clkbuf_16)
     2    0.005835    0.021567    0.074408    0.231847 ^ clkbuf_1_0__f_clk/X (sky130_fd_sc_hd__clkbuf_16)
                                                         clknet_1_0__leaf_clk (net)
                      0.021567    0.000071    0.231918 ^ _14_/CLK (sky130_fd_sc_hd__dfrtp_1)
                                  0.250000    0.481918   clock uncertainty
                                  0.000000    0.481918   clock reconvergence pessimism
                                  0.226774    0.708693   library removal time
                                              0.708693   data required time
---------------------------------------------------------------------------------------------
                                              0.708693   data required time
                                             -3.140459   data arrival time
---------------------------------------------------------------------------------------------
                                              2.431767   slack (MET)


Startpoint: _15_ (rising edge-triggered flip-flop clocked by clk)
Endpoint: count[3] (output port clocked by clk)
Path Group: clk
Path Type: min

Fanout         Cap        Slew       Delay        Time   Description
---------------------------------------------------------------------------------------------
                                  0.000000    0.000000   clock clk (rise edge)
                                  0.000000    0.000000   clock source latency
     1    0.024218    0.085658    0.058753    0.058753 ^ clk (in)
                                                         clk (net)
                      0.085661    0.000000    0.058753 ^ clkbuf_0_clk/A (sky130_fd_sc_hd__clkbuf_16)
     2    0.018491    0.030838    0.098517    0.157270 ^ clkbuf_0_clk/X (sky130_fd_sc_hd__clkbuf_16)
                                                         clknet_0_clk (net)
                      0.030845    0.000154    0.157424 ^ clkbuf_1_1__f_clk/A (sky130_fd_sc_hd__clkbuf_16)
     2    0.006595    0.022091    0.075050    0.232474 ^ clkbuf_1_1__f_clk/X (sky130_fd_sc_hd__clkbuf_16)
                                                         clknet_1_1__leaf_clk (net)
                      0.022091    0.000134    0.232608 ^ _15_/CLK (sky130_fd_sc_hd__dfrtp_1)
     2    0.005647    0.036949    0.229465    0.462073 v _15_/Q (sky130_fd_sc_hd__dfrtp_1)
                                                         net5 (net)
                      0.036949    0.000057    0.462130 v output5/A (sky130_fd_sc_hd__buf_2)
     1    0.034062    0.062288    0.120083    0.582213 v output5/X (sky130_fd_sc_hd__buf_2)
                                                         count[3] (net)
                      0.062288    0.000201    0.582414 v count[3] (out)
                                              0.582414   data arrival time

                                  0.000000    0.000000   clock clk (rise edge)
                                  0.000000    0.000000   clock network delay (propagated)
                                  0.250000    0.250000   clock uncertainty
                                  0.000000    0.250000   clock reconvergence pessimism
                                 -3.000000   -2.750000   output external delay
                                             -2.750000   data required time
---------------------------------------------------------------------------------------------
                                             -2.750000   data required time
                                             -0.582414   data arrival time
---------------------------------------------------------------------------------------------
                                              3.332413   slack (MET)


Startpoint: _14_ (rising edge-triggered flip-flop clocked by clk)
Endpoint: count[2] (output port clocked by clk)
Path Group: clk
Path Type: min

Fanout         Cap        Slew       Delay        Time   Description
---------------------------------------------------------------------------------------------
                                  0.000000    0.000000   clock clk (rise edge)
                                  0.000000    0.000000   clock source latency
     1    0.024218    0.085658    0.058753    0.058753 ^ clk (in)
                                                         clk (net)
                      0.085661    0.000000    0.058753 ^ clkbuf_0_clk/A (sky130_fd_sc_hd__clkbuf_16)
     2    0.018491    0.030838    0.098517    0.157270 ^ clkbuf_0_clk/X (sky130_fd_sc_hd__clkbuf_16)
                                                         clknet_0_clk (net)
                      0.030845    0.000169    0.157439 ^ clkbuf_1_0__f_clk/A (sky130_fd_sc_hd__clkbuf_16)
     2    0.005835    0.021567    0.074408    0.231847 ^ clkbuf_1_0__f_clk/X (sky130_fd_sc_hd__clkbuf_16)
                                                         clknet_1_0__leaf_clk (net)
                      0.021567    0.000071    0.231918 ^ _14_/CLK (sky130_fd_sc_hd__dfrtp_1)
     3    0.007958    0.044608    0.237731    0.469649 v _14_/Q (sky130_fd_sc_hd__dfrtp_1)
                                                         net4 (net)
                      0.044608    0.000078    0.469727 v output4/A (sky130_fd_sc_hd__buf_2)
     1    0.034148    0.062431    0.123236    0.592962 v output4/X (sky130_fd_sc_hd__buf_2)
                                                         count[2] (net)
                      0.062431    0.000235    0.593197 v count[2] (out)
                                              0.593197   data arrival time

                                  0.000000    0.000000   clock clk (rise edge)
                                  0.000000    0.000000   clock network delay (propagated)
                                  0.250000    0.250000   clock uncertainty
                                  0.000000    0.250000   clock reconvergence pessimism
                                 -3.000000   -2.750000   output external delay
                                             -2.750000   data required time
---------------------------------------------------------------------------------------------
                                             -2.750000   data required time
                                             -0.593197   data arrival time
---------------------------------------------------------------------------------------------
                                              3.343197   slack (MET)


Startpoint: _13_ (rising edge-triggered flip-flop clocked by clk)
Endpoint: count[1] (output port clocked by clk)
Path Group: clk
Path Type: min

Fanout         Cap        Slew       Delay        Time   Description
---------------------------------------------------------------------------------------------
                                  0.000000    0.000000   clock clk (rise edge)
                                  0.000000    0.000000   clock source latency
     1    0.024218    0.085658    0.058753    0.058753 ^ clk (in)
                                                         clk (net)
                      0.085661    0.000000    0.058753 ^ clkbuf_0_clk/A (sky130_fd_sc_hd__clkbuf_16)
     2    0.018491    0.030838    0.098517    0.157270 ^ clkbuf_0_clk/X (sky130_fd_sc_hd__clkbuf_16)
                                                         clknet_0_clk (net)
                      0.030845    0.000154    0.157424 ^ clkbuf_1_1__f_clk/A (sky130_fd_sc_hd__clkbuf_16)
     2    0.006595    0.022091    0.075050    0.232474 ^ clkbuf_1_1__f_clk/X (sky130_fd_sc_hd__clkbuf_16)
                                                         clknet_1_1__leaf_clk (net)
                      0.022091    0.000099    0.232574 ^ _13_/CLK (sky130_fd_sc_hd__dfrtp_1)
     4    0.009969    0.051052    0.245207    0.477780 v _13_/Q (sky130_fd_sc_hd__dfrtp_1)
                                                         net3 (net)
                      0.051052    0.000088    0.477869 v output3/A (sky130_fd_sc_hd__buf_2)
     1    0.034757    0.063329    0.126605    0.604474 v output3/X (sky130_fd_sc_hd__buf_2)
                                                         count[1] (net)
                      0.063329    0.000225    0.604699 v count[1] (out)
                                              0.604699   data arrival time

                                  0.000000    0.000000   clock clk (rise edge)
                                  0.000000    0.000000   clock network delay (propagated)
                                  0.250000    0.250000   clock uncertainty
                                  0.000000    0.250000   clock reconvergence pessimism
                                 -3.000000   -2.750000   output external delay
                                             -2.750000   data required time
---------------------------------------------------------------------------------------------
                                             -2.750000   data required time
                                             -0.604699   data arrival time
---------------------------------------------------------------------------------------------
                                              3.354699   slack (MET)


Startpoint: _12_ (rising edge-triggered flip-flop clocked by clk)
Endpoint: count[0] (output port clocked by clk)
Path Group: clk
Path Type: min

Fanout         Cap        Slew       Delay        Time   Description
---------------------------------------------------------------------------------------------
                                  0.000000    0.000000   clock clk (rise edge)
                                  0.000000    0.000000   clock source latency
     1    0.024218    0.085658    0.058753    0.058753 ^ clk (in)
                                                         clk (net)
                      0.085661    0.000000    0.058753 ^ clkbuf_0_clk/A (sky130_fd_sc_hd__clkbuf_16)
     2    0.018491    0.030838    0.098517    0.157270 ^ clkbuf_0_clk/X (sky130_fd_sc_hd__clkbuf_16)
                                                         clknet_0_clk (net)
                      0.030845    0.000169    0.157439 ^ clkbuf_1_0__f_clk/A (sky130_fd_sc_hd__clkbuf_16)
     2    0.005835    0.021567    0.074408    0.231847 ^ clkbuf_1_0__f_clk/X (sky130_fd_sc_hd__clkbuf_16)
                                                         clknet_1_0__leaf_clk (net)
                      0.021567    0.000043    0.231890 ^ _12_/CLK (sky130_fd_sc_hd__dfrtp_1)
     5    0.015812    0.067133    0.261636    0.493527 v _12_/Q (sky130_fd_sc_hd__dfrtp_1)
                                                         net2 (net)
                      0.067133    0.000240    0.493766 v output2/A (sky130_fd_sc_hd__buf_2)
     1    0.033970    0.062187    0.132151    0.625917 v output2/X (sky130_fd_sc_hd__buf_2)
                                                         count[0] (net)
                      0.062187    0.000183    0.626099 v count[0] (out)
                                              0.626099   data arrival time

                                  0.000000    0.000000   clock clk (rise edge)
                                  0.000000    0.000000   clock network delay (propagated)
                                  0.250000    0.250000   clock uncertainty
                                  0.000000    0.250000   clock reconvergence pessimism
                                 -3.000000   -2.750000   output external delay
                                             -2.750000   data required time
---------------------------------------------------------------------------------------------
                                             -2.750000   data required time
                                             -0.626099   data arrival time
---------------------------------------------------------------------------------------------
                                              3.376099   slack (MET)



%OL_END_REPORT
%OL_CREATE_REPORT max.rpt

===========================================================================
report_checks -path_delay max (Setup)
============================================================================
======================= min_ff_n40C_1v95 Corner ===================================

Startpoint: _12_ (rising edge-triggered flip-flop clocked by clk)
Endpoint: count[0] (output port clocked by clk)
Path Group: clk
Path Type: max

Fanout         Cap        Slew       Delay        Time   Description
---------------------------------------------------------------------------------------------
                                  0.000000    0.000000   clock clk (rise edge)
                                  0.000000    0.000000   clock source latency
     1    0.024218    0.085658    0.058753    0.058753 ^ clk (in)
                                                         clk (net)
                      0.085661    0.000000    0.058753 ^ clkbuf_0_clk/A (sky130_fd_sc_hd__clkbuf_16)
     2    0.018491    0.030838    0.098517    0.157270 ^ clkbuf_0_clk/X (sky130_fd_sc_hd__clkbuf_16)
                                                         clknet_0_clk (net)
                      0.030845    0.000169    0.157439 ^ clkbuf_1_0__f_clk/A (sky130_fd_sc_hd__clkbuf_16)
     2    0.005835    0.021567    0.074408    0.231847 ^ clkbuf_1_0__f_clk/X (sky130_fd_sc_hd__clkbuf_16)
                                                         clknet_1_0__leaf_clk (net)
                      0.021567    0.000043    0.231890 ^ _12_/CLK (sky130_fd_sc_hd__dfrtp_1)
     5    0.016763    0.116550    0.260085    0.491976 ^ _12_/Q (sky130_fd_sc_hd__dfrtp_1)
                                                         net2 (net)
                      0.116550    0.000254    0.492229 ^ output2/A (sky130_fd_sc_hd__buf_2)
     1    0.033970    0.127013    0.158072    0.650302 ^ output2/X (sky130_fd_sc_hd__buf_2)
                                                         count[0] (net)
                      0.127013    0.000183    0.650485 ^ count[0] (out)
                                              0.650485   data arrival time

                                 15.000000   15.000000   clock clk (rise edge)
                                  0.000000   15.000000   clock network delay (propagated)
                                 -0.250000   14.750000   clock uncertainty
                                  0.000000   14.750000   clock reconvergence pessimism
                                 -3.000000   11.750000   output external delay
                                             11.750000   data required time
---------------------------------------------------------------------------------------------
                                             11.750000   data required time
                                             -0.650485   data arrival time
---------------------------------------------------------------------------------------------
                                             11.099515   slack (MET)


Startpoint: _13_ (rising edge-triggered flip-flop clocked by clk)
Endpoint: count[1] (output port clocked by clk)
Path Group: clk
Path Type: max

Fanout         Cap        Slew       Delay        Time   Description
---------------------------------------------------------------------------------------------
                                  0.000000    0.000000   clock clk (rise edge)
                                  0.000000    0.000000   clock source latency
     1    0.024218    0.085658    0.058753    0.058753 ^ clk (in)
                                                         clk (net)
                      0.085661    0.000000    0.058753 ^ clkbuf_0_clk/A (sky130_fd_sc_hd__clkbuf_16)
     2    0.018491    0.030838    0.098517    0.157270 ^ clkbuf_0_clk/X (sky130_fd_sc_hd__clkbuf_16)
                                                         clknet_0_clk (net)
                      0.030845    0.000154    0.157424 ^ clkbuf_1_1__f_clk/A (sky130_fd_sc_hd__clkbuf_16)
     2    0.006595    0.022091    0.075050    0.232474 ^ clkbuf_1_1__f_clk/X (sky130_fd_sc_hd__clkbuf_16)
                                                         clknet_1_1__leaf_clk (net)
                      0.022091    0.000099    0.232574 ^ _13_/CLK (sky130_fd_sc_hd__dfrtp_1)
     4    0.010518    0.077170    0.231949    0.464523 ^ _13_/Q (sky130_fd_sc_hd__dfrtp_1)
                                                         net3 (net)
                      0.077170    0.000094    0.464616 ^ output3/A (sky130_fd_sc_hd__buf_2)
     1    0.034757    0.129815    0.150945    0.615561 ^ output3/X (sky130_fd_sc_hd__buf_2)
                                                         count[1] (net)
                      0.129815    0.000225    0.615786 ^ count[1] (out)
                                              0.615786   data arrival time

                                 15.000000   15.000000   clock clk (rise edge)
                                  0.000000   15.000000   clock network delay (propagated)
                                 -0.250000   14.750000   clock uncertainty
                                  0.000000   14.750000   clock reconvergence pessimism
                                 -3.000000   11.750000   output external delay
                                             11.750000   data required time
---------------------------------------------------------------------------------------------
                                             11.750000   data required time
                                             -0.615786   data arrival time
---------------------------------------------------------------------------------------------
                                             11.134214   slack (MET)


Startpoint: _14_ (rising edge-triggered flip-flop clocked by clk)
Endpoint: count[2] (output port clocked by clk)
Path Group: clk
Path Type: max

Fanout         Cap        Slew       Delay        Time   Description
---------------------------------------------------------------------------------------------
                                  0.000000    0.000000   clock clk (rise edge)
                                  0.000000    0.000000   clock source latency
     1    0.024218    0.085658    0.058753    0.058753 ^ clk (in)
                                                         clk (net)
                      0.085661    0.000000    0.058753 ^ clkbuf_0_clk/A (sky130_fd_sc_hd__clkbuf_16)
     2    0.018491    0.030838    0.098517    0.157270 ^ clkbuf_0_clk/X (sky130_fd_sc_hd__clkbuf_16)
                                                         clknet_0_clk (net)
                      0.030845    0.000169    0.157439 ^ clkbuf_1_0__f_clk/A (sky130_fd_sc_hd__clkbuf_16)
     2    0.005835    0.021567    0.074408    0.231847 ^ clkbuf_1_0__f_clk/X (sky130_fd_sc_hd__clkbuf_16)
                                                         clknet_1_0__leaf_clk (net)
                      0.021567    0.000071    0.231918 ^ _14_/CLK (sky130_fd_sc_hd__dfrtp_1)
     3    0.008433    0.064907    0.221772    0.453690 ^ _14_/Q (sky130_fd_sc_hd__dfrtp_1)
                                                         net4 (net)
                      0.064907    0.000082    0.453772 ^ output4/A (sky130_fd_sc_hd__buf_2)
     1    0.034148    0.127644    0.146626    0.600399 ^ output4/X (sky130_fd_sc_hd__buf_2)
                                                         count[2] (net)
                      0.127644    0.000235    0.600634 ^ count[2] (out)
                                              0.600634   data arrival time

                                 15.000000   15.000000   clock clk (rise edge)
                                  0.000000   15.000000   clock network delay (propagated)
                                 -0.250000   14.750000   clock uncertainty
                                  0.000000   14.750000   clock reconvergence pessimism
                                 -3.000000   11.750000   output external delay
                                             11.750000   data required time
---------------------------------------------------------------------------------------------
                                             11.750000   data required time
                                             -0.600634   data arrival time
---------------------------------------------------------------------------------------------
                                             11.149367   slack (MET)


Startpoint: _15_ (rising edge-triggered flip-flop clocked by clk)
Endpoint: count[3] (output port clocked by clk)
Path Group: clk
Path Type: max

Fanout         Cap        Slew       Delay        Time   Description
---------------------------------------------------------------------------------------------
                                  0.000000    0.000000   clock clk (rise edge)
                                  0.000000    0.000000   clock source latency
     1    0.024218    0.085658    0.058753    0.058753 ^ clk (in)
                                                         clk (net)
                      0.085661    0.000000    0.058753 ^ clkbuf_0_clk/A (sky130_fd_sc_hd__clkbuf_16)
     2    0.018491    0.030838    0.098517    0.157270 ^ clkbuf_0_clk/X (sky130_fd_sc_hd__clkbuf_16)
                                                         clknet_0_clk (net)
                      0.030845    0.000154    0.157424 ^ clkbuf_1_1__f_clk/A (sky130_fd_sc_hd__clkbuf_16)
     2    0.006595    0.022091    0.075050    0.232474 ^ clkbuf_1_1__f_clk/X (sky130_fd_sc_hd__clkbuf_16)
                                                         clknet_1_1__leaf_clk (net)
                      0.022091    0.000134    0.232608 ^ _15_/CLK (sky130_fd_sc_hd__dfrtp_1)
     2    0.005976    0.050080    0.210107    0.442716 ^ _15_/Q (sky130_fd_sc_hd__dfrtp_1)
                                                         net5 (net)
                      0.050080    0.000060    0.442776 ^ output5/A (sky130_fd_sc_hd__buf_2)
     1    0.034062    0.127347    0.142811    0.585586 ^ output5/X (sky130_fd_sc_hd__buf_2)
                                                         count[3] (net)
                      0.127347    0.000201    0.585787 ^ count[3] (out)
                                              0.585787   data arrival time

                                 15.000000   15.000000   clock clk (rise edge)
                                  0.000000   15.000000   clock network delay (propagated)
                                 -0.250000   14.750000   clock uncertainty
                                  0.000000   14.750000   clock reconvergence pessimism
                                 -3.000000   11.750000   output external delay
                                             11.750000   data required time
---------------------------------------------------------------------------------------------
                                             11.750000   data required time
                                             -0.585787   data arrival time
---------------------------------------------------------------------------------------------
                                             11.164214   slack (MET)


Startpoint: rst_n (input port clocked by clk)
Endpoint: _14_ (recovery check against rising-edge clock clk)
Path Group: asynchronous
Path Type: max

Fanout         Cap        Slew       Delay        Time   Description
---------------------------------------------------------------------------------------------
                                  0.000000    0.000000   clock clk (rise edge)
                                  0.000000    0.000000   clock network delay (propagated)
                                  3.000000    3.000000 ^ input external delay
     1    0.003864    0.017736    0.010010    3.010010 ^ rst_n (in)
                                                         rst_n (net)
                      0.017736    0.000000    3.010010 ^ input1/A (sky130_fd_sc_hd__buf_1)
     4    0.016746    0.149935    0.130311    3.140321 ^ input1/X (sky130_fd_sc_hd__buf_1)
                                                         net1 (net)
                      0.149935    0.000138    3.140459 ^ _14_/RESET_B (sky130_fd_sc_hd__dfrtp_1)
                                              3.140459   data arrival time

                                 15.000000   15.000000   clock clk (rise edge)
                                  0.000000   15.000000   clock source latency
     1    0.024218    0.085658    0.058753   15.058753 ^ clk (in)
                                                         clk (net)
                      0.085661    0.000000   15.058753 ^ clkbuf_0_clk/A (sky130_fd_sc_hd__clkbuf_16)
     2    0.018491    0.030838    0.098517   15.157269 ^ clkbuf_0_clk/X (sky130_fd_sc_hd__clkbuf_16)
                                                         clknet_0_clk (net)
                      0.030845    0.000169   15.157438 ^ clkbuf_1_0__f_clk/A (sky130_fd_sc_hd__clkbuf_16)
     2    0.005835    0.021567    0.074410   15.231848 ^ clkbuf_1_0__f_clk/X (sky130_fd_sc_hd__clkbuf_16)
                                                         clknet_1_0__leaf_clk (net)
                      0.021567    0.000069   15.231917 ^ _14_/CLK (sky130_fd_sc_hd__dfrtp_1)
                                 -0.250000   14.981918   clock uncertainty
                                  0.000000   14.981918   clock reconvergence pessimism
                                  0.119955   15.101874   library recovery time
                                             15.101874   data required time
---------------------------------------------------------------------------------------------
                                             15.101874   data required time
                                             -3.140459   data arrival time
---------------------------------------------------------------------------------------------
                                             11.961415   slack (MET)


Startpoint: rst_n (input port clocked by clk)
Endpoint: _12_ (recovery check against rising-edge clock clk)
Path Group: asynchronous
Path Type: max

Fanout         Cap        Slew       Delay        Time   Description
---------------------------------------------------------------------------------------------
                                  0.000000    0.000000   clock clk (rise edge)
                                  0.000000    0.000000   clock network delay (propagated)
                                  3.000000    3.000000 ^ input external delay
     1    0.003864    0.017736    0.010010    3.010010 ^ rst_n (in)
                                                         rst_n (net)
                      0.017736    0.000000    3.010010 ^ input1/A (sky130_fd_sc_hd__buf_1)
     4    0.016746    0.149935    0.130311    3.140321 ^ input1/X (sky130_fd_sc_hd__buf_1)
                                                         net1 (net)
                      0.149935    0.000083    3.140405 ^ _12_/RESET_B (sky130_fd_sc_hd__dfrtp_1)
                                              3.140405   data arrival time

                                 15.000000   15.000000   clock clk (rise edge)
                                  0.000000   15.000000   clock source latency
     1    0.024218    0.085658    0.058753   15.058753 ^ clk (in)
                                                         clk (net)
                      0.085661    0.000000   15.058753 ^ clkbuf_0_clk/A (sky130_fd_sc_hd__clkbuf_16)
     2    0.018491    0.030838    0.098517   15.157269 ^ clkbuf_0_clk/X (sky130_fd_sc_hd__clkbuf_16)
                                                         clknet_0_clk (net)
                      0.030845    0.000169   15.157438 ^ clkbuf_1_0__f_clk/A (sky130_fd_sc_hd__clkbuf_16)
     2    0.005835    0.021567    0.074410   15.231848 ^ clkbuf_1_0__f_clk/X (sky130_fd_sc_hd__clkbuf_16)
                                                         clknet_1_0__leaf_clk (net)
                      0.021567    0.000043   15.231891 ^ _12_/CLK (sky130_fd_sc_hd__dfrtp_1)
                                 -0.250000   14.981892   clock uncertainty
                                  0.000000   14.981892   clock reconvergence pessimism
                                  0.119955   15.101848   library recovery time
                                             15.101848   data required time
---------------------------------------------------------------------------------------------
                                             15.101848   data required time
                                             -3.140405   data arrival time
---------------------------------------------------------------------------------------------
                                             11.961443   slack (MET)


Startpoint: rst_n (input port clocked by clk)
Endpoint: _13_ (recovery check against rising-edge clock clk)
Path Group: asynchronous
Path Type: max

Fanout         Cap        Slew       Delay        Time   Description
---------------------------------------------------------------------------------------------
                                  0.000000    0.000000   clock clk (rise edge)
                                  0.000000    0.000000   clock network delay (propagated)
                                  3.000000    3.000000 ^ input external delay
     1    0.003864    0.017736    0.010010    3.010010 ^ rst_n (in)
                                                         rst_n (net)
                      0.017736    0.000000    3.010010 ^ input1/A (sky130_fd_sc_hd__buf_1)
     4    0.016746    0.149935    0.130311    3.140321 ^ input1/X (sky130_fd_sc_hd__buf_1)
                                                         net1 (net)
                      0.149935    0.000151    3.140473 ^ _13_/RESET_B (sky130_fd_sc_hd__dfrtp_1)
                                              3.140473   data arrival time

                                 15.000000   15.000000   clock clk (rise edge)
                                  0.000000   15.000000   clock source latency
     1    0.024218    0.085658    0.058753   15.058753 ^ clk (in)
                                                         clk (net)
                      0.085661    0.000000   15.058753 ^ clkbuf_0_clk/A (sky130_fd_sc_hd__clkbuf_16)
     2    0.018491    0.030838    0.098517   15.157269 ^ clkbuf_0_clk/X (sky130_fd_sc_hd__clkbuf_16)
                                                         clknet_0_clk (net)
                      0.030845    0.000155   15.157424 ^ clkbuf_1_1__f_clk/A (sky130_fd_sc_hd__clkbuf_16)
     2    0.006595    0.022091    0.075049   15.232473 ^ clkbuf_1_1__f_clk/X (sky130_fd_sc_hd__clkbuf_16)
                                                         clknet_1_1__leaf_clk (net)
                      0.022091    0.000099   15.232573 ^ _13_/CLK (sky130_fd_sc_hd__dfrtp_1)
                                 -0.250000   14.982574   clock uncertainty
                                  0.000000   14.982574   clock reconvergence pessimism
                                  0.120036   15.102610   library recovery time
                                             15.102610   data required time
---------------------------------------------------------------------------------------------
                                             15.102610   data required time
                                             -3.140473   data arrival time
---------------------------------------------------------------------------------------------
                                             11.962136   slack (MET)


Startpoint: rst_n (input port clocked by clk)
Endpoint: _15_ (recovery check against rising-edge clock clk)
Path Group: asynchronous
Path Type: max

Fanout         Cap        Slew       Delay        Time   Description
---------------------------------------------------------------------------------------------
                                  0.000000    0.000000   clock clk (rise edge)
                                  0.000000    0.000000   clock network delay (propagated)
                                  3.000000    3.000000 ^ input external delay
     1    0.003864    0.017736    0.010010    3.010010 ^ rst_n (in)
                                                         rst_n (net)
                      0.017736    0.000000    3.010010 ^ input1/A (sky130_fd_sc_hd__buf_1)
     4    0.016746    0.149935    0.130311    3.140321 ^ input1/X (sky130_fd_sc_hd__buf_1)
                                                         net1 (net)
                      0.149935    0.000102    3.140423 ^ _15_/RESET_B (sky130_fd_sc_hd__dfrtp_1)
                                              3.140423   data arrival time

                                 15.000000   15.000000   clock clk (rise edge)
                                  0.000000   15.000000   clock source latency
     1    0.024218    0.085658    0.058753   15.058753 ^ clk (in)
                                                         clk (net)
                      0.085661    0.000000   15.058753 ^ clkbuf_0_clk/A (sky130_fd_sc_hd__clkbuf_16)
     2    0.018491    0.030838    0.098517   15.157269 ^ clkbuf_0_clk/X (sky130_fd_sc_hd__clkbuf_16)
                                                         clknet_0_clk (net)
                      0.030845    0.000155   15.157424 ^ clkbuf_1_1__f_clk/A (sky130_fd_sc_hd__clkbuf_16)
     2    0.006595    0.022091    0.075049   15.232473 ^ clkbuf_1_1__f_clk/X (sky130_fd_sc_hd__clkbuf_16)
                                                         clknet_1_1__leaf_clk (net)
                      0.022091    0.000135   15.232609 ^ _15_/CLK (sky130_fd_sc_hd__dfrtp_1)
                                 -0.250000   14.982610   clock uncertainty
                                  0.000000   14.982610   clock reconvergence pessimism
                                  0.120036   15.102645   library recovery time
                                             15.102645   data required time
---------------------------------------------------------------------------------------------
                                             15.102645   data required time
                                             -3.140423   data arrival time
---------------------------------------------------------------------------------------------
                                             11.962222   slack (MET)


Startpoint: _13_ (rising edge-triggered flip-flop clocked by clk)
Endpoint: _13_ (rising edge-triggered flip-flop clocked by clk)
Path Group: clk
Path Type: max

Fanout         Cap        Slew       Delay        Time   Description
---------------------------------------------------------------------------------------------
                                  0.000000    0.000000   clock clk (rise edge)
                                  0.000000    0.000000   clock source latency
     1    0.024218    0.085658    0.058753    0.058753 ^ clk (in)
                                                         clk (net)
                      0.085661    0.000000    0.058753 ^ clkbuf_0_clk/A (sky130_fd_sc_hd__clkbuf_16)
     2    0.018491    0.030838    0.098517    0.157270 ^ clkbuf_0_clk/X (sky130_fd_sc_hd__clkbuf_16)
                                                         clknet_0_clk (net)
                      0.030845    0.000154    0.157424 ^ clkbuf_1_1__f_clk/A (sky130_fd_sc_hd__clkbuf_16)
     2    0.006595    0.022091    0.075050    0.232474 ^ clkbuf_1_1__f_clk/X (sky130_fd_sc_hd__clkbuf_16)
                                                         clknet_1_1__leaf_clk (net)
                      0.022091    0.000099    0.232574 ^ _13_/CLK (sky130_fd_sc_hd__dfrtp_1)
     4    0.009969    0.051052    0.245207    0.477780 v _13_/Q (sky130_fd_sc_hd__dfrtp_1)
                                                         net3 (net)
                      0.051052    0.000057    0.477837 v hold2/A (sky130_fd_sc_hd__dlygate4sd3_1)
     1    0.005224    0.046536    0.379602    0.857439 v hold2/X (sky130_fd_sc_hd__dlygate4sd3_1)
                                                         net7 (net)
                      0.046536    0.000066    0.857505 v _11_/A (sky130_fd_sc_hd__xor2_1)
     1    0.002160    0.039934    0.099907    0.957412 v _11_/X (sky130_fd_sc_hd__xor2_1)
                                                         _01_ (net)
                      0.039934    0.000013    0.957425 v hold3/A (sky130_fd_sc_hd__dlygate4sd3_1)
     1    0.002879    0.038392    0.363789    1.321214 v hold3/X (sky130_fd_sc_hd__dlygate4sd3_1)
                                                         net8 (net)
                      0.038392    0.000030    1.321244 v _13_/D (sky130_fd_sc_hd__dfrtp_1)
                                              1.321244   data arrival time

                                 15.000000   15.000000   clock clk (rise edge)
                                  0.000000   15.000000   clock source latency
     1    0.024218    0.085658    0.058753   15.058753 ^ clk (in)
                                                         clk (net)
                      0.085661    0.000000   15.058753 ^ clkbuf_0_clk/A (sky130_fd_sc_hd__clkbuf_16)
     2    0.018491    0.030838    0.098517   15.157269 ^ clkbuf_0_clk/X (sky130_fd_sc_hd__clkbuf_16)
                                                         clknet_0_clk (net)
                      0.030845    0.000155   15.157424 ^ clkbuf_1_1__f_clk/A (sky130_fd_sc_hd__clkbuf_16)
     2    0.006595    0.022091    0.075049   15.232473 ^ clkbuf_1_1__f_clk/X (sky130_fd_sc_hd__clkbuf_16)
                                                         clknet_1_1__leaf_clk (net)
                      0.022091    0.000099   15.232573 ^ _13_/CLK (sky130_fd_sc_hd__dfrtp_1)
                                 -0.250000   14.982574   clock uncertainty
                                  0.000000   14.982574   clock reconvergence pessimism
                                 -0.075682   14.906892   library setup time
                                             14.906892   data required time
---------------------------------------------------------------------------------------------
                                             14.906892   data required time
                                             -1.321244   data arrival time
---------------------------------------------------------------------------------------------
                                             13.585649   slack (MET)


Startpoint: _14_ (rising edge-triggered flip-flop clocked by clk)
Endpoint: _14_ (rising edge-triggered flip-flop clocked by clk)
Path Group: clk
Path Type: max

Fanout         Cap        Slew       Delay        Time   Description
---------------------------------------------------------------------------------------------
                                  0.000000    0.000000   clock clk (rise edge)
                                  0.000000    0.000000   clock source latency
     1    0.024218    0.085658    0.058753    0.058753 ^ clk (in)
                                                         clk (net)
                      0.085661    0.000000    0.058753 ^ clkbuf_0_clk/A (sky130_fd_sc_hd__clkbuf_16)
     2    0.018491    0.030838    0.098517    0.157270 ^ clkbuf_0_clk/X (sky130_fd_sc_hd__clkbuf_16)
                                                         clknet_0_clk (net)
                      0.030845    0.000169    0.157439 ^ clkbuf_1_0__f_clk/A (sky130_fd_sc_hd__clkbuf_16)
     2    0.005835    0.021567    0.074408    0.231847 ^ clkbuf_1_0__f_clk/X (sky130_fd_sc_hd__clkbuf_16)
                                                         clknet_1_0__leaf_clk (net)
                      0.021567    0.000071    0.231918 ^ _14_/CLK (sky130_fd_sc_hd__dfrtp_1)
     3    0.007958    0.044608    0.237731    0.469649 v _14_/Q (sky130_fd_sc_hd__dfrtp_1)
                                                         net4 (net)
                      0.044608    0.000035    0.469684 v hold5/A (sky130_fd_sc_hd__dlygate4sd3_1)
     1    0.002492    0.037021    0.363243    0.832927 v hold5/X (sky130_fd_sc_hd__dlygate4sd3_1)
                                                         net10 (net)
                      0.037021    0.000021    0.832949 v _07_/B1 (sky130_fd_sc_hd__a21oi_1)
     1    0.002560    0.073614    0.050038    0.882987 ^ _07_/Y (sky130_fd_sc_hd__a21oi_1)
                                                         _04_ (net)
                      0.073614    0.000026    0.883014 ^ hold6/A (sky130_fd_sc_hd__dlygate4sd3_1)
     1    0.003541    0.042138    0.383520    1.266534 ^ hold6/X (sky130_fd_sc_hd__dlygate4sd3_1)
                                                         net11 (net)
                      0.042138    0.000032    1.266566 ^ _09_/A (sky130_fd_sc_hd__nor2_1)
     1    0.002618    0.025190    0.026061    1.292627 v _09_/Y (sky130_fd_sc_hd__nor2_1)
                                                         _02_ (net)
                      0.025190    0.000025    1.292652 v _14_/D (sky130_fd_sc_hd__dfrtp_1)
                                              1.292652   data arrival time

                                 15.000000   15.000000   clock clk (rise edge)
                                  0.000000   15.000000   clock source latency
     1    0.024218    0.085658    0.058753   15.058753 ^ clk (in)
                                                         clk (net)
                      0.085661    0.000000   15.058753 ^ clkbuf_0_clk/A (sky130_fd_sc_hd__clkbuf_16)
     2    0.018491    0.030838    0.098517   15.157269 ^ clkbuf_0_clk/X (sky130_fd_sc_hd__clkbuf_16)
                                                         clknet_0_clk (net)
                      0.030845    0.000169   15.157438 ^ clkbuf_1_0__f_clk/A (sky130_fd_sc_hd__clkbuf_16)
     2    0.005835    0.021567    0.074410   15.231848 ^ clkbuf_1_0__f_clk/X (sky130_fd_sc_hd__clkbuf_16)
                                                         clknet_1_0__leaf_clk (net)
                      0.021567    0.000069   15.231917 ^ _14_/CLK (sky130_fd_sc_hd__dfrtp_1)
                                 -0.250000   14.981918   clock uncertainty
                                  0.000000   14.981918   clock reconvergence pessimism
                                 -0.071015   14.910903   library setup time
                                             14.910903   data required time
---------------------------------------------------------------------------------------------
                                             14.910903   data required time
                                             -1.292652   data arrival time
---------------------------------------------------------------------------------------------
                                             13.618251   slack (MET)


Startpoint: _15_ (rising edge-triggered flip-flop clocked by clk)
Endpoint: _15_ (rising edge-triggered flip-flop clocked by clk)
Path Group: clk
Path Type: max

Fanout         Cap        Slew       Delay        Time   Description
---------------------------------------------------------------------------------------------
                                  0.000000    0.000000   clock clk (rise edge)
                                  0.000000    0.000000   clock source latency
     1    0.024218    0.085658    0.058753    0.058753 ^ clk (in)
                                                         clk (net)
                      0.085661    0.000000    0.058753 ^ clkbuf_0_clk/A (sky130_fd_sc_hd__clkbuf_16)
     2    0.018491    0.030838    0.098517    0.157270 ^ clkbuf_0_clk/X (sky130_fd_sc_hd__clkbuf_16)
                                                         clknet_0_clk (net)
                      0.030845    0.000154    0.157424 ^ clkbuf_1_1__f_clk/A (sky130_fd_sc_hd__clkbuf_16)
     2    0.006595    0.022091    0.075050    0.232474 ^ clkbuf_1_1__f_clk/X (sky130_fd_sc_hd__clkbuf_16)
                                                         clknet_1_1__leaf_clk (net)
                      0.022091    0.000134    0.232608 ^ _15_/CLK (sky130_fd_sc_hd__dfrtp_1)
     2    0.005647    0.036949    0.229465    0.462073 v _15_/Q (sky130_fd_sc_hd__dfrtp_1)
                                                         net5 (net)
                      0.036949    0.000038    0.462111 v hold1/A (sky130_fd_sc_hd__dlygate4sd3_1)
     1    0.005884    0.048857    0.377109    0.839220 v hold1/X (sky130_fd_sc_hd__dlygate4sd3_1)
                                                         net6 (net)
                      0.048857    0.000087    0.839307 v _10_/A (sky130_fd_sc_hd__xor2_1)
     1    0.002354    0.033971    0.101569    0.940877 v _10_/X (sky130_fd_sc_hd__xor2_1)
                                                         _03_ (net)
                      0.033971    0.000012    0.940888 v _15_/D (sky130_fd_sc_hd__dfrtp_1)
                                              0.940888   data arrival time

                                 15.000000   15.000000   clock clk (rise edge)
                                  0.000000   15.000000   clock source latency
     1    0.024218    0.085658    0.058753   15.058753 ^ clk (in)
                                                         clk (net)
                      0.085661    0.000000   15.058753 ^ clkbuf_0_clk/A (sky130_fd_sc_hd__clkbuf_16)
     2    0.018491    0.030838    0.098517   15.157269 ^ clkbuf_0_clk/X (sky130_fd_sc_hd__clkbuf_16)
                                                         clknet_0_clk (net)
                      0.030845    0.000155   15.157424 ^ clkbuf_1_1__f_clk/A (sky130_fd_sc_hd__clkbuf_16)
     2    0.006595    0.022091    0.075049   15.232473 ^ clkbuf_1_1__f_clk/X (sky130_fd_sc_hd__clkbuf_16)
                                                         clknet_1_1__leaf_clk (net)
                      0.022091    0.000135   15.232609 ^ _15_/CLK (sky130_fd_sc_hd__dfrtp_1)
                                 -0.250000   14.982610   clock uncertainty
                                  0.000000   14.982610   clock reconvergence pessimism
                                 -0.074102   14.908506   library setup time
                                             14.908506   data required time
---------------------------------------------------------------------------------------------
                                             14.908506   data required time
                                             -0.940888   data arrival time
---------------------------------------------------------------------------------------------
                                             13.967619   slack (MET)


Startpoint: _12_ (rising edge-triggered flip-flop clocked by clk)
Endpoint: _12_ (rising edge-triggered flip-flop clocked by clk)
Path Group: clk
Path Type: max

Fanout         Cap        Slew       Delay        Time   Description
---------------------------------------------------------------------------------------------
                                  0.000000    0.000000   clock clk (rise edge)
                                  0.000000    0.000000   clock source latency
     1    0.024218    0.085658    0.058753    0.058753 ^ clk (in)
                                                         clk (net)
                      0.085661    0.000000    0.058753 ^ clkbuf_0_clk/A (sky130_fd_sc_hd__clkbuf_16)
     2    0.018491    0.030838    0.098517    0.157270 ^ clkbuf_0_clk/X (sky130_fd_sc_hd__clkbuf_16)
                                                         clknet_0_clk (net)
                      0.030845    0.000169    0.157439 ^ clkbuf_1_0__f_clk/A (sky130_fd_sc_hd__clkbuf_16)
     2    0.005835    0.021567    0.074408    0.231847 ^ clkbuf_1_0__f_clk/X (sky130_fd_sc_hd__clkbuf_16)
                                                         clknet_1_0__leaf_clk (net)
                      0.021567    0.000043    0.231890 ^ _12_/CLK (sky130_fd_sc_hd__dfrtp_1)
     5    0.016763    0.116550    0.260085    0.491976 ^ _12_/Q (sky130_fd_sc_hd__dfrtp_1)
                                                         net2 (net)
                      0.116550    0.000118    0.492094 ^ hold4/A (sky130_fd_sc_hd__dlygate4sd3_1)
     1    0.005938    0.058415    0.403494    0.895588 ^ hold4/X (sky130_fd_sc_hd__dlygate4sd3_1)
                                                         net9 (net)
                      0.058415    0.000085    0.895672 ^ _06_/A (sky130_fd_sc_hd__inv_2)
     1    0.003793    0.017206    0.017583    0.913255 v _06_/Y (sky130_fd_sc_hd__inv_2)
                                                         _00_ (net)
                      0.017206    0.000060    0.913315 v _12_/D (sky130_fd_sc_hd__dfrtp_1)
                                              0.913315   data arrival time

                                 15.000000   15.000000   clock clk (rise edge)
                                  0.000000   15.000000   clock source latency
     1    0.024218    0.085658    0.058753   15.058753 ^ clk (in)
                                                         clk (net)
                      0.085661    0.000000   15.058753 ^ clkbuf_0_clk/A (sky130_fd_sc_hd__clkbuf_16)
     2    0.018491    0.030838    0.098517   15.157269 ^ clkbuf_0_clk/X (sky130_fd_sc_hd__clkbuf_16)
                                                         clknet_0_clk (net)
                      0.030845    0.000169   15.157438 ^ clkbuf_1_0__f_clk/A (sky130_fd_sc_hd__clkbuf_16)
     2    0.005835    0.021567    0.074410   15.231848 ^ clkbuf_1_0__f_clk/X (sky130_fd_sc_hd__clkbuf_16)
                                                         clknet_1_0__leaf_clk (net)
                      0.021567    0.000043   15.231891 ^ _12_/CLK (sky130_fd_sc_hd__dfrtp_1)
                                 -0.250000   14.981892   clock uncertainty
                                  0.000000   14.981892   clock reconvergence pessimism
                                 -0.068163   14.913730   library setup time
                                             14.913730   data required time
---------------------------------------------------------------------------------------------
                                             14.913730   data required time
                                             -0.913315   data arrival time
---------------------------------------------------------------------------------------------
                                             14.000415   slack (MET)



%OL_END_REPORT
%OL_CREATE_REPORT checks.rpt

===========================================================================
report_checks -unconstrained
===========================================================================
======================= min_ff_n40C_1v95 Corner ===================================

Startpoint: rst_n (input port clocked by clk)
Endpoint: _14_ (recovery check against rising-edge clock clk)
Path Group: asynchronous
Path Type: max

Fanout         Cap        Slew       Delay        Time   Description
---------------------------------------------------------------------------------------------
                                  0.000000    0.000000   clock clk (rise edge)
                                  0.000000    0.000000   clock network delay (propagated)
                                  3.000000    3.000000 ^ input external delay
     1    0.003864    0.017736    0.010010    3.010010 ^ rst_n (in)
                                                         rst_n (net)
                      0.017736    0.000000    3.010010 ^ input1/A (sky130_fd_sc_hd__buf_1)
     4    0.016746    0.149935    0.130311    3.140321 ^ input1/X (sky130_fd_sc_hd__buf_1)
                                                         net1 (net)
                      0.149935    0.000138    3.140459 ^ _14_/RESET_B (sky130_fd_sc_hd__dfrtp_1)
                                              3.140459   data arrival time

                                 15.000000   15.000000   clock clk (rise edge)
                                  0.000000   15.000000   clock source latency
     1    0.024218    0.085658    0.058753   15.058753 ^ clk (in)
                                                         clk (net)
                      0.085661    0.000000   15.058753 ^ clkbuf_0_clk/A (sky130_fd_sc_hd__clkbuf_16)
     2    0.018491    0.030838    0.098517   15.157269 ^ clkbuf_0_clk/X (sky130_fd_sc_hd__clkbuf_16)
                                                         clknet_0_clk (net)
                      0.030845    0.000169   15.157438 ^ clkbuf_1_0__f_clk/A (sky130_fd_sc_hd__clkbuf_16)
     2    0.005835    0.021567    0.074410   15.231848 ^ clkbuf_1_0__f_clk/X (sky130_fd_sc_hd__clkbuf_16)
                                                         clknet_1_0__leaf_clk (net)
                      0.021567    0.000069   15.231917 ^ _14_/CLK (sky130_fd_sc_hd__dfrtp_1)
                                 -0.250000   14.981918   clock uncertainty
                                  0.000000   14.981918   clock reconvergence pessimism
                                  0.119955   15.101874   library recovery time
                                             15.101874   data required time
---------------------------------------------------------------------------------------------
                                             15.101874   data required time
                                             -3.140459   data arrival time
---------------------------------------------------------------------------------------------
                                             11.961415   slack (MET)


Startpoint: _12_ (rising edge-triggered flip-flop clocked by clk)
Endpoint: count[0] (output port clocked by clk)
Path Group: clk
Path Type: max

Fanout         Cap        Slew       Delay        Time   Description
---------------------------------------------------------------------------------------------
                                  0.000000    0.000000   clock clk (rise edge)
                                  0.000000    0.000000   clock source latency
     1    0.024218    0.085658    0.058753    0.058753 ^ clk (in)
                                                         clk (net)
                      0.085661    0.000000    0.058753 ^ clkbuf_0_clk/A (sky130_fd_sc_hd__clkbuf_16)
     2    0.018491    0.030838    0.098517    0.157270 ^ clkbuf_0_clk/X (sky130_fd_sc_hd__clkbuf_16)
                                                         clknet_0_clk (net)
                      0.030845    0.000169    0.157439 ^ clkbuf_1_0__f_clk/A (sky130_fd_sc_hd__clkbuf_16)
     2    0.005835    0.021567    0.074408    0.231847 ^ clkbuf_1_0__f_clk/X (sky130_fd_sc_hd__clkbuf_16)
                                                         clknet_1_0__leaf_clk (net)
                      0.021567    0.000043    0.231890 ^ _12_/CLK (sky130_fd_sc_hd__dfrtp_1)
     5    0.016763    0.116550    0.260085    0.491976 ^ _12_/Q (sky130_fd_sc_hd__dfrtp_1)
                                                         net2 (net)
                      0.116550    0.000254    0.492229 ^ output2/A (sky130_fd_sc_hd__buf_2)
     1    0.033970    0.127013    0.158072    0.650302 ^ output2/X (sky130_fd_sc_hd__buf_2)
                                                         count[0] (net)
                      0.127013    0.000183    0.650485 ^ count[0] (out)
                                              0.650485   data arrival time

                                 15.000000   15.000000   clock clk (rise edge)
                                  0.000000   15.000000   clock network delay (propagated)
                                 -0.250000   14.750000   clock uncertainty
                                  0.000000   14.750000   clock reconvergence pessimism
                                 -3.000000   11.750000   output external delay
                                             11.750000   data required time
---------------------------------------------------------------------------------------------
                                             11.750000   data required time
                                             -0.650485   data arrival time
---------------------------------------------------------------------------------------------
                                             11.099515   slack (MET)




===========================================================================
report_checks --slack_max -0.01
============================================================================
======================= min_ff_n40C_1v95 Corner ===================================

No paths found.


===========================================================================
 report_check_types -max_slew -max_cap -max_fanout -violators
============================================================================
======================= min_ff_n40C_1v95 Corner ===================================



===========================================================================
report_parasitic_annotation -report_unannotated
============================================================================
Found 0 unannotated drivers.
Found 0 partially unannotated drivers.

===========================================================================
max slew violation count 0
%OL_METRIC_I design__max_slew_violation__count__corner:min_ff_n40C_1v95 0
max fanout violation count 0
%OL_METRIC_I design__max_fanout_violation__count__corner:min_ff_n40C_1v95 0
max cap violation count 0
%OL_METRIC_I design__max_cap_violation__count__corner:min_ff_n40C_1v95 0
============================================================================

===========================================================================
check_setup -verbose -unconstrained_endpoints -multiple_clock -no_clock -no_input_delay -loops -generated_clocks
===========================================================================
%OL_END_REPORT
%OL_CREATE_REPORT power.rpt

===========================================================================
 report_power
============================================================================
======================= min_ff_n40C_1v95 Corner ===================================

Group                    Internal    Switching      Leakage        Total
                            Power        Power        Power        Power (Watts)
------------------------------------------------------------------------
Sequential           1.264837e-05 0.000000e+00 6.075800e-11 1.264843e-05  21.2%
Combinational        6.150883e-08 2.122509e-07 2.028672e-10 2.739626e-07   0.5%
Clock                3.887324e-05 7.838358e-06 2.476741e-09 4.671408e-05  78.3%
Macro                0.000000e+00 0.000000e+00 0.000000e+00 0.000000e+00   0.0%
Pad                  0.000000e+00 0.000000e+00 0.000000e+00 0.000000e+00   0.0%
------------------------------------------------------------------------
Total                5.158312e-05 8.050609e-06 2.740366e-09 5.963647e-05 100.0%
                            86.5%        13.5%         0.0%
%OL_METRIC_F power__internal__total 5.158312342246063e-5
%OL_METRIC_F power__switching__total 8.050608812482096e-6
%OL_METRIC_F power__leakage__total 2.740366156217533e-9
%OL_METRIC_F power__total 5.963647345197387e-5

%OL_END_REPORT
%OL_CREATE_REPORT skew.min.rpt

===========================================================================
Clock Skew (Hold)
============================================================================
%OL_METRIC_F clock__skew__worst_hold__corner:min_ff_n40C_1v95 -0.2507180090059074
======================= min_ff_n40C_1v95 Corner ===================================

Clock clk
0.231890 source latency _12_/CLK ^
-0.232608 target latency _15_/CLK ^
-0.250000 clock uncertainty
0.000000 CRPR
--------------
-0.250718 hold skew

%OL_END_REPORT
%OL_CREATE_REPORT skew.max.rpt

===========================================================================
Clock Skew (Setup)
============================================================================
%OL_METRIC_F clock__skew__worst_setup__corner:min_ff_n40C_1v95 0.2506550593586308
======================= min_ff_n40C_1v95 Corner ===================================

Clock clk
0.232574 source latency _13_/CLK ^
-0.231918 target latency _14_/CLK ^
0.250000 clock uncertainty
0.000000 CRPR
--------------
0.250655 setup skew

%OL_END_REPORT
%OL_CREATE_REPORT ws.min.rpt

===========================================================================
Worst Slack (Hold)
============================================================================
%OL_METRIC_F timing__hold__ws__corner:min_ff_n40C_1v95 0.15813567569673992
min_ff_n40C_1v95: 0.15813567569673992
%OL_END_REPORT
%OL_CREATE_REPORT ws.max.rpt

===========================================================================
Worst Slack (Setup)
============================================================================
%OL_METRIC_F timing__setup__ws__corner:min_ff_n40C_1v95 11.099515398738276
min_ff_n40C_1v95: 11.099515398738276
%OL_END_REPORT
%OL_CREATE_REPORT tns.min.rpt

===========================================================================
Total Negative Slack (Hold)
============================================================================
%OL_METRIC_F timing__hold__tns__corner:min_ff_n40C_1v95 0.0
min_ff_n40C_1v95: 0.0
%OL_END_REPORT
%OL_CREATE_REPORT tns.max.rpt

===========================================================================
Total Negative Slack (Setup)
============================================================================
%OL_METRIC_F timing__setup__tns__corner:min_ff_n40C_1v95 0.0
min_ff_n40C_1v95: 0.0
%OL_END_REPORT
%OL_CREATE_REPORT wns.min.rpt

===========================================================================
Worst Negative Slack (Hold)
============================================================================
%OL_METRIC_F timing__hold__wns__corner:min_ff_n40C_1v95 0
min_ff_n40C_1v95: 0
%OL_END_REPORT
%OL_CREATE_REPORT wns.max.rpt

===========================================================================
Worst Negative Slack (Setup)
============================================================================
%OL_METRIC_F timing__setup__wns__corner:min_ff_n40C_1v95 0.0
min_ff_n40C_1v95: 0.0
%OL_END_REPORT
%OL_CREATE_REPORT violator_list.rpt

===========================================================================
Violator List
============================================================================
%OL_METRIC_I timing__hold_vio__count__corner:min_ff_n40C_1v95 0
%OL_METRIC_F timing__hold_r2r__ws__corner:min_ff_n40C_1v95 0.158136
%OL_METRIC_I timing__hold_r2r_vio__count__corner:min_ff_n40C_1v95 0
%OL_METRIC_I timing__setup_vio__count__corner:min_ff_n40C_1v95 0
%OL_METRIC_F timing__setup_r2r__ws__corner:min_ff_n40C_1v95 13.585649
%OL_METRIC_I timing__setup_r2r_vio__count__corner:min_ff_n40C_1v95 0
%OL_END_REPORT
%OL_CREATE_REPORT unpropagated.rpt
%OL_END_REPORT
%OL_CREATE_REPORT clock.rpt
Clock: clk
Sources: clk 
Generated: no
Virtual: yes
Propagated: no
Period: 15.000000

===========================================================================
report_clock_properties
============================================================================
Clock                   Period          Waveform
----------------------------------------------------
clk                  15.000000    0.000000  7.500000

===========================================================================
report_clock_latency
============================================================================
Clock clk
rise -> rise
    min     max
0.000000 0.000000 source latency
0.231890         network latency _12_/CLK
        0.232608 network latency _15_/CLK
---------------
0.231890 0.232608 latency
        0.000718 skew

fall -> fall
    min     max
0.000000 0.000000 source latency
0.211776         network latency _12_/CLK
        0.212439 network latency _15_/CLK
---------------
0.211776 0.212439 latency
        0.000663 skew



===========================================================================
report_clock_min_period
============================================================================
clk period_min = 1.41 fmax = 707.04
%OL_END_REPORT
Writing SDF files for all corners…
Removing Clock latencies before writing libs…
Writing timing models for all corners…
Writing timing models for the min_ff_n40C_1v95 corner to /home/jihan/projects/openlane_flow/designs/counter_4bit/runs/RUN_2025-12-04_01-46-29/54-openroad-stapostpnr/min_ff_n40C_1v95/counter_4bit__min_ff_n40C_1v95.lib…
