
===========================================================================
report_checks -unconstrained
===========================================================================
======================= nom_tt_025C_1v80 Corner ===================================

Startpoint: rst_n (input port clocked by clk)
Endpoint: _12_ (recovery check against rising-edge clock clk)
Path Group: asynchronous
Path Type: max

Fanout         Cap        Slew       Delay        Time   Description
---------------------------------------------------------------------------------------------
                                  0.000000    0.000000   clock clk (rise edge)
                                  0.000000    0.000000   clock network delay (propagated)
                                  3.000000    3.000000 ^ input external delay
     1    0.003092    0.020989    0.011351    3.011351 ^ rst_n (in)
                                                         rst_n (net)
                      0.020989    0.000000    3.011351 ^ input1/A (sky130_fd_sc_hd__buf_1)
     4    0.018083    0.216483    0.192750    3.204101 ^ input1/X (sky130_fd_sc_hd__buf_1)
                                                         net1 (net)
                      0.216484    0.000355    3.204456 ^ _12_/RESET_B (sky130_fd_sc_hd__dfrtp_1)
                                              3.204456   data arrival time

                                 15.000000   15.000000   clock clk (rise edge)
                                  0.000000   15.000000   clock source latency
     1    0.023468    0.111148    0.076666   15.076666 ^ clk (in)
                                                         clk (net)
                      0.111153    0.000000   15.076666 ^ clkbuf_0_clk/A (sky130_fd_sc_hd__clkbuf_16)
     2    0.018481    0.040612    0.148152   15.224817 ^ clkbuf_0_clk/X (sky130_fd_sc_hd__clkbuf_16)
                                                         clknet_0_clk (net)
                      0.040623    0.000592   15.225409 ^ clkbuf_1_0__f_clk/A (sky130_fd_sc_hd__clkbuf_16)
     2    0.006580    0.030242    0.110814   15.336224 ^ clkbuf_1_0__f_clk/X (sky130_fd_sc_hd__clkbuf_16)
                                                         clknet_1_0__leaf_clk (net)
                      0.030242    0.000117   15.336341 ^ _12_/CLK (sky130_fd_sc_hd__dfrtp_1)
                                 -0.250000   15.086342   clock uncertainty
                                  0.000000   15.086342   clock reconvergence pessimism
                                  0.181309   15.267651   library recovery time
                                             15.267651   data required time
---------------------------------------------------------------------------------------------
                                             15.267651   data required time
                                             -3.204456   data arrival time
---------------------------------------------------------------------------------------------
                                             12.063195   slack (MET)


Startpoint: _12_ (rising edge-triggered flip-flop clocked by clk)
Endpoint: count[0] (output port clocked by clk)
Path Group: clk
Path Type: max

Fanout         Cap        Slew       Delay        Time   Description
---------------------------------------------------------------------------------------------
                                  0.000000    0.000000   clock clk (rise edge)
                                  0.000000    0.000000   clock source latency
     1    0.023468    0.111148    0.076665    0.076665 ^ clk (in)
                                                         clk (net)
                      0.111153    0.000000    0.076665 ^ clkbuf_0_clk/A (sky130_fd_sc_hd__clkbuf_16)
     2    0.018481    0.040612    0.148152    0.224817 ^ clkbuf_0_clk/X (sky130_fd_sc_hd__clkbuf_16)
                                                         clknet_0_clk (net)
                      0.040623    0.000592    0.225409 ^ clkbuf_1_0__f_clk/A (sky130_fd_sc_hd__clkbuf_16)
     2    0.006580    0.030242    0.110814    0.336224 ^ clkbuf_1_0__f_clk/X (sky130_fd_sc_hd__clkbuf_16)
                                                         clknet_1_0__leaf_clk (net)
                      0.030242    0.000116    0.336340 ^ _12_/CLK (sky130_fd_sc_hd__dfrtp_1)
     5    0.015938    0.149002    0.393429    0.729769 ^ _12_/Q (sky130_fd_sc_hd__dfrtp_1)
                                                         net2 (net)
                      0.149002    0.000435    0.730204 ^ output2/A (sky130_fd_sc_hd__buf_2)
     1    0.034305    0.170859    0.233720    0.963924 ^ output2/X (sky130_fd_sc_hd__buf_2)
                                                         count[0] (net)
                      0.170861    0.000957    0.964881 ^ count[0] (out)
                                              0.964881   data arrival time

                                 15.000000   15.000000   clock clk (rise edge)
                                  0.000000   15.000000   clock network delay (propagated)
                                 -0.250000   14.750000   clock uncertainty
                                  0.000000   14.750000   clock reconvergence pessimism
                                 -3.000000   11.750000   output external delay
                                             11.750000   data required time
---------------------------------------------------------------------------------------------
                                             11.750000   data required time
                                             -0.964881   data arrival time
---------------------------------------------------------------------------------------------
                                             10.785119   slack (MET)




===========================================================================
report_checks --slack_max -0.01
============================================================================
======================= nom_tt_025C_1v80 Corner ===================================

No paths found.


===========================================================================
 report_check_types -max_slew -max_cap -max_fanout -violators
============================================================================
======================= nom_tt_025C_1v80 Corner ===================================



===========================================================================
report_parasitic_annotation -report_unannotated
============================================================================
Found 0 unannotated drivers.
Found 0 partially unannotated drivers.

===========================================================================
max slew violation count 0
Writing metric design__max_slew_violation__count__corner:nom_tt_025C_1v80: 0
max fanout violation count 0
Writing metric design__max_fanout_violation__count__corner:nom_tt_025C_1v80: 0
max cap violation count 0
Writing metric design__max_cap_violation__count__corner:nom_tt_025C_1v80: 0
============================================================================

===========================================================================
check_setup -verbose -unconstrained_endpoints -multiple_clock -no_clock -no_input_delay -loops -generated_clocks
===========================================================================
