Clock: clk
Sources: clk 
Generated: no
Virtual: yes
Propagated: no
Period: 15.000000

===========================================================================
report_clock_properties
============================================================================
Clock                   Period          Waveform
----------------------------------------------------
clk                  15.000000    0.000000  7.500000

===========================================================================
report_clock_latency
============================================================================
Clock clk
rise -> rise
    min     max
0.000000 0.000000 source latency
0.336340         network latency _12_/CLK
        0.337090 network latency _15_/CLK
---------------
0.336340 0.337090 latency
        0.000750 skew

fall -> fall
    min     max
0.000000 0.000000 source latency
0.314346         network latency _12_/CLK
        0.315037 network latency _15_/CLK
---------------
0.314346 0.315037 latency
        0.000691 skew



===========================================================================
report_clock_min_period
============================================================================
clk period_min = 2.06 fmax = 485.31
