
===========================================================================
 report_power
============================================================================
======================= nom_tt_025C_1v80 Corner ===================================

Group                    Internal    Switching      Leakage        Total
                            Power        Power        Power        Power (Watts)
------------------------------------------------------------------------
Sequential           1.086887e-05 0.000000e+00 5.131949e-11 1.086893e-05  21.0%
Combinational        5.588125e-08 1.952982e-07 6.632939e-11 2.512458e-07   0.5%
Clock                3.380225e-05 6.947277e-06 4.581746e-10 4.074998e-05  78.6%
Macro                0.000000e+00 0.000000e+00 0.000000e+00 0.000000e+00   0.0%
Pad                  0.000000e+00 0.000000e+00 0.000000e+00 0.000000e+00   0.0%
------------------------------------------------------------------------
Total                4.472700e-05 7.142576e-06 5.758234e-10 5.187015e-05 100.0%
                            86.2%        13.8%         0.0%
Writing metric power__internal__total: 4.472700311453082e-5
Writing metric power__switching__total: 7.142575668694917e-6
Writing metric power__leakage__total: 5.758233889707753e-10
Writing metric power__total: 5.187015267438255e-5

