
===========================================================================
report_checks -unconstrained
===========================================================================
======================= nom_tt_025C_1v80 Corner ===================================

Startpoint: rst_n (input port clocked by clk)
Endpoint: _32_ (recovery check against rising-edge clock clk)
Path Group: asynchronous
Path Type: max

Fanout         Cap        Slew       Delay        Time   Description
---------------------------------------------------------------------------------------------
                                  0.000000    0.000000   clock clk (rise edge)
                                  0.000000    0.000000   clock network delay (propagated)
                                  3.000000    3.000000 ^ input external delay
     1    0.002174    0.017089    0.008122    3.008122 ^ rst_n (in)
                                                         rst_n (net)
                      0.017089    0.000000    3.008122 ^ input7/A (sky130_fd_sc_hd__dlymetal6s2s_1)
     4    0.019864    0.213600    0.197614    3.205736 ^ input7/X (sky130_fd_sc_hd__dlymetal6s2s_1)
                                                         net7 (net)
                      0.213602    0.000523    3.206259 ^ _32_/RESET_B (sky130_fd_sc_hd__dfrtp_1)
                                              3.206259   data arrival time

                                 15.000000   15.000000   clock clk (rise edge)
                                  0.000000   15.000000   clock source latency
     1    0.008877    0.046427    0.030411   15.030411 ^ clk (in)
                                                         clk (net)
                      0.046428    0.000000   15.030411 ^ clkbuf_0_clk/A (sky130_fd_sc_hd__clkbuf_16)
     2    0.017407    0.039632    0.123388   15.153799 ^ clkbuf_0_clk/X (sky130_fd_sc_hd__clkbuf_16)
                                                         clknet_0_clk (net)
                      0.039641    0.000398   15.154197 ^ clkbuf_1_0__f_clk/A (sky130_fd_sc_hd__clkbuf_16)
     2    0.005082    0.028843    0.108672   15.262869 ^ clkbuf_1_0__f_clk/X (sky130_fd_sc_hd__clkbuf_16)
                                                         clknet_1_0__leaf_clk (net)
                      0.028843    0.000123   15.262991 ^ _32_/CLK (sky130_fd_sc_hd__dfrtp_1)
                                 -0.250000   15.012992   clock uncertainty
                                  0.000000   15.012992   clock reconvergence pessimism
                                  0.181618   15.194611   library recovery time
                                             15.194611   data required time
---------------------------------------------------------------------------------------------
                                             15.194611   data required time
                                             -3.206259   data arrival time
---------------------------------------------------------------------------------------------
                                             11.988351   slack (MET)


Startpoint: _30_ (rising edge-triggered flip-flop clocked by clk)
Endpoint: count[0] (output port clocked by clk)
Path Group: clk
Path Type: max

Fanout         Cap        Slew       Delay        Time   Description
---------------------------------------------------------------------------------------------
                                  0.000000    0.000000   clock clk (rise edge)
                                  0.000000    0.000000   clock source latency
     1    0.008877    0.046427    0.030412    0.030412 ^ clk (in)
                                                         clk (net)
                      0.046428    0.000000    0.030412 ^ clkbuf_0_clk/A (sky130_fd_sc_hd__clkbuf_16)
     2    0.017407    0.039632    0.123386    0.153798 ^ clkbuf_0_clk/X (sky130_fd_sc_hd__clkbuf_16)
                                                         clknet_0_clk (net)
                      0.039641    0.000399    0.154197 ^ clkbuf_1_0__f_clk/A (sky130_fd_sc_hd__clkbuf_16)
     2    0.005082    0.028843    0.108671    0.262868 ^ clkbuf_1_0__f_clk/X (sky130_fd_sc_hd__clkbuf_16)
                                                         clknet_1_0__leaf_clk (net)
                      0.028843    0.000106    0.262974 ^ _30_/CLK (sky130_fd_sc_hd__dfrtp_1)
     6    0.021244    0.192793    0.424996    0.687970 ^ _30_/Q (sky130_fd_sc_hd__dfrtp_1)
                                                         net8 (net)
                      0.192793    0.000680    0.688650 ^ output8/A (sky130_fd_sc_hd__buf_2)
     1    0.035591    0.176883    0.249814    0.938464 ^ output8/X (sky130_fd_sc_hd__buf_2)
                                                         count[0] (net)
                      0.176885    0.000983    0.939447 ^ count[0] (out)
                                              0.939447   data arrival time

                                 15.000000   15.000000   clock clk (rise edge)
                                  0.000000   15.000000   clock network delay (propagated)
                                 -0.250000   14.750000   clock uncertainty
                                  0.000000   14.750000   clock reconvergence pessimism
                                 -3.000000   11.750000   output external delay
                                             11.750000   data required time
---------------------------------------------------------------------------------------------
                                             11.750000   data required time
                                             -0.939447   data arrival time
---------------------------------------------------------------------------------------------
                                             10.810554   slack (MET)




===========================================================================
report_checks --slack_max -0.01
============================================================================
======================= nom_tt_025C_1v80 Corner ===================================

No paths found.


===========================================================================
 report_check_types -max_slew -max_cap -max_fanout -violators
============================================================================
======================= nom_tt_025C_1v80 Corner ===================================



===========================================================================
report_parasitic_annotation -report_unannotated
============================================================================
Found 0 unannotated drivers.
Found 0 partially unannotated drivers.

===========================================================================
max slew violation count 0
max fanout violation count 0
max cap violation count 0
============================================================================

===========================================================================
check_setup -verbose -unconstrained_endpoints -multiple_clock -no_clock -no_input_delay -loops -generated_clocks
===========================================================================
