Clock: clk
Sources: clk 
Generated: no
Virtual: yes
Propagated: no
Period: 15.000000

===========================================================================
report_clock_properties
============================================================================
Clock                   Period          Waveform
----------------------------------------------------
clk                  15.000000    0.000000  7.500000

===========================================================================
report_clock_latency
============================================================================
Clock clk
rise -> rise
    min     max
0.000000 0.000000 source latency
0.262974         network latency _30_/CLK
        0.264090 network latency _31_/CLK
---------------
0.262974 0.264090 latency
        0.001116 skew

fall -> fall
    min     max
0.000000 0.000000 source latency
0.273702         network latency _30_/CLK
        0.274719 network latency _31_/CLK
---------------
0.273702 0.274719 latency
        0.001017 skew



===========================================================================
report_clock_min_period
============================================================================
clk period_min = 1.36 fmax = 736.55
