
===========================================================================
report_checks -path_delay min (Hold)
============================================================================
======================= nom_tt_025C_1v80 Corner ===================================

Startpoint: _30_ (rising edge-triggered flip-flop clocked by clk)
Endpoint: _30_ (rising edge-triggered flip-flop clocked by clk)
Path Group: clk
Path Type: min

Fanout         Cap        Slew       Delay        Time   Description
---------------------------------------------------------------------------------------------
                                  0.000000    0.000000   clock clk (rise edge)
                                  0.000000    0.000000   clock source latency
     1    0.008877    0.046427    0.030412    0.030412 ^ clk (in)
                                                         clk (net)
                      0.046428    0.000000    0.030412 ^ clkbuf_0_clk/A (sky130_fd_sc_hd__clkbuf_16)
     2    0.017407    0.039632    0.123386    0.153798 ^ clkbuf_0_clk/X (sky130_fd_sc_hd__clkbuf_16)
                                                         clknet_0_clk (net)
                      0.039641    0.000399    0.154197 ^ clkbuf_1_0__f_clk/A (sky130_fd_sc_hd__clkbuf_16)
     2    0.005082    0.028843    0.108671    0.262868 ^ clkbuf_1_0__f_clk/X (sky130_fd_sc_hd__clkbuf_16)
                                                         clknet_1_0__leaf_clk (net)
                      0.028843    0.000106    0.262974 ^ _30_/CLK (sky130_fd_sc_hd__dfrtp_1)
     6    0.021244    0.192793    0.424996    0.687970 ^ _30_/Q (sky130_fd_sc_hd__dfrtp_1)
                                                         net8 (net)
                      0.192793    0.000405    0.688375 ^ _19_/A3 (sky130_fd_sc_hd__o31a_1)
     1    0.002220    0.040957    0.136872    0.825247 ^ _19_/X (sky130_fd_sc_hd__o31a_1)
                                                         _00_ (net)
                      0.040957    0.000062    0.825310 ^ _30_/D (sky130_fd_sc_hd__dfrtp_1)
                                              0.825310   data arrival time

                                  0.000000    0.000000   clock clk (rise edge)
                                  0.000000    0.000000   clock source latency
     1    0.008877    0.046427    0.030412    0.030412 ^ clk (in)
                                                         clk (net)
                      0.046428    0.000000    0.030412 ^ clkbuf_0_clk/A (sky130_fd_sc_hd__clkbuf_16)
     2    0.017407    0.039632    0.123386    0.153798 ^ clkbuf_0_clk/X (sky130_fd_sc_hd__clkbuf_16)
                                                         clknet_0_clk (net)
                      0.039641    0.000399    0.154197 ^ clkbuf_1_0__f_clk/A (sky130_fd_sc_hd__clkbuf_16)
     2    0.005082    0.028843    0.108671    0.262868 ^ clkbuf_1_0__f_clk/X (sky130_fd_sc_hd__clkbuf_16)
                                                         clknet_1_0__leaf_clk (net)
                      0.028843    0.000106    0.262974 ^ _30_/CLK (sky130_fd_sc_hd__dfrtp_1)
                                  0.250000    0.512974   clock uncertainty
                                  0.000000    0.512974   clock reconvergence pessimism
                                 -0.036123    0.476851   library hold time
                                              0.476851   data required time
---------------------------------------------------------------------------------------------
                                              0.476851   data required time
                                             -0.825310   data arrival time
---------------------------------------------------------------------------------------------
                                              0.348459   slack (MET)


Startpoint: _33_ (rising edge-triggered flip-flop clocked by clk)
Endpoint: _33_ (rising edge-triggered flip-flop clocked by clk)
Path Group: clk
Path Type: min

Fanout         Cap        Slew       Delay        Time   Description
---------------------------------------------------------------------------------------------
                                  0.000000    0.000000   clock clk (rise edge)
                                  0.000000    0.000000   clock source latency
     1    0.008877    0.046427    0.030412    0.030412 ^ clk (in)
                                                         clk (net)
                      0.046428    0.000000    0.030412 ^ clkbuf_0_clk/A (sky130_fd_sc_hd__clkbuf_16)
     2    0.017407    0.039632    0.123386    0.153798 ^ clkbuf_0_clk/X (sky130_fd_sc_hd__clkbuf_16)
                                                         clknet_0_clk (net)
                      0.039641    0.000386    0.154184 ^ clkbuf_1_1__f_clk/A (sky130_fd_sc_hd__clkbuf_16)
     2    0.005985    0.029662    0.109748    0.263933 ^ clkbuf_1_1__f_clk/X (sky130_fd_sc_hd__clkbuf_16)
                                                         clknet_1_1__leaf_clk (net)
                      0.029662    0.000140    0.264073 ^ _33_/CLK (sky130_fd_sc_hd__dfrtp_1)
     3    0.007716    0.083076    0.342387    0.606460 ^ _33_/Q (sky130_fd_sc_hd__dfrtp_1)
                                                         net11 (net)
                      0.083076    0.000225    0.606685 ^ _28_/B (sky130_fd_sc_hd__nand2_1)
     1    0.002960    0.034738    0.058570    0.665255 v _28_/Y (sky130_fd_sc_hd__nand2_1)
                                                         _14_ (net)
                      0.034738    0.000088    0.665343 v _29_/B2 (sky130_fd_sc_hd__o221a_1)
     1    0.002508    0.031936    0.194082    0.859425 v _29_/X (sky130_fd_sc_hd__o221a_1)
                                                         _03_ (net)
                      0.031936    0.000073    0.859498 v _33_/D (sky130_fd_sc_hd__dfrtp_1)
                                              0.859498   data arrival time

                                  0.000000    0.000000   clock clk (rise edge)
                                  0.000000    0.000000   clock source latency
     1    0.008877    0.046427    0.030412    0.030412 ^ clk (in)
                                                         clk (net)
                      0.046428    0.000000    0.030412 ^ clkbuf_0_clk/A (sky130_fd_sc_hd__clkbuf_16)
     2    0.017407    0.039632    0.123386    0.153798 ^ clkbuf_0_clk/X (sky130_fd_sc_hd__clkbuf_16)
                                                         clknet_0_clk (net)
                      0.039641    0.000386    0.154184 ^ clkbuf_1_1__f_clk/A (sky130_fd_sc_hd__clkbuf_16)
     2    0.005985    0.029662    0.109748    0.263933 ^ clkbuf_1_1__f_clk/X (sky130_fd_sc_hd__clkbuf_16)
                                                         clknet_1_1__leaf_clk (net)
                      0.029662    0.000140    0.264073 ^ _33_/CLK (sky130_fd_sc_hd__dfrtp_1)
                                  0.250000    0.514073   clock uncertainty
                                  0.000000    0.514073   clock reconvergence pessimism
                                 -0.043955    0.470119   library hold time
                                              0.470119   data required time
---------------------------------------------------------------------------------------------
                                              0.470119   data required time
                                             -0.859498   data arrival time
---------------------------------------------------------------------------------------------
                                              0.389380   slack (MET)


Startpoint: _31_ (rising edge-triggered flip-flop clocked by clk)
Endpoint: _31_ (rising edge-triggered flip-flop clocked by clk)
Path Group: clk
Path Type: min

Fanout         Cap        Slew       Delay        Time   Description
---------------------------------------------------------------------------------------------
                                  0.000000    0.000000   clock clk (rise edge)
                                  0.000000    0.000000   clock source latency
     1    0.008877    0.046427    0.030412    0.030412 ^ clk (in)
                                                         clk (net)
                      0.046428    0.000000    0.030412 ^ clkbuf_0_clk/A (sky130_fd_sc_hd__clkbuf_16)
     2    0.017407    0.039632    0.123386    0.153798 ^ clkbuf_0_clk/X (sky130_fd_sc_hd__clkbuf_16)
                                                         clknet_0_clk (net)
                      0.039641    0.000386    0.154184 ^ clkbuf_1_1__f_clk/A (sky130_fd_sc_hd__clkbuf_16)
     2    0.005985    0.029662    0.109748    0.263933 ^ clkbuf_1_1__f_clk/X (sky130_fd_sc_hd__clkbuf_16)
                                                         clknet_1_1__leaf_clk (net)
                      0.029662    0.000157    0.264090 ^ _31_/CLK (sky130_fd_sc_hd__dfrtp_1)
     5    0.017834    0.105397    0.417402    0.681492 v _31_/Q (sky130_fd_sc_hd__dfrtp_1)
                                                         net9 (net)
                      0.105402    0.000773    0.682264 v _16_/A (sky130_fd_sc_hd__inv_2)
     1    0.002946    0.034980    0.061038    0.743302 ^ _16_/Y (sky130_fd_sc_hd__inv_2)
                                                         _05_ (net)
                      0.034980    0.000062    0.743365 ^ _21_/A (sky130_fd_sc_hd__nand2_1)
     1    0.002671    0.029098    0.040007    0.783371 v _21_/Y (sky130_fd_sc_hd__nand2_1)
                                                         _09_ (net)
                      0.029098    0.000076    0.783448 v _22_/C1 (sky130_fd_sc_hd__o211a_1)
     1    0.002517    0.028022    0.095143    0.878591 v _22_/X (sky130_fd_sc_hd__o211a_1)
                                                         _01_ (net)
                      0.028022    0.000071    0.878662 v _31_/D (sky130_fd_sc_hd__dfrtp_1)
                                              0.878662   data arrival time

                                  0.000000    0.000000   clock clk (rise edge)
                                  0.000000    0.000000   clock source latency
     1    0.008877    0.046427    0.030412    0.030412 ^ clk (in)
                                                         clk (net)
                      0.046428    0.000000    0.030412 ^ clkbuf_0_clk/A (sky130_fd_sc_hd__clkbuf_16)
     2    0.017407    0.039632    0.123386    0.153798 ^ clkbuf_0_clk/X (sky130_fd_sc_hd__clkbuf_16)
                                                         clknet_0_clk (net)
                      0.039641    0.000386    0.154184 ^ clkbuf_1_1__f_clk/A (sky130_fd_sc_hd__clkbuf_16)
     2    0.005985    0.029662    0.109748    0.263933 ^ clkbuf_1_1__f_clk/X (sky130_fd_sc_hd__clkbuf_16)
                                                         clknet_1_1__leaf_clk (net)
                      0.029662    0.000157    0.264090 ^ _31_/CLK (sky130_fd_sc_hd__dfrtp_1)
                                  0.250000    0.514090   clock uncertainty
                                  0.000000    0.514090   clock reconvergence pessimism
                                 -0.042361    0.471729   library hold time
                                              0.471729   data required time
---------------------------------------------------------------------------------------------
                                              0.471729   data required time
                                             -0.878662   data arrival time
---------------------------------------------------------------------------------------------
                                              0.406933   slack (MET)


Startpoint: _32_ (rising edge-triggered flip-flop clocked by clk)
Endpoint: _32_ (rising edge-triggered flip-flop clocked by clk)
Path Group: clk
Path Type: min

Fanout         Cap        Slew       Delay        Time   Description
---------------------------------------------------------------------------------------------
                                  0.000000    0.000000   clock clk (rise edge)
                                  0.000000    0.000000   clock source latency
     1    0.008877    0.046427    0.030412    0.030412 ^ clk (in)
                                                         clk (net)
                      0.046428    0.000000    0.030412 ^ clkbuf_0_clk/A (sky130_fd_sc_hd__clkbuf_16)
     2    0.017407    0.039632    0.123386    0.153798 ^ clkbuf_0_clk/X (sky130_fd_sc_hd__clkbuf_16)
                                                         clknet_0_clk (net)
                      0.039641    0.000399    0.154197 ^ clkbuf_1_0__f_clk/A (sky130_fd_sc_hd__clkbuf_16)
     2    0.005082    0.028843    0.108671    0.262868 ^ clkbuf_1_0__f_clk/X (sky130_fd_sc_hd__clkbuf_16)
                                                         clknet_1_0__leaf_clk (net)
                      0.028843    0.000123    0.262991 ^ _32_/CLK (sky130_fd_sc_hd__dfrtp_1)
     4    0.011665    0.113854    0.367142    0.630133 ^ _32_/Q (sky130_fd_sc_hd__dfrtp_1)
                                                         net10 (net)
                      0.113854    0.000243    0.630376 ^ _24_/A (sky130_fd_sc_hd__nor2_1)
     1    0.002719    0.022480    0.059565    0.689941 v _24_/Y (sky130_fd_sc_hd__nor2_1)
                                                         _11_ (net)
                      0.022481    0.000086    0.690027 v _26_/A1_N (sky130_fd_sc_hd__a2bb2o_1)
     1    0.002434    0.039903    0.235163    0.925190 ^ _26_/X (sky130_fd_sc_hd__a2bb2o_1)
                                                         _02_ (net)
                      0.039903    0.000069    0.925259 ^ _32_/D (sky130_fd_sc_hd__dfrtp_1)
                                              0.925259   data arrival time

                                  0.000000    0.000000   clock clk (rise edge)
                                  0.000000    0.000000   clock source latency
     1    0.008877    0.046427    0.030412    0.030412 ^ clk (in)
                                                         clk (net)
                      0.046428    0.000000    0.030412 ^ clkbuf_0_clk/A (sky130_fd_sc_hd__clkbuf_16)
     2    0.017407    0.039632    0.123386    0.153798 ^ clkbuf_0_clk/X (sky130_fd_sc_hd__clkbuf_16)
                                                         clknet_0_clk (net)
                      0.039641    0.000399    0.154197 ^ clkbuf_1_0__f_clk/A (sky130_fd_sc_hd__clkbuf_16)
     2    0.005082    0.028843    0.108671    0.262868 ^ clkbuf_1_0__f_clk/X (sky130_fd_sc_hd__clkbuf_16)
                                                         clknet_1_0__leaf_clk (net)
                      0.028843    0.000123    0.262991 ^ _32_/CLK (sky130_fd_sc_hd__dfrtp_1)
                                  0.250000    0.512991   clock uncertainty
                                  0.000000    0.512991   clock reconvergence pessimism
                                 -0.035902    0.477089   library hold time
                                              0.477089   data required time
---------------------------------------------------------------------------------------------
                                              0.477089   data required time
                                             -0.925259   data arrival time
---------------------------------------------------------------------------------------------
                                              0.448169   slack (MET)


Startpoint: rst_n (input port clocked by clk)
Endpoint: _31_ (removal check against rising-edge clock clk)
Path Group: asynchronous
Path Type: min

Fanout         Cap        Slew       Delay        Time   Description
---------------------------------------------------------------------------------------------
                                  0.000000    0.000000   clock clk (rise edge)
                                  0.000000    0.000000   clock network delay (propagated)
                                  3.000000    3.000000 ^ input external delay
     1    0.002174    0.017089    0.008122    3.008122 ^ rst_n (in)
                                                         rst_n (net)
                      0.017089    0.000000    3.008122 ^ input7/A (sky130_fd_sc_hd__dlymetal6s2s_1)
     4    0.019864    0.213600    0.197614    3.205736 ^ input7/X (sky130_fd_sc_hd__dlymetal6s2s_1)
                                                         net7 (net)
                      0.213602    0.000391    3.206127 ^ _31_/RESET_B (sky130_fd_sc_hd__dfrtp_1)
                                              3.206127   data arrival time

                                  0.000000    0.000000   clock clk (rise edge)
                                  0.000000    0.000000   clock source latency
     1    0.008877    0.046427    0.030412    0.030412 ^ clk (in)
                                                         clk (net)
                      0.046428    0.000000    0.030412 ^ clkbuf_0_clk/A (sky130_fd_sc_hd__clkbuf_16)
     2    0.017407    0.039632    0.123386    0.153798 ^ clkbuf_0_clk/X (sky130_fd_sc_hd__clkbuf_16)
                                                         clknet_0_clk (net)
                      0.039641    0.000386    0.154184 ^ clkbuf_1_1__f_clk/A (sky130_fd_sc_hd__clkbuf_16)
     2    0.005985    0.029662    0.109748    0.263933 ^ clkbuf_1_1__f_clk/X (sky130_fd_sc_hd__clkbuf_16)
                                                         clknet_1_1__leaf_clk (net)
                      0.029662    0.000157    0.264090 ^ _31_/CLK (sky130_fd_sc_hd__dfrtp_1)
                                  0.250000    0.514090   clock uncertainty
                                  0.000000    0.514090   clock reconvergence pessimism
                                  0.362466    0.876556   library removal time
                                              0.876556   data required time
---------------------------------------------------------------------------------------------
                                              0.876556   data required time
                                             -3.206127   data arrival time
---------------------------------------------------------------------------------------------
                                              2.329571   slack (MET)


Startpoint: rst_n (input port clocked by clk)
Endpoint: _33_ (removal check against rising-edge clock clk)
Path Group: asynchronous
Path Type: min

Fanout         Cap        Slew       Delay        Time   Description
---------------------------------------------------------------------------------------------
                                  0.000000    0.000000   clock clk (rise edge)
                                  0.000000    0.000000   clock network delay (propagated)
                                  3.000000    3.000000 ^ input external delay
     1    0.002174    0.017089    0.008122    3.008122 ^ rst_n (in)
                                                         rst_n (net)
                      0.017089    0.000000    3.008122 ^ input7/A (sky130_fd_sc_hd__dlymetal6s2s_1)
     4    0.019864    0.213600    0.197614    3.205736 ^ input7/X (sky130_fd_sc_hd__dlymetal6s2s_1)
                                                         net7 (net)
                      0.213602    0.000484    3.206220 ^ _33_/RESET_B (sky130_fd_sc_hd__dfrtp_1)
                                              3.206220   data arrival time

                                  0.000000    0.000000   clock clk (rise edge)
                                  0.000000    0.000000   clock source latency
     1    0.008877    0.046427    0.030412    0.030412 ^ clk (in)
                                                         clk (net)
                      0.046428    0.000000    0.030412 ^ clkbuf_0_clk/A (sky130_fd_sc_hd__clkbuf_16)
     2    0.017407    0.039632    0.123386    0.153798 ^ clkbuf_0_clk/X (sky130_fd_sc_hd__clkbuf_16)
                                                         clknet_0_clk (net)
                      0.039641    0.000386    0.154184 ^ clkbuf_1_1__f_clk/A (sky130_fd_sc_hd__clkbuf_16)
     2    0.005985    0.029662    0.109748    0.263933 ^ clkbuf_1_1__f_clk/X (sky130_fd_sc_hd__clkbuf_16)
                                                         clknet_1_1__leaf_clk (net)
                      0.029662    0.000140    0.264073 ^ _33_/CLK (sky130_fd_sc_hd__dfrtp_1)
                                  0.250000    0.514073   clock uncertainty
                                  0.000000    0.514073   clock reconvergence pessimism
                                  0.362466    0.876539   library removal time
                                              0.876539   data required time
---------------------------------------------------------------------------------------------
                                              0.876539   data required time
                                             -3.206220   data arrival time
---------------------------------------------------------------------------------------------
                                              2.329680   slack (MET)


Startpoint: rst_n (input port clocked by clk)
Endpoint: _30_ (removal check against rising-edge clock clk)
Path Group: asynchronous
Path Type: min

Fanout         Cap        Slew       Delay        Time   Description
---------------------------------------------------------------------------------------------
                                  0.000000    0.000000   clock clk (rise edge)
                                  0.000000    0.000000   clock network delay (propagated)
                                  3.000000    3.000000 ^ input external delay
     1    0.002174    0.017089    0.008122    3.008122 ^ rst_n (in)
                                                         rst_n (net)
                      0.017089    0.000000    3.008122 ^ input7/A (sky130_fd_sc_hd__dlymetal6s2s_1)
     4    0.019864    0.213600    0.197614    3.205736 ^ input7/X (sky130_fd_sc_hd__dlymetal6s2s_1)
                                                         net7 (net)
                      0.213602    0.000403    3.206139 ^ _30_/RESET_B (sky130_fd_sc_hd__dfrtp_1)
                                              3.206139   data arrival time

                                  0.000000    0.000000   clock clk (rise edge)
                                  0.000000    0.000000   clock source latency
     1    0.008877    0.046427    0.030412    0.030412 ^ clk (in)
                                                         clk (net)
                      0.046428    0.000000    0.030412 ^ clkbuf_0_clk/A (sky130_fd_sc_hd__clkbuf_16)
     2    0.017407    0.039632    0.123386    0.153798 ^ clkbuf_0_clk/X (sky130_fd_sc_hd__clkbuf_16)
                                                         clknet_0_clk (net)
                      0.039641    0.000399    0.154197 ^ clkbuf_1_0__f_clk/A (sky130_fd_sc_hd__clkbuf_16)
     2    0.005082    0.028843    0.108671    0.262868 ^ clkbuf_1_0__f_clk/X (sky130_fd_sc_hd__clkbuf_16)
                                                         clknet_1_0__leaf_clk (net)
                      0.028843    0.000106    0.262974 ^ _30_/CLK (sky130_fd_sc_hd__dfrtp_1)
                                  0.250000    0.512974   clock uncertainty
                                  0.000000    0.512974   clock reconvergence pessimism
                                  0.362244    0.875217   library removal time
                                              0.875217   data required time
---------------------------------------------------------------------------------------------
                                              0.875217   data required time
                                             -3.206139   data arrival time
---------------------------------------------------------------------------------------------
                                              2.330921   slack (MET)


Startpoint: rst_n (input port clocked by clk)
Endpoint: _32_ (removal check against rising-edge clock clk)
Path Group: asynchronous
Path Type: min

Fanout         Cap        Slew       Delay        Time   Description
---------------------------------------------------------------------------------------------
                                  0.000000    0.000000   clock clk (rise edge)
                                  0.000000    0.000000   clock network delay (propagated)
                                  3.000000    3.000000 ^ input external delay
     1    0.002174    0.017089    0.008122    3.008122 ^ rst_n (in)
                                                         rst_n (net)
                      0.017089    0.000000    3.008122 ^ input7/A (sky130_fd_sc_hd__dlymetal6s2s_1)
     4    0.019864    0.213600    0.197614    3.205736 ^ input7/X (sky130_fd_sc_hd__dlymetal6s2s_1)
                                                         net7 (net)
                      0.213602    0.000523    3.206259 ^ _32_/RESET_B (sky130_fd_sc_hd__dfrtp_1)
                                              3.206259   data arrival time

                                  0.000000    0.000000   clock clk (rise edge)
                                  0.000000    0.000000   clock source latency
     1    0.008877    0.046427    0.030412    0.030412 ^ clk (in)
                                                         clk (net)
                      0.046428    0.000000    0.030412 ^ clkbuf_0_clk/A (sky130_fd_sc_hd__clkbuf_16)
     2    0.017407    0.039632    0.123386    0.153798 ^ clkbuf_0_clk/X (sky130_fd_sc_hd__clkbuf_16)
                                                         clknet_0_clk (net)
                      0.039641    0.000399    0.154197 ^ clkbuf_1_0__f_clk/A (sky130_fd_sc_hd__clkbuf_16)
     2    0.005082    0.028843    0.108671    0.262868 ^ clkbuf_1_0__f_clk/X (sky130_fd_sc_hd__clkbuf_16)
                                                         clknet_1_0__leaf_clk (net)
                      0.028843    0.000123    0.262991 ^ _32_/CLK (sky130_fd_sc_hd__dfrtp_1)
                                  0.250000    0.512991   clock uncertainty
                                  0.000000    0.512991   clock reconvergence pessimism
                                  0.362244    0.875235   library removal time
                                              0.875235   data required time
---------------------------------------------------------------------------------------------
                                              0.875235   data required time
                                             -3.206259   data arrival time
---------------------------------------------------------------------------------------------
                                              2.331024   slack (MET)


Startpoint: _33_ (rising edge-triggered flip-flop clocked by clk)
Endpoint: count[3] (output port clocked by clk)
Path Group: clk
Path Type: min

Fanout         Cap        Slew       Delay        Time   Description
---------------------------------------------------------------------------------------------
                                  0.000000    0.000000   clock clk (rise edge)
                                  0.000000    0.000000   clock source latency
     1    0.008877    0.046427    0.030412    0.030412 ^ clk (in)
                                                         clk (net)
                      0.046428    0.000000    0.030412 ^ clkbuf_0_clk/A (sky130_fd_sc_hd__clkbuf_16)
     2    0.017407    0.039632    0.123386    0.153798 ^ clkbuf_0_clk/X (sky130_fd_sc_hd__clkbuf_16)
                                                         clknet_0_clk (net)
                      0.039641    0.000386    0.154184 ^ clkbuf_1_1__f_clk/A (sky130_fd_sc_hd__clkbuf_16)
     2    0.005985    0.029662    0.109748    0.263933 ^ clkbuf_1_1__f_clk/X (sky130_fd_sc_hd__clkbuf_16)
                                                         clknet_1_1__leaf_clk (net)
                      0.029662    0.000140    0.264073 ^ _33_/CLK (sky130_fd_sc_hd__dfrtp_1)
     3    0.007716    0.083076    0.342387    0.606460 ^ _33_/Q (sky130_fd_sc_hd__dfrtp_1)
                                                         net11 (net)
                      0.083076    0.000178    0.606638 ^ output11/A (sky130_fd_sc_hd__buf_2)
     1    0.033932    0.168795    0.211032    0.817670 ^ output11/X (sky130_fd_sc_hd__buf_2)
                                                         count[3] (net)
                      0.168795    0.000614    0.818283 ^ count[3] (out)
                                              0.818283   data arrival time

                                  0.000000    0.000000   clock clk (rise edge)
                                  0.000000    0.000000   clock network delay (propagated)
                                  0.250000    0.250000   clock uncertainty
                                  0.000000    0.250000   clock reconvergence pessimism
                                 -3.000000   -2.750000   output external delay
                                             -2.750000   data required time
---------------------------------------------------------------------------------------------
                                             -2.750000   data required time
                                             -0.818283   data arrival time
---------------------------------------------------------------------------------------------
                                              3.568283   slack (MET)


Startpoint: _32_ (rising edge-triggered flip-flop clocked by clk)
Endpoint: count[2] (output port clocked by clk)
Path Group: clk
Path Type: min

Fanout         Cap        Slew       Delay        Time   Description
---------------------------------------------------------------------------------------------
                                  0.000000    0.000000   clock clk (rise edge)
                                  0.000000    0.000000   clock source latency
     1    0.008877    0.046427    0.030412    0.030412 ^ clk (in)
                                                         clk (net)
                      0.046428    0.000000    0.030412 ^ clkbuf_0_clk/A (sky130_fd_sc_hd__clkbuf_16)
     2    0.017407    0.039632    0.123386    0.153798 ^ clkbuf_0_clk/X (sky130_fd_sc_hd__clkbuf_16)
                                                         clknet_0_clk (net)
                      0.039641    0.000399    0.154197 ^ clkbuf_1_0__f_clk/A (sky130_fd_sc_hd__clkbuf_16)
     2    0.005082    0.028843    0.108671    0.262868 ^ clkbuf_1_0__f_clk/X (sky130_fd_sc_hd__clkbuf_16)
                                                         clknet_1_0__leaf_clk (net)
                      0.028843    0.000123    0.262991 ^ _32_/CLK (sky130_fd_sc_hd__dfrtp_1)
     4    0.010961    0.074998    0.389602    0.652593 v _32_/Q (sky130_fd_sc_hd__dfrtp_1)
                                                         net10 (net)
                      0.074998    0.000232    0.652825 v output10/A (sky130_fd_sc_hd__buf_2)
     1    0.034165    0.089282    0.193319    0.846144 v output10/X (sky130_fd_sc_hd__buf_2)
                                                         count[2] (net)
                      0.089287    0.000706    0.846850 v count[2] (out)
                                              0.846850   data arrival time

                                  0.000000    0.000000   clock clk (rise edge)
                                  0.000000    0.000000   clock network delay (propagated)
                                  0.250000    0.250000   clock uncertainty
                                  0.000000    0.250000   clock reconvergence pessimism
                                 -3.000000   -2.750000   output external delay
                                             -2.750000   data required time
---------------------------------------------------------------------------------------------
                                             -2.750000   data required time
                                             -0.846850   data arrival time
---------------------------------------------------------------------------------------------
                                              3.596850   slack (MET)


Startpoint: _31_ (rising edge-triggered flip-flop clocked by clk)
Endpoint: count[1] (output port clocked by clk)
Path Group: clk
Path Type: min

Fanout         Cap        Slew       Delay        Time   Description
---------------------------------------------------------------------------------------------
                                  0.000000    0.000000   clock clk (rise edge)
                                  0.000000    0.000000   clock source latency
     1    0.008877    0.046427    0.030412    0.030412 ^ clk (in)
                                                         clk (net)
                      0.046428    0.000000    0.030412 ^ clkbuf_0_clk/A (sky130_fd_sc_hd__clkbuf_16)
     2    0.017407    0.039632    0.123386    0.153798 ^ clkbuf_0_clk/X (sky130_fd_sc_hd__clkbuf_16)
                                                         clknet_0_clk (net)
                      0.039641    0.000386    0.154184 ^ clkbuf_1_1__f_clk/A (sky130_fd_sc_hd__clkbuf_16)
     2    0.005985    0.029662    0.109748    0.263933 ^ clkbuf_1_1__f_clk/X (sky130_fd_sc_hd__clkbuf_16)
                                                         clknet_1_1__leaf_clk (net)
                      0.029662    0.000157    0.264090 ^ _31_/CLK (sky130_fd_sc_hd__dfrtp_1)
     5    0.017834    0.105397    0.417402    0.681492 v _31_/Q (sky130_fd_sc_hd__dfrtp_1)
                                                         net9 (net)
                      0.105397    0.000397    0.681888 v output9/A (sky130_fd_sc_hd__buf_2)
     1    0.033964    0.088842    0.206843    0.888731 v output9/X (sky130_fd_sc_hd__buf_2)
                                                         count[1] (net)
                      0.088846    0.000615    0.889346 v count[1] (out)
                                              0.889346   data arrival time

                                  0.000000    0.000000   clock clk (rise edge)
                                  0.000000    0.000000   clock network delay (propagated)
                                  0.250000    0.250000   clock uncertainty
                                  0.000000    0.250000   clock reconvergence pessimism
                                 -3.000000   -2.750000   output external delay
                                             -2.750000   data required time
---------------------------------------------------------------------------------------------
                                             -2.750000   data required time
                                             -0.889346   data arrival time
---------------------------------------------------------------------------------------------
                                              3.639345   slack (MET)


Startpoint: _30_ (rising edge-triggered flip-flop clocked by clk)
Endpoint: count[0] (output port clocked by clk)
Path Group: clk
Path Type: min

Fanout         Cap        Slew       Delay        Time   Description
---------------------------------------------------------------------------------------------
                                  0.000000    0.000000   clock clk (rise edge)
                                  0.000000    0.000000   clock source latency
     1    0.008877    0.046427    0.030412    0.030412 ^ clk (in)
                                                         clk (net)
                      0.046428    0.000000    0.030412 ^ clkbuf_0_clk/A (sky130_fd_sc_hd__clkbuf_16)
     2    0.017407    0.039632    0.123386    0.153798 ^ clkbuf_0_clk/X (sky130_fd_sc_hd__clkbuf_16)
                                                         clknet_0_clk (net)
                      0.039641    0.000399    0.154197 ^ clkbuf_1_0__f_clk/A (sky130_fd_sc_hd__clkbuf_16)
     2    0.005082    0.028843    0.108671    0.262868 ^ clkbuf_1_0__f_clk/X (sky130_fd_sc_hd__clkbuf_16)
                                                         clknet_1_0__leaf_clk (net)
                      0.028843    0.000106    0.262974 ^ _30_/CLK (sky130_fd_sc_hd__dfrtp_1)
     6    0.020029    0.115273    0.426051    0.689025 v _30_/Q (sky130_fd_sc_hd__dfrtp_1)
                                                         net8 (net)
                      0.115275    0.000642    0.689666 v output8/A (sky130_fd_sc_hd__buf_2)
     1    0.035591    0.092513    0.214089    0.903755 v output8/X (sky130_fd_sc_hd__buf_2)
                                                         count[0] (net)
                      0.092524    0.000982    0.904738 v count[0] (out)
                                              0.904738   data arrival time

                                  0.000000    0.000000   clock clk (rise edge)
                                  0.000000    0.000000   clock network delay (propagated)
                                  0.250000    0.250000   clock uncertainty
                                  0.000000    0.250000   clock reconvergence pessimism
                                 -3.000000   -2.750000   output external delay
                                             -2.750000   data required time
---------------------------------------------------------------------------------------------
                                             -2.750000   data required time
                                             -0.904738   data arrival time
---------------------------------------------------------------------------------------------
                                              3.654738   slack (MET)



