Clock: clk
Sources: clk 
Generated: no
Virtual: yes
Propagated: no
Period: 20.000000

===========================================================================
report_clock_properties
============================================================================
Clock                   Period          Waveform
----------------------------------------------------
clk                  20.000000    0.000000 10.000000

===========================================================================
report_clock_latency
============================================================================
Clock clk
rise -> rise
    min     max
0.000000 0.000000 source latency
0.338526         network latency _14_/CLK
        0.343428 network latency _12_/CLK
---------------
0.338526 0.343428 latency
        0.004902 skew

fall -> fall
    min     max
0.000000 0.000000 source latency
0.315404         network latency _14_/CLK
        0.319611 network latency _12_/CLK
---------------
0.315404 0.319611 latency
        0.004207 skew



===========================================================================
report_clock_min_period
============================================================================
clk period_min = 1.53 fmax = 654.18
