
===========================================================================
report_checks -path_delay max (Setup)
============================================================================
======================= min_tt_025C_1v80 Corner ===================================

Startpoint: _12_ (rising edge-triggered flip-flop clocked by clk)
Endpoint: count[0] (output port clocked by clk)
Path Group: clk
Path Type: max

Fanout         Cap        Slew       Delay        Time   Description
---------------------------------------------------------------------------------------------
                                  0.000000    0.000000   clock clk (rise edge)
                                  0.000000    0.000000   clock source latency
     1    0.023905    0.113082    0.077897    0.077897 ^ clk (in)
                                                         clk (net)
                      0.113084    0.000000    0.077897 ^ clkbuf_0_clk/A (sky130_fd_sc_hd__clkbuf_16)
     2    0.020010    0.041927    0.150421    0.228318 ^ clkbuf_0_clk/X (sky130_fd_sc_hd__clkbuf_16)
                                                         clknet_0_clk (net)
                      0.041927    0.000299    0.228617 ^ clkbuf_1_1__f_clk/A (sky130_fd_sc_hd__clkbuf_16)
     3    0.009914    0.033259    0.114665    0.343282 ^ clkbuf_1_1__f_clk/X (sky130_fd_sc_hd__clkbuf_16)
                                                         clknet_1_1__leaf_clk (net)
                      0.033260    0.000147    0.343428 ^ _12_/CLK (sky130_fd_sc_hd__dfrtp_2)
     4    0.011145    0.061057    0.407373    0.750801 v _12_/Q (sky130_fd_sc_hd__dfrtp_2)
                                                         net2 (net)
                      0.061057    0.000152    0.750953 v output2/A (sky130_fd_sc_hd__buf_2)
     1    0.033963    0.088592    0.187020    0.937973 v output2/X (sky130_fd_sc_hd__buf_2)
                                                         count[0] (net)
                      0.088592    0.000183    0.938156 v count[0] (out)
                                              0.938156   data arrival time

                                 20.000000   20.000000   clock clk (rise edge)
                                  0.000000   20.000000   clock network delay (propagated)
                                 -0.250000   19.750002   clock uncertainty
                                  0.000000   19.750002   clock reconvergence pessimism
                                 -4.000000   15.750001   output external delay
                                             15.750001   data required time
---------------------------------------------------------------------------------------------
                                             15.750001   data required time
                                             -0.938156   data arrival time
---------------------------------------------------------------------------------------------
                                             14.811845   slack (MET)


Startpoint: _13_ (rising edge-triggered flip-flop clocked by clk)
Endpoint: count[1] (output port clocked by clk)
Path Group: clk
Path Type: max

Fanout         Cap        Slew       Delay        Time   Description
---------------------------------------------------------------------------------------------
                                  0.000000    0.000000   clock clk (rise edge)
                                  0.000000    0.000000   clock source latency
     1    0.023905    0.113082    0.077897    0.077897 ^ clk (in)
                                                         clk (net)
                      0.113084    0.000000    0.077897 ^ clkbuf_0_clk/A (sky130_fd_sc_hd__clkbuf_16)
     2    0.020010    0.041927    0.150421    0.228318 ^ clkbuf_0_clk/X (sky130_fd_sc_hd__clkbuf_16)
                                                         clknet_0_clk (net)
                      0.041927    0.000299    0.228617 ^ clkbuf_1_1__f_clk/A (sky130_fd_sc_hd__clkbuf_16)
     3    0.009914    0.033259    0.114665    0.343282 ^ clkbuf_1_1__f_clk/X (sky130_fd_sc_hd__clkbuf_16)
                                                         clknet_1_1__leaf_clk (net)
                      0.033259    0.000128    0.343410 ^ _13_/CLK (sky130_fd_sc_hd__dfrtp_1)
     4    0.011536    0.112785    0.368091    0.711501 ^ _13_/Q (sky130_fd_sc_hd__dfrtp_1)
                                                         net3 (net)
                      0.112785    0.000142    0.711643 ^ output3/A (sky130_fd_sc_hd__buf_2)
     1    0.033948    0.168947    0.222343    0.933985 ^ output3/X (sky130_fd_sc_hd__buf_2)
                                                         count[1] (net)
                      0.168947    0.000174    0.934160 ^ count[1] (out)
                                              0.934160   data arrival time

                                 20.000000   20.000000   clock clk (rise edge)
                                  0.000000   20.000000   clock network delay (propagated)
                                 -0.250000   19.750002   clock uncertainty
                                  0.000000   19.750002   clock reconvergence pessimism
                                 -4.000000   15.750001   output external delay
                                             15.750001   data required time
---------------------------------------------------------------------------------------------
                                             15.750001   data required time
                                             -0.934160   data arrival time
---------------------------------------------------------------------------------------------
                                             14.815842   slack (MET)


Startpoint: _14_ (rising edge-triggered flip-flop clocked by clk)
Endpoint: count[2] (output port clocked by clk)
Path Group: clk
Path Type: max

Fanout         Cap        Slew       Delay        Time   Description
---------------------------------------------------------------------------------------------
                                  0.000000    0.000000   clock clk (rise edge)
                                  0.000000    0.000000   clock source latency
     1    0.023905    0.113082    0.077897    0.077897 ^ clk (in)
                                                         clk (net)
                      0.113084    0.000000    0.077897 ^ clkbuf_0_clk/A (sky130_fd_sc_hd__clkbuf_16)
     2    0.020010    0.041927    0.150421    0.228318 ^ clkbuf_0_clk/X (sky130_fd_sc_hd__clkbuf_16)
                                                         clknet_0_clk (net)
                      0.041927    0.000236    0.228554 ^ clkbuf_1_0__f_clk/A (sky130_fd_sc_hd__clkbuf_16)
     2    0.005415    0.029140    0.109909    0.338462 ^ clkbuf_1_0__f_clk/X (sky130_fd_sc_hd__clkbuf_16)
                                                         clknet_1_0__leaf_clk (net)
                      0.029140    0.000064    0.338526 ^ _14_/CLK (sky130_fd_sc_hd__dfrtp_1)
     3    0.007749    0.062523    0.374611    0.713137 v _14_/Q (sky130_fd_sc_hd__dfrtp_1)
                                                         net4 (net)
                      0.062523    0.000080    0.713217 v output4/A (sky130_fd_sc_hd__buf_2)
     1    0.033969    0.088608    0.187699    0.900916 v output4/X (sky130_fd_sc_hd__buf_2)
                                                         count[2] (net)
                      0.088608    0.000183    0.901099 v count[2] (out)
                                              0.901099   data arrival time

                                 20.000000   20.000000   clock clk (rise edge)
                                  0.000000   20.000000   clock network delay (propagated)
                                 -0.250000   19.750002   clock uncertainty
                                  0.000000   19.750002   clock reconvergence pessimism
                                 -4.000000   15.750001   output external delay
                                             15.750001   data required time
---------------------------------------------------------------------------------------------
                                             15.750001   data required time
                                             -0.901099   data arrival time
---------------------------------------------------------------------------------------------
                                             14.848902   slack (MET)


Startpoint: _15_ (rising edge-triggered flip-flop clocked by clk)
Endpoint: count[3] (output port clocked by clk)
Path Group: clk
Path Type: max

Fanout         Cap        Slew       Delay        Time   Description
---------------------------------------------------------------------------------------------
                                  0.000000    0.000000   clock clk (rise edge)
                                  0.000000    0.000000   clock source latency
     1    0.023905    0.113082    0.077897    0.077897 ^ clk (in)
                                                         clk (net)
                      0.113084    0.000000    0.077897 ^ clkbuf_0_clk/A (sky130_fd_sc_hd__clkbuf_16)
     2    0.020010    0.041927    0.150421    0.228318 ^ clkbuf_0_clk/X (sky130_fd_sc_hd__clkbuf_16)
                                                         clknet_0_clk (net)
                      0.041927    0.000236    0.228554 ^ clkbuf_1_0__f_clk/A (sky130_fd_sc_hd__clkbuf_16)
     2    0.005415    0.029140    0.109909    0.338462 ^ clkbuf_1_0__f_clk/X (sky130_fd_sc_hd__clkbuf_16)
                                                         clknet_1_0__leaf_clk (net)
                      0.029140    0.000069    0.338531 ^ _15_/CLK (sky130_fd_sc_hd__dfrtp_1)
     2    0.006675    0.057090    0.368816    0.707347 v _15_/Q (sky130_fd_sc_hd__dfrtp_1)
                                                         net5 (net)
                      0.057090    0.000085    0.707432 v output5/A (sky130_fd_sc_hd__buf_2)
     1    0.034027    0.088734    0.185320    0.892752 v output5/X (sky130_fd_sc_hd__buf_2)
                                                         count[3] (net)
                      0.088734    0.000200    0.892952 v count[3] (out)
                                              0.892952   data arrival time

                                 20.000000   20.000000   clock clk (rise edge)
                                  0.000000   20.000000   clock network delay (propagated)
                                 -0.250000   19.750002   clock uncertainty
                                  0.000000   19.750002   clock reconvergence pessimism
                                 -4.000000   15.750001   output external delay
                                             15.750001   data required time
---------------------------------------------------------------------------------------------
                                             15.750001   data required time
                                             -0.892952   data arrival time
---------------------------------------------------------------------------------------------
                                             14.857048   slack (MET)


Startpoint: rst_n (input port clocked by clk)
Endpoint: _12_ (recovery check against rising-edge clock clk)
Path Group: asynchronous
Path Type: max

Fanout         Cap        Slew       Delay        Time   Description
---------------------------------------------------------------------------------------------
                                  0.000000    0.000000   clock clk (rise edge)
                                  0.000000    0.000000   clock network delay (propagated)
                                  4.000000    4.000000 ^ input external delay
     1    0.002699    0.019299    0.009942    4.009942 ^ rst_n (in)
                                                         rst_n (net)
                      0.019299    0.000000    4.009942 ^ input1/A (sky130_fd_sc_hd__buf_1)
     4    0.018404    0.220096    0.194848    4.204791 ^ input1/X (sky130_fd_sc_hd__buf_1)
                                                         net1 (net)
                      0.220096    0.000219    4.205010 ^ _12_/RESET_B (sky130_fd_sc_hd__dfrtp_2)
                                              4.205010   data arrival time

                                 20.000000   20.000000   clock clk (rise edge)
                                  0.000000   20.000000   clock source latency
     1    0.023905    0.113082    0.077897   20.077898 ^ clk (in)
                                                         clk (net)
                      0.113084    0.000000   20.077898 ^ clkbuf_0_clk/A (sky130_fd_sc_hd__clkbuf_16)
     2    0.020010    0.041927    0.150422   20.228319 ^ clkbuf_0_clk/X (sky130_fd_sc_hd__clkbuf_16)
                                                         clknet_0_clk (net)
                      0.041927    0.000298   20.228617 ^ clkbuf_1_1__f_clk/A (sky130_fd_sc_hd__clkbuf_16)
     3    0.009914    0.033259    0.114664   20.343281 ^ clkbuf_1_1__f_clk/X (sky130_fd_sc_hd__clkbuf_16)
                                                         clknet_1_1__leaf_clk (net)
                      0.033260    0.000147   20.343430 ^ _12_/CLK (sky130_fd_sc_hd__dfrtp_2)
                                 -0.250000   20.093430   clock uncertainty
                                  0.000000   20.093430   clock reconvergence pessimism
                                  0.163228   20.256657   library recovery time
                                             20.256657   data required time
---------------------------------------------------------------------------------------------
                                             20.256657   data required time
                                             -4.205010   data arrival time
---------------------------------------------------------------------------------------------
                                             16.051647   slack (MET)


Startpoint: rst_n (input port clocked by clk)
Endpoint: _14_ (recovery check against rising-edge clock clk)
Path Group: asynchronous
Path Type: max

Fanout         Cap        Slew       Delay        Time   Description
---------------------------------------------------------------------------------------------
                                  0.000000    0.000000   clock clk (rise edge)
                                  0.000000    0.000000   clock network delay (propagated)
                                  4.000000    4.000000 ^ input external delay
     1    0.002699    0.019299    0.009942    4.009942 ^ rst_n (in)
                                                         rst_n (net)
                      0.019299    0.000000    4.009942 ^ input1/A (sky130_fd_sc_hd__buf_1)
     4    0.018404    0.220096    0.194848    4.204791 ^ input1/X (sky130_fd_sc_hd__buf_1)
                                                         net1 (net)
                      0.220096    0.000218    4.205008 ^ _14_/RESET_B (sky130_fd_sc_hd__dfrtp_1)
                                              4.205008   data arrival time

                                 20.000000   20.000000   clock clk (rise edge)
                                  0.000000   20.000000   clock source latency
     1    0.023905    0.113082    0.077897   20.077898 ^ clk (in)
                                                         clk (net)
                      0.113084    0.000000   20.077898 ^ clkbuf_0_clk/A (sky130_fd_sc_hd__clkbuf_16)
     2    0.020010    0.041927    0.150422   20.228319 ^ clkbuf_0_clk/X (sky130_fd_sc_hd__clkbuf_16)
                                                         clknet_0_clk (net)
                      0.041927    0.000234   20.228554 ^ clkbuf_1_0__f_clk/A (sky130_fd_sc_hd__clkbuf_16)
     2    0.005415    0.029140    0.109909   20.338463 ^ clkbuf_1_0__f_clk/X (sky130_fd_sc_hd__clkbuf_16)
                                                         clknet_1_0__leaf_clk (net)
                      0.029140    0.000064   20.338526 ^ _14_/CLK (sky130_fd_sc_hd__dfrtp_1)
                                 -0.250000   20.088528   clock uncertainty
                                  0.000000   20.088528   clock reconvergence pessimism
                                  0.180026   20.268553   library recovery time
                                             20.268553   data required time
---------------------------------------------------------------------------------------------
                                             20.268553   data required time
                                             -4.205008   data arrival time
---------------------------------------------------------------------------------------------
                                             16.063543   slack (MET)


Startpoint: rst_n (input port clocked by clk)
Endpoint: _15_ (recovery check against rising-edge clock clk)
Path Group: asynchronous
Path Type: max

Fanout         Cap        Slew       Delay        Time   Description
---------------------------------------------------------------------------------------------
                                  0.000000    0.000000   clock clk (rise edge)
                                  0.000000    0.000000   clock network delay (propagated)
                                  4.000000    4.000000 ^ input external delay
     1    0.002699    0.019299    0.009942    4.009942 ^ rst_n (in)
                                                         rst_n (net)
                      0.019299    0.000000    4.009942 ^ input1/A (sky130_fd_sc_hd__buf_1)
     4    0.018404    0.220096    0.194848    4.204791 ^ input1/X (sky130_fd_sc_hd__buf_1)
                                                         net1 (net)
                      0.220096    0.000211    4.205002 ^ _15_/RESET_B (sky130_fd_sc_hd__dfrtp_1)
                                              4.205002   data arrival time

                                 20.000000   20.000000   clock clk (rise edge)
                                  0.000000   20.000000   clock source latency
     1    0.023905    0.113082    0.077897   20.077898 ^ clk (in)
                                                         clk (net)
                      0.113084    0.000000   20.077898 ^ clkbuf_0_clk/A (sky130_fd_sc_hd__clkbuf_16)
     2    0.020010    0.041927    0.150422   20.228319 ^ clkbuf_0_clk/X (sky130_fd_sc_hd__clkbuf_16)
                                                         clknet_0_clk (net)
                      0.041927    0.000234   20.228554 ^ clkbuf_1_0__f_clk/A (sky130_fd_sc_hd__clkbuf_16)
     2    0.005415    0.029140    0.109909   20.338463 ^ clkbuf_1_0__f_clk/X (sky130_fd_sc_hd__clkbuf_16)
                                                         clknet_1_0__leaf_clk (net)
                      0.029140    0.000069   20.338531 ^ _15_/CLK (sky130_fd_sc_hd__dfrtp_1)
                                 -0.250000   20.088531   clock uncertainty
                                  0.000000   20.088531   clock reconvergence pessimism
                                  0.180026   20.268557   library recovery time
                                             20.268557   data required time
---------------------------------------------------------------------------------------------
                                             20.268557   data required time
                                             -4.205002   data arrival time
---------------------------------------------------------------------------------------------
                                             16.063557   slack (MET)


Startpoint: rst_n (input port clocked by clk)
Endpoint: _13_ (recovery check against rising-edge clock clk)
Path Group: asynchronous
Path Type: max

Fanout         Cap        Slew       Delay        Time   Description
---------------------------------------------------------------------------------------------
                                  0.000000    0.000000   clock clk (rise edge)
                                  0.000000    0.000000   clock network delay (propagated)
                                  4.000000    4.000000 ^ input external delay
     1    0.002699    0.019299    0.009942    4.009942 ^ rst_n (in)
                                                         rst_n (net)
                      0.019299    0.000000    4.009942 ^ input1/A (sky130_fd_sc_hd__buf_1)
     4    0.018404    0.220096    0.194848    4.204791 ^ input1/X (sky130_fd_sc_hd__buf_1)
                                                         net1 (net)
                      0.220096    0.000253    4.205043 ^ _13_/RESET_B (sky130_fd_sc_hd__dfrtp_1)
                                              4.205043   data arrival time

                                 20.000000   20.000000   clock clk (rise edge)
                                  0.000000   20.000000   clock source latency
     1    0.023905    0.113082    0.077897   20.077898 ^ clk (in)
                                                         clk (net)
                      0.113084    0.000000   20.077898 ^ clkbuf_0_clk/A (sky130_fd_sc_hd__clkbuf_16)
     2    0.020010    0.041927    0.150422   20.228319 ^ clkbuf_0_clk/X (sky130_fd_sc_hd__clkbuf_16)
                                                         clknet_0_clk (net)
                      0.041927    0.000298   20.228617 ^ clkbuf_1_1__f_clk/A (sky130_fd_sc_hd__clkbuf_16)
     3    0.009914    0.033259    0.114664   20.343281 ^ clkbuf_1_1__f_clk/X (sky130_fd_sc_hd__clkbuf_16)
                                                         clknet_1_1__leaf_clk (net)
                      0.033259    0.000130   20.343410 ^ _13_/CLK (sky130_fd_sc_hd__dfrtp_1)
                                 -0.250000   20.093412   clock uncertainty
                                  0.000000   20.093412   clock reconvergence pessimism
                                  0.181318   20.274731   library recovery time
                                             20.274731   data required time
---------------------------------------------------------------------------------------------
                                             20.274731   data required time
                                             -4.205043   data arrival time
---------------------------------------------------------------------------------------------
                                             16.069687   slack (MET)


Startpoint: _12_ (rising edge-triggered flip-flop clocked by clk)
Endpoint: _13_ (rising edge-triggered flip-flop clocked by clk)
Path Group: clk
Path Type: max

Fanout         Cap        Slew       Delay        Time   Description
---------------------------------------------------------------------------------------------
                                  0.000000    0.000000   clock clk (rise edge)
                                  0.000000    0.000000   clock source latency
     1    0.023905    0.113082    0.077897    0.077897 ^ clk (in)
                                                         clk (net)
                      0.113084    0.000000    0.077897 ^ clkbuf_0_clk/A (sky130_fd_sc_hd__clkbuf_16)
     2    0.020010    0.041927    0.150421    0.228318 ^ clkbuf_0_clk/X (sky130_fd_sc_hd__clkbuf_16)
                                                         clknet_0_clk (net)
                      0.041927    0.000299    0.228617 ^ clkbuf_1_1__f_clk/A (sky130_fd_sc_hd__clkbuf_16)
     3    0.009914    0.033259    0.114665    0.343282 ^ clkbuf_1_1__f_clk/X (sky130_fd_sc_hd__clkbuf_16)
                                                         clknet_1_1__leaf_clk (net)
                      0.033260    0.000147    0.343428 ^ _12_/CLK (sky130_fd_sc_hd__dfrtp_2)
     4    0.011145    0.061057    0.407373    0.750801 v _12_/Q (sky130_fd_sc_hd__dfrtp_2)
                                                         net2 (net)
                      0.061057    0.000100    0.750901 v hold1/A (sky130_fd_sc_hd__dlygate4sd3_1)
     2    0.009764    0.085543    0.600078    1.350980 v hold1/X (sky130_fd_sc_hd__dlygate4sd3_1)
                                                         net6 (net)
                      0.085543    0.000093    1.351073 v _11_/B (sky130_fd_sc_hd__xor2_1)
     1    0.002700    0.052383    0.150759    1.501832 v _11_/X (sky130_fd_sc_hd__xor2_1)
                                                         _01_ (net)
                      0.052383    0.000029    1.501861 v _13_/D (sky130_fd_sc_hd__dfrtp_1)
                                              1.501861   data arrival time

                                 20.000000   20.000000   clock clk (rise edge)
                                  0.000000   20.000000   clock source latency
     1    0.023905    0.113082    0.077897   20.077898 ^ clk (in)
                                                         clk (net)
                      0.113084    0.000000   20.077898 ^ clkbuf_0_clk/A (sky130_fd_sc_hd__clkbuf_16)
     2    0.020010    0.041927    0.150422   20.228319 ^ clkbuf_0_clk/X (sky130_fd_sc_hd__clkbuf_16)
                                                         clknet_0_clk (net)
                      0.041927    0.000298   20.228617 ^ clkbuf_1_1__f_clk/A (sky130_fd_sc_hd__clkbuf_16)
     3    0.009914    0.033259    0.114664   20.343281 ^ clkbuf_1_1__f_clk/X (sky130_fd_sc_hd__clkbuf_16)
                                                         clknet_1_1__leaf_clk (net)
                      0.033259    0.000130   20.343410 ^ _13_/CLK (sky130_fd_sc_hd__dfrtp_1)
                                 -0.250000   20.093412   clock uncertainty
                                  0.000000   20.093412   clock reconvergence pessimism
                                 -0.120183   19.973228   library setup time
                                             19.973228   data required time
---------------------------------------------------------------------------------------------
                                             19.973228   data required time
                                             -1.501861   data arrival time
---------------------------------------------------------------------------------------------
                                             18.471369   slack (MET)


Startpoint: _14_ (rising edge-triggered flip-flop clocked by clk)
Endpoint: _14_ (rising edge-triggered flip-flop clocked by clk)
Path Group: clk
Path Type: max

Fanout         Cap        Slew       Delay        Time   Description
---------------------------------------------------------------------------------------------
                                  0.000000    0.000000   clock clk (rise edge)
                                  0.000000    0.000000   clock source latency
     1    0.023905    0.113082    0.077897    0.077897 ^ clk (in)
                                                         clk (net)
                      0.113084    0.000000    0.077897 ^ clkbuf_0_clk/A (sky130_fd_sc_hd__clkbuf_16)
     2    0.020010    0.041927    0.150421    0.228318 ^ clkbuf_0_clk/X (sky130_fd_sc_hd__clkbuf_16)
                                                         clknet_0_clk (net)
                      0.041927    0.000236    0.228554 ^ clkbuf_1_0__f_clk/A (sky130_fd_sc_hd__clkbuf_16)
     2    0.005415    0.029140    0.109909    0.338462 ^ clkbuf_1_0__f_clk/X (sky130_fd_sc_hd__clkbuf_16)
                                                         clknet_1_0__leaf_clk (net)
                      0.029140    0.000064    0.338526 ^ _14_/CLK (sky130_fd_sc_hd__dfrtp_1)
     3    0.007749    0.062523    0.374611    0.713137 v _14_/Q (sky130_fd_sc_hd__dfrtp_1)
                                                         net4 (net)
                      0.062523    0.000070    0.713207 v hold4/A (sky130_fd_sc_hd__dlygate4sd3_1)
     1    0.004753    0.062646    0.569846    1.283054 v hold4/X (sky130_fd_sc_hd__dlygate4sd3_1)
                                                         net9 (net)
                      0.062646    0.000081    1.283135 v _07_/B1 (sky130_fd_sc_hd__a21oi_1)
     1    0.003343    0.113969    0.123392    1.406528 ^ _07_/Y (sky130_fd_sc_hd__a21oi_1)
                                                         _04_ (net)
                      0.113969    0.000040    1.406567 ^ _09_/A (sky130_fd_sc_hd__nor2_1)
     1    0.002487    0.036553    0.058269    1.464837 v _09_/Y (sky130_fd_sc_hd__nor2_1)
                                                         _02_ (net)
                      0.036553    0.000024    1.464861 v _14_/D (sky130_fd_sc_hd__dfrtp_1)
                                              1.464861   data arrival time

                                 20.000000   20.000000   clock clk (rise edge)
                                  0.000000   20.000000   clock source latency
     1    0.023905    0.113082    0.077897   20.077898 ^ clk (in)
                                                         clk (net)
                      0.113084    0.000000   20.077898 ^ clkbuf_0_clk/A (sky130_fd_sc_hd__clkbuf_16)
     2    0.020010    0.041927    0.150422   20.228319 ^ clkbuf_0_clk/X (sky130_fd_sc_hd__clkbuf_16)
                                                         clknet_0_clk (net)
                      0.041927    0.000234   20.228554 ^ clkbuf_1_0__f_clk/A (sky130_fd_sc_hd__clkbuf_16)
     2    0.005415    0.029140    0.109909   20.338463 ^ clkbuf_1_0__f_clk/X (sky130_fd_sc_hd__clkbuf_16)
                                                         clknet_1_0__leaf_clk (net)
                      0.029140    0.000064   20.338526 ^ _14_/CLK (sky130_fd_sc_hd__dfrtp_1)
                                 -0.250000   20.088528   clock uncertainty
                                  0.000000   20.088528   clock reconvergence pessimism
                                 -0.114214   19.974312   library setup time
                                             19.974312   data required time
---------------------------------------------------------------------------------------------
                                             19.974312   data required time
                                             -1.464861   data arrival time
---------------------------------------------------------------------------------------------
                                             18.509453   slack (MET)


Startpoint: _15_ (rising edge-triggered flip-flop clocked by clk)
Endpoint: _15_ (rising edge-triggered flip-flop clocked by clk)
Path Group: clk
Path Type: max

Fanout         Cap        Slew       Delay        Time   Description
---------------------------------------------------------------------------------------------
                                  0.000000    0.000000   clock clk (rise edge)
                                  0.000000    0.000000   clock source latency
     1    0.023905    0.113082    0.077897    0.077897 ^ clk (in)
                                                         clk (net)
                      0.113084    0.000000    0.077897 ^ clkbuf_0_clk/A (sky130_fd_sc_hd__clkbuf_16)
     2    0.020010    0.041927    0.150421    0.228318 ^ clkbuf_0_clk/X (sky130_fd_sc_hd__clkbuf_16)
                                                         clknet_0_clk (net)
                      0.041927    0.000236    0.228554 ^ clkbuf_1_0__f_clk/A (sky130_fd_sc_hd__clkbuf_16)
     2    0.005415    0.029140    0.109909    0.338462 ^ clkbuf_1_0__f_clk/X (sky130_fd_sc_hd__clkbuf_16)
                                                         clknet_1_0__leaf_clk (net)
                      0.029140    0.000069    0.338531 ^ _15_/CLK (sky130_fd_sc_hd__dfrtp_1)
     2    0.006675    0.057090    0.368816    0.707347 v _15_/Q (sky130_fd_sc_hd__dfrtp_1)
                                                         net5 (net)
                      0.057090    0.000071    0.707418 v hold2/A (sky130_fd_sc_hd__dlygate4sd3_1)
     1    0.004627    0.062058    0.566571    1.273989 v hold2/X (sky130_fd_sc_hd__dlygate4sd3_1)
                                                         net7 (net)
                      0.062058    0.000043    1.274031 v _10_/A (sky130_fd_sc_hd__xor2_1)
     1    0.002783    0.050470    0.160190    1.434222 v _10_/X (sky130_fd_sc_hd__xor2_1)
                                                         _03_ (net)
                      0.050470    0.000033    1.434254 v _15_/D (sky130_fd_sc_hd__dfrtp_1)
                                              1.434254   data arrival time

                                 20.000000   20.000000   clock clk (rise edge)
                                  0.000000   20.000000   clock source latency
     1    0.023905    0.113082    0.077897   20.077898 ^ clk (in)
                                                         clk (net)
                      0.113084    0.000000   20.077898 ^ clkbuf_0_clk/A (sky130_fd_sc_hd__clkbuf_16)
     2    0.020010    0.041927    0.150422   20.228319 ^ clkbuf_0_clk/X (sky130_fd_sc_hd__clkbuf_16)
                                                         clknet_0_clk (net)
                      0.041927    0.000234   20.228554 ^ clkbuf_1_0__f_clk/A (sky130_fd_sc_hd__clkbuf_16)
     2    0.005415    0.029140    0.109909   20.338463 ^ clkbuf_1_0__f_clk/X (sky130_fd_sc_hd__clkbuf_16)
                                                         clknet_1_0__leaf_clk (net)
                      0.029140    0.000069   20.338531 ^ _15_/CLK (sky130_fd_sc_hd__dfrtp_1)
                                 -0.250000   20.088531   clock uncertainty
                                  0.000000   20.088531   clock reconvergence pessimism
                                 -0.120292   19.968241   library setup time
                                             19.968241   data required time
---------------------------------------------------------------------------------------------
                                             19.968241   data required time
                                             -1.434254   data arrival time
---------------------------------------------------------------------------------------------
                                             18.533987   slack (MET)


Startpoint: _12_ (rising edge-triggered flip-flop clocked by clk)
Endpoint: _12_ (rising edge-triggered flip-flop clocked by clk)
Path Group: clk
Path Type: max

Fanout         Cap        Slew       Delay        Time   Description
---------------------------------------------------------------------------------------------
                                  0.000000    0.000000   clock clk (rise edge)
                                  0.000000    0.000000   clock source latency
     1    0.023905    0.113082    0.077897    0.077897 ^ clk (in)
                                                         clk (net)
                      0.113084    0.000000    0.077897 ^ clkbuf_0_clk/A (sky130_fd_sc_hd__clkbuf_16)
     2    0.020010    0.041927    0.150421    0.228318 ^ clkbuf_0_clk/X (sky130_fd_sc_hd__clkbuf_16)
                                                         clknet_0_clk (net)
                      0.041927    0.000299    0.228617 ^ clkbuf_1_1__f_clk/A (sky130_fd_sc_hd__clkbuf_16)
     3    0.009914    0.033259    0.114665    0.343282 ^ clkbuf_1_1__f_clk/X (sky130_fd_sc_hd__clkbuf_16)
                                                         clknet_1_1__leaf_clk (net)
                      0.033260    0.000147    0.343428 ^ _12_/CLK (sky130_fd_sc_hd__dfrtp_2)
     4    0.011145    0.061057    0.407373    0.750801 v _12_/Q (sky130_fd_sc_hd__dfrtp_2)
                                                         net2 (net)
                      0.061057    0.000100    0.750901 v hold1/A (sky130_fd_sc_hd__dlygate4sd3_1)
     2    0.009764    0.085543    0.600078    1.350980 v hold1/X (sky130_fd_sc_hd__dlygate4sd3_1)
                                                         net6 (net)
                      0.085543    0.000050    1.351029 v _06_/A (sky130_fd_sc_hd__inv_2)
     1    0.003140    0.031625    0.055550    1.406580 ^ _06_/Y (sky130_fd_sc_hd__inv_2)
                                                         _00_ (net)
                      0.031625    0.000037    1.406617 ^ _12_/D (sky130_fd_sc_hd__dfrtp_2)
                                              1.406617   data arrival time

                                 20.000000   20.000000   clock clk (rise edge)
                                  0.000000   20.000000   clock source latency
     1    0.023905    0.113082    0.077897   20.077898 ^ clk (in)
                                                         clk (net)
                      0.113084    0.000000   20.077898 ^ clkbuf_0_clk/A (sky130_fd_sc_hd__clkbuf_16)
     2    0.020010    0.041927    0.150422   20.228319 ^ clkbuf_0_clk/X (sky130_fd_sc_hd__clkbuf_16)
                                                         clknet_0_clk (net)
                      0.041927    0.000298   20.228617 ^ clkbuf_1_1__f_clk/A (sky130_fd_sc_hd__clkbuf_16)
     3    0.009914    0.033259    0.114664   20.343281 ^ clkbuf_1_1__f_clk/X (sky130_fd_sc_hd__clkbuf_16)
                                                         clknet_1_1__leaf_clk (net)
                      0.033260    0.000147   20.343430 ^ _12_/CLK (sky130_fd_sc_hd__dfrtp_2)
                                 -0.250000   20.093430   clock uncertainty
                                  0.000000   20.093430   clock reconvergence pessimism
                                 -0.062154   20.031277   library setup time
                                             20.031277   data required time
---------------------------------------------------------------------------------------------
                                             20.031277   data required time
                                             -1.406617   data arrival time
---------------------------------------------------------------------------------------------
                                             18.624660   slack (MET)



