Clock: clk
Sources: clk 
Generated: no
Virtual: yes
Propagated: no
Period: 15.000000

===========================================================================
report_clock_properties
============================================================================
Clock                   Period          Waveform
----------------------------------------------------
clk                  15.000000    0.000000  7.500000

===========================================================================
report_clock_latency
============================================================================
Clock clk
rise -> rise
    min     max
0.000000 0.000000 source latency
0.349970         network latency _12_/CLK
        0.351328 network latency _15_/CLK
---------------
0.349970 0.351328 latency
        0.001358 skew

fall -> fall
    min     max
0.000000 0.000000 source latency
0.321971         network latency _12_/CLK
        0.323218 network latency _15_/CLK
---------------
0.321971 0.323218 latency
        0.001247 skew



===========================================================================
report_clock_min_period
============================================================================
clk period_min = 2.05 fmax = 487.49
