Reading timing models for corner max_tt_025C_1v80…
Reading cell library for the 'max_tt_025C_1v80' corner at '/home/jihan/.volare/volare/sky130/versions/0fe599b2afb6708d281543108caf8310912f54af/sky130A/libs.ref/sky130_fd_sc_hd/lib/sky130_fd_sc_hd__tt_025C_1v80.lib'…
Reading top-level netlist at '/home/jihan/projects/openlane_flow/designs/counter_4bit/runs/RUN_2025-12-04_01-46-29/51-openroad-fillinsertion/counter_4bit.nl.v'…
Linking design 'counter_4bit' from netlist…
Warning: /home/jihan/projects/openlane_flow/designs/counter_4bit/runs/RUN_2025-12-04_01-46-29/51-openroad-fillinsertion/counter_4bit.nl.v line 194, module sky130_fd_sc_hd__tapvpwrvgnd_1 not found. Creating black box for TAP_TAPCELL_ROW_0_130.
Warning: /home/jihan/projects/openlane_flow/designs/counter_4bit/runs/RUN_2025-12-04_01-46-29/51-openroad-fillinsertion/counter_4bit.nl.v line 691, module sky130_ef_sc_hd__decap_12 not found. Creating black box for FILLER_0_3.
Warning: /home/jihan/projects/openlane_flow/designs/counter_4bit/runs/RUN_2025-12-04_01-46-29/51-openroad-fillinsertion/counter_4bit.nl.v line 693, module sky130_fd_sc_hd__fill_1 not found. Creating black box for FILLER_0_27.
Warning: /home/jihan/projects/openlane_flow/designs/counter_4bit/runs/RUN_2025-12-04_01-46-29/51-openroad-fillinsertion/counter_4bit.nl.v line 734, module sky130_fd_sc_hd__fill_2 not found. Creating black box for FILLER_0_405.
Reading design constraints file at '/nix/store/ss2cw3sxbrwwx9jl0rrppbw4kgcmgi2n-python3-3.11.9-env/lib/python3.11/site-packages/openlane/scripts/base.sdc'…
[INFO] Using clock clk…
[INFO] Setting output delay to: 3.0
[INFO] Setting input delay to: 3.0
[INFO] Setting load to: 0.033442
[INFO] Setting clock uncertainty to: 0.25
[INFO] Setting clock transition to: 0.1499999999999999944488848768742172978818416595458984375
[INFO] Setting timing derate to: 5%
Reading top-level design parasitics for the 'max_tt_025C_1v80' corner at '/home/jihan/projects/openlane_flow/designs/counter_4bit/runs/RUN_2025-12-04_01-46-29/53-openroad-rcx/max/counter_4bit.max.spef'…
%OL_CREATE_REPORT min.rpt

===========================================================================
report_checks -path_delay min (Hold)
============================================================================
======================= max_tt_025C_1v80 Corner ===================================

Startpoint: _14_ (rising edge-triggered flip-flop clocked by clk)
Endpoint: _14_ (rising edge-triggered flip-flop clocked by clk)
Path Group: clk
Path Type: min

Fanout         Cap        Slew       Delay        Time   Description
---------------------------------------------------------------------------------------------
                                  0.000000    0.000000   clock clk (rise edge)
                                  0.000000    0.000000   clock source latency
     1    0.026218    0.123439    0.085499    0.085499 ^ clk (in)
                                                         clk (net)
                      0.123451    0.000000    0.085499 ^ clkbuf_0_clk/A (sky130_fd_sc_hd__clkbuf_16)
     2    0.018905    0.041009    0.152858    0.238357 ^ clkbuf_0_clk/X (sky130_fd_sc_hd__clkbuf_16)
                                                         clknet_0_clk (net)
                      0.041025    0.001003    0.239361 ^ clkbuf_1_0__f_clk/A (sky130_fd_sc_hd__clkbuf_16)
     2    0.006046    0.029725    0.110293    0.349653 ^ clkbuf_1_0__f_clk/X (sky130_fd_sc_hd__clkbuf_16)
                                                         clknet_1_0__leaf_clk (net)
                      0.029726    0.000364    0.350017 ^ _14_/CLK (sky130_fd_sc_hd__dfrtp_1)
     3    0.008865    0.091682    0.350026    0.700043 ^ _14_/Q (sky130_fd_sc_hd__dfrtp_1)
                                                         net4 (net)
                      0.091683    0.000459    0.700503 ^ _08_/C (sky130_fd_sc_hd__and3_1)
     2    0.010705    0.117654    0.214676    0.915179 ^ _08_/X (sky130_fd_sc_hd__and3_1)
                                                         _05_ (net)
                      0.117655    0.000626    0.915805 ^ _09_/B (sky130_fd_sc_hd__nor2_1)
     1    0.002631    0.026660    0.051720    0.967525 v _09_/Y (sky130_fd_sc_hd__nor2_1)
                                                         _02_ (net)
                      0.026661    0.000175    0.967700 v _14_/D (sky130_fd_sc_hd__dfrtp_1)
                                              0.967700   data arrival time

                                  0.000000    0.000000   clock clk (rise edge)
                                  0.000000    0.000000   clock source latency
     1    0.026218    0.123439    0.085499    0.085499 ^ clk (in)
                                                         clk (net)
                      0.123451    0.000000    0.085499 ^ clkbuf_0_clk/A (sky130_fd_sc_hd__clkbuf_16)
     2    0.018905    0.041009    0.152858    0.238357 ^ clkbuf_0_clk/X (sky130_fd_sc_hd__clkbuf_16)
                                                         clknet_0_clk (net)
                      0.041025    0.001003    0.239361 ^ clkbuf_1_0__f_clk/A (sky130_fd_sc_hd__clkbuf_16)
     2    0.006046    0.029725    0.110293    0.349653 ^ clkbuf_1_0__f_clk/X (sky130_fd_sc_hd__clkbuf_16)
                                                         clknet_1_0__leaf_clk (net)
                      0.029726    0.000364    0.350017 ^ _14_/CLK (sky130_fd_sc_hd__dfrtp_1)
                                  0.250000    0.600017   clock uncertainty
                                  0.000000    0.600017   clock reconvergence pessimism
                                 -0.041792    0.558225   library hold time
                                              0.558225   data required time
---------------------------------------------------------------------------------------------
                                              0.558225   data required time
                                             -0.967700   data arrival time
---------------------------------------------------------------------------------------------
                                              0.409475   slack (MET)


Startpoint: _14_ (rising edge-triggered flip-flop clocked by clk)
Endpoint: _15_ (rising edge-triggered flip-flop clocked by clk)
Path Group: clk
Path Type: min

Fanout         Cap        Slew       Delay        Time   Description
---------------------------------------------------------------------------------------------
                                  0.000000    0.000000   clock clk (rise edge)
                                  0.000000    0.000000   clock source latency
     1    0.026218    0.123439    0.085499    0.085499 ^ clk (in)
                                                         clk (net)
                      0.123451    0.000000    0.085499 ^ clkbuf_0_clk/A (sky130_fd_sc_hd__clkbuf_16)
     2    0.018905    0.041009    0.152858    0.238357 ^ clkbuf_0_clk/X (sky130_fd_sc_hd__clkbuf_16)
                                                         clknet_0_clk (net)
                      0.041025    0.001003    0.239361 ^ clkbuf_1_0__f_clk/A (sky130_fd_sc_hd__clkbuf_16)
     2    0.006046    0.029725    0.110293    0.349653 ^ clkbuf_1_0__f_clk/X (sky130_fd_sc_hd__clkbuf_16)
                                                         clknet_1_0__leaf_clk (net)
                      0.029726    0.000364    0.350017 ^ _14_/CLK (sky130_fd_sc_hd__dfrtp_1)
     3    0.008865    0.091682    0.350026    0.700043 ^ _14_/Q (sky130_fd_sc_hd__dfrtp_1)
                                                         net4 (net)
                      0.091683    0.000459    0.700503 ^ _08_/C (sky130_fd_sc_hd__and3_1)
     2    0.010705    0.117654    0.214676    0.915179 ^ _08_/X (sky130_fd_sc_hd__and3_1)
                                                         _05_ (net)
                      0.117656    0.000753    0.915932 ^ _10_/B (sky130_fd_sc_hd__xor2_1)
     1    0.002311    0.034226    0.074213    0.990145 v _10_/X (sky130_fd_sc_hd__xor2_1)
                                                         _03_ (net)
                      0.034226    0.000106    0.990251 v _15_/D (sky130_fd_sc_hd__dfrtp_1)
                                              0.990251   data arrival time

                                  0.000000    0.000000   clock clk (rise edge)
                                  0.000000    0.000000   clock source latency
     1    0.026218    0.123439    0.085499    0.085499 ^ clk (in)
                                                         clk (net)
                      0.123451    0.000000    0.085499 ^ clkbuf_0_clk/A (sky130_fd_sc_hd__clkbuf_16)
     2    0.018905    0.041009    0.152858    0.238357 ^ clkbuf_0_clk/X (sky130_fd_sc_hd__clkbuf_16)
                                                         clknet_0_clk (net)
                      0.041024    0.000984    0.239342 ^ clkbuf_1_1__f_clk/A (sky130_fd_sc_hd__clkbuf_16)
     2    0.006996    0.030691    0.111393    0.350734 ^ clkbuf_1_1__f_clk/X (sky130_fd_sc_hd__clkbuf_16)
                                                         clknet_1_1__leaf_clk (net)
                      0.030694    0.000594    0.351328 ^ _15_/CLK (sky130_fd_sc_hd__dfrtp_1)
                                  0.250000    0.601328   clock uncertainty
                                  0.000000    0.601328   clock reconvergence pessimism
                                 -0.044652    0.556676   library hold time
                                              0.556676   data required time
---------------------------------------------------------------------------------------------
                                              0.556676   data required time
                                             -0.990251   data arrival time
---------------------------------------------------------------------------------------------
                                              0.433575   slack (MET)


Startpoint: _12_ (rising edge-triggered flip-flop clocked by clk)
Endpoint: _12_ (rising edge-triggered flip-flop clocked by clk)
Path Group: clk
Path Type: min

Fanout         Cap        Slew       Delay        Time   Description
---------------------------------------------------------------------------------------------
                                  0.000000    0.000000   clock clk (rise edge)
                                  0.000000    0.000000   clock source latency
     1    0.026218    0.123439    0.085499    0.085499 ^ clk (in)
                                                         clk (net)
                      0.123451    0.000000    0.085499 ^ clkbuf_0_clk/A (sky130_fd_sc_hd__clkbuf_16)
     2    0.018905    0.041009    0.152858    0.238357 ^ clkbuf_0_clk/X (sky130_fd_sc_hd__clkbuf_16)
                                                         clknet_0_clk (net)
                      0.041025    0.001003    0.239361 ^ clkbuf_1_0__f_clk/A (sky130_fd_sc_hd__clkbuf_16)
     2    0.006046    0.029725    0.110293    0.349653 ^ clkbuf_1_0__f_clk/X (sky130_fd_sc_hd__clkbuf_16)
                                                         clknet_1_0__leaf_clk (net)
                      0.029726    0.000317    0.349970 ^ _12_/CLK (sky130_fd_sc_hd__dfrtp_1)
     5    0.017583    0.162676    0.402810    0.752780 ^ _12_/Q (sky130_fd_sc_hd__dfrtp_1)
                                                         net2 (net)
                      0.162677    0.000810    0.753590 ^ hold4/A (sky130_fd_sc_hd__dlygate4sd3_1)
     1    0.006222    0.082764    0.593126    1.346716 ^ hold4/X (sky130_fd_sc_hd__dlygate4sd3_1)
                                                         net9 (net)
                      0.082764    0.000462    1.347178 ^ _06_/A (sky130_fd_sc_hd__inv_2)
     1    0.004069    0.023645    0.036161    1.383338 v _06_/Y (sky130_fd_sc_hd__inv_2)
                                                         _00_ (net)
                      0.023650    0.000303    1.383641 v _12_/D (sky130_fd_sc_hd__dfrtp_1)
                                              1.383641   data arrival time

                                  0.000000    0.000000   clock clk (rise edge)
                                  0.000000    0.000000   clock source latency
     1    0.026218    0.123439    0.085499    0.085499 ^ clk (in)
                                                         clk (net)
                      0.123451    0.000000    0.085499 ^ clkbuf_0_clk/A (sky130_fd_sc_hd__clkbuf_16)
     2    0.018905    0.041009    0.152858    0.238357 ^ clkbuf_0_clk/X (sky130_fd_sc_hd__clkbuf_16)
                                                         clknet_0_clk (net)
                      0.041025    0.001003    0.239361 ^ clkbuf_1_0__f_clk/A (sky130_fd_sc_hd__clkbuf_16)
     2    0.006046    0.029725    0.110293    0.349653 ^ clkbuf_1_0__f_clk/X (sky130_fd_sc_hd__clkbuf_16)
                                                         clknet_1_0__leaf_clk (net)
                      0.029726    0.000317    0.349970 ^ _12_/CLK (sky130_fd_sc_hd__dfrtp_1)
                                  0.250000    0.599970   clock uncertainty
                                  0.000000    0.599970   clock reconvergence pessimism
                                 -0.040566    0.559404   library hold time
                                              0.559404   data required time
---------------------------------------------------------------------------------------------
                                              0.559404   data required time
                                             -1.383641   data arrival time
---------------------------------------------------------------------------------------------
                                              0.824237   slack (MET)


Startpoint: _12_ (rising edge-triggered flip-flop clocked by clk)
Endpoint: _13_ (rising edge-triggered flip-flop clocked by clk)
Path Group: clk
Path Type: min

Fanout         Cap        Slew       Delay        Time   Description
---------------------------------------------------------------------------------------------
                                  0.000000    0.000000   clock clk (rise edge)
                                  0.000000    0.000000   clock source latency
     1    0.026218    0.123439    0.085499    0.085499 ^ clk (in)
                                                         clk (net)
                      0.123451    0.000000    0.085499 ^ clkbuf_0_clk/A (sky130_fd_sc_hd__clkbuf_16)
     2    0.018905    0.041009    0.152858    0.238357 ^ clkbuf_0_clk/X (sky130_fd_sc_hd__clkbuf_16)
                                                         clknet_0_clk (net)
                      0.041025    0.001003    0.239361 ^ clkbuf_1_0__f_clk/A (sky130_fd_sc_hd__clkbuf_16)
     2    0.006046    0.029725    0.110293    0.349653 ^ clkbuf_1_0__f_clk/X (sky130_fd_sc_hd__clkbuf_16)
                                                         clknet_1_0__leaf_clk (net)
                      0.029726    0.000317    0.349970 ^ _12_/CLK (sky130_fd_sc_hd__dfrtp_1)
     5    0.017583    0.162676    0.402810    0.752780 ^ _12_/Q (sky130_fd_sc_hd__dfrtp_1)
                                                         net2 (net)
                      0.162681    0.001166    0.753946 ^ _11_/B (sky130_fd_sc_hd__xor2_1)
     1    0.002140    0.033506    0.080971    0.834917 v _11_/X (sky130_fd_sc_hd__xor2_1)
                                                         _01_ (net)
                      0.033506    0.000101    0.835019 v hold3/A (sky130_fd_sc_hd__dlygate4sd3_1)
     1    0.002938    0.053941    0.544890    1.379908 v hold3/X (sky130_fd_sc_hd__dlygate4sd3_1)
                                                         net8 (net)
                      0.053941    0.000217    1.380126 v _13_/D (sky130_fd_sc_hd__dfrtp_1)
                                              1.380126   data arrival time

                                  0.000000    0.000000   clock clk (rise edge)
                                  0.000000    0.000000   clock source latency
     1    0.026218    0.123439    0.085499    0.085499 ^ clk (in)
                                                         clk (net)
                      0.123451    0.000000    0.085499 ^ clkbuf_0_clk/A (sky130_fd_sc_hd__clkbuf_16)
     2    0.018905    0.041009    0.152858    0.238357 ^ clkbuf_0_clk/X (sky130_fd_sc_hd__clkbuf_16)
                                                         clknet_0_clk (net)
                      0.041024    0.000984    0.239342 ^ clkbuf_1_1__f_clk/A (sky130_fd_sc_hd__clkbuf_16)
     2    0.006996    0.030691    0.111393    0.350734 ^ clkbuf_1_1__f_clk/X (sky130_fd_sc_hd__clkbuf_16)
                                                         clknet_1_1__leaf_clk (net)
                      0.030693    0.000478    0.351212 ^ _13_/CLK (sky130_fd_sc_hd__dfrtp_1)
                                  0.250000    0.601212   clock uncertainty
                                  0.000000    0.601212   clock reconvergence pessimism
                                 -0.052680    0.548532   library hold time
                                              0.548532   data required time
---------------------------------------------------------------------------------------------
                                              0.548532   data required time
                                             -1.380126   data arrival time
---------------------------------------------------------------------------------------------
                                              0.831593   slack (MET)


Startpoint: rst_n (input port clocked by clk)
Endpoint: _15_ (removal check against rising-edge clock clk)
Path Group: asynchronous
Path Type: min

Fanout         Cap        Slew       Delay        Time   Description
---------------------------------------------------------------------------------------------
                                  0.000000    0.000000   clock clk (rise edge)
                                  0.000000    0.000000   clock network delay (propagated)
                                  3.000000    3.000000 ^ input external delay
     1    0.004133    0.025523    0.015039    3.015039 ^ rst_n (in)
                                                         rst_n (net)
                      0.025525    0.000000    3.015039 ^ input1/A (sky130_fd_sc_hd__buf_1)
     4    0.017295    0.207644    0.187882    3.202921 ^ input1/X (sky130_fd_sc_hd__buf_1)
                                                         net1 (net)
                      0.207648    0.000760    3.203681 ^ _15_/RESET_B (sky130_fd_sc_hd__dfrtp_1)
                                              3.203681   data arrival time

                                  0.000000    0.000000   clock clk (rise edge)
                                  0.000000    0.000000   clock source latency
     1    0.026218    0.123439    0.085499    0.085499 ^ clk (in)
                                                         clk (net)
                      0.123451    0.000000    0.085499 ^ clkbuf_0_clk/A (sky130_fd_sc_hd__clkbuf_16)
     2    0.018905    0.041009    0.152858    0.238357 ^ clkbuf_0_clk/X (sky130_fd_sc_hd__clkbuf_16)
                                                         clknet_0_clk (net)
                      0.041024    0.000984    0.239342 ^ clkbuf_1_1__f_clk/A (sky130_fd_sc_hd__clkbuf_16)
     2    0.006996    0.030691    0.111393    0.350734 ^ clkbuf_1_1__f_clk/X (sky130_fd_sc_hd__clkbuf_16)
                                                         clknet_1_1__leaf_clk (net)
                      0.030694    0.000594    0.351328 ^ _15_/CLK (sky130_fd_sc_hd__dfrtp_1)
                                  0.250000    0.601328   clock uncertainty
                                  0.000000    0.601328   clock reconvergence pessimism
                                  0.361108    0.962436   library removal time
                                              0.962436   data required time
---------------------------------------------------------------------------------------------
                                              0.962436   data required time
                                             -3.203681   data arrival time
---------------------------------------------------------------------------------------------
                                              2.241244   slack (MET)


Startpoint: rst_n (input port clocked by clk)
Endpoint: _13_ (removal check against rising-edge clock clk)
Path Group: asynchronous
Path Type: min

Fanout         Cap        Slew       Delay        Time   Description
---------------------------------------------------------------------------------------------
                                  0.000000    0.000000   clock clk (rise edge)
                                  0.000000    0.000000   clock network delay (propagated)
                                  3.000000    3.000000 ^ input external delay
     1    0.004133    0.025523    0.015039    3.015039 ^ rst_n (in)
                                                         rst_n (net)
                      0.025525    0.000000    3.015039 ^ input1/A (sky130_fd_sc_hd__buf_1)
     4    0.017295    0.207644    0.187882    3.202921 ^ input1/X (sky130_fd_sc_hd__buf_1)
                                                         net1 (net)
                      0.207649    0.000839    3.203760 ^ _13_/RESET_B (sky130_fd_sc_hd__dfrtp_1)
                                              3.203760   data arrival time

                                  0.000000    0.000000   clock clk (rise edge)
                                  0.000000    0.000000   clock source latency
     1    0.026218    0.123439    0.085499    0.085499 ^ clk (in)
                                                         clk (net)
                      0.123451    0.000000    0.085499 ^ clkbuf_0_clk/A (sky130_fd_sc_hd__clkbuf_16)
     2    0.018905    0.041009    0.152858    0.238357 ^ clkbuf_0_clk/X (sky130_fd_sc_hd__clkbuf_16)
                                                         clknet_0_clk (net)
                      0.041024    0.000984    0.239342 ^ clkbuf_1_1__f_clk/A (sky130_fd_sc_hd__clkbuf_16)
     2    0.006996    0.030691    0.111393    0.350734 ^ clkbuf_1_1__f_clk/X (sky130_fd_sc_hd__clkbuf_16)
                                                         clknet_1_1__leaf_clk (net)
                      0.030693    0.000478    0.351212 ^ _13_/CLK (sky130_fd_sc_hd__dfrtp_1)
                                  0.250000    0.601212   clock uncertainty
                                  0.000000    0.601212   clock reconvergence pessimism
                                  0.361108    0.962320   library removal time
                                              0.962320   data required time
---------------------------------------------------------------------------------------------
                                              0.962320   data required time
                                             -3.203760   data arrival time
---------------------------------------------------------------------------------------------
                                              2.241439   slack (MET)


Startpoint: rst_n (input port clocked by clk)
Endpoint: _12_ (removal check against rising-edge clock clk)
Path Group: asynchronous
Path Type: min

Fanout         Cap        Slew       Delay        Time   Description
---------------------------------------------------------------------------------------------
                                  0.000000    0.000000   clock clk (rise edge)
                                  0.000000    0.000000   clock network delay (propagated)
                                  3.000000    3.000000 ^ input external delay
     1    0.004133    0.025523    0.015039    3.015039 ^ rst_n (in)
                                                         rst_n (net)
                      0.025525    0.000000    3.015039 ^ input1/A (sky130_fd_sc_hd__buf_1)
     4    0.017295    0.207644    0.187882    3.202921 ^ input1/X (sky130_fd_sc_hd__buf_1)
                                                         net1 (net)
                      0.207648    0.000735    3.203656 ^ _12_/RESET_B (sky130_fd_sc_hd__dfrtp_1)
                                              3.203656   data arrival time

                                  0.000000    0.000000   clock clk (rise edge)
                                  0.000000    0.000000   clock source latency
     1    0.026218    0.123439    0.085499    0.085499 ^ clk (in)
                                                         clk (net)
                      0.123451    0.000000    0.085499 ^ clkbuf_0_clk/A (sky130_fd_sc_hd__clkbuf_16)
     2    0.018905    0.041009    0.152858    0.238357 ^ clkbuf_0_clk/X (sky130_fd_sc_hd__clkbuf_16)
                                                         clknet_0_clk (net)
                      0.041025    0.001003    0.239361 ^ clkbuf_1_0__f_clk/A (sky130_fd_sc_hd__clkbuf_16)
     2    0.006046    0.029725    0.110293    0.349653 ^ clkbuf_1_0__f_clk/X (sky130_fd_sc_hd__clkbuf_16)
                                                         clknet_1_0__leaf_clk (net)
                      0.029726    0.000317    0.349970 ^ _12_/CLK (sky130_fd_sc_hd__dfrtp_1)
                                  0.250000    0.599970   clock uncertainty
                                  0.000000    0.599970   clock reconvergence pessimism
                                  0.360845    0.960815   library removal time
                                              0.960815   data required time
---------------------------------------------------------------------------------------------
                                              0.960815   data required time
                                             -3.203656   data arrival time
---------------------------------------------------------------------------------------------
                                              2.242841   slack (MET)


Startpoint: rst_n (input port clocked by clk)
Endpoint: _14_ (removal check against rising-edge clock clk)
Path Group: asynchronous
Path Type: min

Fanout         Cap        Slew       Delay        Time   Description
---------------------------------------------------------------------------------------------
                                  0.000000    0.000000   clock clk (rise edge)
                                  0.000000    0.000000   clock network delay (propagated)
                                  3.000000    3.000000 ^ input external delay
     1    0.004133    0.025523    0.015039    3.015039 ^ rst_n (in)
                                                         rst_n (net)
                      0.025525    0.000000    3.015039 ^ input1/A (sky130_fd_sc_hd__buf_1)
     4    0.017295    0.207644    0.187882    3.202921 ^ input1/X (sky130_fd_sc_hd__buf_1)
                                                         net1 (net)
                      0.207649    0.000814    3.203735 ^ _14_/RESET_B (sky130_fd_sc_hd__dfrtp_1)
                                              3.203735   data arrival time

                                  0.000000    0.000000   clock clk (rise edge)
                                  0.000000    0.000000   clock source latency
     1    0.026218    0.123439    0.085499    0.085499 ^ clk (in)
                                                         clk (net)
                      0.123451    0.000000    0.085499 ^ clkbuf_0_clk/A (sky130_fd_sc_hd__clkbuf_16)
     2    0.018905    0.041009    0.152858    0.238357 ^ clkbuf_0_clk/X (sky130_fd_sc_hd__clkbuf_16)
                                                         clknet_0_clk (net)
                      0.041025    0.001003    0.239361 ^ clkbuf_1_0__f_clk/A (sky130_fd_sc_hd__clkbuf_16)
     2    0.006046    0.029725    0.110293    0.349653 ^ clkbuf_1_0__f_clk/X (sky130_fd_sc_hd__clkbuf_16)
                                                         clknet_1_0__leaf_clk (net)
                      0.029726    0.000364    0.350017 ^ _14_/CLK (sky130_fd_sc_hd__dfrtp_1)
                                  0.250000    0.600017   clock uncertainty
                                  0.000000    0.600017   clock reconvergence pessimism
                                  0.360845    0.960863   library removal time
                                              0.960863   data required time
---------------------------------------------------------------------------------------------
                                              0.960863   data required time
                                             -3.203735   data arrival time
---------------------------------------------------------------------------------------------
                                              2.242872   slack (MET)


Startpoint: _15_ (rising edge-triggered flip-flop clocked by clk)
Endpoint: count[3] (output port clocked by clk)
Path Group: clk
Path Type: min

Fanout         Cap        Slew       Delay        Time   Description
---------------------------------------------------------------------------------------------
                                  0.000000    0.000000   clock clk (rise edge)
                                  0.000000    0.000000   clock source latency
     1    0.026218    0.123439    0.085499    0.085499 ^ clk (in)
                                                         clk (net)
                      0.123451    0.000000    0.085499 ^ clkbuf_0_clk/A (sky130_fd_sc_hd__clkbuf_16)
     2    0.018905    0.041009    0.152858    0.238357 ^ clkbuf_0_clk/X (sky130_fd_sc_hd__clkbuf_16)
                                                         clknet_0_clk (net)
                      0.041024    0.000984    0.239342 ^ clkbuf_1_1__f_clk/A (sky130_fd_sc_hd__clkbuf_16)
     2    0.006996    0.030691    0.111393    0.350734 ^ clkbuf_1_1__f_clk/X (sky130_fd_sc_hd__clkbuf_16)
                                                         clknet_1_1__leaf_clk (net)
                      0.030694    0.000594    0.351328 ^ _15_/CLK (sky130_fd_sc_hd__dfrtp_1)
     2    0.006345    0.072262    0.333435    0.684763 ^ _15_/Q (sky130_fd_sc_hd__dfrtp_1)
                                                         net5 (net)
                      0.072263    0.000407    0.685170 ^ output5/A (sky130_fd_sc_hd__buf_2)
     1    0.034165    0.170002    0.207094    0.892264 ^ output5/X (sky130_fd_sc_hd__buf_2)
                                                         count[3] (net)
                      0.170075    0.001646    0.893910 ^ count[3] (out)
                                              0.893910   data arrival time

                                  0.000000    0.000000   clock clk (rise edge)
                                  0.000000    0.000000   clock network delay (propagated)
                                  0.250000    0.250000   clock uncertainty
                                  0.000000    0.250000   clock reconvergence pessimism
                                 -3.000000   -2.750000   output external delay
                                             -2.750000   data required time
---------------------------------------------------------------------------------------------
                                             -2.750000   data required time
                                             -0.893910   data arrival time
---------------------------------------------------------------------------------------------
                                              3.643910   slack (MET)


Startpoint: _14_ (rising edge-triggered flip-flop clocked by clk)
Endpoint: count[2] (output port clocked by clk)
Path Group: clk
Path Type: min

Fanout         Cap        Slew       Delay        Time   Description
---------------------------------------------------------------------------------------------
                                  0.000000    0.000000   clock clk (rise edge)
                                  0.000000    0.000000   clock source latency
     1    0.026218    0.123439    0.085499    0.085499 ^ clk (in)
                                                         clk (net)
                      0.123451    0.000000    0.085499 ^ clkbuf_0_clk/A (sky130_fd_sc_hd__clkbuf_16)
     2    0.018905    0.041009    0.152858    0.238357 ^ clkbuf_0_clk/X (sky130_fd_sc_hd__clkbuf_16)
                                                         clknet_0_clk (net)
                      0.041025    0.001003    0.239361 ^ clkbuf_1_0__f_clk/A (sky130_fd_sc_hd__clkbuf_16)
     2    0.006046    0.029725    0.110293    0.349653 ^ clkbuf_1_0__f_clk/X (sky130_fd_sc_hd__clkbuf_16)
                                                         clknet_1_0__leaf_clk (net)
                      0.029726    0.000364    0.350017 ^ _14_/CLK (sky130_fd_sc_hd__dfrtp_1)
     3    0.008865    0.091682    0.350026    0.700043 ^ _14_/Q (sky130_fd_sc_hd__dfrtp_1)
                                                         net4 (net)
                      0.091683    0.000482    0.700525 ^ output4/A (sky130_fd_sc_hd__buf_2)
     1    0.034261    0.170563    0.214540    0.915065 ^ output4/X (sky130_fd_sc_hd__buf_2)
                                                         count[2] (net)
                      0.170638    0.001692    0.916757 ^ count[2] (out)
                                              0.916757   data arrival time

                                  0.000000    0.000000   clock clk (rise edge)
                                  0.000000    0.000000   clock network delay (propagated)
                                  0.250000    0.250000   clock uncertainty
                                  0.000000    0.250000   clock reconvergence pessimism
                                 -3.000000   -2.750000   output external delay
                                             -2.750000   data required time
---------------------------------------------------------------------------------------------
                                             -2.750000   data required time
                                             -0.916757   data arrival time
---------------------------------------------------------------------------------------------
                                              3.666757   slack (MET)


Startpoint: _13_ (rising edge-triggered flip-flop clocked by clk)
Endpoint: count[1] (output port clocked by clk)
Path Group: clk
Path Type: min

Fanout         Cap        Slew       Delay        Time   Description
---------------------------------------------------------------------------------------------
                                  0.000000    0.000000   clock clk (rise edge)
                                  0.000000    0.000000   clock source latency
     1    0.026218    0.123439    0.085499    0.085499 ^ clk (in)
                                                         clk (net)
                      0.123451    0.000000    0.085499 ^ clkbuf_0_clk/A (sky130_fd_sc_hd__clkbuf_16)
     2    0.018905    0.041009    0.152858    0.238357 ^ clkbuf_0_clk/X (sky130_fd_sc_hd__clkbuf_16)
                                                         clknet_0_clk (net)
                      0.041024    0.000984    0.239342 ^ clkbuf_1_1__f_clk/A (sky130_fd_sc_hd__clkbuf_16)
     2    0.006996    0.030691    0.111393    0.350734 ^ clkbuf_1_1__f_clk/X (sky130_fd_sc_hd__clkbuf_16)
                                                         clknet_1_1__leaf_clk (net)
                      0.030693    0.000478    0.351212 ^ _13_/CLK (sky130_fd_sc_hd__dfrtp_1)
     4    0.010364    0.072490    0.387702    0.738914 v _13_/Q (sky130_fd_sc_hd__dfrtp_1)
                                                         net3 (net)
                      0.072492    0.000531    0.739445 v output3/A (sky130_fd_sc_hd__buf_2)
     1    0.034978    0.091429    0.192913    0.932358 v output3/X (sky130_fd_sc_hd__buf_2)
                                                         count[1] (net)
                      0.091466    0.001700    0.934058 v count[1] (out)
                                              0.934058   data arrival time

                                  0.000000    0.000000   clock clk (rise edge)
                                  0.000000    0.000000   clock network delay (propagated)
                                  0.250000    0.250000   clock uncertainty
                                  0.000000    0.250000   clock reconvergence pessimism
                                 -3.000000   -2.750000   output external delay
                                             -2.750000   data required time
---------------------------------------------------------------------------------------------
                                             -2.750000   data required time
                                             -0.934058   data arrival time
---------------------------------------------------------------------------------------------
                                              3.684058   slack (MET)


Startpoint: _12_ (rising edge-triggered flip-flop clocked by clk)
Endpoint: count[0] (output port clocked by clk)
Path Group: clk
Path Type: min

Fanout         Cap        Slew       Delay        Time   Description
---------------------------------------------------------------------------------------------
                                  0.000000    0.000000   clock clk (rise edge)
                                  0.000000    0.000000   clock source latency
     1    0.026218    0.123439    0.085499    0.085499 ^ clk (in)
                                                         clk (net)
                      0.123451    0.000000    0.085499 ^ clkbuf_0_clk/A (sky130_fd_sc_hd__clkbuf_16)
     2    0.018905    0.041009    0.152858    0.238357 ^ clkbuf_0_clk/X (sky130_fd_sc_hd__clkbuf_16)
                                                         clknet_0_clk (net)
                      0.041025    0.001003    0.239361 ^ clkbuf_1_0__f_clk/A (sky130_fd_sc_hd__clkbuf_16)
     2    0.006046    0.029725    0.110293    0.349653 ^ clkbuf_1_0__f_clk/X (sky130_fd_sc_hd__clkbuf_16)
                                                         clknet_1_0__leaf_clk (net)
                      0.029726    0.000317    0.349970 ^ _12_/CLK (sky130_fd_sc_hd__dfrtp_1)
     5    0.016649    0.100213    0.412398    0.762368 v _12_/Q (sky130_fd_sc_hd__dfrtp_1)
                                                         net2 (net)
                      0.100225    0.001112    0.763480 v output2/A (sky130_fd_sc_hd__buf_2)
     1    0.034048    0.089431    0.203854    0.967334 v output2/X (sky130_fd_sc_hd__buf_2)
                                                         count[0] (net)
                      0.089465    0.001615    0.968948 v count[0] (out)
                                              0.968948   data arrival time

                                  0.000000    0.000000   clock clk (rise edge)
                                  0.000000    0.000000   clock network delay (propagated)
                                  0.250000    0.250000   clock uncertainty
                                  0.000000    0.250000   clock reconvergence pessimism
                                 -3.000000   -2.750000   output external delay
                                             -2.750000   data required time
---------------------------------------------------------------------------------------------
                                             -2.750000   data required time
                                             -0.968948   data arrival time
---------------------------------------------------------------------------------------------
                                              3.718948   slack (MET)



%OL_END_REPORT
%OL_CREATE_REPORT max.rpt

===========================================================================
report_checks -path_delay max (Setup)
============================================================================
======================= max_tt_025C_1v80 Corner ===================================

Startpoint: _12_ (rising edge-triggered flip-flop clocked by clk)
Endpoint: count[0] (output port clocked by clk)
Path Group: clk
Path Type: max

Fanout         Cap        Slew       Delay        Time   Description
---------------------------------------------------------------------------------------------
                                  0.000000    0.000000   clock clk (rise edge)
                                  0.000000    0.000000   clock source latency
     1    0.026218    0.123439    0.085499    0.085499 ^ clk (in)
                                                         clk (net)
                      0.123451    0.000000    0.085499 ^ clkbuf_0_clk/A (sky130_fd_sc_hd__clkbuf_16)
     2    0.018905    0.041009    0.152858    0.238357 ^ clkbuf_0_clk/X (sky130_fd_sc_hd__clkbuf_16)
                                                         clknet_0_clk (net)
                      0.041025    0.001003    0.239361 ^ clkbuf_1_0__f_clk/A (sky130_fd_sc_hd__clkbuf_16)
     2    0.006046    0.029725    0.110293    0.349653 ^ clkbuf_1_0__f_clk/X (sky130_fd_sc_hd__clkbuf_16)
                                                         clknet_1_0__leaf_clk (net)
                      0.029726    0.000317    0.349970 ^ _12_/CLK (sky130_fd_sc_hd__dfrtp_1)
     5    0.017583    0.162676    0.402810    0.752780 ^ _12_/Q (sky130_fd_sc_hd__dfrtp_1)
                                                         net2 (net)
                      0.162682    0.001177    0.753958 ^ output2/A (sky130_fd_sc_hd__buf_2)
     1    0.034048    0.169794    0.236109    0.990066 ^ output2/X (sky130_fd_sc_hd__buf_2)
                                                         count[0] (net)
                      0.169807    0.001617    0.991683 ^ count[0] (out)
                                              0.991683   data arrival time

                                 15.000000   15.000000   clock clk (rise edge)
                                  0.000000   15.000000   clock network delay (propagated)
                                 -0.250000   14.750000   clock uncertainty
                                  0.000000   14.750000   clock reconvergence pessimism
                                 -3.000000   11.750000   output external delay
                                             11.750000   data required time
---------------------------------------------------------------------------------------------
                                             11.750000   data required time
                                             -0.991683   data arrival time
---------------------------------------------------------------------------------------------
                                             10.758317   slack (MET)


Startpoint: _13_ (rising edge-triggered flip-flop clocked by clk)
Endpoint: count[1] (output port clocked by clk)
Path Group: clk
Path Type: max

Fanout         Cap        Slew       Delay        Time   Description
---------------------------------------------------------------------------------------------
                                  0.000000    0.000000   clock clk (rise edge)
                                  0.000000    0.000000   clock source latency
     1    0.026218    0.123439    0.085499    0.085499 ^ clk (in)
                                                         clk (net)
                      0.123451    0.000000    0.085499 ^ clkbuf_0_clk/A (sky130_fd_sc_hd__clkbuf_16)
     2    0.018905    0.041009    0.152858    0.238357 ^ clkbuf_0_clk/X (sky130_fd_sc_hd__clkbuf_16)
                                                         clknet_0_clk (net)
                      0.041024    0.000984    0.239342 ^ clkbuf_1_1__f_clk/A (sky130_fd_sc_hd__clkbuf_16)
     2    0.006996    0.030691    0.111393    0.350734 ^ clkbuf_1_1__f_clk/X (sky130_fd_sc_hd__clkbuf_16)
                                                         clknet_1_1__leaf_clk (net)
                      0.030693    0.000478    0.351212 ^ _13_/CLK (sky130_fd_sc_hd__dfrtp_1)
     4    0.010882    0.107492    0.362890    0.714102 ^ _13_/Q (sky130_fd_sc_hd__dfrtp_1)
                                                         net3 (net)
                      0.107493    0.000560    0.714663 ^ output3/A (sky130_fd_sc_hd__buf_2)
     1    0.034978    0.174004    0.222745    0.937408 ^ output3/X (sky130_fd_sc_hd__buf_2)
                                                         count[1] (net)
                      0.174080    0.001702    0.939110 ^ count[1] (out)
                                              0.939110   data arrival time

                                 15.000000   15.000000   clock clk (rise edge)
                                  0.000000   15.000000   clock network delay (propagated)
                                 -0.250000   14.750000   clock uncertainty
                                  0.000000   14.750000   clock reconvergence pessimism
                                 -3.000000   11.750000   output external delay
                                             11.750000   data required time
---------------------------------------------------------------------------------------------
                                             11.750000   data required time
                                             -0.939110   data arrival time
---------------------------------------------------------------------------------------------
                                             10.810890   slack (MET)


Startpoint: _14_ (rising edge-triggered flip-flop clocked by clk)
Endpoint: count[2] (output port clocked by clk)
Path Group: clk
Path Type: max

Fanout         Cap        Slew       Delay        Time   Description
---------------------------------------------------------------------------------------------
                                  0.000000    0.000000   clock clk (rise edge)
                                  0.000000    0.000000   clock source latency
     1    0.026218    0.123439    0.085499    0.085499 ^ clk (in)
                                                         clk (net)
                      0.123451    0.000000    0.085499 ^ clkbuf_0_clk/A (sky130_fd_sc_hd__clkbuf_16)
     2    0.018905    0.041009    0.152858    0.238357 ^ clkbuf_0_clk/X (sky130_fd_sc_hd__clkbuf_16)
                                                         clknet_0_clk (net)
                      0.041025    0.001003    0.239361 ^ clkbuf_1_0__f_clk/A (sky130_fd_sc_hd__clkbuf_16)
     2    0.006046    0.029725    0.110293    0.349653 ^ clkbuf_1_0__f_clk/X (sky130_fd_sc_hd__clkbuf_16)
                                                         clknet_1_0__leaf_clk (net)
                      0.029726    0.000364    0.350017 ^ _14_/CLK (sky130_fd_sc_hd__dfrtp_1)
     3    0.008404    0.065844    0.378127    0.728145 v _14_/Q (sky130_fd_sc_hd__dfrtp_1)
                                                         net4 (net)
                      0.065846    0.000457    0.728602 v output4/A (sky130_fd_sc_hd__buf_2)
     1    0.034261    0.089876    0.188557    0.917159 v output4/X (sky130_fd_sc_hd__buf_2)
                                                         count[2] (net)
                      0.089913    0.001690    0.918849 v count[2] (out)
                                              0.918849   data arrival time

                                 15.000000   15.000000   clock clk (rise edge)
                                  0.000000   15.000000   clock network delay (propagated)
                                 -0.250000   14.750000   clock uncertainty
                                  0.000000   14.750000   clock reconvergence pessimism
                                 -3.000000   11.750000   output external delay
                                             11.750000   data required time
---------------------------------------------------------------------------------------------
                                             11.750000   data required time
                                             -0.918849   data arrival time
---------------------------------------------------------------------------------------------
                                             10.831151   slack (MET)


Startpoint: _15_ (rising edge-triggered flip-flop clocked by clk)
Endpoint: count[3] (output port clocked by clk)
Path Group: clk
Path Type: max

Fanout         Cap        Slew       Delay        Time   Description
---------------------------------------------------------------------------------------------
                                  0.000000    0.000000   clock clk (rise edge)
                                  0.000000    0.000000   clock source latency
     1    0.026218    0.123439    0.085499    0.085499 ^ clk (in)
                                                         clk (net)
                      0.123451    0.000000    0.085499 ^ clkbuf_0_clk/A (sky130_fd_sc_hd__clkbuf_16)
     2    0.018905    0.041009    0.152858    0.238357 ^ clkbuf_0_clk/X (sky130_fd_sc_hd__clkbuf_16)
                                                         clknet_0_clk (net)
                      0.041024    0.000984    0.239342 ^ clkbuf_1_1__f_clk/A (sky130_fd_sc_hd__clkbuf_16)
     2    0.006996    0.030691    0.111393    0.350734 ^ clkbuf_1_1__f_clk/X (sky130_fd_sc_hd__clkbuf_16)
                                                         clknet_1_1__leaf_clk (net)
                      0.030694    0.000594    0.351328 ^ _15_/CLK (sky130_fd_sc_hd__dfrtp_1)
     2    0.006020    0.054033    0.365695    0.717022 v _15_/Q (sky130_fd_sc_hd__dfrtp_1)
                                                         net5 (net)
                      0.054033    0.000387    0.717409 v output5/A (sky130_fd_sc_hd__buf_2)
     1    0.034165    0.089643    0.183038    0.900447 v output5/X (sky130_fd_sc_hd__buf_2)
                                                         count[3] (net)
                      0.089678    0.001644    0.902092 v count[3] (out)
                                              0.902092   data arrival time

                                 15.000000   15.000000   clock clk (rise edge)
                                  0.000000   15.000000   clock network delay (propagated)
                                 -0.250000   14.750000   clock uncertainty
                                  0.000000   14.750000   clock reconvergence pessimism
                                 -3.000000   11.750000   output external delay
                                             11.750000   data required time
---------------------------------------------------------------------------------------------
                                             11.750000   data required time
                                             -0.902092   data arrival time
---------------------------------------------------------------------------------------------
                                             10.847909   slack (MET)


Startpoint: rst_n (input port clocked by clk)
Endpoint: _14_ (recovery check against rising-edge clock clk)
Path Group: asynchronous
Path Type: max

Fanout         Cap        Slew       Delay        Time   Description
---------------------------------------------------------------------------------------------
                                  0.000000    0.000000   clock clk (rise edge)
                                  0.000000    0.000000   clock network delay (propagated)
                                  3.000000    3.000000 ^ input external delay
     1    0.004133    0.025523    0.015039    3.015039 ^ rst_n (in)
                                                         rst_n (net)
                      0.025525    0.000000    3.015039 ^ input1/A (sky130_fd_sc_hd__buf_1)
     4    0.017295    0.207644    0.187882    3.202921 ^ input1/X (sky130_fd_sc_hd__buf_1)
                                                         net1 (net)
                      0.207649    0.000814    3.203735 ^ _14_/RESET_B (sky130_fd_sc_hd__dfrtp_1)
                                              3.203735   data arrival time

                                 15.000000   15.000000   clock clk (rise edge)
                                  0.000000   15.000000   clock source latency
     1    0.026218    0.123439    0.085500   15.085500 ^ clk (in)
                                                         clk (net)
                      0.123451    0.000000   15.085500 ^ clkbuf_0_clk/A (sky130_fd_sc_hd__clkbuf_16)
     2    0.018905    0.041009    0.152857   15.238357 ^ clkbuf_0_clk/X (sky130_fd_sc_hd__clkbuf_16)
                                                         clknet_0_clk (net)
                      0.041025    0.001004   15.239361 ^ clkbuf_1_0__f_clk/A (sky130_fd_sc_hd__clkbuf_16)
     2    0.006046    0.029725    0.110292   15.349652 ^ clkbuf_1_0__f_clk/X (sky130_fd_sc_hd__clkbuf_16)
                                                         clknet_1_0__leaf_clk (net)
                      0.029726    0.000364   15.350017 ^ _14_/CLK (sky130_fd_sc_hd__dfrtp_1)
                                 -0.250000   15.100018   clock uncertainty
                                  0.000000   15.100018   clock reconvergence pessimism
                                  0.183440   15.283457   library recovery time
                                             15.283457   data required time
---------------------------------------------------------------------------------------------
                                             15.283457   data required time
                                             -3.203735   data arrival time
---------------------------------------------------------------------------------------------
                                             12.079722   slack (MET)


Startpoint: rst_n (input port clocked by clk)
Endpoint: _12_ (recovery check against rising-edge clock clk)
Path Group: asynchronous
Path Type: max

Fanout         Cap        Slew       Delay        Time   Description
---------------------------------------------------------------------------------------------
                                  0.000000    0.000000   clock clk (rise edge)
                                  0.000000    0.000000   clock network delay (propagated)
                                  3.000000    3.000000 ^ input external delay
     1    0.004133    0.025523    0.015039    3.015039 ^ rst_n (in)
                                                         rst_n (net)
                      0.025525    0.000000    3.015039 ^ input1/A (sky130_fd_sc_hd__buf_1)
     4    0.017295    0.207644    0.187882    3.202921 ^ input1/X (sky130_fd_sc_hd__buf_1)
                                                         net1 (net)
                      0.207648    0.000735    3.203656 ^ _12_/RESET_B (sky130_fd_sc_hd__dfrtp_1)
                                              3.203656   data arrival time

                                 15.000000   15.000000   clock clk (rise edge)
                                  0.000000   15.000000   clock source latency
     1    0.026218    0.123439    0.085500   15.085500 ^ clk (in)
                                                         clk (net)
                      0.123451    0.000000   15.085500 ^ clkbuf_0_clk/A (sky130_fd_sc_hd__clkbuf_16)
     2    0.018905    0.041009    0.152857   15.238357 ^ clkbuf_0_clk/X (sky130_fd_sc_hd__clkbuf_16)
                                                         clknet_0_clk (net)
                      0.041025    0.001004   15.239361 ^ clkbuf_1_0__f_clk/A (sky130_fd_sc_hd__clkbuf_16)
     2    0.006046    0.029725    0.110292   15.349652 ^ clkbuf_1_0__f_clk/X (sky130_fd_sc_hd__clkbuf_16)
                                                         clknet_1_0__leaf_clk (net)
                      0.029726    0.000318   15.349971 ^ _12_/CLK (sky130_fd_sc_hd__dfrtp_1)
                                 -0.250000   15.099972   clock uncertainty
                                  0.000000   15.099972   clock reconvergence pessimism
                                  0.183440   15.283410   library recovery time
                                             15.283410   data required time
---------------------------------------------------------------------------------------------
                                             15.283410   data required time
                                             -3.203656   data arrival time
---------------------------------------------------------------------------------------------
                                             12.079755   slack (MET)


Startpoint: rst_n (input port clocked by clk)
Endpoint: _13_ (recovery check against rising-edge clock clk)
Path Group: asynchronous
Path Type: max

Fanout         Cap        Slew       Delay        Time   Description
---------------------------------------------------------------------------------------------
                                  0.000000    0.000000   clock clk (rise edge)
                                  0.000000    0.000000   clock network delay (propagated)
                                  3.000000    3.000000 ^ input external delay
     1    0.004133    0.025523    0.015039    3.015039 ^ rst_n (in)
                                                         rst_n (net)
                      0.025525    0.000000    3.015039 ^ input1/A (sky130_fd_sc_hd__buf_1)
     4    0.017295    0.207644    0.187882    3.202921 ^ input1/X (sky130_fd_sc_hd__buf_1)
                                                         net1 (net)
                      0.207649    0.000839    3.203760 ^ _13_/RESET_B (sky130_fd_sc_hd__dfrtp_1)
                                              3.203760   data arrival time

                                 15.000000   15.000000   clock clk (rise edge)
                                  0.000000   15.000000   clock source latency
     1    0.026218    0.123439    0.085500   15.085500 ^ clk (in)
                                                         clk (net)
                      0.123451    0.000000   15.085500 ^ clkbuf_0_clk/A (sky130_fd_sc_hd__clkbuf_16)
     2    0.018905    0.041009    0.152857   15.238357 ^ clkbuf_0_clk/X (sky130_fd_sc_hd__clkbuf_16)
                                                         clknet_0_clk (net)
                      0.041024    0.000984   15.239341 ^ clkbuf_1_1__f_clk/A (sky130_fd_sc_hd__clkbuf_16)
     2    0.006996    0.030691    0.111394   15.350735 ^ clkbuf_1_1__f_clk/X (sky130_fd_sc_hd__clkbuf_16)
                                                         clknet_1_1__leaf_clk (net)
                      0.030693    0.000478   15.351213 ^ _13_/CLK (sky130_fd_sc_hd__dfrtp_1)
                                 -0.250000   15.101213   clock uncertainty
                                  0.000000   15.101213   clock reconvergence pessimism
                                  0.183743   15.284956   library recovery time
                                             15.284956   data required time
---------------------------------------------------------------------------------------------
                                             15.284956   data required time
                                             -3.203760   data arrival time
---------------------------------------------------------------------------------------------
                                             12.081197   slack (MET)


Startpoint: rst_n (input port clocked by clk)
Endpoint: _15_ (recovery check against rising-edge clock clk)
Path Group: asynchronous
Path Type: max

Fanout         Cap        Slew       Delay        Time   Description
---------------------------------------------------------------------------------------------
                                  0.000000    0.000000   clock clk (rise edge)
                                  0.000000    0.000000   clock network delay (propagated)
                                  3.000000    3.000000 ^ input external delay
     1    0.004133    0.025523    0.015039    3.015039 ^ rst_n (in)
                                                         rst_n (net)
                      0.025525    0.000000    3.015039 ^ input1/A (sky130_fd_sc_hd__buf_1)
     4    0.017295    0.207644    0.187882    3.202921 ^ input1/X (sky130_fd_sc_hd__buf_1)
                                                         net1 (net)
                      0.207648    0.000760    3.203681 ^ _15_/RESET_B (sky130_fd_sc_hd__dfrtp_1)
                                              3.203681   data arrival time

                                 15.000000   15.000000   clock clk (rise edge)
                                  0.000000   15.000000   clock source latency
     1    0.026218    0.123439    0.085500   15.085500 ^ clk (in)
                                                         clk (net)
                      0.123451    0.000000   15.085500 ^ clkbuf_0_clk/A (sky130_fd_sc_hd__clkbuf_16)
     2    0.018905    0.041009    0.152857   15.238357 ^ clkbuf_0_clk/X (sky130_fd_sc_hd__clkbuf_16)
                                                         clknet_0_clk (net)
                      0.041024    0.000984   15.239341 ^ clkbuf_1_1__f_clk/A (sky130_fd_sc_hd__clkbuf_16)
     2    0.006996    0.030691    0.111394   15.350735 ^ clkbuf_1_1__f_clk/X (sky130_fd_sc_hd__clkbuf_16)
                                                         clknet_1_1__leaf_clk (net)
                      0.030694    0.000593   15.351328 ^ _15_/CLK (sky130_fd_sc_hd__dfrtp_1)
                                 -0.250000   15.101329   clock uncertainty
                                  0.000000   15.101329   clock reconvergence pessimism
                                  0.183743   15.285071   library recovery time
                                             15.285071   data required time
---------------------------------------------------------------------------------------------
                                             15.285071   data required time
                                             -3.203681   data arrival time
---------------------------------------------------------------------------------------------
                                             12.081390   slack (MET)


Startpoint: _13_ (rising edge-triggered flip-flop clocked by clk)
Endpoint: _13_ (rising edge-triggered flip-flop clocked by clk)
Path Group: clk
Path Type: max

Fanout         Cap        Slew       Delay        Time   Description
---------------------------------------------------------------------------------------------
                                  0.000000    0.000000   clock clk (rise edge)
                                  0.000000    0.000000   clock source latency
     1    0.026218    0.123439    0.085499    0.085499 ^ clk (in)
                                                         clk (net)
                      0.123451    0.000000    0.085499 ^ clkbuf_0_clk/A (sky130_fd_sc_hd__clkbuf_16)
     2    0.018905    0.041009    0.152858    0.238357 ^ clkbuf_0_clk/X (sky130_fd_sc_hd__clkbuf_16)
                                                         clknet_0_clk (net)
                      0.041024    0.000984    0.239342 ^ clkbuf_1_1__f_clk/A (sky130_fd_sc_hd__clkbuf_16)
     2    0.006996    0.030691    0.111393    0.350734 ^ clkbuf_1_1__f_clk/X (sky130_fd_sc_hd__clkbuf_16)
                                                         clknet_1_1__leaf_clk (net)
                      0.030693    0.000478    0.351212 ^ _13_/CLK (sky130_fd_sc_hd__dfrtp_1)
     4    0.010364    0.072490    0.387702    0.738914 v _13_/Q (sky130_fd_sc_hd__dfrtp_1)
                                                         net3 (net)
                      0.072492    0.000491    0.739405 v hold2/A (sky130_fd_sc_hd__dlygate4sd3_1)
     1    0.005467    0.066122    0.578858    1.318263 v hold2/X (sky130_fd_sc_hd__dlygate4sd3_1)
                                                         net7 (net)
                      0.066122    0.000403    1.318666 v _11_/A (sky130_fd_sc_hd__xor2_1)
     1    0.002140    0.056427    0.158134    1.476801 v _11_/X (sky130_fd_sc_hd__xor2_1)
                                                         _01_ (net)
                      0.056427    0.000101    1.476902 v hold3/A (sky130_fd_sc_hd__dlygate4sd3_1)
     1    0.002938    0.053777    0.554032    2.030934 v hold3/X (sky130_fd_sc_hd__dlygate4sd3_1)
                                                         net8 (net)
                      0.053777    0.000217    2.031152 v _13_/D (sky130_fd_sc_hd__dfrtp_1)
                                              2.031152   data arrival time

                                 15.000000   15.000000   clock clk (rise edge)
                                  0.000000   15.000000   clock source latency
     1    0.026218    0.123439    0.085500   15.085500 ^ clk (in)
                                                         clk (net)
                      0.123451    0.000000   15.085500 ^ clkbuf_0_clk/A (sky130_fd_sc_hd__clkbuf_16)
     2    0.018905    0.041009    0.152857   15.238357 ^ clkbuf_0_clk/X (sky130_fd_sc_hd__clkbuf_16)
                                                         clknet_0_clk (net)
                      0.041024    0.000984   15.239341 ^ clkbuf_1_1__f_clk/A (sky130_fd_sc_hd__clkbuf_16)
     2    0.006996    0.030691    0.111394   15.350735 ^ clkbuf_1_1__f_clk/X (sky130_fd_sc_hd__clkbuf_16)
                                                         clknet_1_1__leaf_clk (net)
                      0.030693    0.000478   15.351213 ^ _13_/CLK (sky130_fd_sc_hd__dfrtp_1)
                                 -0.250000   15.101213   clock uncertainty
                                  0.000000   15.101213   clock reconvergence pessimism
                                 -0.121380   14.979833   library setup time
                                             14.979833   data required time
---------------------------------------------------------------------------------------------
                                             14.979833   data required time
                                             -2.031152   data arrival time
---------------------------------------------------------------------------------------------
                                             12.948682   slack (MET)


Startpoint: _14_ (rising edge-triggered flip-flop clocked by clk)
Endpoint: _14_ (rising edge-triggered flip-flop clocked by clk)
Path Group: clk
Path Type: max

Fanout         Cap        Slew       Delay        Time   Description
---------------------------------------------------------------------------------------------
                                  0.000000    0.000000   clock clk (rise edge)
                                  0.000000    0.000000   clock source latency
     1    0.026218    0.123439    0.085499    0.085499 ^ clk (in)
                                                         clk (net)
                      0.123451    0.000000    0.085499 ^ clkbuf_0_clk/A (sky130_fd_sc_hd__clkbuf_16)
     2    0.018905    0.041009    0.152858    0.238357 ^ clkbuf_0_clk/X (sky130_fd_sc_hd__clkbuf_16)
                                                         clknet_0_clk (net)
                      0.041025    0.001003    0.239361 ^ clkbuf_1_0__f_clk/A (sky130_fd_sc_hd__clkbuf_16)
     2    0.006046    0.029725    0.110293    0.349653 ^ clkbuf_1_0__f_clk/X (sky130_fd_sc_hd__clkbuf_16)
                                                         clknet_1_0__leaf_clk (net)
                      0.029726    0.000364    0.350017 ^ _14_/CLK (sky130_fd_sc_hd__dfrtp_1)
     3    0.008404    0.065844    0.378127    0.728145 v _14_/Q (sky130_fd_sc_hd__dfrtp_1)
                                                         net4 (net)
                      0.065844    0.000254    0.728398 v hold5/A (sky130_fd_sc_hd__dlygate4sd3_1)
     1    0.002498    0.051145    0.554338    1.282737 v hold5/X (sky130_fd_sc_hd__dlygate4sd3_1)
                                                         net10 (net)
                      0.051145    0.000179    1.282916 v _07_/B1 (sky130_fd_sc_hd__a21oi_1)
     1    0.002629    0.101137    0.108638    1.391554 ^ _07_/Y (sky130_fd_sc_hd__a21oi_1)
                                                         _04_ (net)
                      0.101137    0.000169    1.391723 ^ hold6/A (sky130_fd_sc_hd__dlygate4sd3_1)
     1    0.003772    0.061764    0.559756    1.951479 ^ hold6/X (sky130_fd_sc_hd__dlygate4sd3_1)
                                                         net11 (net)
                      0.061764    0.000161    1.951640 ^ _09_/A (sky130_fd_sc_hd__nor2_1)
     1    0.002631    0.034718    0.044966    1.996606 v _09_/Y (sky130_fd_sc_hd__nor2_1)
                                                         _02_ (net)
                      0.034718    0.000175    1.996782 v _14_/D (sky130_fd_sc_hd__dfrtp_1)
                                              1.996782   data arrival time

                                 15.000000   15.000000   clock clk (rise edge)
                                  0.000000   15.000000   clock source latency
     1    0.026218    0.123439    0.085500   15.085500 ^ clk (in)
                                                         clk (net)
                      0.123451    0.000000   15.085500 ^ clkbuf_0_clk/A (sky130_fd_sc_hd__clkbuf_16)
     2    0.018905    0.041009    0.152857   15.238357 ^ clkbuf_0_clk/X (sky130_fd_sc_hd__clkbuf_16)
                                                         clknet_0_clk (net)
                      0.041025    0.001004   15.239361 ^ clkbuf_1_0__f_clk/A (sky130_fd_sc_hd__clkbuf_16)
     2    0.006046    0.029725    0.110292   15.349652 ^ clkbuf_1_0__f_clk/X (sky130_fd_sc_hd__clkbuf_16)
                                                         clknet_1_0__leaf_clk (net)
                      0.029726    0.000364   15.350017 ^ _14_/CLK (sky130_fd_sc_hd__dfrtp_1)
                                 -0.250000   15.100018   clock uncertainty
                                  0.000000   15.100018   clock reconvergence pessimism
                                 -0.113279   14.986739   library setup time
                                             14.986739   data required time
---------------------------------------------------------------------------------------------
                                             14.986739   data required time
                                             -1.996782   data arrival time
---------------------------------------------------------------------------------------------
                                             12.989958   slack (MET)


Startpoint: _15_ (rising edge-triggered flip-flop clocked by clk)
Endpoint: _15_ (rising edge-triggered flip-flop clocked by clk)
Path Group: clk
Path Type: max

Fanout         Cap        Slew       Delay        Time   Description
---------------------------------------------------------------------------------------------
                                  0.000000    0.000000   clock clk (rise edge)
                                  0.000000    0.000000   clock source latency
     1    0.026218    0.123439    0.085499    0.085499 ^ clk (in)
                                                         clk (net)
                      0.123451    0.000000    0.085499 ^ clkbuf_0_clk/A (sky130_fd_sc_hd__clkbuf_16)
     2    0.018905    0.041009    0.152858    0.238357 ^ clkbuf_0_clk/X (sky130_fd_sc_hd__clkbuf_16)
                                                         clknet_0_clk (net)
                      0.041024    0.000984    0.239342 ^ clkbuf_1_1__f_clk/A (sky130_fd_sc_hd__clkbuf_16)
     2    0.006996    0.030691    0.111393    0.350734 ^ clkbuf_1_1__f_clk/X (sky130_fd_sc_hd__clkbuf_16)
                                                         clknet_1_1__leaf_clk (net)
                      0.030694    0.000594    0.351328 ^ _15_/CLK (sky130_fd_sc_hd__dfrtp_1)
     2    0.006020    0.054033    0.365695    0.717022 v _15_/Q (sky130_fd_sc_hd__dfrtp_1)
                                                         net5 (net)
                      0.054033    0.000324    0.717346 v hold1/A (sky130_fd_sc_hd__dlygate4sd3_1)
     1    0.006250    0.069923    0.575595    1.292941 v hold1/X (sky130_fd_sc_hd__dlygate4sd3_1)
                                                         net6 (net)
                      0.069923    0.000464    1.293405 v _10_/A (sky130_fd_sc_hd__xor2_1)
     1    0.002311    0.049871    0.160649    1.454055 v _10_/X (sky130_fd_sc_hd__xor2_1)
                                                         _03_ (net)
                      0.049871    0.000106    1.454160 v _15_/D (sky130_fd_sc_hd__dfrtp_1)
                                              1.454160   data arrival time

                                 15.000000   15.000000   clock clk (rise edge)
                                  0.000000   15.000000   clock source latency
     1    0.026218    0.123439    0.085500   15.085500 ^ clk (in)
                                                         clk (net)
                      0.123451    0.000000   15.085500 ^ clkbuf_0_clk/A (sky130_fd_sc_hd__clkbuf_16)
     2    0.018905    0.041009    0.152857   15.238357 ^ clkbuf_0_clk/X (sky130_fd_sc_hd__clkbuf_16)
                                                         clknet_0_clk (net)
                      0.041024    0.000984   15.239341 ^ clkbuf_1_1__f_clk/A (sky130_fd_sc_hd__clkbuf_16)
     2    0.006996    0.030691    0.111394   15.350735 ^ clkbuf_1_1__f_clk/X (sky130_fd_sc_hd__clkbuf_16)
                                                         clknet_1_1__leaf_clk (net)
                      0.030694    0.000593   15.351328 ^ _15_/CLK (sky130_fd_sc_hd__dfrtp_1)
                                 -0.250000   15.101329   clock uncertainty
                                  0.000000   15.101329   clock reconvergence pessimism
                                 -0.119674   14.981655   library setup time
                                             14.981655   data required time
---------------------------------------------------------------------------------------------
                                             14.981655   data required time
                                             -1.454160   data arrival time
---------------------------------------------------------------------------------------------
                                             13.527495   slack (MET)


Startpoint: _12_ (rising edge-triggered flip-flop clocked by clk)
Endpoint: _12_ (rising edge-triggered flip-flop clocked by clk)
Path Group: clk
Path Type: max

Fanout         Cap        Slew       Delay        Time   Description
---------------------------------------------------------------------------------------------
                                  0.000000    0.000000   clock clk (rise edge)
                                  0.000000    0.000000   clock source latency
     1    0.026218    0.123439    0.085499    0.085499 ^ clk (in)
                                                         clk (net)
                      0.123451    0.000000    0.085499 ^ clkbuf_0_clk/A (sky130_fd_sc_hd__clkbuf_16)
     2    0.018905    0.041009    0.152858    0.238357 ^ clkbuf_0_clk/X (sky130_fd_sc_hd__clkbuf_16)
                                                         clknet_0_clk (net)
                      0.041025    0.001003    0.239361 ^ clkbuf_1_0__f_clk/A (sky130_fd_sc_hd__clkbuf_16)
     2    0.006046    0.029725    0.110293    0.349653 ^ clkbuf_1_0__f_clk/X (sky130_fd_sc_hd__clkbuf_16)
                                                         clknet_1_0__leaf_clk (net)
                      0.029726    0.000317    0.349970 ^ _12_/CLK (sky130_fd_sc_hd__dfrtp_1)
     5    0.017583    0.162676    0.402810    0.752780 ^ _12_/Q (sky130_fd_sc_hd__dfrtp_1)
                                                         net2 (net)
                      0.162677    0.000810    0.753590 ^ hold4/A (sky130_fd_sc_hd__dlygate4sd3_1)
     1    0.006222    0.082764    0.593126    1.346716 ^ hold4/X (sky130_fd_sc_hd__dlygate4sd3_1)
                                                         net9 (net)
                      0.082764    0.000462    1.347178 ^ _06_/A (sky130_fd_sc_hd__inv_2)
     1    0.004069    0.023645    0.036161    1.383338 v _06_/Y (sky130_fd_sc_hd__inv_2)
                                                         _00_ (net)
                      0.023650    0.000303    1.383641 v _12_/D (sky130_fd_sc_hd__dfrtp_1)
                                              1.383641   data arrival time

                                 15.000000   15.000000   clock clk (rise edge)
                                  0.000000   15.000000   clock source latency
     1    0.026218    0.123439    0.085500   15.085500 ^ clk (in)
                                                         clk (net)
                      0.123451    0.000000   15.085500 ^ clkbuf_0_clk/A (sky130_fd_sc_hd__clkbuf_16)
     2    0.018905    0.041009    0.152857   15.238357 ^ clkbuf_0_clk/X (sky130_fd_sc_hd__clkbuf_16)
                                                         clknet_0_clk (net)
                      0.041025    0.001004   15.239361 ^ clkbuf_1_0__f_clk/A (sky130_fd_sc_hd__clkbuf_16)
     2    0.006046    0.029725    0.110292   15.349652 ^ clkbuf_1_0__f_clk/X (sky130_fd_sc_hd__clkbuf_16)
                                                         clknet_1_0__leaf_clk (net)
                      0.029726    0.000318   15.349971 ^ _12_/CLK (sky130_fd_sc_hd__dfrtp_1)
                                 -0.250000   15.099972   clock uncertainty
                                  0.000000   15.099972   clock reconvergence pessimism
                                 -0.108445   14.991527   library setup time
                                             14.991527   data required time
---------------------------------------------------------------------------------------------
                                             14.991527   data required time
                                             -1.383641   data arrival time
---------------------------------------------------------------------------------------------
                                             13.607885   slack (MET)



%OL_END_REPORT
%OL_CREATE_REPORT checks.rpt

===========================================================================
report_checks -unconstrained
===========================================================================
======================= max_tt_025C_1v80 Corner ===================================

Startpoint: rst_n (input port clocked by clk)
Endpoint: _14_ (recovery check against rising-edge clock clk)
Path Group: asynchronous
Path Type: max

Fanout         Cap        Slew       Delay        Time   Description
---------------------------------------------------------------------------------------------
                                  0.000000    0.000000   clock clk (rise edge)
                                  0.000000    0.000000   clock network delay (propagated)
                                  3.000000    3.000000 ^ input external delay
     1    0.004133    0.025523    0.015039    3.015039 ^ rst_n (in)
                                                         rst_n (net)
                      0.025525    0.000000    3.015039 ^ input1/A (sky130_fd_sc_hd__buf_1)
     4    0.017295    0.207644    0.187882    3.202921 ^ input1/X (sky130_fd_sc_hd__buf_1)
                                                         net1 (net)
                      0.207649    0.000814    3.203735 ^ _14_/RESET_B (sky130_fd_sc_hd__dfrtp_1)
                                              3.203735   data arrival time

                                 15.000000   15.000000   clock clk (rise edge)
                                  0.000000   15.000000   clock source latency
     1    0.026218    0.123439    0.085500   15.085500 ^ clk (in)
                                                         clk (net)
                      0.123451    0.000000   15.085500 ^ clkbuf_0_clk/A (sky130_fd_sc_hd__clkbuf_16)
     2    0.018905    0.041009    0.152857   15.238357 ^ clkbuf_0_clk/X (sky130_fd_sc_hd__clkbuf_16)
                                                         clknet_0_clk (net)
                      0.041025    0.001004   15.239361 ^ clkbuf_1_0__f_clk/A (sky130_fd_sc_hd__clkbuf_16)
     2    0.006046    0.029725    0.110292   15.349652 ^ clkbuf_1_0__f_clk/X (sky130_fd_sc_hd__clkbuf_16)
                                                         clknet_1_0__leaf_clk (net)
                      0.029726    0.000364   15.350017 ^ _14_/CLK (sky130_fd_sc_hd__dfrtp_1)
                                 -0.250000   15.100018   clock uncertainty
                                  0.000000   15.100018   clock reconvergence pessimism
                                  0.183440   15.283457   library recovery time
                                             15.283457   data required time
---------------------------------------------------------------------------------------------
                                             15.283457   data required time
                                             -3.203735   data arrival time
---------------------------------------------------------------------------------------------
                                             12.079722   slack (MET)


Startpoint: _12_ (rising edge-triggered flip-flop clocked by clk)
Endpoint: count[0] (output port clocked by clk)
Path Group: clk
Path Type: max

Fanout         Cap        Slew       Delay        Time   Description
---------------------------------------------------------------------------------------------
                                  0.000000    0.000000   clock clk (rise edge)
                                  0.000000    0.000000   clock source latency
     1    0.026218    0.123439    0.085499    0.085499 ^ clk (in)
                                                         clk (net)
                      0.123451    0.000000    0.085499 ^ clkbuf_0_clk/A (sky130_fd_sc_hd__clkbuf_16)
     2    0.018905    0.041009    0.152858    0.238357 ^ clkbuf_0_clk/X (sky130_fd_sc_hd__clkbuf_16)
                                                         clknet_0_clk (net)
                      0.041025    0.001003    0.239361 ^ clkbuf_1_0__f_clk/A (sky130_fd_sc_hd__clkbuf_16)
     2    0.006046    0.029725    0.110293    0.349653 ^ clkbuf_1_0__f_clk/X (sky130_fd_sc_hd__clkbuf_16)
                                                         clknet_1_0__leaf_clk (net)
                      0.029726    0.000317    0.349970 ^ _12_/CLK (sky130_fd_sc_hd__dfrtp_1)
     5    0.017583    0.162676    0.402810    0.752780 ^ _12_/Q (sky130_fd_sc_hd__dfrtp_1)
                                                         net2 (net)
                      0.162682    0.001177    0.753958 ^ output2/A (sky130_fd_sc_hd__buf_2)
     1    0.034048    0.169794    0.236109    0.990066 ^ output2/X (sky130_fd_sc_hd__buf_2)
                                                         count[0] (net)
                      0.169807    0.001617    0.991683 ^ count[0] (out)
                                              0.991683   data arrival time

                                 15.000000   15.000000   clock clk (rise edge)
                                  0.000000   15.000000   clock network delay (propagated)
                                 -0.250000   14.750000   clock uncertainty
                                  0.000000   14.750000   clock reconvergence pessimism
                                 -3.000000   11.750000   output external delay
                                             11.750000   data required time
---------------------------------------------------------------------------------------------
                                             11.750000   data required time
                                             -0.991683   data arrival time
---------------------------------------------------------------------------------------------
                                             10.758317   slack (MET)




===========================================================================
report_checks --slack_max -0.01
============================================================================
======================= max_tt_025C_1v80 Corner ===================================

No paths found.


===========================================================================
 report_check_types -max_slew -max_cap -max_fanout -violators
============================================================================
======================= max_tt_025C_1v80 Corner ===================================



===========================================================================
report_parasitic_annotation -report_unannotated
============================================================================
Found 0 unannotated drivers.
Found 0 partially unannotated drivers.

===========================================================================
max slew violation count 0
%OL_METRIC_I design__max_slew_violation__count__corner:max_tt_025C_1v80 0
max fanout violation count 0
%OL_METRIC_I design__max_fanout_violation__count__corner:max_tt_025C_1v80 0
max cap violation count 0
%OL_METRIC_I design__max_cap_violation__count__corner:max_tt_025C_1v80 0
============================================================================

===========================================================================
check_setup -verbose -unconstrained_endpoints -multiple_clock -no_clock -no_input_delay -loops -generated_clocks
===========================================================================
%OL_END_REPORT
%OL_CREATE_REPORT power.rpt

===========================================================================
 report_power
============================================================================
======================= max_tt_025C_1v80 Corner ===================================

Group                    Internal    Switching      Leakage        Total
                            Power        Power        Power        Power (Watts)
------------------------------------------------------------------------
Sequential           1.086988e-05 0.000000e+00 5.131949e-11 1.086993e-05  21.0%
Combinational        5.565964e-08 1.867827e-07 6.632939e-11 2.425087e-07   0.5%
Clock                3.377995e-05 6.900557e-06 1.984250e-09 4.068249e-05  78.5%
Macro                0.000000e+00 0.000000e+00 0.000000e+00 0.000000e+00   0.0%
Pad                  0.000000e+00 0.000000e+00 0.000000e+00 0.000000e+00   0.0%
------------------------------------------------------------------------
Total                4.470548e-05 7.087340e-06 2.101899e-09 5.179493e-05 100.0%
                            86.3%        13.7%         0.0%
%OL_METRIC_F power__internal__total 4.470548446988687e-5
%OL_METRIC_F power__switching__total 7.087339781719493e-6
%OL_METRIC_F power__leakage__total 2.101898877171493e-9
%OL_METRIC_F power__total 5.179492654860951e-5

%OL_END_REPORT
%OL_CREATE_REPORT skew.min.rpt

===========================================================================
Clock Skew (Hold)
============================================================================
%OL_METRIC_F clock__skew__worst_hold__corner:max_tt_025C_1v80 -0.25135799708655265
======================= max_tt_025C_1v80 Corner ===================================

Clock clk
0.349970 source latency _12_/CLK ^
-0.351328 target latency _15_/CLK ^
-0.250000 clock uncertainty
0.000000 CRPR
--------------
-0.251358 hold skew

%OL_END_REPORT
%OL_CREATE_REPORT skew.max.rpt

===========================================================================
Clock Skew (Setup)
============================================================================
%OL_METRIC_F clock__skew__worst_setup__corner:max_tt_025C_1v80 0.25119465551943504
======================= max_tt_025C_1v80 Corner ===================================

Clock clk
0.351212 source latency _13_/CLK ^
-0.350017 target latency _14_/CLK ^
0.250000 clock uncertainty
0.000000 CRPR
--------------
0.251195 setup skew

%OL_END_REPORT
%OL_CREATE_REPORT ws.min.rpt

===========================================================================
Worst Slack (Hold)
============================================================================
%OL_METRIC_F timing__hold__ws__corner:max_tt_025C_1v80 0.40947496552479856
max_tt_025C_1v80: 0.40947496552479856
%OL_END_REPORT
%OL_CREATE_REPORT ws.max.rpt

===========================================================================
Worst Slack (Setup)
============================================================================
%OL_METRIC_F timing__setup__ws__corner:max_tt_025C_1v80 10.75831720826863
max_tt_025C_1v80: 10.75831720826863
%OL_END_REPORT
%OL_CREATE_REPORT tns.min.rpt

===========================================================================
Total Negative Slack (Hold)
============================================================================
%OL_METRIC_F timing__hold__tns__corner:max_tt_025C_1v80 0.0
max_tt_025C_1v80: 0.0
%OL_END_REPORT
%OL_CREATE_REPORT tns.max.rpt

===========================================================================
Total Negative Slack (Setup)
============================================================================
%OL_METRIC_F timing__setup__tns__corner:max_tt_025C_1v80 0.0
max_tt_025C_1v80: 0.0
%OL_END_REPORT
%OL_CREATE_REPORT wns.min.rpt

===========================================================================
Worst Negative Slack (Hold)
============================================================================
%OL_METRIC_F timing__hold__wns__corner:max_tt_025C_1v80 0
max_tt_025C_1v80: 0
%OL_END_REPORT
%OL_CREATE_REPORT wns.max.rpt

===========================================================================
Worst Negative Slack (Setup)
============================================================================
%OL_METRIC_F timing__setup__wns__corner:max_tt_025C_1v80 0.0
max_tt_025C_1v80: 0.0
%OL_END_REPORT
%OL_CREATE_REPORT violator_list.rpt

===========================================================================
Violator List
============================================================================
%OL_METRIC_I timing__hold_vio__count__corner:max_tt_025C_1v80 0
%OL_METRIC_F timing__hold_r2r__ws__corner:max_tt_025C_1v80 0.409475
%OL_METRIC_I timing__hold_r2r_vio__count__corner:max_tt_025C_1v80 0
%OL_METRIC_I timing__setup_vio__count__corner:max_tt_025C_1v80 0
%OL_METRIC_F timing__setup_r2r__ws__corner:max_tt_025C_1v80 12.948682
%OL_METRIC_I timing__setup_r2r_vio__count__corner:max_tt_025C_1v80 0
%OL_END_REPORT
%OL_CREATE_REPORT unpropagated.rpt
%OL_END_REPORT
%OL_CREATE_REPORT clock.rpt
Clock: clk
Sources: clk 
Generated: no
Virtual: yes
Propagated: no
Period: 15.000000

===========================================================================
report_clock_properties
============================================================================
Clock                   Period          Waveform
----------------------------------------------------
clk                  15.000000    0.000000  7.500000

===========================================================================
report_clock_latency
============================================================================
Clock clk
rise -> rise
    min     max
0.000000 0.000000 source latency
0.349970         network latency _12_/CLK
        0.351328 network latency _15_/CLK
---------------
0.349970 0.351328 latency
        0.001358 skew

fall -> fall
    min     max
0.000000 0.000000 source latency
0.321971         network latency _12_/CLK
        0.323218 network latency _15_/CLK
---------------
0.321971 0.323218 latency
        0.001247 skew



===========================================================================
report_clock_min_period
============================================================================
clk period_min = 2.05 fmax = 487.49
%OL_END_REPORT
Writing SDF files for all corners…
Removing Clock latencies before writing libs…
Writing timing models for all corners…
Writing timing models for the max_tt_025C_1v80 corner to /home/jihan/projects/openlane_flow/designs/counter_4bit/runs/RUN_2025-12-04_01-46-29/54-openroad-stapostpnr/max_tt_025C_1v80/counter_4bit__max_tt_025C_1v80.lib…
