
===========================================================================
report_checks -unconstrained
===========================================================================
======================= min_ss_100C_1v60 Corner ===================================

Startpoint: rst_n (input port clocked by clk)
Endpoint: _14_ (recovery check against rising-edge clock clk)
Path Group: asynchronous
Path Type: max

Fanout         Cap        Slew       Delay        Time   Description
---------------------------------------------------------------------------------------------
                                  0.000000    0.000000   clock clk (rise edge)
                                  0.000000    0.000000   clock network delay (propagated)
                                  3.000000    3.000000 ^ input external delay
     1    0.003731    0.038490    0.020681    3.020681 ^ rst_n (in)
                                                         rst_n (net)
                      0.038490    0.000000    3.020681 ^ input1/A (sky130_fd_sc_hd__buf_1)
     4    0.015322    0.302374    0.299065    3.319746 ^ input1/X (sky130_fd_sc_hd__buf_1)
                                                         net1 (net)
                      0.302374    0.000126    3.319872 ^ _14_/RESET_B (sky130_fd_sc_hd__dfrtp_1)
                                              3.319872   data arrival time

                                 15.000000   15.000000   clock clk (rise edge)
                                  0.000000   15.000000   clock source latency
     1    0.024149    0.178857    0.122625   15.122625 ^ clk (in)
                                                         clk (net)
                      0.178859    0.000000   15.122625 ^ clkbuf_0_clk/A (sky130_fd_sc_hd__clkbuf_16)
     2    0.018353    0.065366    0.269251   15.391876 ^ clkbuf_0_clk/X (sky130_fd_sc_hd__clkbuf_16)
                                                         clknet_0_clk (net)
                      0.065366    0.000169   15.392045 ^ clkbuf_1_0__f_clk/A (sky130_fd_sc_hd__clkbuf_16)
     2    0.005465    0.048441    0.196914   15.588960 ^ clkbuf_1_0__f_clk/X (sky130_fd_sc_hd__clkbuf_16)
                                                         clknet_1_0__leaf_clk (net)
                      0.048442    0.000066   15.589025 ^ _14_/CLK (sky130_fd_sc_hd__dfrtp_1)
                                 -0.250000   15.339026   clock uncertainty
                                  0.000000   15.339026   clock reconvergence pessimism
                                  0.369199   15.708224   library recovery time
                                             15.708224   data required time
---------------------------------------------------------------------------------------------
                                             15.708224   data required time
                                             -3.319872   data arrival time
---------------------------------------------------------------------------------------------
                                             12.388352   slack (MET)


Startpoint: _12_ (rising edge-triggered flip-flop clocked by clk)
Endpoint: count[0] (output port clocked by clk)
Path Group: clk
Path Type: max

Fanout         Cap        Slew       Delay        Time   Description
---------------------------------------------------------------------------------------------
                                  0.000000    0.000000   clock clk (rise edge)
                                  0.000000    0.000000   clock source latency
     1    0.024149    0.178857    0.122625    0.122625 ^ clk (in)
                                                         clk (net)
                      0.178859    0.000000    0.122625 ^ clkbuf_0_clk/A (sky130_fd_sc_hd__clkbuf_16)
     2    0.018353    0.065366    0.269252    0.391878 ^ clkbuf_0_clk/X (sky130_fd_sc_hd__clkbuf_16)
                                                         clknet_0_clk (net)
                      0.065366    0.000168    0.392045 ^ clkbuf_1_0__f_clk/A (sky130_fd_sc_hd__clkbuf_16)
     2    0.005465    0.048441    0.196914    0.588960 ^ clkbuf_1_0__f_clk/X (sky130_fd_sc_hd__clkbuf_16)
                                                         clknet_1_0__leaf_clk (net)
                      0.048441    0.000040    0.589000 ^ _12_/CLK (sky130_fd_sc_hd__dfrtp_1)
     5    0.015568    0.181346    0.840280    1.429280 v _12_/Q (sky130_fd_sc_hd__dfrtp_1)
                                                         net2 (net)
                      0.181346    0.000236    1.429515 v output2/A (sky130_fd_sc_hd__buf_2)
     1    0.033970    0.164678    0.397419    1.826934 v output2/X (sky130_fd_sc_hd__buf_2)
                                                         count[0] (net)
                      0.164678    0.000183    1.827117 v count[0] (out)
                                              1.827117   data arrival time

                                 15.000000   15.000000   clock clk (rise edge)
                                  0.000000   15.000000   clock network delay (propagated)
                                 -0.250000   14.750000   clock uncertainty
                                  0.000000   14.750000   clock reconvergence pessimism
                                 -3.000000   11.750000   output external delay
                                             11.750000   data required time
---------------------------------------------------------------------------------------------
                                             11.750000   data required time
                                             -1.827117   data arrival time
---------------------------------------------------------------------------------------------
                                              9.922883   slack (MET)




===========================================================================
report_checks --slack_max -0.01
============================================================================
======================= min_ss_100C_1v60 Corner ===================================

No paths found.


===========================================================================
 report_check_types -max_slew -max_cap -max_fanout -violators
============================================================================
======================= min_ss_100C_1v60 Corner ===================================



===========================================================================
report_parasitic_annotation -report_unannotated
============================================================================
Found 0 unannotated drivers.
Found 0 partially unannotated drivers.

===========================================================================
max slew violation count 0
max fanout violation count 0
max cap violation count 0
============================================================================

===========================================================================
check_setup -verbose -unconstrained_endpoints -multiple_clock -no_clock -no_input_delay -loops -generated_clocks
===========================================================================
