Reading OpenROAD database at '/home/jihan/projects/openlane_flow/designs/param_counter/runs/RUN_2025-12-08_00-14-34/20-openroad-generatepdn/param_counter.odb'…
Reading library file at '/home/jihan/.volare/volare/sky130/versions/0fe599b2afb6708d281543108caf8310912f54af/sky130A/libs.ref/sky130_fd_sc_hd/lib/sky130_fd_sc_hd__tt_025C_1v80.lib'…
Reading design constraints file at '/nix/store/ss2cw3sxbrwwx9jl0rrppbw4kgcmgi2n-python3-3.11.9-env/lib/python3.11/site-packages/openlane/scripts/base.sdc'…
[INFO] Using clock clk…
[INFO] Setting output delay to: 3.0
[INFO] Setting input delay to: 3.0
[INFO] Setting load to: 0.033442
[INFO] Setting clock uncertainty to: 0.25
[INFO] Setting clock transition to: 0.1499999999999999944488848768742172978818416595458984375
[INFO] Setting timing derate to: 5%
+ global_placement -density 0.5 -skip_io -pad_right 0 -pad_left 0 -init_wirelength_coef 0.25
[INFO GPL-0002] DBU: 1000
[INFO GPL-0003] SiteSize: (  0.460  2.720 ) um
[INFO GPL-0004] CoreBBox: (  5.520 10.880 ) ( 29.440 32.640 ) um
[INFO GPL-0006] NumInstances:                40
[INFO GPL-0007] NumPlaceInstances:           19
[INFO GPL-0008] NumFixedInstances:           21
[INFO GPL-0009] NumDummyInstances:            0
[INFO GPL-0010] NumNets:                     27
[INFO GPL-0011] NumPins:                     77
[INFO GPL-0012] DieBBox:  (  0.000  0.000 ) ( 35.095 45.815 ) um
[INFO GPL-0013] CoreBBox: (  5.520 10.880 ) ( 29.440 32.640 ) um
[INFO GPL-0016] CoreArea:               520.499 um^2
[INFO GPL-0017] NonPlaceInstsArea:       66.314 um^2
[INFO GPL-0018] PlaceInstsArea:         231.472 um^2
[INFO GPL-0019] Util:                    50.964 %
[INFO GPL-0020] StdInstsArea:           231.472 um^2
[INFO GPL-0021] MacroInstsArea:           0.000 um^2
[ERROR GPL-0302] Use a higher -density or re-floorplan with a larger core area.
Given target density: 0.50
Suggested target density: 0.51
Error: gpl.tcl, 79 GPL-0302
