Reading timing models for corner nom_ff_n40C_1v95…
Reading cell library for the 'nom_ff_n40C_1v95' corner at '/home/jihan/.volare/volare/sky130/versions/0fe599b2afb6708d281543108caf8310912f54af/sky130A/libs.ref/sky130_fd_sc_hd/lib/sky130_fd_sc_hd__ff_n40C_1v95.lib'…
Reading top-level netlist at '/home/jihan/projects/openlane_flow/designs/counter_4bit/runs/RUN_2025-12-01_02-14-40/06-yosys-synthesis/counter_4bit.nl.v'…
Linking design 'counter_4bit' from netlist…
Reading design constraints file at '/nix/store/ss2cw3sxbrwwx9jl0rrppbw4kgcmgi2n-python3-3.11.9-env/lib/python3.11/site-packages/openlane/scripts/base.sdc'…
[INFO] Using clock clk…
[INFO] Setting output delay to: 4.0
[INFO] Setting input delay to: 4.0
[INFO] Setting load to: 0.033442
[INFO] Setting clock uncertainty to: 0.25
[INFO] Setting clock transition to: 0.1499999999999999944488848768742172978818416595458984375
[INFO] Setting timing derate to: 5%
%OL_CREATE_REPORT min.rpt

===========================================================================
report_checks -path_delay min (Hold)
============================================================================
======================= nom_ff_n40C_1v95 Corner ===================================

Startpoint: _12_ (rising edge-triggered flip-flop clocked by clk)
Endpoint: _12_ (rising edge-triggered flip-flop clocked by clk)
Path Group: clk
Path Type: min

Fanout         Cap        Slew       Delay        Time   Description
---------------------------------------------------------------------------------------------
                      0.150000    0.000000    0.000000   clock clk (rise edge)
                                  0.000000    0.000000   clock network delay (ideal)
                      0.150000    0.000000    0.000000 ^ _12_/CLK (sky130_fd_sc_hd__dfrtp_2)
     5    0.053185    0.195747    0.365811    0.365811 ^ _12_/Q (sky130_fd_sc_hd__dfrtp_2)
                                                         count[0] (net)
                      0.195747    0.000000    0.365811 ^ _06_/A (sky130_fd_sc_hd__inv_2)
     1    0.002059    0.030329    0.004284    0.370096 v _06_/Y (sky130_fd_sc_hd__inv_2)
                                                         _00_ (net)
                      0.030329    0.000000    0.370096 v _12_/D (sky130_fd_sc_hd__dfrtp_2)
                                              0.370096   data arrival time

                      0.150000    0.000000    0.000000   clock clk (rise edge)
                                  0.000000    0.000000   clock network delay (ideal)
                                  0.250000    0.250000   clock uncertainty
                                  0.000000    0.250000   clock reconvergence pessimism
                                              0.250000 ^ _12_/CLK (sky130_fd_sc_hd__dfrtp_2)
                                 -0.017255    0.232745   library hold time
                                              0.232745   data required time
---------------------------------------------------------------------------------------------
                                              0.232745   data required time
                                             -0.370096   data arrival time
---------------------------------------------------------------------------------------------
                                              0.137350   slack (MET)


Startpoint: _15_ (rising edge-triggered flip-flop clocked by clk)
Endpoint: _15_ (rising edge-triggered flip-flop clocked by clk)
Path Group: clk
Path Type: min

Fanout         Cap        Slew       Delay        Time   Description
---------------------------------------------------------------------------------------------
                      0.150000    0.000000    0.000000   clock clk (rise edge)
                                  0.000000    0.000000   clock network delay (ideal)
                      0.150000    0.000000    0.000000 ^ _15_/CLK (sky130_fd_sc_hd__dfrtp_2)
     2    0.042791    0.159725    0.340640    0.340640 ^ _15_/Q (sky130_fd_sc_hd__dfrtp_2)
                                                         count[3] (net)
                      0.159725    0.000000    0.340640 ^ _10_/A (sky130_fd_sc_hd__xor2_2)
     1    0.002059    0.020128    0.043536    0.384176 v _10_/X (sky130_fd_sc_hd__xor2_2)
                                                         _03_ (net)
                      0.020128    0.000000    0.384176 v _15_/D (sky130_fd_sc_hd__dfrtp_2)
                                              0.384176   data arrival time

                      0.150000    0.000000    0.000000   clock clk (rise edge)
                                  0.000000    0.000000   clock network delay (ideal)
                                  0.250000    0.250000   clock uncertainty
                                  0.000000    0.250000   clock reconvergence pessimism
                                              0.250000 ^ _15_/CLK (sky130_fd_sc_hd__dfrtp_2)
                                 -0.013982    0.236018   library hold time
                                              0.236018   data required time
---------------------------------------------------------------------------------------------
                                              0.236018   data required time
                                             -0.384176   data arrival time
---------------------------------------------------------------------------------------------
                                              0.148158   slack (MET)


Startpoint: _13_ (rising edge-triggered flip-flop clocked by clk)
Endpoint: _13_ (rising edge-triggered flip-flop clocked by clk)
Path Group: clk
Path Type: min

Fanout         Cap        Slew       Delay        Time   Description
---------------------------------------------------------------------------------------------
                      0.150000    0.000000    0.000000   clock clk (rise edge)
                                  0.000000    0.000000   clock network delay (ideal)
                      0.150000    0.000000    0.000000 ^ _13_/CLK (sky130_fd_sc_hd__dfrtp_2)
     4    0.048970    0.181033    0.355658    0.355658 ^ _13_/Q (sky130_fd_sc_hd__dfrtp_2)
                                                         count[1] (net)
                      0.181033    0.000000    0.355658 ^ _11_/A (sky130_fd_sc_hd__xor2_2)
     1    0.002059    0.020272    0.043437    0.399094 v _11_/X (sky130_fd_sc_hd__xor2_2)
                                                         _01_ (net)
                      0.020272    0.000000    0.399094 v _13_/D (sky130_fd_sc_hd__dfrtp_2)
                                              0.399094   data arrival time

                      0.150000    0.000000    0.000000   clock clk (rise edge)
                                  0.000000    0.000000   clock network delay (ideal)
                                  0.250000    0.250000   clock uncertainty
                                  0.000000    0.250000   clock reconvergence pessimism
                                              0.250000 ^ _13_/CLK (sky130_fd_sc_hd__dfrtp_2)
                                 -0.014028    0.235972   library hold time
                                              0.235972   data required time
---------------------------------------------------------------------------------------------
                                              0.235972   data required time
                                             -0.399094   data arrival time
---------------------------------------------------------------------------------------------
                                              0.163122   slack (MET)


Startpoint: _14_ (rising edge-triggered flip-flop clocked by clk)
Endpoint: _14_ (rising edge-triggered flip-flop clocked by clk)
Path Group: clk
Path Type: min

Fanout         Cap        Slew       Delay        Time   Description
---------------------------------------------------------------------------------------------
                      0.150000    0.000000    0.000000   clock clk (rise edge)
                                  0.000000    0.000000   clock network delay (ideal)
                      0.150000    0.000000    0.000000 ^ _14_/CLK (sky130_fd_sc_hd__dfrtp_2)
     3    0.039899    0.149985    0.333493    0.333493 ^ _14_/Q (sky130_fd_sc_hd__dfrtp_2)
                                                         count[2] (net)
                      0.149985    0.000000    0.333493 ^ _07_/B1 (sky130_fd_sc_hd__a21oi_2)
     1    0.004193    0.033362    0.017250    0.350742 v _07_/Y (sky130_fd_sc_hd__a21oi_2)
                                                         _04_ (net)
                      0.033362    0.000000    0.350742 v _09_/A (sky130_fd_sc_hd__nor2_2)
     1    0.002087    0.039318    0.059125    0.409867 ^ _09_/Y (sky130_fd_sc_hd__nor2_2)
                                                         _02_ (net)
                      0.039318    0.000000    0.409867 ^ _14_/D (sky130_fd_sc_hd__dfrtp_2)
                                              0.409867   data arrival time

                      0.150000    0.000000    0.000000   clock clk (rise edge)
                                  0.000000    0.000000   clock network delay (ideal)
                                  0.250000    0.250000   clock uncertainty
                                  0.000000    0.250000   clock reconvergence pessimism
                                              0.250000 ^ _14_/CLK (sky130_fd_sc_hd__dfrtp_2)
                                 -0.017205    0.232795   library hold time
                                              0.232795   data required time
---------------------------------------------------------------------------------------------
                                              0.232795   data required time
                                             -0.409867   data arrival time
---------------------------------------------------------------------------------------------
                                              0.177071   slack (MET)


Startpoint: rst_n (input port clocked by clk)
Endpoint: _12_ (removal check against rising-edge clock clk)
Path Group: asynchronous
Path Type: min

Fanout         Cap        Slew       Delay        Time   Description
---------------------------------------------------------------------------------------------
                      0.150000    0.000000    0.000000   clock clk (rise edge)
                                  0.000000    0.000000   clock network delay (ideal)
                                  4.000000    4.000000 ^ input external delay
     4    0.014468    0.054642    0.035849    4.035849 ^ rst_n (in)
                                                         rst_n (net)
                      0.054642    0.000000    4.035849 ^ _12_/RESET_B (sky130_fd_sc_hd__dfrtp_2)
                                              4.035849   data arrival time

                      0.150000    0.000000    0.000000   clock clk (rise edge)
                                  0.000000    0.000000   clock network delay (ideal)
                                  0.250000    0.250000   clock uncertainty
                                  0.000000    0.250000   clock reconvergence pessimism
                                              0.250000 ^ _12_/CLK (sky130_fd_sc_hd__dfrtp_2)
                                  0.219649    0.469649   library removal time
                                              0.469649   data required time
---------------------------------------------------------------------------------------------
                                              0.469649   data required time
                                             -4.035849   data arrival time
---------------------------------------------------------------------------------------------
                                              3.566200   slack (MET)


Startpoint: rst_n (input port clocked by clk)
Endpoint: _13_ (removal check against rising-edge clock clk)
Path Group: asynchronous
Path Type: min

Fanout         Cap        Slew       Delay        Time   Description
---------------------------------------------------------------------------------------------
                      0.150000    0.000000    0.000000   clock clk (rise edge)
                                  0.000000    0.000000   clock network delay (ideal)
                                  4.000000    4.000000 ^ input external delay
     4    0.014468    0.054642    0.035849    4.035849 ^ rst_n (in)
                                                         rst_n (net)
                      0.054642    0.000000    4.035849 ^ _13_/RESET_B (sky130_fd_sc_hd__dfrtp_2)
                                              4.035849   data arrival time

                      0.150000    0.000000    0.000000   clock clk (rise edge)
                                  0.000000    0.000000   clock network delay (ideal)
                                  0.250000    0.250000   clock uncertainty
                                  0.000000    0.250000   clock reconvergence pessimism
                                              0.250000 ^ _13_/CLK (sky130_fd_sc_hd__dfrtp_2)
                                  0.219649    0.469649   library removal time
                                              0.469649   data required time
---------------------------------------------------------------------------------------------
                                              0.469649   data required time
                                             -4.035849   data arrival time
---------------------------------------------------------------------------------------------
                                              3.566200   slack (MET)


Startpoint: rst_n (input port clocked by clk)
Endpoint: _14_ (removal check against rising-edge clock clk)
Path Group: asynchronous
Path Type: min

Fanout         Cap        Slew       Delay        Time   Description
---------------------------------------------------------------------------------------------
                      0.150000    0.000000    0.000000   clock clk (rise edge)
                                  0.000000    0.000000   clock network delay (ideal)
                                  4.000000    4.000000 ^ input external delay
     4    0.014468    0.054642    0.035849    4.035849 ^ rst_n (in)
                                                         rst_n (net)
                      0.054642    0.000000    4.035849 ^ _14_/RESET_B (sky130_fd_sc_hd__dfrtp_2)
                                              4.035849   data arrival time

                      0.150000    0.000000    0.000000   clock clk (rise edge)
                                  0.000000    0.000000   clock network delay (ideal)
                                  0.250000    0.250000   clock uncertainty
                                  0.000000    0.250000   clock reconvergence pessimism
                                              0.250000 ^ _14_/CLK (sky130_fd_sc_hd__dfrtp_2)
                                  0.219649    0.469649   library removal time
                                              0.469649   data required time
---------------------------------------------------------------------------------------------
                                              0.469649   data required time
                                             -4.035849   data arrival time
---------------------------------------------------------------------------------------------
                                              3.566200   slack (MET)


Startpoint: rst_n (input port clocked by clk)
Endpoint: _15_ (removal check against rising-edge clock clk)
Path Group: asynchronous
Path Type: min

Fanout         Cap        Slew       Delay        Time   Description
---------------------------------------------------------------------------------------------
                      0.150000    0.000000    0.000000   clock clk (rise edge)
                                  0.000000    0.000000   clock network delay (ideal)
                                  4.000000    4.000000 ^ input external delay
     4    0.014468    0.054642    0.035849    4.035849 ^ rst_n (in)
                                                         rst_n (net)
                      0.054642    0.000000    4.035849 ^ _15_/RESET_B (sky130_fd_sc_hd__dfrtp_2)
                                              4.035849   data arrival time

                      0.150000    0.000000    0.000000   clock clk (rise edge)
                                  0.000000    0.000000   clock network delay (ideal)
                                  0.250000    0.250000   clock uncertainty
                                  0.000000    0.250000   clock reconvergence pessimism
                                              0.250000 ^ _15_/CLK (sky130_fd_sc_hd__dfrtp_2)
                                  0.219649    0.469649   library removal time
                                              0.469649   data required time
---------------------------------------------------------------------------------------------
                                              0.469649   data required time
                                             -4.035849   data arrival time
---------------------------------------------------------------------------------------------
                                              3.566200   slack (MET)


Startpoint: _14_ (rising edge-triggered flip-flop clocked by clk)
Endpoint: count[2] (output port clocked by clk)
Path Group: clk
Path Type: min

Fanout         Cap        Slew       Delay        Time   Description
---------------------------------------------------------------------------------------------
                      0.150000    0.000000    0.000000   clock clk (rise edge)
                                  0.000000    0.000000   clock network delay (ideal)
                      0.150000    0.000000    0.000000 ^ _14_/CLK (sky130_fd_sc_hd__dfrtp_2)
     3    0.039899    0.149985    0.333493    0.333493 ^ _14_/Q (sky130_fd_sc_hd__dfrtp_2)
                                                         count[2] (net)
                      0.149985    0.000000    0.333493 ^ count[2] (out)
                                              0.333493   data arrival time

                      0.150000    0.000000    0.000000   clock clk (rise edge)
                                  0.000000    0.000000   clock network delay (ideal)
                                  0.250000    0.250000   clock uncertainty
                                  0.000000    0.250000   clock reconvergence pessimism
                                 -4.000000   -3.750000   output external delay
                                             -3.750000   data required time
---------------------------------------------------------------------------------------------
                                             -3.750000   data required time
                                             -0.333493   data arrival time
---------------------------------------------------------------------------------------------
                                              4.083493   slack (MET)


Startpoint: _15_ (rising edge-triggered flip-flop clocked by clk)
Endpoint: count[3] (output port clocked by clk)
Path Group: clk
Path Type: min

Fanout         Cap        Slew       Delay        Time   Description
---------------------------------------------------------------------------------------------
                      0.150000    0.000000    0.000000   clock clk (rise edge)
                                  0.000000    0.000000   clock network delay (ideal)
                      0.150000    0.000000    0.000000 ^ _15_/CLK (sky130_fd_sc_hd__dfrtp_2)
     2    0.042004    0.090902    0.339170    0.339170 v _15_/Q (sky130_fd_sc_hd__dfrtp_2)
                                                         count[3] (net)
                      0.090902    0.000000    0.339170 v count[3] (out)
                                              0.339170   data arrival time

                      0.150000    0.000000    0.000000   clock clk (rise edge)
                                  0.000000    0.000000   clock network delay (ideal)
                                  0.250000    0.250000   clock uncertainty
                                  0.000000    0.250000   clock reconvergence pessimism
                                 -4.000000   -3.750000   output external delay
                                             -3.750000   data required time
---------------------------------------------------------------------------------------------
                                             -3.750000   data required time
                                             -0.339170   data arrival time
---------------------------------------------------------------------------------------------
                                              4.089170   slack (MET)


Startpoint: _13_ (rising edge-triggered flip-flop clocked by clk)
Endpoint: count[1] (output port clocked by clk)
Path Group: clk
Path Type: min

Fanout         Cap        Slew       Delay        Time   Description
---------------------------------------------------------------------------------------------
                      0.150000    0.000000    0.000000   clock clk (rise edge)
                                  0.000000    0.000000   clock network delay (ideal)
                      0.150000    0.000000    0.000000 ^ _13_/CLK (sky130_fd_sc_hd__dfrtp_2)
     4    0.047781    0.099356    0.347492    0.347492 v _13_/Q (sky130_fd_sc_hd__dfrtp_2)
                                                         count[1] (net)
                      0.099356    0.000000    0.347492 v count[1] (out)
                                              0.347492   data arrival time

                      0.150000    0.000000    0.000000   clock clk (rise edge)
                                  0.000000    0.000000   clock network delay (ideal)
                                  0.250000    0.250000   clock uncertainty
                                  0.000000    0.250000   clock reconvergence pessimism
                                 -4.000000   -3.750000   output external delay
                                             -3.750000   data required time
---------------------------------------------------------------------------------------------
                                             -3.750000   data required time
                                             -0.347492   data arrival time
---------------------------------------------------------------------------------------------
                                              4.097491   slack (MET)


Startpoint: _12_ (rising edge-triggered flip-flop clocked by clk)
Endpoint: count[0] (output port clocked by clk)
Path Group: clk
Path Type: min

Fanout         Cap        Slew       Delay        Time   Description
---------------------------------------------------------------------------------------------
                      0.150000    0.000000    0.000000   clock clk (rise edge)
                                  0.000000    0.000000   clock network delay (ideal)
                      0.150000    0.000000    0.000000 ^ _12_/CLK (sky130_fd_sc_hd__dfrtp_2)
     5    0.051605    0.104929    0.352269    0.352269 v _12_/Q (sky130_fd_sc_hd__dfrtp_2)
                                                         count[0] (net)
                      0.104929    0.000000    0.352269 v count[0] (out)
                                              0.352269   data arrival time

                      0.150000    0.000000    0.000000   clock clk (rise edge)
                                  0.000000    0.000000   clock network delay (ideal)
                                  0.250000    0.250000   clock uncertainty
                                  0.000000    0.250000   clock reconvergence pessimism
                                 -4.000000   -3.750000   output external delay
                                             -3.750000   data required time
---------------------------------------------------------------------------------------------
                                             -3.750000   data required time
                                             -0.352269   data arrival time
---------------------------------------------------------------------------------------------
                                              4.102269   slack (MET)



%OL_END_REPORT
%OL_CREATE_REPORT max.rpt

===========================================================================
report_checks -path_delay max (Setup)
============================================================================
======================= nom_ff_n40C_1v95 Corner ===================================

Startpoint: _12_ (rising edge-triggered flip-flop clocked by clk)
Endpoint: count[0] (output port clocked by clk)
Path Group: clk
Path Type: max

Fanout         Cap        Slew       Delay        Time   Description
---------------------------------------------------------------------------------------------
                      0.150000    0.000000    0.000000   clock clk (rise edge)
                                  0.000000    0.000000   clock network delay (ideal)
                      0.150000    0.000000    0.000000 ^ _12_/CLK (sky130_fd_sc_hd__dfrtp_2)
     5    0.053185    0.195747    0.365811    0.365811 ^ _12_/Q (sky130_fd_sc_hd__dfrtp_2)
                                                         count[0] (net)
                      0.195747    0.000000    0.365811 ^ count[0] (out)
                                              0.365811   data arrival time

                      0.150000   20.000000   20.000000   clock clk (rise edge)
                                  0.000000   20.000000   clock network delay (ideal)
                                 -0.250000   19.750002   clock uncertainty
                                  0.000000   19.750002   clock reconvergence pessimism
                                 -4.000000   15.750001   output external delay
                                             15.750001   data required time
---------------------------------------------------------------------------------------------
                                             15.750001   data required time
                                             -0.365811   data arrival time
---------------------------------------------------------------------------------------------
                                             15.384191   slack (MET)


Startpoint: _13_ (rising edge-triggered flip-flop clocked by clk)
Endpoint: count[1] (output port clocked by clk)
Path Group: clk
Path Type: max

Fanout         Cap        Slew       Delay        Time   Description
---------------------------------------------------------------------------------------------
                      0.150000    0.000000    0.000000   clock clk (rise edge)
                                  0.000000    0.000000   clock network delay (ideal)
                      0.150000    0.000000    0.000000 ^ _13_/CLK (sky130_fd_sc_hd__dfrtp_2)
     4    0.048970    0.181033    0.355658    0.355658 ^ _13_/Q (sky130_fd_sc_hd__dfrtp_2)
                                                         count[1] (net)
                      0.181033    0.000000    0.355658 ^ count[1] (out)
                                              0.355658   data arrival time

                      0.150000   20.000000   20.000000   clock clk (rise edge)
                                  0.000000   20.000000   clock network delay (ideal)
                                 -0.250000   19.750002   clock uncertainty
                                  0.000000   19.750002   clock reconvergence pessimism
                                 -4.000000   15.750001   output external delay
                                             15.750001   data required time
---------------------------------------------------------------------------------------------
                                             15.750001   data required time
                                             -0.355658   data arrival time
---------------------------------------------------------------------------------------------
                                             15.394344   slack (MET)


Startpoint: _15_ (rising edge-triggered flip-flop clocked by clk)
Endpoint: count[3] (output port clocked by clk)
Path Group: clk
Path Type: max

Fanout         Cap        Slew       Delay        Time   Description
---------------------------------------------------------------------------------------------
                      0.150000    0.000000    0.000000   clock clk (rise edge)
                                  0.000000    0.000000   clock network delay (ideal)
                      0.150000    0.000000    0.000000 ^ _15_/CLK (sky130_fd_sc_hd__dfrtp_2)
     2    0.042791    0.159725    0.340640    0.340640 ^ _15_/Q (sky130_fd_sc_hd__dfrtp_2)
                                                         count[3] (net)
                      0.159725    0.000000    0.340640 ^ count[3] (out)
                                              0.340640   data arrival time

                      0.150000   20.000000   20.000000   clock clk (rise edge)
                                  0.000000   20.000000   clock network delay (ideal)
                                 -0.250000   19.750002   clock uncertainty
                                  0.000000   19.750002   clock reconvergence pessimism
                                 -4.000000   15.750001   output external delay
                                             15.750001   data required time
---------------------------------------------------------------------------------------------
                                             15.750001   data required time
                                             -0.340640   data arrival time
---------------------------------------------------------------------------------------------
                                             15.409361   slack (MET)


Startpoint: _14_ (rising edge-triggered flip-flop clocked by clk)
Endpoint: count[2] (output port clocked by clk)
Path Group: clk
Path Type: max

Fanout         Cap        Slew       Delay        Time   Description
---------------------------------------------------------------------------------------------
                      0.150000    0.000000    0.000000   clock clk (rise edge)
                                  0.000000    0.000000   clock network delay (ideal)
                      0.150000    0.000000    0.000000 ^ _14_/CLK (sky130_fd_sc_hd__dfrtp_2)
     3    0.039205    0.086789    0.334613    0.334613 v _14_/Q (sky130_fd_sc_hd__dfrtp_2)
                                                         count[2] (net)
                      0.086789    0.000000    0.334613 v count[2] (out)
                                              0.334613   data arrival time

                      0.150000   20.000000   20.000000   clock clk (rise edge)
                                  0.000000   20.000000   clock network delay (ideal)
                                 -0.250000   19.750002   clock uncertainty
                                  0.000000   19.750002   clock reconvergence pessimism
                                 -4.000000   15.750001   output external delay
                                             15.750001   data required time
---------------------------------------------------------------------------------------------
                                             15.750001   data required time
                                             -0.334613   data arrival time
---------------------------------------------------------------------------------------------
                                             15.415388   slack (MET)


Startpoint: rst_n (input port clocked by clk)
Endpoint: _12_ (recovery check against rising-edge clock clk)
Path Group: asynchronous
Path Type: max

Fanout         Cap        Slew       Delay        Time   Description
---------------------------------------------------------------------------------------------
                      0.150000    0.000000    0.000000   clock clk (rise edge)
                                  0.000000    0.000000   clock network delay (ideal)
                                  4.000000    4.000000 ^ input external delay
     4    0.014468    0.054642    0.035849    4.035849 ^ rst_n (in)
                                                         rst_n (net)
                      0.054642    0.000000    4.035849 ^ _12_/RESET_B (sky130_fd_sc_hd__dfrtp_2)
                                              4.035849   data arrival time

                      0.150000   20.000000   20.000000   clock clk (rise edge)
                                  0.000000   20.000000   clock network delay (ideal)
                                 -0.250000   19.750002   clock uncertainty
                                  0.000000   19.750002   clock reconvergence pessimism
                                             19.750002 ^ _12_/CLK (sky130_fd_sc_hd__dfrtp_2)
                                  0.145846   19.895847   library recovery time
                                             19.895847   data required time
---------------------------------------------------------------------------------------------
                                             19.895847   data required time
                                             -4.035849   data arrival time
---------------------------------------------------------------------------------------------
                                             15.859998   slack (MET)


Startpoint: rst_n (input port clocked by clk)
Endpoint: _13_ (recovery check against rising-edge clock clk)
Path Group: asynchronous
Path Type: max

Fanout         Cap        Slew       Delay        Time   Description
---------------------------------------------------------------------------------------------
                      0.150000    0.000000    0.000000   clock clk (rise edge)
                                  0.000000    0.000000   clock network delay (ideal)
                                  4.000000    4.000000 ^ input external delay
     4    0.014468    0.054642    0.035849    4.035849 ^ rst_n (in)
                                                         rst_n (net)
                      0.054642    0.000000    4.035849 ^ _13_/RESET_B (sky130_fd_sc_hd__dfrtp_2)
                                              4.035849   data arrival time

                      0.150000   20.000000   20.000000   clock clk (rise edge)
                                  0.000000   20.000000   clock network delay (ideal)
                                 -0.250000   19.750002   clock uncertainty
                                  0.000000   19.750002   clock reconvergence pessimism
                                             19.750002 ^ _13_/CLK (sky130_fd_sc_hd__dfrtp_2)
                                  0.145846   19.895847   library recovery time
                                             19.895847   data required time
---------------------------------------------------------------------------------------------
                                             19.895847   data required time
                                             -4.035849   data arrival time
---------------------------------------------------------------------------------------------
                                             15.859998   slack (MET)


Startpoint: rst_n (input port clocked by clk)
Endpoint: _14_ (recovery check against rising-edge clock clk)
Path Group: asynchronous
Path Type: max

Fanout         Cap        Slew       Delay        Time   Description
---------------------------------------------------------------------------------------------
                      0.150000    0.000000    0.000000   clock clk (rise edge)
                                  0.000000    0.000000   clock network delay (ideal)
                                  4.000000    4.000000 ^ input external delay
     4    0.014468    0.054642    0.035849    4.035849 ^ rst_n (in)
                                                         rst_n (net)
                      0.054642    0.000000    4.035849 ^ _14_/RESET_B (sky130_fd_sc_hd__dfrtp_2)
                                              4.035849   data arrival time

                      0.150000   20.000000   20.000000   clock clk (rise edge)
                                  0.000000   20.000000   clock network delay (ideal)
                                 -0.250000   19.750002   clock uncertainty
                                  0.000000   19.750002   clock reconvergence pessimism
                                             19.750002 ^ _14_/CLK (sky130_fd_sc_hd__dfrtp_2)
                                  0.145846   19.895847   library recovery time
                                             19.895847   data required time
---------------------------------------------------------------------------------------------
                                             19.895847   data required time
                                             -4.035849   data arrival time
---------------------------------------------------------------------------------------------
                                             15.859998   slack (MET)


Startpoint: rst_n (input port clocked by clk)
Endpoint: _15_ (recovery check against rising-edge clock clk)
Path Group: asynchronous
Path Type: max

Fanout         Cap        Slew       Delay        Time   Description
---------------------------------------------------------------------------------------------
                      0.150000    0.000000    0.000000   clock clk (rise edge)
                                  0.000000    0.000000   clock network delay (ideal)
                                  4.000000    4.000000 ^ input external delay
     4    0.014468    0.054642    0.035849    4.035849 ^ rst_n (in)
                                                         rst_n (net)
                      0.054642    0.000000    4.035849 ^ _15_/RESET_B (sky130_fd_sc_hd__dfrtp_2)
                                              4.035849   data arrival time

                      0.150000   20.000000   20.000000   clock clk (rise edge)
                                  0.000000   20.000000   clock network delay (ideal)
                                 -0.250000   19.750002   clock uncertainty
                                  0.000000   19.750002   clock reconvergence pessimism
                                             19.750002 ^ _15_/CLK (sky130_fd_sc_hd__dfrtp_2)
                                  0.145846   19.895847   library recovery time
                                             19.895847   data required time
---------------------------------------------------------------------------------------------
                                             19.895847   data required time
                                             -4.035849   data arrival time
---------------------------------------------------------------------------------------------
                                             15.859998   slack (MET)


Startpoint: _12_ (rising edge-triggered flip-flop clocked by clk)
Endpoint: _15_ (rising edge-triggered flip-flop clocked by clk)
Path Group: clk
Path Type: max

Fanout         Cap        Slew       Delay        Time   Description
---------------------------------------------------------------------------------------------
                      0.150000    0.000000    0.000000   clock clk (rise edge)
                                  0.000000    0.000000   clock network delay (ideal)
                      0.150000    0.000000    0.000000 ^ _12_/CLK (sky130_fd_sc_hd__dfrtp_2)
     5    0.051605    0.104929    0.352269    0.352269 v _12_/Q (sky130_fd_sc_hd__dfrtp_2)
                                                         count[0] (net)
                      0.104929    0.000000    0.352269 v _08_/B (sky130_fd_sc_hd__and3_2)
     2    0.011861    0.044761    0.168857    0.521126 v _08_/X (sky130_fd_sc_hd__and3_2)
                                                         _05_ (net)
                      0.044761    0.000000    0.521126 v _10_/B (sky130_fd_sc_hd__xor2_2)
     1    0.002059    0.040286    0.086799    0.607925 v _10_/X (sky130_fd_sc_hd__xor2_2)
                                                         _03_ (net)
                      0.040286    0.000000    0.607925 v _15_/D (sky130_fd_sc_hd__dfrtp_2)
                                              0.607925   data arrival time

                      0.150000   20.000000   20.000000   clock clk (rise edge)
                                  0.000000   20.000000   clock network delay (ideal)
                                 -0.250000   19.750002   clock uncertainty
                                  0.000000   19.750002   clock reconvergence pessimism
                                             19.750002 ^ _15_/CLK (sky130_fd_sc_hd__dfrtp_2)
                                 -0.065254   19.684748   library setup time
                                             19.684748   data required time
---------------------------------------------------------------------------------------------
                                             19.684748   data required time
                                             -0.607925   data arrival time
---------------------------------------------------------------------------------------------
                                             19.076822   slack (MET)


Startpoint: _12_ (rising edge-triggered flip-flop clocked by clk)
Endpoint: _14_ (rising edge-triggered flip-flop clocked by clk)
Path Group: clk
Path Type: max

Fanout         Cap        Slew       Delay        Time   Description
---------------------------------------------------------------------------------------------
                      0.150000    0.000000    0.000000   clock clk (rise edge)
                                  0.000000    0.000000   clock network delay (ideal)
                      0.150000    0.000000    0.000000 ^ _12_/CLK (sky130_fd_sc_hd__dfrtp_2)
     5    0.051605    0.104929    0.352269    0.352269 v _12_/Q (sky130_fd_sc_hd__dfrtp_2)
                                                         count[0] (net)
                      0.104929    0.000000    0.352269 v _08_/B (sky130_fd_sc_hd__and3_2)
     2    0.011861    0.044761    0.168857    0.521126 v _08_/X (sky130_fd_sc_hd__and3_2)
                                                         _05_ (net)
                      0.044761    0.000000    0.521126 v _09_/B (sky130_fd_sc_hd__nor2_2)
     1    0.002087    0.039885    0.047989    0.569115 ^ _09_/Y (sky130_fd_sc_hd__nor2_2)
                                                         _02_ (net)
                      0.039885    0.000000    0.569115 ^ _14_/D (sky130_fd_sc_hd__dfrtp_2)
                                              0.569115   data arrival time

                      0.150000   20.000000   20.000000   clock clk (rise edge)
                                  0.000000   20.000000   clock network delay (ideal)
                                 -0.250000   19.750002   clock uncertainty
                                  0.000000   19.750002   clock reconvergence pessimism
                                             19.750002 ^ _14_/CLK (sky130_fd_sc_hd__dfrtp_2)
                                 -0.032759   19.717241   library setup time
                                             19.717241   data required time
---------------------------------------------------------------------------------------------
                                             19.717241   data required time
                                             -0.569115   data arrival time
---------------------------------------------------------------------------------------------
                                             19.148127   slack (MET)


Startpoint: _13_ (rising edge-triggered flip-flop clocked by clk)
Endpoint: _13_ (rising edge-triggered flip-flop clocked by clk)
Path Group: clk
Path Type: max

Fanout         Cap        Slew       Delay        Time   Description
---------------------------------------------------------------------------------------------
                      0.150000    0.000000    0.000000   clock clk (rise edge)
                                  0.000000    0.000000   clock network delay (ideal)
                      0.150000    0.000000    0.000000 ^ _13_/CLK (sky130_fd_sc_hd__dfrtp_2)
     4    0.047781    0.099356    0.347492    0.347492 v _13_/Q (sky130_fd_sc_hd__dfrtp_2)
                                                         count[1] (net)
                      0.099356    0.000000    0.347492 v _11_/A (sky130_fd_sc_hd__xor2_2)
     1    0.002059    0.047321    0.125550    0.473042 v _11_/X (sky130_fd_sc_hd__xor2_2)
                                                         _01_ (net)
                      0.047321    0.000000    0.473042 v _13_/D (sky130_fd_sc_hd__dfrtp_2)
                                              0.473042   data arrival time

                      0.150000   20.000000   20.000000   clock clk (rise edge)
                                  0.000000   20.000000   clock network delay (ideal)
                                 -0.250000   19.750002   clock uncertainty
                                  0.000000   19.750002   clock reconvergence pessimism
                                             19.750002 ^ _13_/CLK (sky130_fd_sc_hd__dfrtp_2)
                                 -0.067754   19.682247   library setup time
                                             19.682247   data required time
---------------------------------------------------------------------------------------------
                                             19.682247   data required time
                                             -0.473042   data arrival time
---------------------------------------------------------------------------------------------
                                             19.209206   slack (MET)


Startpoint: _12_ (rising edge-triggered flip-flop clocked by clk)
Endpoint: _12_ (rising edge-triggered flip-flop clocked by clk)
Path Group: clk
Path Type: max

Fanout         Cap        Slew       Delay        Time   Description
---------------------------------------------------------------------------------------------
                      0.150000    0.000000    0.000000   clock clk (rise edge)
                                  0.000000    0.000000   clock network delay (ideal)
                      0.150000    0.000000    0.000000 ^ _12_/CLK (sky130_fd_sc_hd__dfrtp_2)
     5    0.053185    0.195747    0.365811    0.365811 ^ _12_/Q (sky130_fd_sc_hd__dfrtp_2)
                                                         count[0] (net)
                      0.195747    0.000000    0.365811 ^ _06_/A (sky130_fd_sc_hd__inv_2)
     1    0.002059    0.030329    0.004284    0.370096 v _06_/Y (sky130_fd_sc_hd__inv_2)
                                                         _00_ (net)
                      0.030329    0.000000    0.370096 v _12_/D (sky130_fd_sc_hd__dfrtp_2)
                                              0.370096   data arrival time

                      0.150000   20.000000   20.000000   clock clk (rise edge)
                                  0.000000   20.000000   clock network delay (ideal)
                                 -0.250000   19.750002   clock uncertainty
                                  0.000000   19.750002   clock reconvergence pessimism
                                             19.750002 ^ _12_/CLK (sky130_fd_sc_hd__dfrtp_2)
                                 -0.061716   19.688286   library setup time
                                             19.688286   data required time
---------------------------------------------------------------------------------------------
                                             19.688286   data required time
                                             -0.370096   data arrival time
---------------------------------------------------------------------------------------------
                                             19.318190   slack (MET)



%OL_END_REPORT
%OL_CREATE_REPORT checks.rpt

===========================================================================
report_checks -unconstrained
===========================================================================
======================= nom_ff_n40C_1v95 Corner ===================================

Startpoint: rst_n (input port clocked by clk)
Endpoint: _12_ (recovery check against rising-edge clock clk)
Path Group: asynchronous
Path Type: max

Fanout         Cap        Slew       Delay        Time   Description
---------------------------------------------------------------------------------------------
                      0.150000    0.000000    0.000000   clock clk (rise edge)
                                  0.000000    0.000000   clock network delay (ideal)
                                  4.000000    4.000000 ^ input external delay
     4    0.014468    0.054642    0.035849    4.035849 ^ rst_n (in)
                                                         rst_n (net)
                      0.054642    0.000000    4.035849 ^ _12_/RESET_B (sky130_fd_sc_hd__dfrtp_2)
                                              4.035849   data arrival time

                      0.150000   20.000000   20.000000   clock clk (rise edge)
                                  0.000000   20.000000   clock network delay (ideal)
                                 -0.250000   19.750002   clock uncertainty
                                  0.000000   19.750002   clock reconvergence pessimism
                                             19.750002 ^ _12_/CLK (sky130_fd_sc_hd__dfrtp_2)
                                  0.145846   19.895847   library recovery time
                                             19.895847   data required time
---------------------------------------------------------------------------------------------
                                             19.895847   data required time
                                             -4.035849   data arrival time
---------------------------------------------------------------------------------------------
                                             15.859998   slack (MET)


Startpoint: _12_ (rising edge-triggered flip-flop clocked by clk)
Endpoint: count[0] (output port clocked by clk)
Path Group: clk
Path Type: max

Fanout         Cap        Slew       Delay        Time   Description
---------------------------------------------------------------------------------------------
                      0.150000    0.000000    0.000000   clock clk (rise edge)
                                  0.000000    0.000000   clock network delay (ideal)
                      0.150000    0.000000    0.000000 ^ _12_/CLK (sky130_fd_sc_hd__dfrtp_2)
     5    0.053185    0.195747    0.365811    0.365811 ^ _12_/Q (sky130_fd_sc_hd__dfrtp_2)
                                                         count[0] (net)
                      0.195747    0.000000    0.365811 ^ count[0] (out)
                                              0.365811   data arrival time

                      0.150000   20.000000   20.000000   clock clk (rise edge)
                                  0.000000   20.000000   clock network delay (ideal)
                                 -0.250000   19.750002   clock uncertainty
                                  0.000000   19.750002   clock reconvergence pessimism
                                 -4.000000   15.750001   output external delay
                                             15.750001   data required time
---------------------------------------------------------------------------------------------
                                             15.750001   data required time
                                             -0.365811   data arrival time
---------------------------------------------------------------------------------------------
                                             15.384191   slack (MET)




===========================================================================
report_checks --slack_max -0.01
============================================================================
======================= nom_ff_n40C_1v95 Corner ===================================

No paths found.


===========================================================================
 report_check_types -max_slew -max_cap -max_fanout -violators
============================================================================
======================= nom_ff_n40C_1v95 Corner ===================================



===========================================================================
report_parasitic_annotation -report_unannotated
============================================================================
Found 12 unannotated drivers.
 clk
 rst_n
 _06_/Y
 _07_/Y
 _08_/X
 _09_/Y
 _10_/X
 _11_/X
 _12_/Q
 _13_/Q
 _14_/Q
 _15_/Q
Found 0 partially unannotated drivers.

===========================================================================
max slew violation count 0
%OL_METRIC_I design__max_slew_violation__count__corner:nom_ff_n40C_1v95 0
max fanout violation count 0
%OL_METRIC_I design__max_fanout_violation__count__corner:nom_ff_n40C_1v95 0
max cap violation count 0
%OL_METRIC_I design__max_cap_violation__count__corner:nom_ff_n40C_1v95 0
============================================================================

===========================================================================
check_setup -verbose -unconstrained_endpoints -multiple_clock -no_clock -no_input_delay -loops -generated_clocks
===========================================================================
%OL_END_REPORT
%OL_CREATE_REPORT power.rpt

===========================================================================
 report_power
============================================================================
======================= nom_ff_n40C_1v95 Corner ===================================

Group                    Internal    Switching      Leakage        Total
                            Power        Power        Power        Power (Watts)
------------------------------------------------------------------------
Sequential           9.563320e-06 0.000000e+00 8.133741e-11 9.563400e-06 100.0%
Combinational        0.000000e+00 0.000000e+00 2.707208e-11 2.707208e-11   0.0%
Clock                0.000000e+00 0.000000e+00 0.000000e+00 0.000000e+00   0.0%
Macro                0.000000e+00 0.000000e+00 0.000000e+00 0.000000e+00   0.0%
Pad                  0.000000e+00 0.000000e+00 0.000000e+00 0.000000e+00   0.0%
------------------------------------------------------------------------
Total                9.563320e-06 0.000000e+00 1.084095e-10 9.563428e-06 100.0%
                           100.0%         0.0%         0.0%
%OL_METRIC_F power__internal__total 9.563319508743007e-6
%OL_METRIC_F power__switching__total 0.0
%OL_METRIC_F power__leakage__total 1.084094827796811e-10
%OL_METRIC_F power__total 9.563427738612518e-6

%OL_END_REPORT
%OL_CREATE_REPORT skew.min.rpt

===========================================================================
Clock Skew (Hold)
============================================================================
%OL_METRIC_F clock__skew__worst_hold__corner:nom_ff_n40C_1v95 -0.25
======================= nom_ff_n40C_1v95 Corner ===================================

Clock clk
0.019713 source latency _12_/CLK ^
-0.019713 target latency _12_/CLK ^
-0.250000 clock uncertainty
0.000000 CRPR
--------------
-0.250000 hold skew

%OL_END_REPORT
%OL_CREATE_REPORT skew.max.rpt

===========================================================================
Clock Skew (Setup)
============================================================================
%OL_METRIC_F clock__skew__worst_setup__corner:nom_ff_n40C_1v95 0.25
======================= nom_ff_n40C_1v95 Corner ===================================

Clock clk
0.019713 source latency _12_/CLK ^
-0.019713 target latency _12_/CLK ^
0.250000 clock uncertainty
0.000000 CRPR
--------------
0.250000 setup skew

%OL_END_REPORT
%OL_CREATE_REPORT ws.min.rpt

===========================================================================
Worst Slack (Hold)
============================================================================
%OL_METRIC_F timing__hold__ws__corner:nom_ff_n40C_1v95 0.13735014903079193
nom_ff_n40C_1v95: 0.13735014903079193
%OL_END_REPORT
%OL_CREATE_REPORT ws.max.rpt

===========================================================================
Worst Slack (Setup)
============================================================================
%OL_METRIC_F timing__setup__ws__corner:nom_ff_n40C_1v95 15.38419035706883
nom_ff_n40C_1v95: 15.38419035706883
%OL_END_REPORT
%OL_CREATE_REPORT tns.min.rpt

===========================================================================
Total Negative Slack (Hold)
============================================================================
%OL_METRIC_F timing__hold__tns__corner:nom_ff_n40C_1v95 0.0
nom_ff_n40C_1v95: 0.0
%OL_END_REPORT
%OL_CREATE_REPORT tns.max.rpt

===========================================================================
Total Negative Slack (Setup)
============================================================================
%OL_METRIC_F timing__setup__tns__corner:nom_ff_n40C_1v95 0.0
nom_ff_n40C_1v95: 0.0
%OL_END_REPORT
%OL_CREATE_REPORT wns.min.rpt

===========================================================================
Worst Negative Slack (Hold)
============================================================================
%OL_METRIC_F timing__hold__wns__corner:nom_ff_n40C_1v95 0
nom_ff_n40C_1v95: 0
%OL_END_REPORT
%OL_CREATE_REPORT wns.max.rpt

===========================================================================
Worst Negative Slack (Setup)
============================================================================
%OL_METRIC_F timing__setup__wns__corner:nom_ff_n40C_1v95 0.0
nom_ff_n40C_1v95: 0.0
%OL_END_REPORT
%OL_CREATE_REPORT violator_list.rpt

===========================================================================
Violator List
============================================================================
%OL_METRIC_I timing__hold_vio__count__corner:nom_ff_n40C_1v95 0
%OL_METRIC_F timing__hold_r2r__ws__corner:nom_ff_n40C_1v95 0.137350
%OL_METRIC_I timing__hold_r2r_vio__count__corner:nom_ff_n40C_1v95 0
%OL_METRIC_I timing__setup_vio__count__corner:nom_ff_n40C_1v95 0
%OL_METRIC_F timing__setup_r2r__ws__corner:nom_ff_n40C_1v95 19.076822
%OL_METRIC_I timing__setup_r2r_vio__count__corner:nom_ff_n40C_1v95 0
%OL_END_REPORT
%OL_CREATE_REPORT unpropagated.rpt
clk
%OL_END_REPORT
%OL_CREATE_REPORT clock.rpt
Clock: clk
Sources: clk 
Generated: no
Virtual: no
Propagated: no
Period: 20.000000

===========================================================================
report_clock_properties
============================================================================
Clock                   Period          Waveform
----------------------------------------------------
clk                  20.000000    0.000000 10.000000

===========================================================================
report_clock_latency
============================================================================
Clock clk
rise -> rise
    min     max
0.000000 0.000000 source latency
0.019713         network latency _12_/CLK
        0.019713 network latency _12_/CLK
---------------
0.019713 0.019713 latency
        0.000000 skew

fall -> fall
    min     max
0.000000 0.000000 source latency
0.006715         network latency _12_/CLK
        0.006715 network latency _12_/CLK
---------------
0.006715 0.006715 latency
        0.000000 skew



===========================================================================
report_clock_min_period
============================================================================
clk period_min = 0.92 fmax = 1083.21
%OL_END_REPORT
Writing SDF files for all corners…
