
===========================================================================
report_checks -unconstrained
===========================================================================
======================= nom_tt_025C_1v80 Corner ===================================

Startpoint: rst_n (input port clocked by clk)
Endpoint: _33_ (recovery check against rising-edge clock clk)
Path Group: asynchronous
Path Type: max

Fanout         Cap        Slew       Delay        Time   Description
---------------------------------------------------------------------------------------------
                                  0.000000    0.000000   clock clk (rise edge)
                                  0.000000    0.000000   clock network delay (propagated)
                                  3.000000    3.000000 ^ input external delay
     1    0.002232    0.017886    0.008306    3.008306 ^ rst_n (in)
                                                         rst_n (net)
                      0.017886    0.000000    3.008306 ^ input7/A (sky130_fd_sc_hd__dlymetal6s2s_1)
     4    0.017344    0.196003    0.181746    3.190052 ^ input7/X (sky130_fd_sc_hd__dlymetal6s2s_1)
                                                         net7 (net)
                      0.196003    0.000039    3.190090 ^ _33_/RESET_B (sky130_fd_sc_hd__dfrtp_1)
                                              3.190090   data arrival time

                                 15.000000   15.000000   clock clk (rise edge)
                                  0.000000   15.000000   clock source latency
     1    0.008637    0.045339    0.029571   15.029571 ^ clk (in)
                                                         clk (net)
                      0.045339    0.000000   15.029571 ^ clkbuf_0_clk/A (sky130_fd_sc_hd__clkbuf_16)
     2    0.016579    0.038933    0.122329   15.151899 ^ clkbuf_0_clk/X (sky130_fd_sc_hd__clkbuf_16)
                                                         clknet_0_clk (net)
                      0.038933    0.000028   15.151928 ^ clkbuf_1_1__f_clk/A (sky130_fd_sc_hd__clkbuf_16)
     2    0.004817    0.028599    0.108111   15.260039 ^ clkbuf_1_1__f_clk/X (sky130_fd_sc_hd__clkbuf_16)
                                                         clknet_1_1__leaf_clk (net)
                      0.028599    0.000012   15.260052 ^ _33_/CLK (sky130_fd_sc_hd__dfrtp_1)
                                 -0.250000   15.010053   clock uncertainty
                                  0.000000   15.010053   clock reconvergence pessimism
                                  0.186110   15.196161   library recovery time
                                             15.196161   data required time
---------------------------------------------------------------------------------------------
                                             15.196161   data required time
                                             -3.190090   data arrival time
---------------------------------------------------------------------------------------------
                                             12.006071   slack (MET)


Startpoint: _30_ (rising edge-triggered flip-flop clocked by clk)
Endpoint: count[0] (output port clocked by clk)
Path Group: clk
Path Type: max

Fanout         Cap        Slew       Delay        Time   Description
---------------------------------------------------------------------------------------------
                                  0.000000    0.000000   clock clk (rise edge)
                                  0.000000    0.000000   clock source latency
     1    0.008637    0.045339    0.029571    0.029571 ^ clk (in)
                                                         clk (net)
                      0.045339    0.000000    0.029571 ^ clkbuf_0_clk/A (sky130_fd_sc_hd__clkbuf_16)
     2    0.016579    0.038933    0.122329    0.151900 ^ clkbuf_0_clk/X (sky130_fd_sc_hd__clkbuf_16)
                                                         clknet_0_clk (net)
                      0.038933    0.000016    0.151916 ^ clkbuf_1_0__f_clk/A (sky130_fd_sc_hd__clkbuf_16)
     2    0.004868    0.028646    0.108173    0.260089 ^ clkbuf_1_0__f_clk/X (sky130_fd_sc_hd__clkbuf_16)
                                                         clknet_1_0__leaf_clk (net)
                      0.028646    0.000009    0.260098 ^ _30_/CLK (sky130_fd_sc_hd__dfrtp_1)
     6    0.017307    0.163193    0.401424    0.661522 ^ _30_/Q (sky130_fd_sc_hd__dfrtp_1)
                                                         net8 (net)
                      0.163193    0.000069    0.661591 ^ output8/A (sky130_fd_sc_hd__buf_2)
     1    0.034896    0.173492    0.239997    0.901588 ^ output8/X (sky130_fd_sc_hd__buf_2)
                                                         count[0] (net)
                      0.173492    0.000281    0.901868 ^ count[0] (out)
                                              0.901868   data arrival time

                                 15.000000   15.000000   clock clk (rise edge)
                                  0.000000   15.000000   clock network delay (propagated)
                                 -0.250000   14.750000   clock uncertainty
                                  0.000000   14.750000   clock reconvergence pessimism
                                 -3.000000   11.750000   output external delay
                                             11.750000   data required time
---------------------------------------------------------------------------------------------
                                             11.750000   data required time
                                             -0.901868   data arrival time
---------------------------------------------------------------------------------------------
                                             10.848131   slack (MET)




===========================================================================
report_checks --slack_max -0.01
============================================================================
======================= nom_tt_025C_1v80 Corner ===================================

No paths found.


===========================================================================
 report_check_types -max_slew -max_cap -max_fanout -violators
============================================================================
======================= nom_tt_025C_1v80 Corner ===================================



===========================================================================
report_parasitic_annotation -report_unannotated
============================================================================
Found 0 unannotated drivers.
Found 0 partially unannotated drivers.

===========================================================================
max slew violation count 0
Writing metric design__max_slew_violation__count__corner:nom_tt_025C_1v80: 0
max fanout violation count 0
Writing metric design__max_fanout_violation__count__corner:nom_tt_025C_1v80: 0
max cap violation count 0
Writing metric design__max_cap_violation__count__corner:nom_tt_025C_1v80: 0
============================================================================

===========================================================================
check_setup -verbose -unconstrained_endpoints -multiple_clock -no_clock -no_input_delay -loops -generated_clocks
===========================================================================
