
===========================================================================
report_checks -path_delay min (Hold)
============================================================================
======================= nom_tt_025C_1v80 Corner ===================================

Startpoint: _30_ (rising edge-triggered flip-flop clocked by clk)
Endpoint: _30_ (rising edge-triggered flip-flop clocked by clk)
Path Group: clk
Path Type: min

Fanout         Cap        Slew       Delay        Time   Description
---------------------------------------------------------------------------------------------
                                  0.000000    0.000000   clock clk (rise edge)
                                  0.000000    0.000000   clock source latency
     1    0.008637    0.045339    0.029571    0.029571 ^ clk (in)
                                                         clk (net)
                      0.045339    0.000000    0.029571 ^ clkbuf_0_clk/A (sky130_fd_sc_hd__clkbuf_16)
     2    0.016579    0.038933    0.122329    0.151900 ^ clkbuf_0_clk/X (sky130_fd_sc_hd__clkbuf_16)
                                                         clknet_0_clk (net)
                      0.038933    0.000016    0.151916 ^ clkbuf_1_0__f_clk/A (sky130_fd_sc_hd__clkbuf_16)
     2    0.004868    0.028646    0.108173    0.260089 ^ clkbuf_1_0__f_clk/X (sky130_fd_sc_hd__clkbuf_16)
                                                         clknet_1_0__leaf_clk (net)
                      0.028646    0.000009    0.260098 ^ _30_/CLK (sky130_fd_sc_hd__dfrtp_1)
     6    0.017307    0.163193    0.401424    0.661522 ^ _30_/Q (sky130_fd_sc_hd__dfrtp_1)
                                                         net8 (net)
                      0.163193    0.000010    0.661532 ^ _19_/A3 (sky130_fd_sc_hd__o31a_1)
     1    0.002239    0.041878    0.131644    0.793176 ^ _19_/X (sky130_fd_sc_hd__o31a_1)
                                                         _00_ (net)
                      0.041878    0.000003    0.793179 ^ _30_/D (sky130_fd_sc_hd__dfrtp_1)
                                              0.793179   data arrival time

                                  0.000000    0.000000   clock clk (rise edge)
                                  0.000000    0.000000   clock source latency
     1    0.008637    0.045339    0.029571    0.029571 ^ clk (in)
                                                         clk (net)
                      0.045339    0.000000    0.029571 ^ clkbuf_0_clk/A (sky130_fd_sc_hd__clkbuf_16)
     2    0.016579    0.038933    0.122329    0.151900 ^ clkbuf_0_clk/X (sky130_fd_sc_hd__clkbuf_16)
                                                         clknet_0_clk (net)
                      0.038933    0.000016    0.151916 ^ clkbuf_1_0__f_clk/A (sky130_fd_sc_hd__clkbuf_16)
     2    0.004868    0.028646    0.108173    0.260089 ^ clkbuf_1_0__f_clk/X (sky130_fd_sc_hd__clkbuf_16)
                                                         clknet_1_0__leaf_clk (net)
                      0.028646    0.000009    0.260098 ^ _30_/CLK (sky130_fd_sc_hd__dfrtp_1)
                                  0.250000    0.510098   clock uncertainty
                                  0.000000    0.510098   clock reconvergence pessimism
                                 -0.036343    0.473755   library hold time
                                              0.473755   data required time
---------------------------------------------------------------------------------------------
                                              0.473755   data required time
                                             -0.793179   data arrival time
---------------------------------------------------------------------------------------------
                                              0.319424   slack (MET)


Startpoint: _33_ (rising edge-triggered flip-flop clocked by clk)
Endpoint: _33_ (rising edge-triggered flip-flop clocked by clk)
Path Group: clk
Path Type: min

Fanout         Cap        Slew       Delay        Time   Description
---------------------------------------------------------------------------------------------
                                  0.000000    0.000000   clock clk (rise edge)
                                  0.000000    0.000000   clock source latency
     1    0.008637    0.045339    0.029571    0.029571 ^ clk (in)
                                                         clk (net)
                      0.045339    0.000000    0.029571 ^ clkbuf_0_clk/A (sky130_fd_sc_hd__clkbuf_16)
     2    0.016579    0.038933    0.122329    0.151900 ^ clkbuf_0_clk/X (sky130_fd_sc_hd__clkbuf_16)
                                                         clknet_0_clk (net)
                      0.038933    0.000029    0.151929 ^ clkbuf_1_1__f_clk/A (sky130_fd_sc_hd__clkbuf_16)
     2    0.004817    0.028599    0.108111    0.260040 ^ clkbuf_1_1__f_clk/X (sky130_fd_sc_hd__clkbuf_16)
                                                         clknet_1_1__leaf_clk (net)
                      0.028599    0.000011    0.260051 ^ _33_/CLK (sky130_fd_sc_hd__dfrtp_1)
     3    0.007177    0.080968    0.338485    0.598536 ^ _33_/Q (sky130_fd_sc_hd__dfrtp_1)
                                                         net11 (net)
                      0.080968    0.000033    0.598569 ^ _27_/A (sky130_fd_sc_hd__or2_1)
     1    0.002832    0.041112    0.102540    0.701109 ^ _27_/X (sky130_fd_sc_hd__or2_1)
                                                         _13_ (net)
                      0.041112    0.000006    0.701115 ^ _29_/C1 (sky130_fd_sc_hd__o221a_1)
     1    0.002402    0.049786    0.150115    0.851230 ^ _29_/X (sky130_fd_sc_hd__o221a_1)
                                                         _03_ (net)
                      0.049786    0.000005    0.851235 ^ _33_/D (sky130_fd_sc_hd__dfrtp_1)
                                              0.851235   data arrival time

                                  0.000000    0.000000   clock clk (rise edge)
                                  0.000000    0.000000   clock source latency
     1    0.008637    0.045339    0.029571    0.029571 ^ clk (in)
                                                         clk (net)
                      0.045339    0.000000    0.029571 ^ clkbuf_0_clk/A (sky130_fd_sc_hd__clkbuf_16)
     2    0.016579    0.038933    0.122329    0.151900 ^ clkbuf_0_clk/X (sky130_fd_sc_hd__clkbuf_16)
                                                         clknet_0_clk (net)
                      0.038933    0.000029    0.151929 ^ clkbuf_1_1__f_clk/A (sky130_fd_sc_hd__clkbuf_16)
     2    0.004817    0.028599    0.108111    0.260040 ^ clkbuf_1_1__f_clk/X (sky130_fd_sc_hd__clkbuf_16)
                                                         clknet_1_1__leaf_clk (net)
                      0.028599    0.000011    0.260051 ^ _33_/CLK (sky130_fd_sc_hd__dfrtp_1)
                                  0.250000    0.510051   clock uncertainty
                                  0.000000    0.510051   clock reconvergence pessimism
                                 -0.038011    0.472040   library hold time
                                              0.472040   data required time
---------------------------------------------------------------------------------------------
                                              0.472040   data required time
                                             -0.851235   data arrival time
---------------------------------------------------------------------------------------------
                                              0.379195   slack (MET)


Startpoint: _31_ (rising edge-triggered flip-flop clocked by clk)
Endpoint: _31_ (rising edge-triggered flip-flop clocked by clk)
Path Group: clk
Path Type: min

Fanout         Cap        Slew       Delay        Time   Description
---------------------------------------------------------------------------------------------
                                  0.000000    0.000000   clock clk (rise edge)
                                  0.000000    0.000000   clock source latency
     1    0.008637    0.045339    0.029571    0.029571 ^ clk (in)
                                                         clk (net)
                      0.045339    0.000000    0.029571 ^ clkbuf_0_clk/A (sky130_fd_sc_hd__clkbuf_16)
     2    0.016579    0.038933    0.122329    0.151900 ^ clkbuf_0_clk/X (sky130_fd_sc_hd__clkbuf_16)
                                                         clknet_0_clk (net)
                      0.038933    0.000029    0.151929 ^ clkbuf_1_1__f_clk/A (sky130_fd_sc_hd__clkbuf_16)
     2    0.004817    0.028599    0.108111    0.260040 ^ clkbuf_1_1__f_clk/X (sky130_fd_sc_hd__clkbuf_16)
                                                         clknet_1_1__leaf_clk (net)
                      0.028599    0.000015    0.260054 ^ _31_/CLK (sky130_fd_sc_hd__dfrtp_1)
     5    0.016042    0.149778    0.393687    0.653741 ^ _31_/Q (sky130_fd_sc_hd__dfrtp_1)
                                                         net9 (net)
                      0.149778    0.000097    0.653838 ^ _16_/A (sky130_fd_sc_hd__inv_2)
     1    0.002530    0.030357    0.036824    0.690662 v _16_/Y (sky130_fd_sc_hd__inv_2)
                                                         _05_ (net)
                      0.030357    0.000003    0.690665 v _21_/A (sky130_fd_sc_hd__nand2_1)
     1    0.002667    0.037110    0.046593    0.737258 ^ _21_/Y (sky130_fd_sc_hd__nand2_1)
                                                         _09_ (net)
                      0.037110    0.000004    0.737262 ^ _22_/C1 (sky130_fd_sc_hd__o211a_1)
     1    0.002367    0.038501    0.121378    0.858639 ^ _22_/X (sky130_fd_sc_hd__o211a_1)
                                                         _01_ (net)
                      0.038501    0.000004    0.858644 ^ _31_/D (sky130_fd_sc_hd__dfrtp_1)
                                              0.858644   data arrival time

                                  0.000000    0.000000   clock clk (rise edge)
                                  0.000000    0.000000   clock source latency
     1    0.008637    0.045339    0.029571    0.029571 ^ clk (in)
                                                         clk (net)
                      0.045339    0.000000    0.029571 ^ clkbuf_0_clk/A (sky130_fd_sc_hd__clkbuf_16)
     2    0.016579    0.038933    0.122329    0.151900 ^ clkbuf_0_clk/X (sky130_fd_sc_hd__clkbuf_16)
                                                         clknet_0_clk (net)
                      0.038933    0.000029    0.151929 ^ clkbuf_1_1__f_clk/A (sky130_fd_sc_hd__clkbuf_16)
     2    0.004817    0.028599    0.108111    0.260040 ^ clkbuf_1_1__f_clk/X (sky130_fd_sc_hd__clkbuf_16)
                                                         clknet_1_1__leaf_clk (net)
                      0.028599    0.000015    0.260054 ^ _31_/CLK (sky130_fd_sc_hd__dfrtp_1)
                                  0.250000    0.510054   clock uncertainty
                                  0.000000    0.510054   clock reconvergence pessimism
                                 -0.035641    0.474414   library hold time
                                              0.474414   data required time
---------------------------------------------------------------------------------------------
                                              0.474414   data required time
                                             -0.858644   data arrival time
---------------------------------------------------------------------------------------------
                                              0.384230   slack (MET)


Startpoint: _32_ (rising edge-triggered flip-flop clocked by clk)
Endpoint: _32_ (rising edge-triggered flip-flop clocked by clk)
Path Group: clk
Path Type: min

Fanout         Cap        Slew       Delay        Time   Description
---------------------------------------------------------------------------------------------
                                  0.000000    0.000000   clock clk (rise edge)
                                  0.000000    0.000000   clock source latency
     1    0.008637    0.045339    0.029571    0.029571 ^ clk (in)
                                                         clk (net)
                      0.045339    0.000000    0.029571 ^ clkbuf_0_clk/A (sky130_fd_sc_hd__clkbuf_16)
     2    0.016579    0.038933    0.122329    0.151900 ^ clkbuf_0_clk/X (sky130_fd_sc_hd__clkbuf_16)
                                                         clknet_0_clk (net)
                      0.038933    0.000016    0.151916 ^ clkbuf_1_0__f_clk/A (sky130_fd_sc_hd__clkbuf_16)
     2    0.004868    0.028646    0.108173    0.260089 ^ clkbuf_1_0__f_clk/X (sky130_fd_sc_hd__clkbuf_16)
                                                         clknet_1_0__leaf_clk (net)
                      0.028646    0.000015    0.260104 ^ _32_/CLK (sky130_fd_sc_hd__dfrtp_1)
     4    0.010308    0.105747    0.358972    0.619076 ^ _32_/Q (sky130_fd_sc_hd__dfrtp_1)
                                                         net10 (net)
                      0.105747    0.000018    0.619094 ^ _24_/A (sky130_fd_sc_hd__nor2_1)
     1    0.002140    0.019489    0.054172    0.673266 v _24_/Y (sky130_fd_sc_hd__nor2_1)
                                                         _11_ (net)
                      0.019489    0.000008    0.673273 v _26_/A1_N (sky130_fd_sc_hd__a2bb2o_1)
     1    0.002303    0.040190    0.233233    0.906507 ^ _26_/X (sky130_fd_sc_hd__a2bb2o_1)
                                                         _02_ (net)
                      0.040190    0.000004    0.906511 ^ _32_/D (sky130_fd_sc_hd__dfrtp_1)
                                              0.906511   data arrival time

                                  0.000000    0.000000   clock clk (rise edge)
                                  0.000000    0.000000   clock source latency
     1    0.008637    0.045339    0.029571    0.029571 ^ clk (in)
                                                         clk (net)
                      0.045339    0.000000    0.029571 ^ clkbuf_0_clk/A (sky130_fd_sc_hd__clkbuf_16)
     2    0.016579    0.038933    0.122329    0.151900 ^ clkbuf_0_clk/X (sky130_fd_sc_hd__clkbuf_16)
                                                         clknet_0_clk (net)
                      0.038933    0.000016    0.151916 ^ clkbuf_1_0__f_clk/A (sky130_fd_sc_hd__clkbuf_16)
     2    0.004868    0.028646    0.108173    0.260089 ^ clkbuf_1_0__f_clk/X (sky130_fd_sc_hd__clkbuf_16)
                                                         clknet_1_0__leaf_clk (net)
                      0.028646    0.000015    0.260104 ^ _32_/CLK (sky130_fd_sc_hd__dfrtp_1)
                                  0.250000    0.510104   clock uncertainty
                                  0.000000    0.510104   clock reconvergence pessimism
                                 -0.035989    0.474115   library hold time
                                              0.474115   data required time
---------------------------------------------------------------------------------------------
                                              0.474115   data required time
                                             -0.906511   data arrival time
---------------------------------------------------------------------------------------------
                                              0.432395   slack (MET)


Startpoint: rst_n (input port clocked by clk)
Endpoint: _30_ (removal check against rising-edge clock clk)
Path Group: asynchronous
Path Type: min

Fanout         Cap        Slew       Delay        Time   Description
---------------------------------------------------------------------------------------------
                                  0.000000    0.000000   clock clk (rise edge)
                                  0.000000    0.000000   clock network delay (propagated)
                                  3.000000    3.000000 ^ input external delay
     1    0.002232    0.017886    0.008306    3.008306 ^ rst_n (in)
                                                         rst_n (net)
                      0.017886    0.000000    3.008306 ^ input7/A (sky130_fd_sc_hd__dlymetal6s2s_1)
     4    0.017344    0.196003    0.181746    3.190052 ^ input7/X (sky130_fd_sc_hd__dlymetal6s2s_1)
                                                         net7 (net)
                      0.196003    0.000048    3.190099 ^ _30_/RESET_B (sky130_fd_sc_hd__dfrtp_1)
                                              3.190099   data arrival time

                                  0.000000    0.000000   clock clk (rise edge)
                                  0.000000    0.000000   clock source latency
     1    0.008637    0.045339    0.029571    0.029571 ^ clk (in)
                                                         clk (net)
                      0.045339    0.000000    0.029571 ^ clkbuf_0_clk/A (sky130_fd_sc_hd__clkbuf_16)
     2    0.016579    0.038933    0.122329    0.151900 ^ clkbuf_0_clk/X (sky130_fd_sc_hd__clkbuf_16)
                                                         clknet_0_clk (net)
                      0.038933    0.000016    0.151916 ^ clkbuf_1_0__f_clk/A (sky130_fd_sc_hd__clkbuf_16)
     2    0.004868    0.028646    0.108173    0.260089 ^ clkbuf_1_0__f_clk/X (sky130_fd_sc_hd__clkbuf_16)
                                                         clknet_1_0__leaf_clk (net)
                      0.028646    0.000009    0.260098 ^ _30_/CLK (sky130_fd_sc_hd__dfrtp_1)
                                  0.250000    0.510098   clock uncertainty
                                  0.000000    0.510098   clock reconvergence pessimism
                                  0.357347    0.867445   library removal time
                                              0.867445   data required time
---------------------------------------------------------------------------------------------
                                              0.867445   data required time
                                             -3.190099   data arrival time
---------------------------------------------------------------------------------------------
                                              2.322654   slack (MET)


Startpoint: rst_n (input port clocked by clk)
Endpoint: _32_ (removal check against rising-edge clock clk)
Path Group: asynchronous
Path Type: min

Fanout         Cap        Slew       Delay        Time   Description
---------------------------------------------------------------------------------------------
                                  0.000000    0.000000   clock clk (rise edge)
                                  0.000000    0.000000   clock network delay (propagated)
                                  3.000000    3.000000 ^ input external delay
     1    0.002232    0.017886    0.008306    3.008306 ^ rst_n (in)
                                                         rst_n (net)
                      0.017886    0.000000    3.008306 ^ input7/A (sky130_fd_sc_hd__dlymetal6s2s_1)
     4    0.017344    0.196003    0.181746    3.190052 ^ input7/X (sky130_fd_sc_hd__dlymetal6s2s_1)
                                                         net7 (net)
                      0.196003    0.000069    3.190121 ^ _32_/RESET_B (sky130_fd_sc_hd__dfrtp_1)
                                              3.190121   data arrival time

                                  0.000000    0.000000   clock clk (rise edge)
                                  0.000000    0.000000   clock source latency
     1    0.008637    0.045339    0.029571    0.029571 ^ clk (in)
                                                         clk (net)
                      0.045339    0.000000    0.029571 ^ clkbuf_0_clk/A (sky130_fd_sc_hd__clkbuf_16)
     2    0.016579    0.038933    0.122329    0.151900 ^ clkbuf_0_clk/X (sky130_fd_sc_hd__clkbuf_16)
                                                         clknet_0_clk (net)
                      0.038933    0.000016    0.151916 ^ clkbuf_1_0__f_clk/A (sky130_fd_sc_hd__clkbuf_16)
     2    0.004868    0.028646    0.108173    0.260089 ^ clkbuf_1_0__f_clk/X (sky130_fd_sc_hd__clkbuf_16)
                                                         clknet_1_0__leaf_clk (net)
                      0.028646    0.000015    0.260104 ^ _32_/CLK (sky130_fd_sc_hd__dfrtp_1)
                                  0.250000    0.510104   clock uncertainty
                                  0.000000    0.510104   clock reconvergence pessimism
                                  0.357347    0.867451   library removal time
                                              0.867451   data required time
---------------------------------------------------------------------------------------------
                                              0.867451   data required time
                                             -3.190121   data arrival time
---------------------------------------------------------------------------------------------
                                              2.322670   slack (MET)


Startpoint: rst_n (input port clocked by clk)
Endpoint: _31_ (removal check against rising-edge clock clk)
Path Group: asynchronous
Path Type: min

Fanout         Cap        Slew       Delay        Time   Description
---------------------------------------------------------------------------------------------
                                  0.000000    0.000000   clock clk (rise edge)
                                  0.000000    0.000000   clock network delay (propagated)
                                  3.000000    3.000000 ^ input external delay
     1    0.002232    0.017886    0.008306    3.008306 ^ rst_n (in)
                                                         rst_n (net)
                      0.017886    0.000000    3.008306 ^ input7/A (sky130_fd_sc_hd__dlymetal6s2s_1)
     4    0.017344    0.196003    0.181746    3.190052 ^ input7/X (sky130_fd_sc_hd__dlymetal6s2s_1)
                                                         net7 (net)
                      0.196003    0.000024    3.190076 ^ _31_/RESET_B (sky130_fd_sc_hd__dfrtp_1)
                                              3.190076   data arrival time

                                  0.000000    0.000000   clock clk (rise edge)
                                  0.000000    0.000000   clock source latency
     1    0.008637    0.045339    0.029571    0.029571 ^ clk (in)
                                                         clk (net)
                      0.045339    0.000000    0.029571 ^ clkbuf_0_clk/A (sky130_fd_sc_hd__clkbuf_16)
     2    0.016579    0.038933    0.122329    0.151900 ^ clkbuf_0_clk/X (sky130_fd_sc_hd__clkbuf_16)
                                                         clknet_0_clk (net)
                      0.038933    0.000029    0.151929 ^ clkbuf_1_1__f_clk/A (sky130_fd_sc_hd__clkbuf_16)
     2    0.004817    0.028599    0.108111    0.260040 ^ clkbuf_1_1__f_clk/X (sky130_fd_sc_hd__clkbuf_16)
                                                         clknet_1_1__leaf_clk (net)
                      0.028599    0.000015    0.260054 ^ _31_/CLK (sky130_fd_sc_hd__dfrtp_1)
                                  0.250000    0.510054   clock uncertainty
                                  0.000000    0.510054   clock reconvergence pessimism
                                  0.357334    0.867388   library removal time
                                              0.867388   data required time
---------------------------------------------------------------------------------------------
                                              0.867388   data required time
                                             -3.190076   data arrival time
---------------------------------------------------------------------------------------------
                                              2.322687   slack (MET)


Startpoint: rst_n (input port clocked by clk)
Endpoint: _33_ (removal check against rising-edge clock clk)
Path Group: asynchronous
Path Type: min

Fanout         Cap        Slew       Delay        Time   Description
---------------------------------------------------------------------------------------------
                                  0.000000    0.000000   clock clk (rise edge)
                                  0.000000    0.000000   clock network delay (propagated)
                                  3.000000    3.000000 ^ input external delay
     1    0.002232    0.017886    0.008306    3.008306 ^ rst_n (in)
                                                         rst_n (net)
                      0.017886    0.000000    3.008306 ^ input7/A (sky130_fd_sc_hd__dlymetal6s2s_1)
     4    0.017344    0.196003    0.181746    3.190052 ^ input7/X (sky130_fd_sc_hd__dlymetal6s2s_1)
                                                         net7 (net)
                      0.196003    0.000039    3.190090 ^ _33_/RESET_B (sky130_fd_sc_hd__dfrtp_1)
                                              3.190090   data arrival time

                                  0.000000    0.000000   clock clk (rise edge)
                                  0.000000    0.000000   clock source latency
     1    0.008637    0.045339    0.029571    0.029571 ^ clk (in)
                                                         clk (net)
                      0.045339    0.000000    0.029571 ^ clkbuf_0_clk/A (sky130_fd_sc_hd__clkbuf_16)
     2    0.016579    0.038933    0.122329    0.151900 ^ clkbuf_0_clk/X (sky130_fd_sc_hd__clkbuf_16)
                                                         clknet_0_clk (net)
                      0.038933    0.000029    0.151929 ^ clkbuf_1_1__f_clk/A (sky130_fd_sc_hd__clkbuf_16)
     2    0.004817    0.028599    0.108111    0.260040 ^ clkbuf_1_1__f_clk/X (sky130_fd_sc_hd__clkbuf_16)
                                                         clknet_1_1__leaf_clk (net)
                      0.028599    0.000011    0.260051 ^ _33_/CLK (sky130_fd_sc_hd__dfrtp_1)
                                  0.250000    0.510051   clock uncertainty
                                  0.000000    0.510051   clock reconvergence pessimism
                                  0.357334    0.867385   library removal time
                                              0.867385   data required time
---------------------------------------------------------------------------------------------
                                              0.867385   data required time
                                             -3.190090   data arrival time
---------------------------------------------------------------------------------------------
                                              2.322706   slack (MET)


Startpoint: _33_ (rising edge-triggered flip-flop clocked by clk)
Endpoint: count[3] (output port clocked by clk)
Path Group: clk
Path Type: min

Fanout         Cap        Slew       Delay        Time   Description
---------------------------------------------------------------------------------------------
                                  0.000000    0.000000   clock clk (rise edge)
                                  0.000000    0.000000   clock source latency
     1    0.008637    0.045339    0.029571    0.029571 ^ clk (in)
                                                         clk (net)
                      0.045339    0.000000    0.029571 ^ clkbuf_0_clk/A (sky130_fd_sc_hd__clkbuf_16)
     2    0.016579    0.038933    0.122329    0.151900 ^ clkbuf_0_clk/X (sky130_fd_sc_hd__clkbuf_16)
                                                         clknet_0_clk (net)
                      0.038933    0.000029    0.151929 ^ clkbuf_1_1__f_clk/A (sky130_fd_sc_hd__clkbuf_16)
     2    0.004817    0.028599    0.108111    0.260040 ^ clkbuf_1_1__f_clk/X (sky130_fd_sc_hd__clkbuf_16)
                                                         clknet_1_1__leaf_clk (net)
                      0.028599    0.000011    0.260051 ^ _33_/CLK (sky130_fd_sc_hd__dfrtp_1)
     3    0.007177    0.080968    0.338485    0.598536 ^ _33_/Q (sky130_fd_sc_hd__dfrtp_1)
                                                         net11 (net)
                      0.080968    0.000015    0.598551 ^ output11/A (sky130_fd_sc_hd__buf_2)
     1    0.033965    0.171343    0.210800    0.809351 ^ output11/X (sky130_fd_sc_hd__buf_2)
                                                         count[3] (net)
                      0.171343    0.000076    0.809427 ^ count[3] (out)
                                              0.809427   data arrival time

                                  0.000000    0.000000   clock clk (rise edge)
                                  0.000000    0.000000   clock network delay (propagated)
                                  0.250000    0.250000   clock uncertainty
                                  0.000000    0.250000   clock reconvergence pessimism
                                 -3.000000   -2.750000   output external delay
                                             -2.750000   data required time
---------------------------------------------------------------------------------------------
                                             -2.750000   data required time
                                             -0.809427   data arrival time
---------------------------------------------------------------------------------------------
                                              3.559427   slack (MET)


Startpoint: _32_ (rising edge-triggered flip-flop clocked by clk)
Endpoint: count[2] (output port clocked by clk)
Path Group: clk
Path Type: min

Fanout         Cap        Slew       Delay        Time   Description
---------------------------------------------------------------------------------------------
                                  0.000000    0.000000   clock clk (rise edge)
                                  0.000000    0.000000   clock source latency
     1    0.008637    0.045339    0.029571    0.029571 ^ clk (in)
                                                         clk (net)
                      0.045339    0.000000    0.029571 ^ clkbuf_0_clk/A (sky130_fd_sc_hd__clkbuf_16)
     2    0.016579    0.038933    0.122329    0.151900 ^ clkbuf_0_clk/X (sky130_fd_sc_hd__clkbuf_16)
                                                         clknet_0_clk (net)
                      0.038933    0.000016    0.151916 ^ clkbuf_1_0__f_clk/A (sky130_fd_sc_hd__clkbuf_16)
     2    0.004868    0.028646    0.108173    0.260089 ^ clkbuf_1_0__f_clk/X (sky130_fd_sc_hd__clkbuf_16)
                                                         clknet_1_0__leaf_clk (net)
                      0.028646    0.000015    0.260104 ^ _32_/CLK (sky130_fd_sc_hd__dfrtp_1)
     4    0.009604    0.071674    0.384149    0.644253 v _32_/Q (sky130_fd_sc_hd__dfrtp_1)
                                                         net10 (net)
                      0.071674    0.000019    0.644273 v output10/A (sky130_fd_sc_hd__buf_2)
     1    0.033953    0.088530    0.191920    0.836193 v output10/X (sky130_fd_sc_hd__buf_2)
                                                         count[2] (net)
                      0.088530    0.000074    0.836267 v count[2] (out)
                                              0.836267   data arrival time

                                  0.000000    0.000000   clock clk (rise edge)
                                  0.000000    0.000000   clock network delay (propagated)
                                  0.250000    0.250000   clock uncertainty
                                  0.000000    0.250000   clock reconvergence pessimism
                                 -3.000000   -2.750000   output external delay
                                             -2.750000   data required time
---------------------------------------------------------------------------------------------
                                             -2.750000   data required time
                                             -0.836267   data arrival time
---------------------------------------------------------------------------------------------
                                              3.586267   slack (MET)


Startpoint: _31_ (rising edge-triggered flip-flop clocked by clk)
Endpoint: count[1] (output port clocked by clk)
Path Group: clk
Path Type: min

Fanout         Cap        Slew       Delay        Time   Description
---------------------------------------------------------------------------------------------
                                  0.000000    0.000000   clock clk (rise edge)
                                  0.000000    0.000000   clock source latency
     1    0.008637    0.045339    0.029571    0.029571 ^ clk (in)
                                                         clk (net)
                      0.045339    0.000000    0.029571 ^ clkbuf_0_clk/A (sky130_fd_sc_hd__clkbuf_16)
     2    0.016579    0.038933    0.122329    0.151900 ^ clkbuf_0_clk/X (sky130_fd_sc_hd__clkbuf_16)
                                                         clknet_0_clk (net)
                      0.038933    0.000029    0.151929 ^ clkbuf_1_1__f_clk/A (sky130_fd_sc_hd__clkbuf_16)
     2    0.004817    0.028599    0.108111    0.260040 ^ clkbuf_1_1__f_clk/X (sky130_fd_sc_hd__clkbuf_16)
                                                         clknet_1_1__leaf_clk (net)
                      0.028599    0.000015    0.260054 ^ _31_/CLK (sky130_fd_sc_hd__dfrtp_1)
     5    0.014997    0.092526    0.405932    0.665986 v _31_/Q (sky130_fd_sc_hd__dfrtp_1)
                                                         net9 (net)
                      0.092526    0.000026    0.666012 v output9/A (sky130_fd_sc_hd__buf_2)
     1    0.034017    0.088695    0.201515    0.867527 v output9/X (sky130_fd_sc_hd__buf_2)
                                                         count[1] (net)
                      0.088695    0.000088    0.867615 v count[1] (out)
                                              0.867615   data arrival time

                                  0.000000    0.000000   clock clk (rise edge)
                                  0.000000    0.000000   clock network delay (propagated)
                                  0.250000    0.250000   clock uncertainty
                                  0.000000    0.250000   clock reconvergence pessimism
                                 -3.000000   -2.750000   output external delay
                                             -2.750000   data required time
---------------------------------------------------------------------------------------------
                                             -2.750000   data required time
                                             -0.867615   data arrival time
---------------------------------------------------------------------------------------------
                                              3.617615   slack (MET)


Startpoint: _30_ (rising edge-triggered flip-flop clocked by clk)
Endpoint: count[0] (output port clocked by clk)
Path Group: clk
Path Type: min

Fanout         Cap        Slew       Delay        Time   Description
---------------------------------------------------------------------------------------------
                                  0.000000    0.000000   clock clk (rise edge)
                                  0.000000    0.000000   clock source latency
     1    0.008637    0.045339    0.029571    0.029571 ^ clk (in)
                                                         clk (net)
                      0.045339    0.000000    0.029571 ^ clkbuf_0_clk/A (sky130_fd_sc_hd__clkbuf_16)
     2    0.016579    0.038933    0.122329    0.151900 ^ clkbuf_0_clk/X (sky130_fd_sc_hd__clkbuf_16)
                                                         clknet_0_clk (net)
                      0.038933    0.000016    0.151916 ^ clkbuf_1_0__f_clk/A (sky130_fd_sc_hd__clkbuf_16)
     2    0.004868    0.028646    0.108173    0.260089 ^ clkbuf_1_0__f_clk/X (sky130_fd_sc_hd__clkbuf_16)
                                                         clknet_1_0__leaf_clk (net)
                      0.028646    0.000009    0.260098 ^ _30_/CLK (sky130_fd_sc_hd__dfrtp_1)
     6    0.016092    0.097373    0.410400    0.670498 v _30_/Q (sky130_fd_sc_hd__dfrtp_1)
                                                         net8 (net)
                      0.097373    0.000065    0.670563 v output8/A (sky130_fd_sc_hd__buf_2)
     1    0.034896    0.090677    0.205210    0.875773 v output8/X (sky130_fd_sc_hd__buf_2)
                                                         count[0] (net)
                      0.090677    0.000281    0.876053 v count[0] (out)
                                              0.876053   data arrival time

                                  0.000000    0.000000   clock clk (rise edge)
                                  0.000000    0.000000   clock network delay (propagated)
                                  0.250000    0.250000   clock uncertainty
                                  0.000000    0.250000   clock reconvergence pessimism
                                 -3.000000   -2.750000   output external delay
                                             -2.750000   data required time
---------------------------------------------------------------------------------------------
                                             -2.750000   data required time
                                             -0.876053   data arrival time
---------------------------------------------------------------------------------------------
                                              3.626053   slack (MET)



