
===========================================================================
report_checks -unconstrained
===========================================================================
======================= max_ss_100C_1v60 Corner ===================================

Startpoint: rst_n (input port clocked by clk)
Endpoint: _32_ (recovery check against rising-edge clock clk)
Path Group: asynchronous
Path Type: max

Fanout         Cap        Slew       Delay        Time   Description
---------------------------------------------------------------------------------------------
                                  0.000000    0.000000   clock clk (rise edge)
                                  0.000000    0.000000   clock network delay (propagated)
                                  3.000000    3.000000 ^ input external delay
     1    0.002091    0.027573    0.012087    3.012086 ^ rst_n (in)
                                                         rst_n (net)
                      0.027573    0.000000    3.012086 ^ input7/A (sky130_fd_sc_hd__dlymetal6s2s_1)
     4    0.018769    0.310368    0.315098    3.327185 ^ input7/X (sky130_fd_sc_hd__dlymetal6s2s_1)
                                                         net7 (net)
                      0.310373    0.001066    3.328251 ^ _32_/RESET_B (sky130_fd_sc_hd__dfrtp_1)
                                              3.328251   data arrival time

                                 15.000000   15.000000   clock clk (rise edge)
                                  0.000000   15.000000   clock source latency
     1    0.008961    0.074058    0.047375   15.047376 ^ clk (in)
                                                         clk (net)
                      0.074062    0.000000   15.047376 ^ clkbuf_0_clk/A (sky130_fd_sc_hd__clkbuf_16)
     2    0.017609    0.064470    0.219753   15.267128 ^ clkbuf_0_clk/X (sky130_fd_sc_hd__clkbuf_16)
                                                         clknet_0_clk (net)
                      0.064470    0.001048   15.268176 ^ clkbuf_1_0__f_clk/A (sky130_fd_sc_hd__clkbuf_16)
     2    0.005027    0.047851    0.195648   15.463824 ^ clkbuf_1_0__f_clk/X (sky130_fd_sc_hd__clkbuf_16)
                                                         clknet_1_0__leaf_clk (net)
                      0.047852    0.000307   15.464131 ^ _32_/CLK (sky130_fd_sc_hd__dfrtp_1)
                                 -0.250000   15.214132   clock uncertainty
                                  0.000000   15.214132   clock reconvergence pessimism
                                  0.366031   15.580163   library recovery time
                                             15.580163   data required time
---------------------------------------------------------------------------------------------
                                             15.580163   data required time
                                             -3.328251   data arrival time
---------------------------------------------------------------------------------------------
                                             12.251913   slack (MET)


Startpoint: _30_ (rising edge-triggered flip-flop clocked by clk)
Endpoint: count[0] (output port clocked by clk)
Path Group: clk
Path Type: max

Fanout         Cap        Slew       Delay        Time   Description
---------------------------------------------------------------------------------------------
                                  0.000000    0.000000   clock clk (rise edge)
                                  0.000000    0.000000   clock source latency
     1    0.008961    0.074058    0.047376    0.047376 ^ clk (in)
                                                         clk (net)
                      0.074062    0.000000    0.047376 ^ clkbuf_0_clk/A (sky130_fd_sc_hd__clkbuf_16)
     2    0.017609    0.064470    0.219752    0.267128 ^ clkbuf_0_clk/X (sky130_fd_sc_hd__clkbuf_16)
                                                         clknet_0_clk (net)
                      0.064470    0.001048    0.268176 ^ clkbuf_1_0__f_clk/A (sky130_fd_sc_hd__clkbuf_16)
     2    0.005027    0.047851    0.195649    0.463825 ^ clkbuf_1_0__f_clk/X (sky130_fd_sc_hd__clkbuf_16)
                                                         clknet_1_0__leaf_clk (net)
                      0.047852    0.000277    0.464102 ^ _30_/CLK (sky130_fd_sc_hd__dfrtp_1)
     6    0.020854    0.226157    0.876512    1.340614 v _30_/Q (sky130_fd_sc_hd__dfrtp_1)
                                                         net8 (net)
                      0.226165    0.001604    1.342218 v output8/A (sky130_fd_sc_hd__buf_2)
     1    0.035824    0.172626    0.423645    1.765863 v output8/X (sky130_fd_sc_hd__buf_2)
                                                         count[0] (net)
                      0.172650    0.002059    1.767922 v count[0] (out)
                                              1.767922   data arrival time

                                 15.000000   15.000000   clock clk (rise edge)
                                  0.000000   15.000000   clock network delay (propagated)
                                 -0.250000   14.750000   clock uncertainty
                                  0.000000   14.750000   clock reconvergence pessimism
                                 -3.000000   11.750000   output external delay
                                             11.750000   data required time
---------------------------------------------------------------------------------------------
                                             11.750000   data required time
                                             -1.767922   data arrival time
---------------------------------------------------------------------------------------------
                                              9.982079   slack (MET)




===========================================================================
report_checks --slack_max -0.01
============================================================================
======================= max_ss_100C_1v60 Corner ===================================

No paths found.


===========================================================================
 report_check_types -max_slew -max_cap -max_fanout -violators
============================================================================
======================= max_ss_100C_1v60 Corner ===================================



===========================================================================
report_parasitic_annotation -report_unannotated
============================================================================
Found 0 unannotated drivers.
Found 0 partially unannotated drivers.

===========================================================================
max slew violation count 0
max fanout violation count 0
max cap violation count 0
============================================================================

===========================================================================
check_setup -verbose -unconstrained_endpoints -multiple_clock -no_clock -no_input_delay -loops -generated_clocks
===========================================================================
