Clock: clk
Sources: clk 
Generated: no
Virtual: yes
Propagated: no
Period: 20.000000

===========================================================================
report_clock_properties
============================================================================
Clock                   Period          Waveform
----------------------------------------------------
clk                  20.000000    0.000000 10.000000

===========================================================================
report_clock_latency
============================================================================
Clock clk
rise -> rise
    min     max
0.000000 0.000000 source latency
0.330752         network latency _14_/CLK
        0.334230 network latency _12_/CLK
---------------
0.330752 0.334230 latency
        0.003477 skew

fall -> fall
    min     max
0.000000 0.000000 source latency
0.310394         network latency _14_/CLK
        0.313419 network latency _12_/CLK
---------------
0.310394 0.313419 latency
        0.003025 skew



===========================================================================
report_clock_min_period
============================================================================
clk period_min = 1.13 fmax = 885.94
