
===========================================================================
report_checks -unconstrained
===========================================================================
======================= nom_tt_025C_1v80 Corner ===================================

Startpoint: rst_n (input port clocked by clk)
Endpoint: _12_ (recovery check against rising-edge clock clk)
Path Group: asynchronous
Path Type: max

Fanout         Cap        Slew       Delay        Time   Description
---------------------------------------------------------------------------------------------
                                  0.000000    0.000000   clock clk (rise edge)
                                  0.000000    0.000000   clock network delay (propagated)
                                  4.000000    4.000000 ^ input external delay
     1    0.003954    0.024747    0.014375    4.014375 ^ rst_n (in)
                                                         rst_n (net)
                      0.024748    0.000000    4.014375 ^ input1/A (sky130_fd_sc_hd__buf_1)
     4    0.017581    0.210828    0.190092    4.204467 ^ input1/X (sky130_fd_sc_hd__buf_1)
                                                         net1 (net)
                      0.210829    0.000393    4.204860 ^ _12_/RESET_B (sky130_fd_sc_hd__dfrtp_2)
                                              4.204860   data arrival time

                                 20.000000   20.000000   clock clk (rise edge)
                                  0.000000   20.000000   clock source latency
     1    0.023592    0.111701    0.077062   20.077063 ^ clk (in)
                                                         clk (net)
                      0.111706    0.000000   20.077063 ^ clkbuf_0_clk/A (sky130_fd_sc_hd__clkbuf_16)
     2    0.019307    0.041312    0.149100   20.226162 ^ clkbuf_0_clk/X (sky130_fd_sc_hd__clkbuf_16)
                                                         clknet_0_clk (net)
                      0.041326    0.000727   20.226889 ^ clkbuf_1_1__f_clk/A (sky130_fd_sc_hd__clkbuf_16)
     3    0.008939    0.032427    0.113475   20.340364 ^ clkbuf_1_1__f_clk/X (sky130_fd_sc_hd__clkbuf_16)
                                                         clknet_1_1__leaf_clk (net)
                      0.032428    0.000316   20.340681 ^ _12_/CLK (sky130_fd_sc_hd__dfrtp_2)
                                 -0.250000   20.090681   clock uncertainty
                                  0.000000   20.090681   clock reconvergence pessimism
                                  0.165736   20.256418   library recovery time
                                             20.256418   data required time
---------------------------------------------------------------------------------------------
                                             20.256418   data required time
                                             -4.204860   data arrival time
---------------------------------------------------------------------------------------------
                                             16.051559   slack (MET)


Startpoint: _12_ (rising edge-triggered flip-flop clocked by clk)
Endpoint: count[0] (output port clocked by clk)
Path Group: clk
Path Type: max

Fanout         Cap        Slew       Delay        Time   Description
---------------------------------------------------------------------------------------------
                                  0.000000    0.000000   clock clk (rise edge)
                                  0.000000    0.000000   clock source latency
     1    0.023592    0.111701    0.077062    0.077062 ^ clk (in)
                                                         clk (net)
                      0.111706    0.000000    0.077062 ^ clkbuf_0_clk/A (sky130_fd_sc_hd__clkbuf_16)
     2    0.019307    0.041312    0.149101    0.226162 ^ clkbuf_0_clk/X (sky130_fd_sc_hd__clkbuf_16)
                                                         clknet_0_clk (net)
                      0.041326    0.000725    0.226888 ^ clkbuf_1_1__f_clk/A (sky130_fd_sc_hd__clkbuf_16)
     3    0.008939    0.032427    0.113476    0.340364 ^ clkbuf_1_1__f_clk/X (sky130_fd_sc_hd__clkbuf_16)
                                                         clknet_1_1__leaf_clk (net)
                      0.032428    0.000316    0.340680 ^ _12_/CLK (sky130_fd_sc_hd__dfrtp_2)
     4    0.010397    0.058828    0.404212    0.744891 v _12_/Q (sky130_fd_sc_hd__dfrtp_2)
                                                         net2 (net)
                      0.058828    0.000292    0.745183 v output2/A (sky130_fd_sc_hd__buf_2)
     1    0.034305    0.089673    0.186023    0.931206 v output2/X (sky130_fd_sc_hd__buf_2)
                                                         count[0] (net)
                      0.089683    0.000956    0.932162 v count[0] (out)
                                              0.932162   data arrival time

                                 20.000000   20.000000   clock clk (rise edge)
                                  0.000000   20.000000   clock network delay (propagated)
                                 -0.250000   19.750002   clock uncertainty
                                  0.000000   19.750002   clock reconvergence pessimism
                                 -4.000000   15.750001   output external delay
                                             15.750001   data required time
---------------------------------------------------------------------------------------------
                                             15.750001   data required time
                                             -0.932162   data arrival time
---------------------------------------------------------------------------------------------
                                             14.817839   slack (MET)




===========================================================================
report_checks --slack_max -0.01
============================================================================
======================= nom_tt_025C_1v80 Corner ===================================

No paths found.


===========================================================================
 report_check_types -max_slew -max_cap -max_fanout -violators
============================================================================
======================= nom_tt_025C_1v80 Corner ===================================



===========================================================================
report_parasitic_annotation -report_unannotated
============================================================================
Found 1 unannotated drivers.
 clkload0/X
Found 0 partially unannotated drivers.

===========================================================================
max slew violation count 0
Writing metric design__max_slew_violation__count__corner:nom_tt_025C_1v80: 0
max fanout violation count 0
Writing metric design__max_fanout_violation__count__corner:nom_tt_025C_1v80: 0
max cap violation count 0
Writing metric design__max_cap_violation__count__corner:nom_tt_025C_1v80: 0
============================================================================

===========================================================================
check_setup -verbose -unconstrained_endpoints -multiple_clock -no_clock -no_input_delay -loops -generated_clocks
===========================================================================
