Clock: clk
Sources: clk 
Generated: no
Virtual: yes
Propagated: no
Period: 20.000000

===========================================================================
report_clock_properties
============================================================================
Clock                   Period          Waveform
----------------------------------------------------
clk                  20.000000    0.000000 10.000000

===========================================================================
report_clock_latency
============================================================================
Clock clk
rise -> rise
    min     max
0.000000 0.000000 source latency
0.344580         network latency _14_/CLK
        0.349784 network latency _12_/CLK
---------------
0.344580 0.349784 latency
        0.005204 skew

fall -> fall
    min     max
0.000000 0.000000 source latency
0.319109         network latency _14_/CLK
        0.323571 network latency _12_/CLK
---------------
0.319109 0.323571 latency
        0.004461 skew



===========================================================================
report_clock_min_period
============================================================================
clk period_min = 1.53 fmax = 652.40
