Reading timing models for corner nom_tt_025C_1v80…
Reading cell library for the 'nom_tt_025C_1v80' corner at '/home/jihan/.volare/volare/sky130/versions/0fe599b2afb6708d281543108caf8310912f54af/sky130A/libs.ref/sky130_fd_sc_hd/lib/sky130_fd_sc_hd__tt_025C_1v80.lib'…
Reading top-level netlist at '/home/jihan/projects/openlane_flow/designs/counter_4bit/runs/RUN_2025-12-01_02-14-40/51-openroad-fillinsertion/counter_4bit.nl.v'…
Linking design 'counter_4bit' from netlist…
Warning: /home/jihan/projects/openlane_flow/designs/counter_4bit/runs/RUN_2025-12-01_02-14-40/51-openroad-fillinsertion/counter_4bit.nl.v line 192, module sky130_fd_sc_hd__tapvpwrvgnd_1 not found. Creating black box for TAP_TAPCELL_ROW_0_130.
Warning: /home/jihan/projects/openlane_flow/designs/counter_4bit/runs/RUN_2025-12-01_02-14-40/51-openroad-fillinsertion/counter_4bit.nl.v line 686, module sky130_ef_sc_hd__decap_12 not found. Creating black box for FILLER_0_3.
Warning: /home/jihan/projects/openlane_flow/designs/counter_4bit/runs/RUN_2025-12-01_02-14-40/51-openroad-fillinsertion/counter_4bit.nl.v line 688, module sky130_fd_sc_hd__fill_1 not found. Creating black box for FILLER_0_27.
Warning: /home/jihan/projects/openlane_flow/designs/counter_4bit/runs/RUN_2025-12-01_02-14-40/51-openroad-fillinsertion/counter_4bit.nl.v line 729, module sky130_fd_sc_hd__fill_2 not found. Creating black box for FILLER_0_405.
Reading design constraints file at '/nix/store/ss2cw3sxbrwwx9jl0rrppbw4kgcmgi2n-python3-3.11.9-env/lib/python3.11/site-packages/openlane/scripts/base.sdc'…
[INFO] Using clock clk…
[INFO] Setting output delay to: 4.0
[INFO] Setting input delay to: 4.0
[INFO] Setting load to: 0.033442
[INFO] Setting clock uncertainty to: 0.25
[INFO] Setting clock transition to: 0.1499999999999999944488848768742172978818416595458984375
[INFO] Setting timing derate to: 5%
Reading top-level design parasitics for the 'nom_tt_025C_1v80' corner at '/home/jihan/projects/openlane_flow/designs/counter_4bit/runs/RUN_2025-12-01_02-14-40/53-openroad-rcx/nom/counter_4bit.nom.spef'…
%OL_CREATE_REPORT min.rpt

===========================================================================
report_checks -path_delay min (Hold)
============================================================================
======================= nom_tt_025C_1v80 Corner ===================================

Startpoint: _12_ (rising edge-triggered flip-flop clocked by clk)
Endpoint: _14_ (rising edge-triggered flip-flop clocked by clk)
Path Group: clk
Path Type: min

Fanout         Cap        Slew       Delay        Time   Description
---------------------------------------------------------------------------------------------
                                  0.000000    0.000000   clock clk (rise edge)
                                  0.000000    0.000000   clock source latency
     1    0.024927    0.117674    0.081259    0.081259 ^ clk (in)
                                                         clk (net)
                      0.117681    0.000000    0.081259 ^ clkbuf_0_clk/A (sky130_fd_sc_hd__clkbuf_16)
     2    0.020423    0.042264    0.152372    0.233630 ^ clkbuf_0_clk/X (sky130_fd_sc_hd__clkbuf_16)
                                                         clknet_0_clk (net)
                      0.042280    0.000645    0.234276 ^ clkbuf_1_1__f_clk/A (sky130_fd_sc_hd__clkbuf_16)
     3    0.010367    0.033651    0.115196    0.349472 ^ clkbuf_1_1__f_clk/X (sky130_fd_sc_hd__clkbuf_16)
                                                         clknet_1_1__leaf_clk (net)
                      0.033652    0.000312    0.349784 ^ _12_/CLK (sky130_fd_sc_hd__dfrtp_2)
     4    0.012206    0.077819    0.368892    0.718676 ^ _12_/Q (sky130_fd_sc_hd__dfrtp_2)
                                                         net2 (net)
                      0.077819    0.000165    0.718841 ^ _07_/A2 (sky130_fd_sc_hd__a21oi_1)
     1    0.003236    0.034054    0.070462    0.789303 v _07_/Y (sky130_fd_sc_hd__a21oi_1)
                                                         _04_ (net)
                      0.034054    0.000099    0.789402 v _09_/A (sky130_fd_sc_hd__nor2_1)
     1    0.002598    0.072754    0.089584    0.878986 ^ _09_/Y (sky130_fd_sc_hd__nor2_1)
                                                         _02_ (net)
                      0.072754    0.000074    0.879059 ^ _14_/D (sky130_fd_sc_hd__dfrtp_1)
                                              0.879059   data arrival time

                                  0.000000    0.000000   clock clk (rise edge)
                                  0.000000    0.000000   clock source latency
     1    0.024927    0.117674    0.081259    0.081259 ^ clk (in)
                                                         clk (net)
                      0.117681    0.000000    0.081259 ^ clkbuf_0_clk/A (sky130_fd_sc_hd__clkbuf_16)
     2    0.020423    0.042264    0.152372    0.233630 ^ clkbuf_0_clk/X (sky130_fd_sc_hd__clkbuf_16)
                                                         clknet_0_clk (net)
                      0.042279    0.000560    0.234190 ^ clkbuf_1_0__f_clk/A (sky130_fd_sc_hd__clkbuf_16)
     2    0.005599    0.029309    0.110247    0.344437 ^ clkbuf_1_0__f_clk/X (sky130_fd_sc_hd__clkbuf_16)
                                                         clknet_1_0__leaf_clk (net)
                      0.029309    0.000142    0.344580 ^ _14_/CLK (sky130_fd_sc_hd__dfrtp_1)
                                  0.250000    0.594580   clock uncertainty
                                  0.000000    0.594580   clock reconvergence pessimism
                                 -0.042737    0.551843   library hold time
                                              0.551843   data required time
---------------------------------------------------------------------------------------------
                                              0.551843   data required time
                                             -0.879059   data arrival time
---------------------------------------------------------------------------------------------
                                              0.327217   slack (MET)


Startpoint: _14_ (rising edge-triggered flip-flop clocked by clk)
Endpoint: _15_ (rising edge-triggered flip-flop clocked by clk)
Path Group: clk
Path Type: min

Fanout         Cap        Slew       Delay        Time   Description
---------------------------------------------------------------------------------------------
                                  0.000000    0.000000   clock clk (rise edge)
                                  0.000000    0.000000   clock source latency
     1    0.024927    0.117674    0.081259    0.081259 ^ clk (in)
                                                         clk (net)
                      0.117681    0.000000    0.081259 ^ clkbuf_0_clk/A (sky130_fd_sc_hd__clkbuf_16)
     2    0.020423    0.042264    0.152372    0.233630 ^ clkbuf_0_clk/X (sky130_fd_sc_hd__clkbuf_16)
                                                         clknet_0_clk (net)
                      0.042279    0.000560    0.234190 ^ clkbuf_1_0__f_clk/A (sky130_fd_sc_hd__clkbuf_16)
     2    0.005599    0.029309    0.110247    0.344437 ^ clkbuf_1_0__f_clk/X (sky130_fd_sc_hd__clkbuf_16)
                                                         clknet_1_0__leaf_clk (net)
                      0.029309    0.000142    0.344580 ^ _14_/CLK (sky130_fd_sc_hd__dfrtp_1)
     3    0.008531    0.089366    0.347756    0.692336 ^ _14_/Q (sky130_fd_sc_hd__dfrtp_1)
                                                         net4 (net)
                      0.089366    0.000205    0.692541 ^ _08_/C (sky130_fd_sc_hd__and3_1)
     2    0.009850    0.109685    0.208628    0.901169 ^ _08_/X (sky130_fd_sc_hd__and3_1)
                                                         _05_ (net)
                      0.109685    0.000308    0.901477 ^ _10_/B (sky130_fd_sc_hd__xor2_1)
     1    0.002850    0.036447    0.075186    0.976662 v _10_/X (sky130_fd_sc_hd__xor2_1)
                                                         _03_ (net)
                      0.036447    0.000087    0.976750 v _15_/D (sky130_fd_sc_hd__dfrtp_1)
                                              0.976750   data arrival time

                                  0.000000    0.000000   clock clk (rise edge)
                                  0.000000    0.000000   clock source latency
     1    0.024927    0.117674    0.081259    0.081259 ^ clk (in)
                                                         clk (net)
                      0.117681    0.000000    0.081259 ^ clkbuf_0_clk/A (sky130_fd_sc_hd__clkbuf_16)
     2    0.020423    0.042264    0.152372    0.233630 ^ clkbuf_0_clk/X (sky130_fd_sc_hd__clkbuf_16)
                                                         clknet_0_clk (net)
                      0.042279    0.000560    0.234190 ^ clkbuf_1_0__f_clk/A (sky130_fd_sc_hd__clkbuf_16)
     2    0.005599    0.029309    0.110247    0.344437 ^ clkbuf_1_0__f_clk/X (sky130_fd_sc_hd__clkbuf_16)
                                                         clknet_1_0__leaf_clk (net)
                      0.029309    0.000150    0.344587 ^ _15_/CLK (sky130_fd_sc_hd__dfrtp_1)
                                  0.250000    0.594587   clock uncertainty
                                  0.000000    0.594587   clock reconvergence pessimism
                                 -0.045872    0.548715   library hold time
                                              0.548715   data required time
---------------------------------------------------------------------------------------------
                                              0.548715   data required time
                                             -0.976750   data arrival time
---------------------------------------------------------------------------------------------
                                              0.428035   slack (MET)


Startpoint: _12_ (rising edge-triggered flip-flop clocked by clk)
Endpoint: _12_ (rising edge-triggered flip-flop clocked by clk)
Path Group: clk
Path Type: min

Fanout         Cap        Slew       Delay        Time   Description
---------------------------------------------------------------------------------------------
                                  0.000000    0.000000   clock clk (rise edge)
                                  0.000000    0.000000   clock source latency
     1    0.024927    0.117674    0.081259    0.081259 ^ clk (in)
                                                         clk (net)
                      0.117681    0.000000    0.081259 ^ clkbuf_0_clk/A (sky130_fd_sc_hd__clkbuf_16)
     2    0.020423    0.042264    0.152372    0.233630 ^ clkbuf_0_clk/X (sky130_fd_sc_hd__clkbuf_16)
                                                         clknet_0_clk (net)
                      0.042280    0.000645    0.234276 ^ clkbuf_1_1__f_clk/A (sky130_fd_sc_hd__clkbuf_16)
     3    0.010367    0.033651    0.115196    0.349472 ^ clkbuf_1_1__f_clk/X (sky130_fd_sc_hd__clkbuf_16)
                                                         clknet_1_1__leaf_clk (net)
                      0.033652    0.000312    0.349784 ^ _12_/CLK (sky130_fd_sc_hd__dfrtp_2)
     4    0.012206    0.077819    0.368892    0.718676 ^ _12_/Q (sky130_fd_sc_hd__dfrtp_2)
                                                         net2 (net)
                      0.077819    0.000267    0.718943 ^ hold1/A (sky130_fd_sc_hd__dlygate4sd3_1)
     2    0.010599    0.121321    0.604073    1.323015 ^ hold1/X (sky130_fd_sc_hd__dlygate4sd3_1)
                                                         net6 (net)
                      0.121321    0.000176    1.323191 ^ _06_/A (sky130_fd_sc_hd__inv_2)
     1    0.003216    0.027871    0.038502    1.361693 v _06_/Y (sky130_fd_sc_hd__inv_2)
                                                         _00_ (net)
                      0.027871    0.000101    1.361794 v _12_/D (sky130_fd_sc_hd__dfrtp_2)
                                              1.361794   data arrival time

                                  0.000000    0.000000   clock clk (rise edge)
                                  0.000000    0.000000   clock source latency
     1    0.024927    0.117674    0.081259    0.081259 ^ clk (in)
                                                         clk (net)
                      0.117681    0.000000    0.081259 ^ clkbuf_0_clk/A (sky130_fd_sc_hd__clkbuf_16)
     2    0.020423    0.042264    0.152372    0.233630 ^ clkbuf_0_clk/X (sky130_fd_sc_hd__clkbuf_16)
                                                         clknet_0_clk (net)
                      0.042280    0.000645    0.234276 ^ clkbuf_1_1__f_clk/A (sky130_fd_sc_hd__clkbuf_16)
     3    0.010367    0.033651    0.115196    0.349472 ^ clkbuf_1_1__f_clk/X (sky130_fd_sc_hd__clkbuf_16)
                                                         clknet_1_1__leaf_clk (net)
                      0.033652    0.000312    0.349784 ^ _12_/CLK (sky130_fd_sc_hd__dfrtp_2)
                                  0.250000    0.599784   clock uncertainty
                                  0.000000    0.599784   clock reconvergence pessimism
                                 -0.037728    0.562056   library hold time
                                              0.562056   data required time
---------------------------------------------------------------------------------------------
                                              0.562056   data required time
                                             -1.361794   data arrival time
---------------------------------------------------------------------------------------------
                                              0.799738   slack (MET)


Startpoint: _13_ (rising edge-triggered flip-flop clocked by clk)
Endpoint: _13_ (rising edge-triggered flip-flop clocked by clk)
Path Group: clk
Path Type: min

Fanout         Cap        Slew       Delay        Time   Description
---------------------------------------------------------------------------------------------
                                  0.000000    0.000000   clock clk (rise edge)
                                  0.000000    0.000000   clock source latency
     1    0.024927    0.117674    0.081259    0.081259 ^ clk (in)
                                                         clk (net)
                      0.117681    0.000000    0.081259 ^ clkbuf_0_clk/A (sky130_fd_sc_hd__clkbuf_16)
     2    0.020423    0.042264    0.152372    0.233630 ^ clkbuf_0_clk/X (sky130_fd_sc_hd__clkbuf_16)
                                                         clknet_0_clk (net)
                      0.042280    0.000645    0.234276 ^ clkbuf_1_1__f_clk/A (sky130_fd_sc_hd__clkbuf_16)
     3    0.010367    0.033651    0.115196    0.349472 ^ clkbuf_1_1__f_clk/X (sky130_fd_sc_hd__clkbuf_16)
                                                         clknet_1_1__leaf_clk (net)
                      0.033651    0.000278    0.349749 ^ _13_/CLK (sky130_fd_sc_hd__dfrtp_1)
     4    0.012001    0.116617    0.370966    0.720715 ^ _13_/Q (sky130_fd_sc_hd__dfrtp_1)
                                                         net3 (net)
                      0.116617    0.000260    0.720975 ^ hold3/A (sky130_fd_sc_hd__dlygate4sd3_1)
     1    0.004871    0.070983    0.572660    1.293635 ^ hold3/X (sky130_fd_sc_hd__dlygate4sd3_1)
                                                         net8 (net)
                      0.070983    0.000143    1.293777 ^ _11_/A (sky130_fd_sc_hd__xor2_1)
     1    0.002790    0.036218    0.065815    1.359592 v _11_/X (sky130_fd_sc_hd__xor2_1)
                                                         _01_ (net)
                      0.036218    0.000084    1.359677 v _13_/D (sky130_fd_sc_hd__dfrtp_1)
                                              1.359677   data arrival time

                                  0.000000    0.000000   clock clk (rise edge)
                                  0.000000    0.000000   clock source latency
     1    0.024927    0.117674    0.081259    0.081259 ^ clk (in)
                                                         clk (net)
                      0.117681    0.000000    0.081259 ^ clkbuf_0_clk/A (sky130_fd_sc_hd__clkbuf_16)
     2    0.020423    0.042264    0.152372    0.233630 ^ clkbuf_0_clk/X (sky130_fd_sc_hd__clkbuf_16)
                                                         clknet_0_clk (net)
                      0.042280    0.000645    0.234276 ^ clkbuf_1_1__f_clk/A (sky130_fd_sc_hd__clkbuf_16)
     3    0.010367    0.033651    0.115196    0.349472 ^ clkbuf_1_1__f_clk/X (sky130_fd_sc_hd__clkbuf_16)
                                                         clknet_1_1__leaf_clk (net)
                      0.033651    0.000278    0.349749 ^ _13_/CLK (sky130_fd_sc_hd__dfrtp_1)
                                  0.250000    0.599749   clock uncertainty
                                  0.000000    0.599749   clock reconvergence pessimism
                                 -0.044788    0.554961   library hold time
                                              0.554961   data required time
---------------------------------------------------------------------------------------------
                                              0.554961   data required time
                                             -1.359677   data arrival time
---------------------------------------------------------------------------------------------
                                              0.804716   slack (MET)


Startpoint: rst_n (input port clocked by clk)
Endpoint: _13_ (removal check against rising-edge clock clk)
Path Group: asynchronous
Path Type: min

Fanout         Cap        Slew       Delay        Time   Description
---------------------------------------------------------------------------------------------
                                  0.000000    0.000000   clock clk (rise edge)
                                  0.000000    0.000000   clock network delay (propagated)
                                  4.000000    4.000000 ^ input external delay
     1    0.002729    0.019430    0.010070    4.010070 ^ rst_n (in)
                                                         rst_n (net)
                      0.019430    0.000000    4.010070 ^ input1/A (sky130_fd_sc_hd__buf_1)
     4    0.018857    0.225284    0.198308    4.208379 ^ input1/X (sky130_fd_sc_hd__buf_1)
                                                         net1 (net)
                      0.225286    0.000496    4.208875 ^ _13_/RESET_B (sky130_fd_sc_hd__dfrtp_1)
                                              4.208875   data arrival time

                                  0.000000    0.000000   clock clk (rise edge)
                                  0.000000    0.000000   clock source latency
     1    0.024927    0.117674    0.081259    0.081259 ^ clk (in)
                                                         clk (net)
                      0.117681    0.000000    0.081259 ^ clkbuf_0_clk/A (sky130_fd_sc_hd__clkbuf_16)
     2    0.020423    0.042264    0.152372    0.233630 ^ clkbuf_0_clk/X (sky130_fd_sc_hd__clkbuf_16)
                                                         clknet_0_clk (net)
                      0.042280    0.000645    0.234276 ^ clkbuf_1_1__f_clk/A (sky130_fd_sc_hd__clkbuf_16)
     3    0.010367    0.033651    0.115196    0.349472 ^ clkbuf_1_1__f_clk/X (sky130_fd_sc_hd__clkbuf_16)
                                                         clknet_1_1__leaf_clk (net)
                      0.033651    0.000278    0.349749 ^ _13_/CLK (sky130_fd_sc_hd__dfrtp_1)
                                  0.250000    0.599749   clock uncertainty
                                  0.000000    0.599749   clock reconvergence pessimism
                                  0.366765    0.966514   library removal time
                                              0.966514   data required time
---------------------------------------------------------------------------------------------
                                              0.966514   data required time
                                             -4.208875   data arrival time
---------------------------------------------------------------------------------------------
                                              3.242360   slack (MET)


Startpoint: rst_n (input port clocked by clk)
Endpoint: _12_ (removal check against rising-edge clock clk)
Path Group: asynchronous
Path Type: min

Fanout         Cap        Slew       Delay        Time   Description
---------------------------------------------------------------------------------------------
                                  0.000000    0.000000   clock clk (rise edge)
                                  0.000000    0.000000   clock network delay (propagated)
                                  4.000000    4.000000 ^ input external delay
     1    0.002729    0.019430    0.010070    4.010070 ^ rst_n (in)
                                                         rst_n (net)
                      0.019430    0.000000    4.010070 ^ input1/A (sky130_fd_sc_hd__buf_1)
     4    0.018857    0.225284    0.198308    4.208379 ^ input1/X (sky130_fd_sc_hd__buf_1)
                                                         net1 (net)
                      0.225285    0.000437    4.208816 ^ _12_/RESET_B (sky130_fd_sc_hd__dfrtp_2)
                                              4.208816   data arrival time

                                  0.000000    0.000000   clock clk (rise edge)
                                  0.000000    0.000000   clock source latency
     1    0.024927    0.117674    0.081259    0.081259 ^ clk (in)
                                                         clk (net)
                      0.117681    0.000000    0.081259 ^ clkbuf_0_clk/A (sky130_fd_sc_hd__clkbuf_16)
     2    0.020423    0.042264    0.152372    0.233630 ^ clkbuf_0_clk/X (sky130_fd_sc_hd__clkbuf_16)
                                                         clknet_0_clk (net)
                      0.042280    0.000645    0.234276 ^ clkbuf_1_1__f_clk/A (sky130_fd_sc_hd__clkbuf_16)
     3    0.010367    0.033651    0.115196    0.349472 ^ clkbuf_1_1__f_clk/X (sky130_fd_sc_hd__clkbuf_16)
                                                         clknet_1_1__leaf_clk (net)
                      0.033652    0.000312    0.349784 ^ _12_/CLK (sky130_fd_sc_hd__dfrtp_2)
                                  0.250000    0.599784   clock uncertainty
                                  0.000000    0.599784   clock reconvergence pessimism
                                  0.366288    0.966072   library removal time
                                              0.966072   data required time
---------------------------------------------------------------------------------------------
                                              0.966072   data required time
                                             -4.208816   data arrival time
---------------------------------------------------------------------------------------------
                                              3.242744   slack (MET)


Startpoint: rst_n (input port clocked by clk)
Endpoint: _15_ (removal check against rising-edge clock clk)
Path Group: asynchronous
Path Type: min

Fanout         Cap        Slew       Delay        Time   Description
---------------------------------------------------------------------------------------------
                                  0.000000    0.000000   clock clk (rise edge)
                                  0.000000    0.000000   clock network delay (propagated)
                                  4.000000    4.000000 ^ input external delay
     1    0.002729    0.019430    0.010070    4.010070 ^ rst_n (in)
                                                         rst_n (net)
                      0.019430    0.000000    4.010070 ^ input1/A (sky130_fd_sc_hd__buf_1)
     4    0.018857    0.225284    0.198308    4.208379 ^ input1/X (sky130_fd_sc_hd__buf_1)
                                                         net1 (net)
                      0.225285    0.000416    4.208795 ^ _15_/RESET_B (sky130_fd_sc_hd__dfrtp_1)
                                              4.208795   data arrival time

                                  0.000000    0.000000   clock clk (rise edge)
                                  0.000000    0.000000   clock source latency
     1    0.024927    0.117674    0.081259    0.081259 ^ clk (in)
                                                         clk (net)
                      0.117681    0.000000    0.081259 ^ clkbuf_0_clk/A (sky130_fd_sc_hd__clkbuf_16)
     2    0.020423    0.042264    0.152372    0.233630 ^ clkbuf_0_clk/X (sky130_fd_sc_hd__clkbuf_16)
                                                         clknet_0_clk (net)
                      0.042279    0.000560    0.234190 ^ clkbuf_1_0__f_clk/A (sky130_fd_sc_hd__clkbuf_16)
     2    0.005599    0.029309    0.110247    0.344437 ^ clkbuf_1_0__f_clk/X (sky130_fd_sc_hd__clkbuf_16)
                                                         clknet_1_0__leaf_clk (net)
                      0.029309    0.000150    0.344587 ^ _15_/CLK (sky130_fd_sc_hd__dfrtp_1)
                                  0.250000    0.594587   clock uncertainty
                                  0.000000    0.594587   clock reconvergence pessimism
                                  0.365586    0.960173   library removal time
                                              0.960173   data required time
---------------------------------------------------------------------------------------------
                                              0.960173   data required time
                                             -4.208795   data arrival time
---------------------------------------------------------------------------------------------
                                              3.248622   slack (MET)


Startpoint: rst_n (input port clocked by clk)
Endpoint: _14_ (removal check against rising-edge clock clk)
Path Group: asynchronous
Path Type: min

Fanout         Cap        Slew       Delay        Time   Description
---------------------------------------------------------------------------------------------
                                  0.000000    0.000000   clock clk (rise edge)
                                  0.000000    0.000000   clock network delay (propagated)
                                  4.000000    4.000000 ^ input external delay
     1    0.002729    0.019430    0.010070    4.010070 ^ rst_n (in)
                                                         rst_n (net)
                      0.019430    0.000000    4.010070 ^ input1/A (sky130_fd_sc_hd__buf_1)
     4    0.018857    0.225284    0.198308    4.208379 ^ input1/X (sky130_fd_sc_hd__buf_1)
                                                         net1 (net)
                      0.225285    0.000424    4.208802 ^ _14_/RESET_B (sky130_fd_sc_hd__dfrtp_1)
                                              4.208802   data arrival time

                                  0.000000    0.000000   clock clk (rise edge)
                                  0.000000    0.000000   clock source latency
     1    0.024927    0.117674    0.081259    0.081259 ^ clk (in)
                                                         clk (net)
                      0.117681    0.000000    0.081259 ^ clkbuf_0_clk/A (sky130_fd_sc_hd__clkbuf_16)
     2    0.020423    0.042264    0.152372    0.233630 ^ clkbuf_0_clk/X (sky130_fd_sc_hd__clkbuf_16)
                                                         clknet_0_clk (net)
                      0.042279    0.000560    0.234190 ^ clkbuf_1_0__f_clk/A (sky130_fd_sc_hd__clkbuf_16)
     2    0.005599    0.029309    0.110247    0.344437 ^ clkbuf_1_0__f_clk/X (sky130_fd_sc_hd__clkbuf_16)
                                                         clknet_1_0__leaf_clk (net)
                      0.029309    0.000142    0.344580 ^ _14_/CLK (sky130_fd_sc_hd__dfrtp_1)
                                  0.250000    0.594580   clock uncertainty
                                  0.000000    0.594580   clock reconvergence pessimism
                                  0.365586    0.960165   library removal time
                                              0.960165   data required time
---------------------------------------------------------------------------------------------
                                              0.960165   data required time
                                             -4.208802   data arrival time
---------------------------------------------------------------------------------------------
                                              3.248637   slack (MET)


Startpoint: _15_ (rising edge-triggered flip-flop clocked by clk)
Endpoint: count[3] (output port clocked by clk)
Path Group: clk
Path Type: min

Fanout         Cap        Slew       Delay        Time   Description
---------------------------------------------------------------------------------------------
                                  0.000000    0.000000   clock clk (rise edge)
                                  0.000000    0.000000   clock source latency
     1    0.024927    0.117674    0.081259    0.081259 ^ clk (in)
                                                         clk (net)
                      0.117681    0.000000    0.081259 ^ clkbuf_0_clk/A (sky130_fd_sc_hd__clkbuf_16)
     2    0.020423    0.042264    0.152372    0.233630 ^ clkbuf_0_clk/X (sky130_fd_sc_hd__clkbuf_16)
                                                         clknet_0_clk (net)
                      0.042279    0.000560    0.234190 ^ clkbuf_1_0__f_clk/A (sky130_fd_sc_hd__clkbuf_16)
     2    0.005599    0.029309    0.110247    0.344437 ^ clkbuf_1_0__f_clk/X (sky130_fd_sc_hd__clkbuf_16)
                                                         clknet_1_0__leaf_clk (net)
                      0.029309    0.000150    0.344587 ^ _15_/CLK (sky130_fd_sc_hd__dfrtp_1)
     2    0.007316    0.079884    0.339573    0.684160 ^ _15_/Q (sky130_fd_sc_hd__dfrtp_1)
                                                         net5 (net)
                      0.079884    0.000207    0.684367 ^ output5/A (sky130_fd_sc_hd__buf_2)
     1    0.034067    0.169414    0.210273    0.894640 ^ output5/X (sky130_fd_sc_hd__buf_2)
                                                         count[3] (net)
                      0.169414    0.000657    0.895297 ^ count[3] (out)
                                              0.895297   data arrival time

                                  0.000000    0.000000   clock clk (rise edge)
                                  0.000000    0.000000   clock network delay (propagated)
                                  0.250000    0.250000   clock uncertainty
                                  0.000000    0.250000   clock reconvergence pessimism
                                 -4.000000   -3.750000   output external delay
                                             -3.750000   data required time
---------------------------------------------------------------------------------------------
                                             -3.750000   data required time
                                             -0.895297   data arrival time
---------------------------------------------------------------------------------------------
                                              4.645297   slack (MET)


Startpoint: _14_ (rising edge-triggered flip-flop clocked by clk)
Endpoint: count[2] (output port clocked by clk)
Path Group: clk
Path Type: min

Fanout         Cap        Slew       Delay        Time   Description
---------------------------------------------------------------------------------------------
                                  0.000000    0.000000   clock clk (rise edge)
                                  0.000000    0.000000   clock source latency
     1    0.024927    0.117674    0.081259    0.081259 ^ clk (in)
                                                         clk (net)
                      0.117681    0.000000    0.081259 ^ clkbuf_0_clk/A (sky130_fd_sc_hd__clkbuf_16)
     2    0.020423    0.042264    0.152372    0.233630 ^ clkbuf_0_clk/X (sky130_fd_sc_hd__clkbuf_16)
                                                         clknet_0_clk (net)
                      0.042279    0.000560    0.234190 ^ clkbuf_1_0__f_clk/A (sky130_fd_sc_hd__clkbuf_16)
     2    0.005599    0.029309    0.110247    0.344437 ^ clkbuf_1_0__f_clk/X (sky130_fd_sc_hd__clkbuf_16)
                                                         clknet_1_0__leaf_clk (net)
                      0.029309    0.000142    0.344580 ^ _14_/CLK (sky130_fd_sc_hd__dfrtp_1)
     3    0.008531    0.089366    0.347756    0.692336 ^ _14_/Q (sky130_fd_sc_hd__dfrtp_1)
                                                         net4 (net)
                      0.089366    0.000209    0.692545 ^ output4/A (sky130_fd_sc_hd__buf_2)
     1    0.034009    0.169193    0.213590    0.906136 ^ output4/X (sky130_fd_sc_hd__buf_2)
                                                         count[2] (net)
                      0.169193    0.000635    0.906770 ^ count[2] (out)
                                              0.906770   data arrival time

                                  0.000000    0.000000   clock clk (rise edge)
                                  0.000000    0.000000   clock network delay (propagated)
                                  0.250000    0.250000   clock uncertainty
                                  0.000000    0.250000   clock reconvergence pessimism
                                 -4.000000   -3.750000   output external delay
                                             -3.750000   data required time
---------------------------------------------------------------------------------------------
                                             -3.750000   data required time
                                             -0.906770   data arrival time
---------------------------------------------------------------------------------------------
                                              4.656770   slack (MET)


Startpoint: _12_ (rising edge-triggered flip-flop clocked by clk)
Endpoint: count[0] (output port clocked by clk)
Path Group: clk
Path Type: min

Fanout         Cap        Slew       Delay        Time   Description
---------------------------------------------------------------------------------------------
                                  0.000000    0.000000   clock clk (rise edge)
                                  0.000000    0.000000   clock source latency
     1    0.024927    0.117674    0.081259    0.081259 ^ clk (in)
                                                         clk (net)
                      0.117681    0.000000    0.081259 ^ clkbuf_0_clk/A (sky130_fd_sc_hd__clkbuf_16)
     2    0.020423    0.042264    0.152372    0.233630 ^ clkbuf_0_clk/X (sky130_fd_sc_hd__clkbuf_16)
                                                         clknet_0_clk (net)
                      0.042280    0.000645    0.234276 ^ clkbuf_1_1__f_clk/A (sky130_fd_sc_hd__clkbuf_16)
     3    0.010367    0.033651    0.115196    0.349472 ^ clkbuf_1_1__f_clk/X (sky130_fd_sc_hd__clkbuf_16)
                                                         clknet_1_1__leaf_clk (net)
                      0.033652    0.000312    0.349784 ^ _12_/CLK (sky130_fd_sc_hd__dfrtp_2)
     4    0.012206    0.077819    0.368892    0.718676 ^ _12_/Q (sky130_fd_sc_hd__dfrtp_2)
                                                         net2 (net)
                      0.077819    0.000350    0.719026 ^ output2/A (sky130_fd_sc_hd__buf_2)
     1    0.034000    0.169088    0.209307    0.928333 ^ output2/X (sky130_fd_sc_hd__buf_2)
                                                         count[0] (net)
                      0.169088    0.000635    0.928967 ^ count[0] (out)
                                              0.928967   data arrival time

                                  0.000000    0.000000   clock clk (rise edge)
                                  0.000000    0.000000   clock network delay (propagated)
                                  0.250000    0.250000   clock uncertainty
                                  0.000000    0.250000   clock reconvergence pessimism
                                 -4.000000   -3.750000   output external delay
                                             -3.750000   data required time
---------------------------------------------------------------------------------------------
                                             -3.750000   data required time
                                             -0.928967   data arrival time
---------------------------------------------------------------------------------------------
                                              4.678967   slack (MET)


Startpoint: _13_ (rising edge-triggered flip-flop clocked by clk)
Endpoint: count[1] (output port clocked by clk)
Path Group: clk
Path Type: min

Fanout         Cap        Slew       Delay        Time   Description
---------------------------------------------------------------------------------------------
                                  0.000000    0.000000   clock clk (rise edge)
                                  0.000000    0.000000   clock source latency
     1    0.024927    0.117674    0.081259    0.081259 ^ clk (in)
                                                         clk (net)
                      0.117681    0.000000    0.081259 ^ clkbuf_0_clk/A (sky130_fd_sc_hd__clkbuf_16)
     2    0.020423    0.042264    0.152372    0.233630 ^ clkbuf_0_clk/X (sky130_fd_sc_hd__clkbuf_16)
                                                         clknet_0_clk (net)
                      0.042280    0.000645    0.234276 ^ clkbuf_1_1__f_clk/A (sky130_fd_sc_hd__clkbuf_16)
     3    0.010367    0.033651    0.115196    0.349472 ^ clkbuf_1_1__f_clk/X (sky130_fd_sc_hd__clkbuf_16)
                                                         clknet_1_1__leaf_clk (net)
                      0.033651    0.000278    0.349749 ^ _13_/CLK (sky130_fd_sc_hd__dfrtp_1)
     4    0.011483    0.077127    0.393482    0.743231 v _13_/Q (sky130_fd_sc_hd__dfrtp_1)
                                                         net3 (net)
                      0.077127    0.000305    0.743536 v output3/A (sky130_fd_sc_hd__buf_2)
     1    0.033980    0.088852    0.194005    0.937542 v output3/X (sky130_fd_sc_hd__buf_2)
                                                         count[1] (net)
                      0.088856    0.000625    0.938167 v count[1] (out)
                                              0.938167   data arrival time

                                  0.000000    0.000000   clock clk (rise edge)
                                  0.000000    0.000000   clock network delay (propagated)
                                  0.250000    0.250000   clock uncertainty
                                  0.000000    0.250000   clock reconvergence pessimism
                                 -4.000000   -3.750000   output external delay
                                             -3.750000   data required time
---------------------------------------------------------------------------------------------
                                             -3.750000   data required time
                                             -0.938167   data arrival time
---------------------------------------------------------------------------------------------
                                              4.688167   slack (MET)



%OL_END_REPORT
%OL_CREATE_REPORT max.rpt

===========================================================================
report_checks -path_delay max (Setup)
============================================================================
======================= nom_tt_025C_1v80 Corner ===================================

Startpoint: _12_ (rising edge-triggered flip-flop clocked by clk)
Endpoint: count[0] (output port clocked by clk)
Path Group: clk
Path Type: max

Fanout         Cap        Slew       Delay        Time   Description
---------------------------------------------------------------------------------------------
                                  0.000000    0.000000   clock clk (rise edge)
                                  0.000000    0.000000   clock source latency
     1    0.024927    0.117674    0.081259    0.081259 ^ clk (in)
                                                         clk (net)
                      0.117681    0.000000    0.081259 ^ clkbuf_0_clk/A (sky130_fd_sc_hd__clkbuf_16)
     2    0.020423    0.042264    0.152372    0.233630 ^ clkbuf_0_clk/X (sky130_fd_sc_hd__clkbuf_16)
                                                         clknet_0_clk (net)
                      0.042280    0.000645    0.234276 ^ clkbuf_1_1__f_clk/A (sky130_fd_sc_hd__clkbuf_16)
     3    0.010367    0.033651    0.115196    0.349472 ^ clkbuf_1_1__f_clk/X (sky130_fd_sc_hd__clkbuf_16)
                                                         clknet_1_1__leaf_clk (net)
                      0.033652    0.000312    0.349784 ^ _12_/CLK (sky130_fd_sc_hd__dfrtp_2)
     4    0.011611    0.062562    0.409133    0.758917 v _12_/Q (sky130_fd_sc_hd__dfrtp_2)
                                                         net2 (net)
                      0.062563    0.000332    0.759249 v output2/A (sky130_fd_sc_hd__buf_2)
     1    0.034000    0.088885    0.187411    0.946660 v output2/X (sky130_fd_sc_hd__buf_2)
                                                         count[0] (net)
                      0.088888    0.000634    0.947294 v count[0] (out)
                                              0.947294   data arrival time

                                 20.000000   20.000000   clock clk (rise edge)
                                  0.000000   20.000000   clock network delay (propagated)
                                 -0.250000   19.750002   clock uncertainty
                                  0.000000   19.750002   clock reconvergence pessimism
                                 -4.000000   15.750001   output external delay
                                             15.750001   data required time
---------------------------------------------------------------------------------------------
                                             15.750001   data required time
                                             -0.947294   data arrival time
---------------------------------------------------------------------------------------------
                                             14.802706   slack (MET)


Startpoint: _13_ (rising edge-triggered flip-flop clocked by clk)
Endpoint: count[1] (output port clocked by clk)
Path Group: clk
Path Type: max

Fanout         Cap        Slew       Delay        Time   Description
---------------------------------------------------------------------------------------------
                                  0.000000    0.000000   clock clk (rise edge)
                                  0.000000    0.000000   clock source latency
     1    0.024927    0.117674    0.081259    0.081259 ^ clk (in)
                                                         clk (net)
                      0.117681    0.000000    0.081259 ^ clkbuf_0_clk/A (sky130_fd_sc_hd__clkbuf_16)
     2    0.020423    0.042264    0.152372    0.233630 ^ clkbuf_0_clk/X (sky130_fd_sc_hd__clkbuf_16)
                                                         clknet_0_clk (net)
                      0.042280    0.000645    0.234276 ^ clkbuf_1_1__f_clk/A (sky130_fd_sc_hd__clkbuf_16)
     3    0.010367    0.033651    0.115196    0.349472 ^ clkbuf_1_1__f_clk/X (sky130_fd_sc_hd__clkbuf_16)
                                                         clknet_1_1__leaf_clk (net)
                      0.033651    0.000278    0.349749 ^ _13_/CLK (sky130_fd_sc_hd__dfrtp_1)
     4    0.012001    0.116617    0.370966    0.720715 ^ _13_/Q (sky130_fd_sc_hd__dfrtp_1)
                                                         net3 (net)
                      0.116617    0.000321    0.721036 ^ output3/A (sky130_fd_sc_hd__buf_2)
     1    0.033980    0.169214    0.223544    0.944580 ^ output3/X (sky130_fd_sc_hd__buf_2)
                                                         count[1] (net)
                      0.169214    0.000625    0.945205 ^ count[1] (out)
                                              0.945205   data arrival time

                                 20.000000   20.000000   clock clk (rise edge)
                                  0.000000   20.000000   clock network delay (propagated)
                                 -0.250000   19.750002   clock uncertainty
                                  0.000000   19.750002   clock reconvergence pessimism
                                 -4.000000   15.750001   output external delay
                                             15.750001   data required time
---------------------------------------------------------------------------------------------
                                             15.750001   data required time
                                             -0.945205   data arrival time
---------------------------------------------------------------------------------------------
                                             14.804796   slack (MET)


Startpoint: _14_ (rising edge-triggered flip-flop clocked by clk)
Endpoint: count[2] (output port clocked by clk)
Path Group: clk
Path Type: max

Fanout         Cap        Slew       Delay        Time   Description
---------------------------------------------------------------------------------------------
                                  0.000000    0.000000   clock clk (rise edge)
                                  0.000000    0.000000   clock source latency
     1    0.024927    0.117674    0.081259    0.081259 ^ clk (in)
                                                         clk (net)
                      0.117681    0.000000    0.081259 ^ clkbuf_0_clk/A (sky130_fd_sc_hd__clkbuf_16)
     2    0.020423    0.042264    0.152372    0.233630 ^ clkbuf_0_clk/X (sky130_fd_sc_hd__clkbuf_16)
                                                         clknet_0_clk (net)
                      0.042279    0.000560    0.234190 ^ clkbuf_1_0__f_clk/A (sky130_fd_sc_hd__clkbuf_16)
     2    0.005599    0.029309    0.110247    0.344437 ^ clkbuf_1_0__f_clk/X (sky130_fd_sc_hd__clkbuf_16)
                                                         clknet_1_0__leaf_clk (net)
                      0.029309    0.000142    0.344580 ^ _14_/CLK (sky130_fd_sc_hd__dfrtp_1)
     3    0.008070    0.064208    0.376323    0.720903 v _14_/Q (sky130_fd_sc_hd__dfrtp_1)
                                                         net4 (net)
                      0.064208    0.000196    0.721099 v output4/A (sky130_fd_sc_hd__buf_2)
     1    0.034009    0.088904    0.188176    0.909275 v output4/X (sky130_fd_sc_hd__buf_2)
                                                         count[2] (net)
                      0.088908    0.000634    0.909909 v count[2] (out)
                                              0.909909   data arrival time

                                 20.000000   20.000000   clock clk (rise edge)
                                  0.000000   20.000000   clock network delay (propagated)
                                 -0.250000   19.750002   clock uncertainty
                                  0.000000   19.750002   clock reconvergence pessimism
                                 -4.000000   15.750001   output external delay
                                             15.750001   data required time
---------------------------------------------------------------------------------------------
                                             15.750001   data required time
                                             -0.909909   data arrival time
---------------------------------------------------------------------------------------------
                                             14.840092   slack (MET)


Startpoint: _15_ (rising edge-triggered flip-flop clocked by clk)
Endpoint: count[3] (output port clocked by clk)
Path Group: clk
Path Type: max

Fanout         Cap        Slew       Delay        Time   Description
---------------------------------------------------------------------------------------------
                                  0.000000    0.000000   clock clk (rise edge)
                                  0.000000    0.000000   clock source latency
     1    0.024927    0.117674    0.081259    0.081259 ^ clk (in)
                                                         clk (net)
                      0.117681    0.000000    0.081259 ^ clkbuf_0_clk/A (sky130_fd_sc_hd__clkbuf_16)
     2    0.020423    0.042264    0.152372    0.233630 ^ clkbuf_0_clk/X (sky130_fd_sc_hd__clkbuf_16)
                                                         clknet_0_clk (net)
                      0.042279    0.000560    0.234190 ^ clkbuf_1_0__f_clk/A (sky130_fd_sc_hd__clkbuf_16)
     2    0.005599    0.029309    0.110247    0.344437 ^ clkbuf_1_0__f_clk/X (sky130_fd_sc_hd__clkbuf_16)
                                                         clknet_1_0__leaf_clk (net)
                      0.029309    0.000150    0.344587 ^ _15_/CLK (sky130_fd_sc_hd__dfrtp_1)
     2    0.006991    0.058764    0.370517    0.715104 v _15_/Q (sky130_fd_sc_hd__dfrtp_1)
                                                         net5 (net)
                      0.058764    0.000197    0.715301 v output5/A (sky130_fd_sc_hd__buf_2)
     1    0.034067    0.089033    0.185789    0.901091 v output5/X (sky130_fd_sc_hd__buf_2)
                                                         count[3] (net)
                      0.089037    0.000656    0.901747 v count[3] (out)
                                              0.901747   data arrival time

                                 20.000000   20.000000   clock clk (rise edge)
                                  0.000000   20.000000   clock network delay (propagated)
                                 -0.250000   19.750002   clock uncertainty
                                  0.000000   19.750002   clock reconvergence pessimism
                                 -4.000000   15.750001   output external delay
                                             15.750001   data required time
---------------------------------------------------------------------------------------------
                                             15.750001   data required time
                                             -0.901747   data arrival time
---------------------------------------------------------------------------------------------
                                             14.848253   slack (MET)


Startpoint: rst_n (input port clocked by clk)
Endpoint: _12_ (recovery check against rising-edge clock clk)
Path Group: asynchronous
Path Type: max

Fanout         Cap        Slew       Delay        Time   Description
---------------------------------------------------------------------------------------------
                                  0.000000    0.000000   clock clk (rise edge)
                                  0.000000    0.000000   clock network delay (propagated)
                                  4.000000    4.000000 ^ input external delay
     1    0.002729    0.019430    0.010070    4.010070 ^ rst_n (in)
                                                         rst_n (net)
                      0.019430    0.000000    4.010070 ^ input1/A (sky130_fd_sc_hd__buf_1)
     4    0.018857    0.225284    0.198308    4.208379 ^ input1/X (sky130_fd_sc_hd__buf_1)
                                                         net1 (net)
                      0.225285    0.000437    4.208816 ^ _12_/RESET_B (sky130_fd_sc_hd__dfrtp_2)
                                              4.208816   data arrival time

                                 20.000000   20.000000   clock clk (rise edge)
                                  0.000000   20.000000   clock source latency
     1    0.024927    0.117674    0.081258   20.081259 ^ clk (in)
                                                         clk (net)
                      0.117681    0.000000   20.081259 ^ clkbuf_0_clk/A (sky130_fd_sc_hd__clkbuf_16)
     2    0.020423    0.042264    0.152372   20.233631 ^ clkbuf_0_clk/X (sky130_fd_sc_hd__clkbuf_16)
                                                         clknet_0_clk (net)
                      0.042280    0.000645   20.234276 ^ clkbuf_1_1__f_clk/A (sky130_fd_sc_hd__clkbuf_16)
     3    0.010367    0.033651    0.115197   20.349472 ^ clkbuf_1_1__f_clk/X (sky130_fd_sc_hd__clkbuf_16)
                                                         clknet_1_1__leaf_clk (net)
                      0.033652    0.000313   20.349785 ^ _12_/CLK (sky130_fd_sc_hd__dfrtp_2)
                                 -0.250000   20.099785   clock uncertainty
                                  0.000000   20.099785   clock reconvergence pessimism
                                  0.161800   20.261585   library recovery time
                                             20.261585   data required time
---------------------------------------------------------------------------------------------
                                             20.261585   data required time
                                             -4.208816   data arrival time
---------------------------------------------------------------------------------------------
                                             16.052771   slack (MET)


Startpoint: rst_n (input port clocked by clk)
Endpoint: _14_ (recovery check against rising-edge clock clk)
Path Group: asynchronous
Path Type: max

Fanout         Cap        Slew       Delay        Time   Description
---------------------------------------------------------------------------------------------
                                  0.000000    0.000000   clock clk (rise edge)
                                  0.000000    0.000000   clock network delay (propagated)
                                  4.000000    4.000000 ^ input external delay
     1    0.002729    0.019430    0.010070    4.010070 ^ rst_n (in)
                                                         rst_n (net)
                      0.019430    0.000000    4.010070 ^ input1/A (sky130_fd_sc_hd__buf_1)
     4    0.018857    0.225284    0.198308    4.208379 ^ input1/X (sky130_fd_sc_hd__buf_1)
                                                         net1 (net)
                      0.225285    0.000424    4.208802 ^ _14_/RESET_B (sky130_fd_sc_hd__dfrtp_1)
                                              4.208802   data arrival time

                                 20.000000   20.000000   clock clk (rise edge)
                                  0.000000   20.000000   clock source latency
     1    0.024927    0.117674    0.081258   20.081259 ^ clk (in)
                                                         clk (net)
                      0.117681    0.000000   20.081259 ^ clkbuf_0_clk/A (sky130_fd_sc_hd__clkbuf_16)
     2    0.020423    0.042264    0.152372   20.233631 ^ clkbuf_0_clk/X (sky130_fd_sc_hd__clkbuf_16)
                                                         clknet_0_clk (net)
                      0.042279    0.000560   20.234190 ^ clkbuf_1_0__f_clk/A (sky130_fd_sc_hd__clkbuf_16)
     2    0.005599    0.029309    0.110248   20.344439 ^ clkbuf_1_0__f_clk/X (sky130_fd_sc_hd__clkbuf_16)
                                                         clknet_1_0__leaf_clk (net)
                      0.029309    0.000142   20.344580 ^ _14_/CLK (sky130_fd_sc_hd__dfrtp_1)
                                 -0.250000   20.094582   clock uncertainty
                                  0.000000   20.094582   clock reconvergence pessimism
                                  0.178732   20.273312   library recovery time
                                             20.273312   data required time
---------------------------------------------------------------------------------------------
                                             20.273312   data required time
                                             -4.208802   data arrival time
---------------------------------------------------------------------------------------------
                                             16.064510   slack (MET)


Startpoint: rst_n (input port clocked by clk)
Endpoint: _15_ (recovery check against rising-edge clock clk)
Path Group: asynchronous
Path Type: max

Fanout         Cap        Slew       Delay        Time   Description
---------------------------------------------------------------------------------------------
                                  0.000000    0.000000   clock clk (rise edge)
                                  0.000000    0.000000   clock network delay (propagated)
                                  4.000000    4.000000 ^ input external delay
     1    0.002729    0.019430    0.010070    4.010070 ^ rst_n (in)
                                                         rst_n (net)
                      0.019430    0.000000    4.010070 ^ input1/A (sky130_fd_sc_hd__buf_1)
     4    0.018857    0.225284    0.198308    4.208379 ^ input1/X (sky130_fd_sc_hd__buf_1)
                                                         net1 (net)
                      0.225285    0.000416    4.208795 ^ _15_/RESET_B (sky130_fd_sc_hd__dfrtp_1)
                                              4.208795   data arrival time

                                 20.000000   20.000000   clock clk (rise edge)
                                  0.000000   20.000000   clock source latency
     1    0.024927    0.117674    0.081258   20.081259 ^ clk (in)
                                                         clk (net)
                      0.117681    0.000000   20.081259 ^ clkbuf_0_clk/A (sky130_fd_sc_hd__clkbuf_16)
     2    0.020423    0.042264    0.152372   20.233631 ^ clkbuf_0_clk/X (sky130_fd_sc_hd__clkbuf_16)
                                                         clknet_0_clk (net)
                      0.042279    0.000560   20.234190 ^ clkbuf_1_0__f_clk/A (sky130_fd_sc_hd__clkbuf_16)
     2    0.005599    0.029309    0.110248   20.344439 ^ clkbuf_1_0__f_clk/X (sky130_fd_sc_hd__clkbuf_16)
                                                         clknet_1_0__leaf_clk (net)
                      0.029309    0.000149   20.344587 ^ _15_/CLK (sky130_fd_sc_hd__dfrtp_1)
                                 -0.250000   20.094587   clock uncertainty
                                  0.000000   20.094587   clock reconvergence pessimism
                                  0.178732   20.273319   library recovery time
                                             20.273319   data required time
---------------------------------------------------------------------------------------------
                                             20.273319   data required time
                                             -4.208795   data arrival time
---------------------------------------------------------------------------------------------
                                             16.064524   slack (MET)


Startpoint: rst_n (input port clocked by clk)
Endpoint: _13_ (recovery check against rising-edge clock clk)
Path Group: asynchronous
Path Type: max

Fanout         Cap        Slew       Delay        Time   Description
---------------------------------------------------------------------------------------------
                                  0.000000    0.000000   clock clk (rise edge)
                                  0.000000    0.000000   clock network delay (propagated)
                                  4.000000    4.000000 ^ input external delay
     1    0.002729    0.019430    0.010070    4.010070 ^ rst_n (in)
                                                         rst_n (net)
                      0.019430    0.000000    4.010070 ^ input1/A (sky130_fd_sc_hd__buf_1)
     4    0.018857    0.225284    0.198308    4.208379 ^ input1/X (sky130_fd_sc_hd__buf_1)
                                                         net1 (net)
                      0.225286    0.000496    4.208875 ^ _13_/RESET_B (sky130_fd_sc_hd__dfrtp_1)
                                              4.208875   data arrival time

                                 20.000000   20.000000   clock clk (rise edge)
                                  0.000000   20.000000   clock source latency
     1    0.024927    0.117674    0.081258   20.081259 ^ clk (in)
                                                         clk (net)
                      0.117681    0.000000   20.081259 ^ clkbuf_0_clk/A (sky130_fd_sc_hd__clkbuf_16)
     2    0.020423    0.042264    0.152372   20.233631 ^ clkbuf_0_clk/X (sky130_fd_sc_hd__clkbuf_16)
                                                         clknet_0_clk (net)
                      0.042280    0.000645   20.234276 ^ clkbuf_1_1__f_clk/A (sky130_fd_sc_hd__clkbuf_16)
     3    0.010367    0.033651    0.115197   20.349472 ^ clkbuf_1_1__f_clk/X (sky130_fd_sc_hd__clkbuf_16)
                                                         clknet_1_1__leaf_clk (net)
                      0.033651    0.000277   20.349749 ^ _13_/CLK (sky130_fd_sc_hd__dfrtp_1)
                                 -0.250000   20.099751   clock uncertainty
                                  0.000000   20.099751   clock reconvergence pessimism
                                  0.180095   20.279844   library recovery time
                                             20.279844   data required time
---------------------------------------------------------------------------------------------
                                             20.279844   data required time
                                             -4.208875   data arrival time
---------------------------------------------------------------------------------------------
                                             16.070969   slack (MET)


Startpoint: _12_ (rising edge-triggered flip-flop clocked by clk)
Endpoint: _13_ (rising edge-triggered flip-flop clocked by clk)
Path Group: clk
Path Type: max

Fanout         Cap        Slew       Delay        Time   Description
---------------------------------------------------------------------------------------------
                                  0.000000    0.000000   clock clk (rise edge)
                                  0.000000    0.000000   clock source latency
     1    0.024927    0.117674    0.081259    0.081259 ^ clk (in)
                                                         clk (net)
                      0.117681    0.000000    0.081259 ^ clkbuf_0_clk/A (sky130_fd_sc_hd__clkbuf_16)
     2    0.020423    0.042264    0.152372    0.233630 ^ clkbuf_0_clk/X (sky130_fd_sc_hd__clkbuf_16)
                                                         clknet_0_clk (net)
                      0.042280    0.000645    0.234276 ^ clkbuf_1_1__f_clk/A (sky130_fd_sc_hd__clkbuf_16)
     3    0.010367    0.033651    0.115196    0.349472 ^ clkbuf_1_1__f_clk/X (sky130_fd_sc_hd__clkbuf_16)
                                                         clknet_1_1__leaf_clk (net)
                      0.033652    0.000312    0.349784 ^ _12_/CLK (sky130_fd_sc_hd__dfrtp_2)
     4    0.011611    0.062562    0.409133    0.758917 v _12_/Q (sky130_fd_sc_hd__dfrtp_2)
                                                         net2 (net)
                      0.062562    0.000253    0.759170 v hold1/A (sky130_fd_sc_hd__dlygate4sd3_1)
     2    0.009894    0.086141    0.601296    1.360466 v hold1/X (sky130_fd_sc_hd__dlygate4sd3_1)
                                                         net6 (net)
                      0.086141    0.000241    1.360708 v _11_/B (sky130_fd_sc_hd__xor2_1)
     1    0.002790    0.052987    0.151413    1.512120 v _11_/X (sky130_fd_sc_hd__xor2_1)
                                                         _01_ (net)
                      0.052987    0.000084    1.512205 v _13_/D (sky130_fd_sc_hd__dfrtp_1)
                                              1.512205   data arrival time

                                 20.000000   20.000000   clock clk (rise edge)
                                  0.000000   20.000000   clock source latency
     1    0.024927    0.117674    0.081258   20.081259 ^ clk (in)
                                                         clk (net)
                      0.117681    0.000000   20.081259 ^ clkbuf_0_clk/A (sky130_fd_sc_hd__clkbuf_16)
     2    0.020423    0.042264    0.152372   20.233631 ^ clkbuf_0_clk/X (sky130_fd_sc_hd__clkbuf_16)
                                                         clknet_0_clk (net)
                      0.042280    0.000645   20.234276 ^ clkbuf_1_1__f_clk/A (sky130_fd_sc_hd__clkbuf_16)
     3    0.010367    0.033651    0.115197   20.349472 ^ clkbuf_1_1__f_clk/X (sky130_fd_sc_hd__clkbuf_16)
                                                         clknet_1_1__leaf_clk (net)
                      0.033651    0.000277   20.349749 ^ _13_/CLK (sky130_fd_sc_hd__dfrtp_1)
                                 -0.250000   20.099751   clock uncertainty
                                  0.000000   20.099751   clock reconvergence pessimism
                                 -0.120358   19.979393   library setup time
                                             19.979393   data required time
---------------------------------------------------------------------------------------------
                                             19.979393   data required time
                                             -1.512205   data arrival time
---------------------------------------------------------------------------------------------
                                             18.467188   slack (MET)


Startpoint: _14_ (rising edge-triggered flip-flop clocked by clk)
Endpoint: _14_ (rising edge-triggered flip-flop clocked by clk)
Path Group: clk
Path Type: max

Fanout         Cap        Slew       Delay        Time   Description
---------------------------------------------------------------------------------------------
                                  0.000000    0.000000   clock clk (rise edge)
                                  0.000000    0.000000   clock source latency
     1    0.024927    0.117674    0.081259    0.081259 ^ clk (in)
                                                         clk (net)
                      0.117681    0.000000    0.081259 ^ clkbuf_0_clk/A (sky130_fd_sc_hd__clkbuf_16)
     2    0.020423    0.042264    0.152372    0.233630 ^ clkbuf_0_clk/X (sky130_fd_sc_hd__clkbuf_16)
                                                         clknet_0_clk (net)
                      0.042279    0.000560    0.234190 ^ clkbuf_1_0__f_clk/A (sky130_fd_sc_hd__clkbuf_16)
     2    0.005599    0.029309    0.110247    0.344437 ^ clkbuf_1_0__f_clk/X (sky130_fd_sc_hd__clkbuf_16)
                                                         clknet_1_0__leaf_clk (net)
                      0.029309    0.000142    0.344580 ^ _14_/CLK (sky130_fd_sc_hd__dfrtp_1)
     3    0.008070    0.064208    0.376323    0.720903 v _14_/Q (sky130_fd_sc_hd__dfrtp_1)
                                                         net4 (net)
                      0.064208    0.000182    0.721085 v hold4/A (sky130_fd_sc_hd__dlygate4sd3_1)
     1    0.005087    0.064204    0.572744    1.293828 v hold4/X (sky130_fd_sc_hd__dlygate4sd3_1)
                                                         net9 (net)
                      0.064204    0.000181    1.294009 v _07_/B1 (sky130_fd_sc_hd__a21oi_1)
     1    0.003424    0.115426    0.125149    1.419158 ^ _07_/Y (sky130_fd_sc_hd__a21oi_1)
                                                         _04_ (net)
                      0.115426    0.000106    1.419264 ^ _09_/A (sky130_fd_sc_hd__nor2_1)
     1    0.002541    0.037072    0.058958    1.478222 v _09_/Y (sky130_fd_sc_hd__nor2_1)
                                                         _02_ (net)
                      0.037072    0.000072    1.478293 v _14_/D (sky130_fd_sc_hd__dfrtp_1)
                                              1.478293   data arrival time

                                 20.000000   20.000000   clock clk (rise edge)
                                  0.000000   20.000000   clock source latency
     1    0.024927    0.117674    0.081258   20.081259 ^ clk (in)
                                                         clk (net)
                      0.117681    0.000000   20.081259 ^ clkbuf_0_clk/A (sky130_fd_sc_hd__clkbuf_16)
     2    0.020423    0.042264    0.152372   20.233631 ^ clkbuf_0_clk/X (sky130_fd_sc_hd__clkbuf_16)
                                                         clknet_0_clk (net)
                      0.042279    0.000560   20.234190 ^ clkbuf_1_0__f_clk/A (sky130_fd_sc_hd__clkbuf_16)
     2    0.005599    0.029309    0.110248   20.344439 ^ clkbuf_1_0__f_clk/X (sky130_fd_sc_hd__clkbuf_16)
                                                         clknet_1_0__leaf_clk (net)
                      0.029309    0.000142   20.344580 ^ _14_/CLK (sky130_fd_sc_hd__dfrtp_1)
                                 -0.250000   20.094582   clock uncertainty
                                  0.000000   20.094582   clock reconvergence pessimism
                                 -0.114402   19.980181   library setup time
                                             19.980181   data required time
---------------------------------------------------------------------------------------------
                                             19.980181   data required time
                                             -1.478293   data arrival time
---------------------------------------------------------------------------------------------
                                             18.501886   slack (MET)


Startpoint: _15_ (rising edge-triggered flip-flop clocked by clk)
Endpoint: _15_ (rising edge-triggered flip-flop clocked by clk)
Path Group: clk
Path Type: max

Fanout         Cap        Slew       Delay        Time   Description
---------------------------------------------------------------------------------------------
                                  0.000000    0.000000   clock clk (rise edge)
                                  0.000000    0.000000   clock source latency
     1    0.024927    0.117674    0.081259    0.081259 ^ clk (in)
                                                         clk (net)
                      0.117681    0.000000    0.081259 ^ clkbuf_0_clk/A (sky130_fd_sc_hd__clkbuf_16)
     2    0.020423    0.042264    0.152372    0.233630 ^ clkbuf_0_clk/X (sky130_fd_sc_hd__clkbuf_16)
                                                         clknet_0_clk (net)
                      0.042279    0.000560    0.234190 ^ clkbuf_1_0__f_clk/A (sky130_fd_sc_hd__clkbuf_16)
     2    0.005599    0.029309    0.110247    0.344437 ^ clkbuf_1_0__f_clk/X (sky130_fd_sc_hd__clkbuf_16)
                                                         clknet_1_0__leaf_clk (net)
                      0.029309    0.000150    0.344587 ^ _15_/CLK (sky130_fd_sc_hd__dfrtp_1)
     2    0.006991    0.058764    0.370517    0.715104 v _15_/Q (sky130_fd_sc_hd__dfrtp_1)
                                                         net5 (net)
                      0.058764    0.000176    0.715280 v hold2/A (sky130_fd_sc_hd__dlygate4sd3_1)
     1    0.004677    0.062301    0.567618    1.282898 v hold2/X (sky130_fd_sc_hd__dlygate4sd3_1)
                                                         net7 (net)
                      0.062301    0.000138    1.283036 v _10_/A (sky130_fd_sc_hd__xor2_1)
     1    0.002850    0.051213    0.160599    1.443635 v _10_/X (sky130_fd_sc_hd__xor2_1)
                                                         _03_ (net)
                      0.051213    0.000087    1.443722 v _15_/D (sky130_fd_sc_hd__dfrtp_1)
                                              1.443722   data arrival time

                                 20.000000   20.000000   clock clk (rise edge)
                                  0.000000   20.000000   clock source latency
     1    0.024927    0.117674    0.081258   20.081259 ^ clk (in)
                                                         clk (net)
                      0.117681    0.000000   20.081259 ^ clkbuf_0_clk/A (sky130_fd_sc_hd__clkbuf_16)
     2    0.020423    0.042264    0.152372   20.233631 ^ clkbuf_0_clk/X (sky130_fd_sc_hd__clkbuf_16)
                                                         clknet_0_clk (net)
                      0.042279    0.000560   20.234190 ^ clkbuf_1_0__f_clk/A (sky130_fd_sc_hd__clkbuf_16)
     2    0.005599    0.029309    0.110248   20.344439 ^ clkbuf_1_0__f_clk/X (sky130_fd_sc_hd__clkbuf_16)
                                                         clknet_1_0__leaf_clk (net)
                      0.029309    0.000149   20.344587 ^ _15_/CLK (sky130_fd_sc_hd__dfrtp_1)
                                 -0.250000   20.094587   clock uncertainty
                                  0.000000   20.094587   clock reconvergence pessimism
                                 -0.120577   19.974010   library setup time
                                             19.974010   data required time
---------------------------------------------------------------------------------------------
                                             19.974010   data required time
                                             -1.443722   data arrival time
---------------------------------------------------------------------------------------------
                                             18.530289   slack (MET)


Startpoint: _12_ (rising edge-triggered flip-flop clocked by clk)
Endpoint: _12_ (rising edge-triggered flip-flop clocked by clk)
Path Group: clk
Path Type: max

Fanout         Cap        Slew       Delay        Time   Description
---------------------------------------------------------------------------------------------
                                  0.000000    0.000000   clock clk (rise edge)
                                  0.000000    0.000000   clock source latency
     1    0.024927    0.117674    0.081259    0.081259 ^ clk (in)
                                                         clk (net)
                      0.117681    0.000000    0.081259 ^ clkbuf_0_clk/A (sky130_fd_sc_hd__clkbuf_16)
     2    0.020423    0.042264    0.152372    0.233630 ^ clkbuf_0_clk/X (sky130_fd_sc_hd__clkbuf_16)
                                                         clknet_0_clk (net)
                      0.042280    0.000645    0.234276 ^ clkbuf_1_1__f_clk/A (sky130_fd_sc_hd__clkbuf_16)
     3    0.010367    0.033651    0.115196    0.349472 ^ clkbuf_1_1__f_clk/X (sky130_fd_sc_hd__clkbuf_16)
                                                         clknet_1_1__leaf_clk (net)
                      0.033652    0.000312    0.349784 ^ _12_/CLK (sky130_fd_sc_hd__dfrtp_2)
     4    0.011611    0.062562    0.409133    0.758917 v _12_/Q (sky130_fd_sc_hd__dfrtp_2)
                                                         net2 (net)
                      0.062562    0.000253    0.759170 v hold1/A (sky130_fd_sc_hd__dlygate4sd3_1)
     2    0.009894    0.086141    0.601296    1.360466 v hold1/X (sky130_fd_sc_hd__dlygate4sd3_1)
                                                         net6 (net)
                      0.086141    0.000164    1.360630 v _06_/A (sky130_fd_sc_hd__inv_2)
     1    0.003272    0.032170    0.056351    1.416981 ^ _06_/Y (sky130_fd_sc_hd__inv_2)
                                                         _00_ (net)
                      0.032170    0.000103    1.417084 ^ _12_/D (sky130_fd_sc_hd__dfrtp_2)
                                              1.417084   data arrival time

                                 20.000000   20.000000   clock clk (rise edge)
                                  0.000000   20.000000   clock source latency
     1    0.024927    0.117674    0.081258   20.081259 ^ clk (in)
                                                         clk (net)
                      0.117681    0.000000   20.081259 ^ clkbuf_0_clk/A (sky130_fd_sc_hd__clkbuf_16)
     2    0.020423    0.042264    0.152372   20.233631 ^ clkbuf_0_clk/X (sky130_fd_sc_hd__clkbuf_16)
                                                         clknet_0_clk (net)
                      0.042280    0.000645   20.234276 ^ clkbuf_1_1__f_clk/A (sky130_fd_sc_hd__clkbuf_16)
     3    0.010367    0.033651    0.115197   20.349472 ^ clkbuf_1_1__f_clk/X (sky130_fd_sc_hd__clkbuf_16)
                                                         clknet_1_1__leaf_clk (net)
                      0.033652    0.000313   20.349785 ^ _12_/CLK (sky130_fd_sc_hd__dfrtp_2)
                                 -0.250000   20.099785   clock uncertainty
                                  0.000000   20.099785   clock reconvergence pessimism
                                 -0.062222   20.037563   library setup time
                                             20.037563   data required time
---------------------------------------------------------------------------------------------
                                             20.037563   data required time
                                             -1.417084   data arrival time
---------------------------------------------------------------------------------------------
                                             18.620480   slack (MET)



%OL_END_REPORT
%OL_CREATE_REPORT checks.rpt

===========================================================================
report_checks -unconstrained
===========================================================================
======================= nom_tt_025C_1v80 Corner ===================================

Startpoint: rst_n (input port clocked by clk)
Endpoint: _12_ (recovery check against rising-edge clock clk)
Path Group: asynchronous
Path Type: max

Fanout         Cap        Slew       Delay        Time   Description
---------------------------------------------------------------------------------------------
                                  0.000000    0.000000   clock clk (rise edge)
                                  0.000000    0.000000   clock network delay (propagated)
                                  4.000000    4.000000 ^ input external delay
     1    0.002729    0.019430    0.010070    4.010070 ^ rst_n (in)
                                                         rst_n (net)
                      0.019430    0.000000    4.010070 ^ input1/A (sky130_fd_sc_hd__buf_1)
     4    0.018857    0.225284    0.198308    4.208379 ^ input1/X (sky130_fd_sc_hd__buf_1)
                                                         net1 (net)
                      0.225285    0.000437    4.208816 ^ _12_/RESET_B (sky130_fd_sc_hd__dfrtp_2)
                                              4.208816   data arrival time

                                 20.000000   20.000000   clock clk (rise edge)
                                  0.000000   20.000000   clock source latency
     1    0.024927    0.117674    0.081258   20.081259 ^ clk (in)
                                                         clk (net)
                      0.117681    0.000000   20.081259 ^ clkbuf_0_clk/A (sky130_fd_sc_hd__clkbuf_16)
     2    0.020423    0.042264    0.152372   20.233631 ^ clkbuf_0_clk/X (sky130_fd_sc_hd__clkbuf_16)
                                                         clknet_0_clk (net)
                      0.042280    0.000645   20.234276 ^ clkbuf_1_1__f_clk/A (sky130_fd_sc_hd__clkbuf_16)
     3    0.010367    0.033651    0.115197   20.349472 ^ clkbuf_1_1__f_clk/X (sky130_fd_sc_hd__clkbuf_16)
                                                         clknet_1_1__leaf_clk (net)
                      0.033652    0.000313   20.349785 ^ _12_/CLK (sky130_fd_sc_hd__dfrtp_2)
                                 -0.250000   20.099785   clock uncertainty
                                  0.000000   20.099785   clock reconvergence pessimism
                                  0.161800   20.261585   library recovery time
                                             20.261585   data required time
---------------------------------------------------------------------------------------------
                                             20.261585   data required time
                                             -4.208816   data arrival time
---------------------------------------------------------------------------------------------
                                             16.052771   slack (MET)


Startpoint: _12_ (rising edge-triggered flip-flop clocked by clk)
Endpoint: count[0] (output port clocked by clk)
Path Group: clk
Path Type: max

Fanout         Cap        Slew       Delay        Time   Description
---------------------------------------------------------------------------------------------
                                  0.000000    0.000000   clock clk (rise edge)
                                  0.000000    0.000000   clock source latency
     1    0.024927    0.117674    0.081259    0.081259 ^ clk (in)
                                                         clk (net)
                      0.117681    0.000000    0.081259 ^ clkbuf_0_clk/A (sky130_fd_sc_hd__clkbuf_16)
     2    0.020423    0.042264    0.152372    0.233630 ^ clkbuf_0_clk/X (sky130_fd_sc_hd__clkbuf_16)
                                                         clknet_0_clk (net)
                      0.042280    0.000645    0.234276 ^ clkbuf_1_1__f_clk/A (sky130_fd_sc_hd__clkbuf_16)
     3    0.010367    0.033651    0.115196    0.349472 ^ clkbuf_1_1__f_clk/X (sky130_fd_sc_hd__clkbuf_16)
                                                         clknet_1_1__leaf_clk (net)
                      0.033652    0.000312    0.349784 ^ _12_/CLK (sky130_fd_sc_hd__dfrtp_2)
     4    0.011611    0.062562    0.409133    0.758917 v _12_/Q (sky130_fd_sc_hd__dfrtp_2)
                                                         net2 (net)
                      0.062563    0.000332    0.759249 v output2/A (sky130_fd_sc_hd__buf_2)
     1    0.034000    0.088885    0.187411    0.946660 v output2/X (sky130_fd_sc_hd__buf_2)
                                                         count[0] (net)
                      0.088888    0.000634    0.947294 v count[0] (out)
                                              0.947294   data arrival time

                                 20.000000   20.000000   clock clk (rise edge)
                                  0.000000   20.000000   clock network delay (propagated)
                                 -0.250000   19.750002   clock uncertainty
                                  0.000000   19.750002   clock reconvergence pessimism
                                 -4.000000   15.750001   output external delay
                                             15.750001   data required time
---------------------------------------------------------------------------------------------
                                             15.750001   data required time
                                             -0.947294   data arrival time
---------------------------------------------------------------------------------------------
                                             14.802706   slack (MET)




===========================================================================
report_checks --slack_max -0.01
============================================================================
======================= nom_tt_025C_1v80 Corner ===================================

No paths found.


===========================================================================
 report_check_types -max_slew -max_cap -max_fanout -violators
============================================================================
======================= nom_tt_025C_1v80 Corner ===================================



===========================================================================
report_parasitic_annotation -report_unannotated
============================================================================
Found 1 unannotated drivers.
 clkload0/X
Found 0 partially unannotated drivers.

===========================================================================
max slew violation count 0
%OL_METRIC_I design__max_slew_violation__count__corner:nom_tt_025C_1v80 0
max fanout violation count 0
%OL_METRIC_I design__max_fanout_violation__count__corner:nom_tt_025C_1v80 0
max cap violation count 0
%OL_METRIC_I design__max_cap_violation__count__corner:nom_tt_025C_1v80 0
============================================================================

===========================================================================
check_setup -verbose -unconstrained_endpoints -multiple_clock -no_clock -no_input_delay -loops -generated_clocks
===========================================================================
%OL_END_REPORT
%OL_CREATE_REPORT power.rpt

===========================================================================
 report_power
============================================================================
======================= nom_tt_025C_1v80 Corner ===================================

Group                    Internal    Switching      Leakage        Total
                            Power        Power        Power        Power (Watts)
------------------------------------------------------------------------
Sequential           8.148211e-06 0.000000e+00 4.964326e-11 8.148261e-06  19.5%
Combinational        4.196390e-08 1.527419e-07 6.358460e-11 1.947694e-07   0.5%
Clock                2.753988e-05 5.894926e-06 1.995331e-09 3.343680e-05  80.0%
Macro                0.000000e+00 0.000000e+00 0.000000e+00 0.000000e+00   0.0%
Pad                  0.000000e+00 0.000000e+00 0.000000e+00 0.000000e+00   0.0%
------------------------------------------------------------------------
Total                3.573005e-05 6.047668e-06 2.108559e-09 4.177983e-05 100.0%
                            85.5%        14.5%         0.0%
%OL_METRIC_F power__internal__total 3.5730052331928164e-5
%OL_METRIC_F power__switching__total 6.0476681937871035e-6
%OL_METRIC_F power__leakage__total 2.1085586610070095e-9
%OL_METRIC_F power__total 4.177982918918133e-5

%OL_END_REPORT
%OL_CREATE_REPORT skew.min.rpt

===========================================================================
Clock Skew (Hold)
============================================================================
%OL_METRIC_F clock__skew__worst_hold__corner:nom_tt_025C_1v80 -0.25000716093871134
======================= nom_tt_025C_1v80 Corner ===================================

Clock clk
0.344580 source latency _14_/CLK ^
-0.344587 target latency _15_/CLK ^
-0.250000 clock uncertainty
0.000000 CRPR
--------------
-0.250007 hold skew

%OL_END_REPORT
%OL_CREATE_REPORT skew.max.rpt

===========================================================================
Clock Skew (Setup)
============================================================================
%OL_METRIC_F clock__skew__worst_setup__corner:nom_tt_025C_1v80 0.2552041150639616
======================= nom_tt_025C_1v80 Corner ===================================

Clock clk
0.349784 source latency _12_/CLK ^
-0.344580 target latency _14_/CLK ^
0.250000 clock uncertainty
0.000000 CRPR
--------------
0.255204 setup skew

%OL_END_REPORT
%OL_CREATE_REPORT ws.min.rpt

===========================================================================
Worst Slack (Hold)
============================================================================
%OL_METRIC_F timing__hold__ws__corner:nom_tt_025C_1v80 0.3272165409024492
nom_tt_025C_1v80: 0.3272165409024492
%OL_END_REPORT
%OL_CREATE_REPORT ws.max.rpt

===========================================================================
Worst Slack (Setup)
============================================================================
%OL_METRIC_F timing__setup__ws__corner:nom_tt_025C_1v80 14.802706146494598
nom_tt_025C_1v80: 14.802706146494598
%OL_END_REPORT
%OL_CREATE_REPORT tns.min.rpt

===========================================================================
Total Negative Slack (Hold)
============================================================================
%OL_METRIC_F timing__hold__tns__corner:nom_tt_025C_1v80 0.0
nom_tt_025C_1v80: 0.0
%OL_END_REPORT
%OL_CREATE_REPORT tns.max.rpt

===========================================================================
Total Negative Slack (Setup)
============================================================================
%OL_METRIC_F timing__setup__tns__corner:nom_tt_025C_1v80 0.0
nom_tt_025C_1v80: 0.0
%OL_END_REPORT
%OL_CREATE_REPORT wns.min.rpt

===========================================================================
Worst Negative Slack (Hold)
============================================================================
%OL_METRIC_F timing__hold__wns__corner:nom_tt_025C_1v80 0
nom_tt_025C_1v80: 0
%OL_END_REPORT
%OL_CREATE_REPORT wns.max.rpt

===========================================================================
Worst Negative Slack (Setup)
============================================================================
%OL_METRIC_F timing__setup__wns__corner:nom_tt_025C_1v80 0.0
nom_tt_025C_1v80: 0.0
%OL_END_REPORT
%OL_CREATE_REPORT violator_list.rpt

===========================================================================
Violator List
============================================================================
%OL_METRIC_I timing__hold_vio__count__corner:nom_tt_025C_1v80 0
%OL_METRIC_F timing__hold_r2r__ws__corner:nom_tt_025C_1v80 0.327217
%OL_METRIC_I timing__hold_r2r_vio__count__corner:nom_tt_025C_1v80 0
%OL_METRIC_I timing__setup_vio__count__corner:nom_tt_025C_1v80 0
%OL_METRIC_F timing__setup_r2r__ws__corner:nom_tt_025C_1v80 18.467188
%OL_METRIC_I timing__setup_r2r_vio__count__corner:nom_tt_025C_1v80 0
%OL_END_REPORT
%OL_CREATE_REPORT unpropagated.rpt
%OL_END_REPORT
%OL_CREATE_REPORT clock.rpt
Clock: clk
Sources: clk 
Generated: no
Virtual: yes
Propagated: no
Period: 20.000000

===========================================================================
report_clock_properties
============================================================================
Clock                   Period          Waveform
----------------------------------------------------
clk                  20.000000    0.000000 10.000000

===========================================================================
report_clock_latency
============================================================================
Clock clk
rise -> rise
    min     max
0.000000 0.000000 source latency
0.344580         network latency _14_/CLK
        0.349784 network latency _12_/CLK
---------------
0.344580 0.349784 latency
        0.005204 skew

fall -> fall
    min     max
0.000000 0.000000 source latency
0.319109         network latency _14_/CLK
        0.323571 network latency _12_/CLK
---------------
0.319109 0.323571 latency
        0.004461 skew



===========================================================================
report_clock_min_period
============================================================================
clk period_min = 1.53 fmax = 652.40
%OL_END_REPORT
Writing SDF files for all corners…
Removing Clock latencies before writing libs…
Writing timing models for all corners…
Writing timing models for the nom_tt_025C_1v80 corner to /home/jihan/projects/openlane_flow/designs/counter_4bit/runs/RUN_2025-12-01_02-14-40/54-openroad-stapostpnr/nom_tt_025C_1v80/counter_4bit__nom_tt_025C_1v80.lib…
