
===========================================================================
report_checks -path_delay max (Setup)
============================================================================
======================= nom_ff_n40C_1v95 Corner ===================================

Startpoint: _13_ (rising edge-triggered flip-flop clocked by clk)
Endpoint: count[1] (output port clocked by clk)
Path Group: clk
Path Type: max

Fanout         Cap        Slew       Delay        Time   Description
---------------------------------------------------------------------------------------------
                                  0.000000    0.000000   clock clk (rise edge)
                                  0.000000    0.000000   clock source latency
     1    0.024996    0.088272    0.060737    0.060737 ^ clk (in)
                                                         clk (net)
                      0.088281    0.000000    0.060737 ^ clkbuf_0_clk/A (sky130_fd_sc_hd__clkbuf_16)
     2    0.020561    0.032220    0.100473    0.161210 ^ clkbuf_0_clk/X (sky130_fd_sc_hd__clkbuf_16)
                                                         clknet_0_clk (net)
                      0.032224    0.000650    0.161860 ^ clkbuf_1_1__f_clk/A (sky130_fd_sc_hd__clkbuf_16)
     3    0.010559    0.024901    0.078366    0.240226 ^ clkbuf_1_1__f_clk/X (sky130_fd_sc_hd__clkbuf_16)
                                                         clknet_1_1__leaf_clk (net)
                      0.024901    0.000284    0.240510 ^ _13_/CLK (sky130_fd_sc_hd__dfrtp_1)
     4    0.012308    0.088317    0.240856    0.481366 ^ _13_/Q (sky130_fd_sc_hd__dfrtp_1)
                                                         net3 (net)
                      0.088317    0.000331    0.481697 ^ output3/A (sky130_fd_sc_hd__buf_2)
     1    0.033980    0.127129    0.151313    0.633010 ^ output3/X (sky130_fd_sc_hd__buf_2)
                                                         count[1] (net)
                      0.127171    0.000625    0.633635 ^ count[1] (out)
                                              0.633635   data arrival time

                                 20.000000   20.000000   clock clk (rise edge)
                                  0.000000   20.000000   clock network delay (propagated)
                                 -0.250000   19.750002   clock uncertainty
                                  0.000000   19.750002   clock reconvergence pessimism
                                 -4.000000   15.750001   output external delay
                                             15.750001   data required time
---------------------------------------------------------------------------------------------
                                             15.750001   data required time
                                             -0.633635   data arrival time
---------------------------------------------------------------------------------------------
                                             15.116365   slack (MET)


Startpoint: _12_ (rising edge-triggered flip-flop clocked by clk)
Endpoint: count[0] (output port clocked by clk)
Path Group: clk
Path Type: max

Fanout         Cap        Slew       Delay        Time   Description
---------------------------------------------------------------------------------------------
                                  0.000000    0.000000   clock clk (rise edge)
                                  0.000000    0.000000   clock source latency
     1    0.024996    0.088272    0.060737    0.060737 ^ clk (in)
                                                         clk (net)
                      0.088281    0.000000    0.060737 ^ clkbuf_0_clk/A (sky130_fd_sc_hd__clkbuf_16)
     2    0.020561    0.032220    0.100473    0.161210 ^ clkbuf_0_clk/X (sky130_fd_sc_hd__clkbuf_16)
                                                         clknet_0_clk (net)
                      0.032224    0.000650    0.161860 ^ clkbuf_1_1__f_clk/A (sky130_fd_sc_hd__clkbuf_16)
     3    0.010559    0.024901    0.078366    0.240226 ^ clkbuf_1_1__f_clk/X (sky130_fd_sc_hd__clkbuf_16)
                                                         clknet_1_1__leaf_clk (net)
                      0.024901    0.000320    0.240546 ^ _12_/CLK (sky130_fd_sc_hd__dfrtp_2)
     4    0.011862    0.045158    0.257756    0.498302 v _12_/Q (sky130_fd_sc_hd__dfrtp_2)
                                                         net2 (net)
                      0.045160    0.000341    0.498643 v output2/A (sky130_fd_sc_hd__buf_2)
     1    0.034000    0.062376    0.122962    0.621605 v output2/X (sky130_fd_sc_hd__buf_2)
                                                         count[0] (net)
                      0.062382    0.000634    0.622239 v count[0] (out)
                                              0.622239   data arrival time

                                 20.000000   20.000000   clock clk (rise edge)
                                  0.000000   20.000000   clock network delay (propagated)
                                 -0.250000   19.750002   clock uncertainty
                                  0.000000   19.750002   clock reconvergence pessimism
                                 -4.000000   15.750001   output external delay
                                             15.750001   data required time
---------------------------------------------------------------------------------------------
                                             15.750001   data required time
                                             -0.622239   data arrival time
---------------------------------------------------------------------------------------------
                                             15.127761   slack (MET)


Startpoint: _14_ (rising edge-triggered flip-flop clocked by clk)
Endpoint: count[2] (output port clocked by clk)
Path Group: clk
Path Type: max

Fanout         Cap        Slew       Delay        Time   Description
---------------------------------------------------------------------------------------------
                                  0.000000    0.000000   clock clk (rise edge)
                                  0.000000    0.000000   clock source latency
     1    0.024996    0.088272    0.060737    0.060737 ^ clk (in)
                                                         clk (net)
                      0.088281    0.000000    0.060737 ^ clkbuf_0_clk/A (sky130_fd_sc_hd__clkbuf_16)
     2    0.020561    0.032220    0.100473    0.161210 ^ clkbuf_0_clk/X (sky130_fd_sc_hd__clkbuf_16)
                                                         clknet_0_clk (net)
                      0.032223    0.000564    0.161774 ^ clkbuf_1_0__f_clk/A (sky130_fd_sc_hd__clkbuf_16)
     2    0.005759    0.021520    0.074728    0.236503 ^ clkbuf_1_0__f_clk/X (sky130_fd_sc_hd__clkbuf_16)
                                                         clknet_1_0__leaf_clk (net)
                      0.021520    0.000147    0.236650 ^ _14_/CLK (sky130_fd_sc_hd__dfrtp_1)
     3    0.008821    0.067304    0.223541    0.460191 ^ _14_/Q (sky130_fd_sc_hd__dfrtp_1)
                                                         net4 (net)
                      0.067304    0.000217    0.460408 ^ output4/A (sky130_fd_sc_hd__buf_2)
     1    0.034009    0.127189    0.146559    0.606966 ^ output4/X (sky130_fd_sc_hd__buf_2)
                                                         count[2] (net)
                      0.127231    0.000635    0.607601 ^ count[2] (out)
                                              0.607601   data arrival time

                                 20.000000   20.000000   clock clk (rise edge)
                                  0.000000   20.000000   clock network delay (propagated)
                                 -0.250000   19.750002   clock uncertainty
                                  0.000000   19.750002   clock reconvergence pessimism
                                 -4.000000   15.750001   output external delay
                                             15.750001   data required time
---------------------------------------------------------------------------------------------
                                             15.750001   data required time
                                             -0.607601   data arrival time
---------------------------------------------------------------------------------------------
                                             15.142400   slack (MET)


Startpoint: _15_ (rising edge-triggered flip-flop clocked by clk)
Endpoint: count[3] (output port clocked by clk)
Path Group: clk
Path Type: max

Fanout         Cap        Slew       Delay        Time   Description
---------------------------------------------------------------------------------------------
                                  0.000000    0.000000   clock clk (rise edge)
                                  0.000000    0.000000   clock source latency
     1    0.024996    0.088272    0.060737    0.060737 ^ clk (in)
                                                         clk (net)
                      0.088281    0.000000    0.060737 ^ clkbuf_0_clk/A (sky130_fd_sc_hd__clkbuf_16)
     2    0.020561    0.032220    0.100473    0.161210 ^ clkbuf_0_clk/X (sky130_fd_sc_hd__clkbuf_16)
                                                         clknet_0_clk (net)
                      0.032223    0.000564    0.161774 ^ clkbuf_1_0__f_clk/A (sky130_fd_sc_hd__clkbuf_16)
     2    0.005759    0.021520    0.074728    0.236503 ^ clkbuf_1_0__f_clk/X (sky130_fd_sc_hd__clkbuf_16)
                                                         clknet_1_0__leaf_clk (net)
                      0.021520    0.000155    0.236657 ^ _15_/CLK (sky130_fd_sc_hd__dfrtp_1)
     2    0.007501    0.059276    0.217203    0.453861 ^ _15_/Q (sky130_fd_sc_hd__dfrtp_1)
                                                         net5 (net)
                      0.059276    0.000212    0.454073 ^ output5/A (sky130_fd_sc_hd__buf_2)
     1    0.034067    0.127403    0.144844    0.598917 ^ output5/X (sky130_fd_sc_hd__buf_2)
                                                         count[3] (net)
                      0.127445    0.000657    0.599574 ^ count[3] (out)
                                              0.599574   data arrival time

                                 20.000000   20.000000   clock clk (rise edge)
                                  0.000000   20.000000   clock network delay (propagated)
                                 -0.250000   19.750002   clock uncertainty
                                  0.000000   19.750002   clock reconvergence pessimism
                                 -4.000000   15.750001   output external delay
                                             15.750001   data required time
---------------------------------------------------------------------------------------------
                                             15.750001   data required time
                                             -0.599574   data arrival time
---------------------------------------------------------------------------------------------
                                             15.150427   slack (MET)


Startpoint: rst_n (input port clocked by clk)
Endpoint: _12_ (recovery check against rising-edge clock clk)
Path Group: asynchronous
Path Type: max

Fanout         Cap        Slew       Delay        Time   Description
---------------------------------------------------------------------------------------------
                                  0.000000    0.000000   clock clk (rise edge)
                                  0.000000    0.000000   clock network delay (propagated)
                                  4.000000    4.000000 ^ input external delay
     1    0.002796    0.013903    0.007228    4.007228 ^ rst_n (in)
                                                         rst_n (net)
                      0.013903    0.000000    4.007228 ^ input1/A (sky130_fd_sc_hd__buf_1)
     4    0.018829    0.167745    0.141165    4.148393 ^ input1/X (sky130_fd_sc_hd__buf_1)
                                                         net1 (net)
                      0.167747    0.000437    4.148830 ^ _12_/RESET_B (sky130_fd_sc_hd__dfrtp_2)
                                              4.148830   data arrival time

                                 20.000000   20.000000   clock clk (rise edge)
                                  0.000000   20.000000   clock source latency
     1    0.024996    0.088272    0.060737   20.060738 ^ clk (in)
                                                         clk (net)
                      0.088281    0.000000   20.060738 ^ clkbuf_0_clk/A (sky130_fd_sc_hd__clkbuf_16)
     2    0.020561    0.032220    0.100473   20.161211 ^ clkbuf_0_clk/X (sky130_fd_sc_hd__clkbuf_16)
                                                         clknet_0_clk (net)
                      0.032224    0.000650   20.161860 ^ clkbuf_1_1__f_clk/A (sky130_fd_sc_hd__clkbuf_16)
     3    0.010559    0.024901    0.078366   20.240227 ^ clkbuf_1_1__f_clk/X (sky130_fd_sc_hd__clkbuf_16)
                                                         clknet_1_1__leaf_clk (net)
                      0.024901    0.000320   20.240545 ^ _12_/CLK (sky130_fd_sc_hd__dfrtp_2)
                                 -0.250000   19.990547   clock uncertainty
                                  0.000000   19.990547   clock reconvergence pessimism
                                  0.097634   20.088181   library recovery time
                                             20.088181   data required time
---------------------------------------------------------------------------------------------
                                             20.088181   data required time
                                             -4.148830   data arrival time
---------------------------------------------------------------------------------------------
                                             15.939350   slack (MET)


Startpoint: rst_n (input port clocked by clk)
Endpoint: _14_ (recovery check against rising-edge clock clk)
Path Group: asynchronous
Path Type: max

Fanout         Cap        Slew       Delay        Time   Description
---------------------------------------------------------------------------------------------
                                  0.000000    0.000000   clock clk (rise edge)
                                  0.000000    0.000000   clock network delay (propagated)
                                  4.000000    4.000000 ^ input external delay
     1    0.002796    0.013903    0.007228    4.007228 ^ rst_n (in)
                                                         rst_n (net)
                      0.013903    0.000000    4.007228 ^ input1/A (sky130_fd_sc_hd__buf_1)
     4    0.018829    0.167745    0.141165    4.148393 ^ input1/X (sky130_fd_sc_hd__buf_1)
                                                         net1 (net)
                      0.167747    0.000423    4.148816 ^ _14_/RESET_B (sky130_fd_sc_hd__dfrtp_1)
                                              4.148816   data arrival time

                                 20.000000   20.000000   clock clk (rise edge)
                                  0.000000   20.000000   clock source latency
     1    0.024996    0.088272    0.060737   20.060738 ^ clk (in)
                                                         clk (net)
                      0.088281    0.000000   20.060738 ^ clkbuf_0_clk/A (sky130_fd_sc_hd__clkbuf_16)
     2    0.020561    0.032220    0.100473   20.161211 ^ clkbuf_0_clk/X (sky130_fd_sc_hd__clkbuf_16)
                                                         clknet_0_clk (net)
                      0.032223    0.000565   20.161776 ^ clkbuf_1_0__f_clk/A (sky130_fd_sc_hd__clkbuf_16)
     2    0.005759    0.021520    0.074728   20.236504 ^ clkbuf_1_0__f_clk/X (sky130_fd_sc_hd__clkbuf_16)
                                                         clknet_1_0__leaf_clk (net)
                      0.021520    0.000147   20.236650 ^ _14_/CLK (sky130_fd_sc_hd__dfrtp_1)
                                 -0.250000   19.986650   clock uncertainty
                                  0.000000   19.986650   clock reconvergence pessimism
                                  0.116607   20.103258   library recovery time
                                             20.103258   data required time
---------------------------------------------------------------------------------------------
                                             20.103258   data required time
                                             -4.148816   data arrival time
---------------------------------------------------------------------------------------------
                                             15.954442   slack (MET)


Startpoint: rst_n (input port clocked by clk)
Endpoint: _15_ (recovery check against rising-edge clock clk)
Path Group: asynchronous
Path Type: max

Fanout         Cap        Slew       Delay        Time   Description
---------------------------------------------------------------------------------------------
                                  0.000000    0.000000   clock clk (rise edge)
                                  0.000000    0.000000   clock network delay (propagated)
                                  4.000000    4.000000 ^ input external delay
     1    0.002796    0.013903    0.007228    4.007228 ^ rst_n (in)
                                                         rst_n (net)
                      0.013903    0.000000    4.007228 ^ input1/A (sky130_fd_sc_hd__buf_1)
     4    0.018829    0.167745    0.141165    4.148393 ^ input1/X (sky130_fd_sc_hd__buf_1)
                                                         net1 (net)
                      0.167746    0.000415    4.148808 ^ _15_/RESET_B (sky130_fd_sc_hd__dfrtp_1)
                                              4.148808   data arrival time

                                 20.000000   20.000000   clock clk (rise edge)
                                  0.000000   20.000000   clock source latency
     1    0.024996    0.088272    0.060737   20.060738 ^ clk (in)
                                                         clk (net)
                      0.088281    0.000000   20.060738 ^ clkbuf_0_clk/A (sky130_fd_sc_hd__clkbuf_16)
     2    0.020561    0.032220    0.100473   20.161211 ^ clkbuf_0_clk/X (sky130_fd_sc_hd__clkbuf_16)
                                                         clknet_0_clk (net)
                      0.032223    0.000565   20.161776 ^ clkbuf_1_0__f_clk/A (sky130_fd_sc_hd__clkbuf_16)
     2    0.005759    0.021520    0.074728   20.236504 ^ clkbuf_1_0__f_clk/X (sky130_fd_sc_hd__clkbuf_16)
                                                         clknet_1_0__leaf_clk (net)
                      0.021520    0.000155   20.236658 ^ _15_/CLK (sky130_fd_sc_hd__dfrtp_1)
                                 -0.250000   19.986658   clock uncertainty
                                  0.000000   19.986658   clock reconvergence pessimism
                                  0.116607   20.103266   library recovery time
                                             20.103266   data required time
---------------------------------------------------------------------------------------------
                                             20.103266   data required time
                                             -4.148808   data arrival time
---------------------------------------------------------------------------------------------
                                             15.954456   slack (MET)


Startpoint: rst_n (input port clocked by clk)
Endpoint: _13_ (recovery check against rising-edge clock clk)
Path Group: asynchronous
Path Type: max

Fanout         Cap        Slew       Delay        Time   Description
---------------------------------------------------------------------------------------------
                                  0.000000    0.000000   clock clk (rise edge)
                                  0.000000    0.000000   clock network delay (propagated)
                                  4.000000    4.000000 ^ input external delay
     1    0.002796    0.013903    0.007228    4.007228 ^ rst_n (in)
                                                         rst_n (net)
                      0.013903    0.000000    4.007228 ^ input1/A (sky130_fd_sc_hd__buf_1)
     4    0.018829    0.167745    0.141165    4.148393 ^ input1/X (sky130_fd_sc_hd__buf_1)
                                                         net1 (net)
                      0.167747    0.000495    4.148889 ^ _13_/RESET_B (sky130_fd_sc_hd__dfrtp_1)
                                              4.148889   data arrival time

                                 20.000000   20.000000   clock clk (rise edge)
                                  0.000000   20.000000   clock source latency
     1    0.024996    0.088272    0.060737   20.060738 ^ clk (in)
                                                         clk (net)
                      0.088281    0.000000   20.060738 ^ clkbuf_0_clk/A (sky130_fd_sc_hd__clkbuf_16)
     2    0.020561    0.032220    0.100473   20.161211 ^ clkbuf_0_clk/X (sky130_fd_sc_hd__clkbuf_16)
                                                         clknet_0_clk (net)
                      0.032224    0.000650   20.161860 ^ clkbuf_1_1__f_clk/A (sky130_fd_sc_hd__clkbuf_16)
     3    0.010559    0.024901    0.078366   20.240227 ^ clkbuf_1_1__f_clk/X (sky130_fd_sc_hd__clkbuf_16)
                                                         clknet_1_1__leaf_clk (net)
                      0.024901    0.000284   20.240511 ^ _13_/CLK (sky130_fd_sc_hd__dfrtp_1)
                                 -0.250000   19.990511   clock uncertainty
                                  0.000000   19.990511   clock reconvergence pessimism
                                  0.117133   20.107645   library recovery time
                                             20.107645   data required time
---------------------------------------------------------------------------------------------
                                             20.107645   data required time
                                             -4.148889   data arrival time
---------------------------------------------------------------------------------------------
                                             15.958755   slack (MET)


Startpoint: _12_ (rising edge-triggered flip-flop clocked by clk)
Endpoint: _13_ (rising edge-triggered flip-flop clocked by clk)
Path Group: clk
Path Type: max

Fanout         Cap        Slew       Delay        Time   Description
---------------------------------------------------------------------------------------------
                                  0.000000    0.000000   clock clk (rise edge)
                                  0.000000    0.000000   clock source latency
     1    0.024996    0.088272    0.060737    0.060737 ^ clk (in)
                                                         clk (net)
                      0.088281    0.000000    0.060737 ^ clkbuf_0_clk/A (sky130_fd_sc_hd__clkbuf_16)
     2    0.020561    0.032220    0.100473    0.161210 ^ clkbuf_0_clk/X (sky130_fd_sc_hd__clkbuf_16)
                                                         clknet_0_clk (net)
                      0.032224    0.000650    0.161860 ^ clkbuf_1_1__f_clk/A (sky130_fd_sc_hd__clkbuf_16)
     3    0.010559    0.024901    0.078366    0.240226 ^ clkbuf_1_1__f_clk/X (sky130_fd_sc_hd__clkbuf_16)
                                                         clknet_1_1__leaf_clk (net)
                      0.024901    0.000320    0.240546 ^ _12_/CLK (sky130_fd_sc_hd__dfrtp_2)
     4    0.011862    0.045158    0.257756    0.498302 v _12_/Q (sky130_fd_sc_hd__dfrtp_2)
                                                         net2 (net)
                      0.045158    0.000261    0.498563 v hold1/A (sky130_fd_sc_hd__dlygate4sd3_1)
     2    0.009872    0.061626    0.397574    0.896137 v hold1/X (sky130_fd_sc_hd__dlygate4sd3_1)
                                                         net6 (net)
                      0.061626    0.000240    0.896377 v _11_/B (sky130_fd_sc_hd__xor2_1)
     1    0.002900    0.037484    0.095938    0.992314 v _11_/X (sky130_fd_sc_hd__xor2_1)
                                                         _01_ (net)
                      0.037484    0.000088    0.992402 v _13_/D (sky130_fd_sc_hd__dfrtp_1)
                                              0.992402   data arrival time

                                 20.000000   20.000000   clock clk (rise edge)
                                  0.000000   20.000000   clock source latency
     1    0.024996    0.088272    0.060737   20.060738 ^ clk (in)
                                                         clk (net)
                      0.088281    0.000000   20.060738 ^ clkbuf_0_clk/A (sky130_fd_sc_hd__clkbuf_16)
     2    0.020561    0.032220    0.100473   20.161211 ^ clkbuf_0_clk/X (sky130_fd_sc_hd__clkbuf_16)
                                                         clknet_0_clk (net)
                      0.032224    0.000650   20.161860 ^ clkbuf_1_1__f_clk/A (sky130_fd_sc_hd__clkbuf_16)
     3    0.010559    0.024901    0.078366   20.240227 ^ clkbuf_1_1__f_clk/X (sky130_fd_sc_hd__clkbuf_16)
                                                         clknet_1_1__leaf_clk (net)
                      0.024901    0.000284   20.240511 ^ _13_/CLK (sky130_fd_sc_hd__dfrtp_1)
                                 -0.250000   19.990511   clock uncertainty
                                  0.000000   19.990511   clock reconvergence pessimism
                                 -0.075087   19.915424   library setup time
                                             19.915424   data required time
---------------------------------------------------------------------------------------------
                                             19.915424   data required time
                                             -0.992402   data arrival time
---------------------------------------------------------------------------------------------
                                             18.923021   slack (MET)


Startpoint: _15_ (rising edge-triggered flip-flop clocked by clk)
Endpoint: _15_ (rising edge-triggered flip-flop clocked by clk)
Path Group: clk
Path Type: max

Fanout         Cap        Slew       Delay        Time   Description
---------------------------------------------------------------------------------------------
                                  0.000000    0.000000   clock clk (rise edge)
                                  0.000000    0.000000   clock source latency
     1    0.024996    0.088272    0.060737    0.060737 ^ clk (in)
                                                         clk (net)
                      0.088281    0.000000    0.060737 ^ clkbuf_0_clk/A (sky130_fd_sc_hd__clkbuf_16)
     2    0.020561    0.032220    0.100473    0.161210 ^ clkbuf_0_clk/X (sky130_fd_sc_hd__clkbuf_16)
                                                         clknet_0_clk (net)
                      0.032223    0.000564    0.161774 ^ clkbuf_1_0__f_clk/A (sky130_fd_sc_hd__clkbuf_16)
     2    0.005759    0.021520    0.074728    0.236503 ^ clkbuf_1_0__f_clk/X (sky130_fd_sc_hd__clkbuf_16)
                                                         clknet_1_0__leaf_clk (net)
                      0.021520    0.000155    0.236657 ^ _15_/CLK (sky130_fd_sc_hd__dfrtp_1)
     2    0.007172    0.041989    0.234782    0.471439 v _15_/Q (sky130_fd_sc_hd__dfrtp_1)
                                                         net5 (net)
                      0.041989    0.000181    0.471621 v hold2/A (sky130_fd_sc_hd__dlygate4sd3_1)
     1    0.004656    0.045016    0.373644    0.845265 v hold2/X (sky130_fd_sc_hd__dlygate4sd3_1)
                                                         net7 (net)
                      0.045016    0.000137    0.845402 v _10_/A (sky130_fd_sc_hd__xor2_1)
     1    0.002960    0.035846    0.102545    0.947947 v _10_/X (sky130_fd_sc_hd__xor2_1)
                                                         _03_ (net)
                      0.035846    0.000091    0.948038 v _15_/D (sky130_fd_sc_hd__dfrtp_1)
                                              0.948038   data arrival time

                                 20.000000   20.000000   clock clk (rise edge)
                                  0.000000   20.000000   clock source latency
     1    0.024996    0.088272    0.060737   20.060738 ^ clk (in)
                                                         clk (net)
                      0.088281    0.000000   20.060738 ^ clkbuf_0_clk/A (sky130_fd_sc_hd__clkbuf_16)
     2    0.020561    0.032220    0.100473   20.161211 ^ clkbuf_0_clk/X (sky130_fd_sc_hd__clkbuf_16)
                                                         clknet_0_clk (net)
                      0.032223    0.000565   20.161776 ^ clkbuf_1_0__f_clk/A (sky130_fd_sc_hd__clkbuf_16)
     2    0.005759    0.021520    0.074728   20.236504 ^ clkbuf_1_0__f_clk/X (sky130_fd_sc_hd__clkbuf_16)
                                                         clknet_1_0__leaf_clk (net)
                      0.021520    0.000155   20.236658 ^ _15_/CLK (sky130_fd_sc_hd__dfrtp_1)
                                 -0.250000   19.986658   clock uncertainty
                                  0.000000   19.986658   clock reconvergence pessimism
                                 -0.074827   19.911831   library setup time
                                             19.911831   data required time
---------------------------------------------------------------------------------------------
                                             19.911831   data required time
                                             -0.948038   data arrival time
---------------------------------------------------------------------------------------------
                                             18.963793   slack (MET)


Startpoint: _14_ (rising edge-triggered flip-flop clocked by clk)
Endpoint: _14_ (rising edge-triggered flip-flop clocked by clk)
Path Group: clk
Path Type: max

Fanout         Cap        Slew       Delay        Time   Description
---------------------------------------------------------------------------------------------
                                  0.000000    0.000000   clock clk (rise edge)
                                  0.000000    0.000000   clock source latency
     1    0.024996    0.088272    0.060737    0.060737 ^ clk (in)
                                                         clk (net)
                      0.088281    0.000000    0.060737 ^ clkbuf_0_clk/A (sky130_fd_sc_hd__clkbuf_16)
     2    0.020561    0.032220    0.100473    0.161210 ^ clkbuf_0_clk/X (sky130_fd_sc_hd__clkbuf_16)
                                                         clknet_0_clk (net)
                      0.032223    0.000564    0.161774 ^ clkbuf_1_0__f_clk/A (sky130_fd_sc_hd__clkbuf_16)
     2    0.005759    0.021520    0.074728    0.236503 ^ clkbuf_1_0__f_clk/X (sky130_fd_sc_hd__clkbuf_16)
                                                         clknet_1_0__leaf_clk (net)
                      0.021520    0.000147    0.236650 ^ _14_/CLK (sky130_fd_sc_hd__dfrtp_1)
     3    0.008346    0.046008    0.239045    0.475695 v _14_/Q (sky130_fd_sc_hd__dfrtp_1)
                                                         net4 (net)
                      0.046008    0.000189    0.475884 v hold4/A (sky130_fd_sc_hd__dlygate4sd3_1)
     1    0.005149    0.046399    0.377315    0.853199 v hold4/X (sky130_fd_sc_hd__dlygate4sd3_1)
                                                         net9 (net)
                      0.046399    0.000184    0.853383 v _07_/B1 (sky130_fd_sc_hd__a21oi_1)
     1    0.003426    0.084515    0.060226    0.913608 ^ _07_/Y (sky130_fd_sc_hd__a21oi_1)
                                                         _04_ (net)
                      0.084515    0.000106    0.913714 ^ _09_/A (sky130_fd_sc_hd__nor2_1)
     1    0.002651    0.028174    0.030551    0.944265 v _09_/Y (sky130_fd_sc_hd__nor2_1)
                                                         _02_ (net)
                      0.028174    0.000075    0.944341 v _14_/D (sky130_fd_sc_hd__dfrtp_1)
                                              0.944341   data arrival time

                                 20.000000   20.000000   clock clk (rise edge)
                                  0.000000   20.000000   clock source latency
     1    0.024996    0.088272    0.060737   20.060738 ^ clk (in)
                                                         clk (net)
                      0.088281    0.000000   20.060738 ^ clkbuf_0_clk/A (sky130_fd_sc_hd__clkbuf_16)
     2    0.020561    0.032220    0.100473   20.161211 ^ clkbuf_0_clk/X (sky130_fd_sc_hd__clkbuf_16)
                                                         clknet_0_clk (net)
                      0.032223    0.000565   20.161776 ^ clkbuf_1_0__f_clk/A (sky130_fd_sc_hd__clkbuf_16)
     2    0.005759    0.021520    0.074728   20.236504 ^ clkbuf_1_0__f_clk/X (sky130_fd_sc_hd__clkbuf_16)
                                                         clknet_1_0__leaf_clk (net)
                      0.021520    0.000147   20.236650 ^ _14_/CLK (sky130_fd_sc_hd__dfrtp_1)
                                 -0.250000   19.986650   clock uncertainty
                                  0.000000   19.986650   clock reconvergence pessimism
                                 -0.072086   19.914564   library setup time
                                             19.914564   data required time
---------------------------------------------------------------------------------------------
                                             19.914564   data required time
                                             -0.944341   data arrival time
---------------------------------------------------------------------------------------------
                                             18.970224   slack (MET)


Startpoint: _12_ (rising edge-triggered flip-flop clocked by clk)
Endpoint: _12_ (rising edge-triggered flip-flop clocked by clk)
Path Group: clk
Path Type: max

Fanout         Cap        Slew       Delay        Time   Description
---------------------------------------------------------------------------------------------
                                  0.000000    0.000000   clock clk (rise edge)
                                  0.000000    0.000000   clock source latency
     1    0.024996    0.088272    0.060737    0.060737 ^ clk (in)
                                                         clk (net)
                      0.088281    0.000000    0.060737 ^ clkbuf_0_clk/A (sky130_fd_sc_hd__clkbuf_16)
     2    0.020561    0.032220    0.100473    0.161210 ^ clkbuf_0_clk/X (sky130_fd_sc_hd__clkbuf_16)
                                                         clknet_0_clk (net)
                      0.032224    0.000650    0.161860 ^ clkbuf_1_1__f_clk/A (sky130_fd_sc_hd__clkbuf_16)
     3    0.010559    0.024901    0.078366    0.240226 ^ clkbuf_1_1__f_clk/X (sky130_fd_sc_hd__clkbuf_16)
                                                         clknet_1_1__leaf_clk (net)
                      0.024901    0.000320    0.240546 ^ _12_/CLK (sky130_fd_sc_hd__dfrtp_2)
     4    0.012472    0.056690    0.233809    0.474354 ^ _12_/Q (sky130_fd_sc_hd__dfrtp_2)
                                                         net2 (net)
                      0.056691    0.000275    0.474629 ^ hold1/A (sky130_fd_sc_hd__dlygate4sd3_1)
     2    0.010580    0.090083    0.419090    0.893719 ^ hold1/X (sky130_fd_sc_hd__dlygate4sd3_1)
                                                         net6 (net)
                      0.090083    0.000176    0.893895 ^ _06_/A (sky130_fd_sc_hd__inv_2)
     1    0.003326    0.020828    0.015661    0.909556 v _06_/Y (sky130_fd_sc_hd__inv_2)
                                                         _00_ (net)
                      0.020829    0.000105    0.909661 v _12_/D (sky130_fd_sc_hd__dfrtp_2)
                                              0.909661   data arrival time

                                 20.000000   20.000000   clock clk (rise edge)
                                  0.000000   20.000000   clock source latency
     1    0.024996    0.088272    0.060737   20.060738 ^ clk (in)
                                                         clk (net)
                      0.088281    0.000000   20.060738 ^ clkbuf_0_clk/A (sky130_fd_sc_hd__clkbuf_16)
     2    0.020561    0.032220    0.100473   20.161211 ^ clkbuf_0_clk/X (sky130_fd_sc_hd__clkbuf_16)
                                                         clknet_0_clk (net)
                      0.032224    0.000650   20.161860 ^ clkbuf_1_1__f_clk/A (sky130_fd_sc_hd__clkbuf_16)
     3    0.010559    0.024901    0.078366   20.240227 ^ clkbuf_1_1__f_clk/X (sky130_fd_sc_hd__clkbuf_16)
                                                         clknet_1_1__leaf_clk (net)
                      0.024901    0.000320   20.240545 ^ _12_/CLK (sky130_fd_sc_hd__dfrtp_2)
                                 -0.250000   19.990547   clock uncertainty
                                  0.000000   19.990547   clock reconvergence pessimism
                                 -0.070358   19.920189   library setup time
                                             19.920189   data required time
---------------------------------------------------------------------------------------------
                                             19.920189   data required time
                                             -0.909661   data arrival time
---------------------------------------------------------------------------------------------
                                             19.010529   slack (MET)



