
===========================================================================
report_checks -unconstrained
===========================================================================
======================= max_ff_n40C_1v95 Corner ===================================

Startpoint: rst_n (input port clocked by clk)
Endpoint: _12_ (recovery check against rising-edge clock clk)
Path Group: asynchronous
Path Type: max

Fanout         Cap        Slew       Delay        Time   Description
---------------------------------------------------------------------------------------------
                                  0.000000    0.000000   clock clk (rise edge)
                                  0.000000    0.000000   clock network delay (propagated)
                                  4.000000    4.000000 ^ input external delay
     1    0.002825    0.014007    0.007344    4.007344 ^ rst_n (in)
                                                         rst_n (net)
                      0.014008    0.000000    4.007344 ^ input1/A (sky130_fd_sc_hd__buf_1)
     4    0.019206    0.171017    0.143085    4.150429 ^ input1/X (sky130_fd_sc_hd__buf_1)
                                                         net1 (net)
                      0.171024    0.000913    4.151342 ^ _12_/RESET_B (sky130_fd_sc_hd__dfrtp_2)
                                              4.151342   data arrival time

                                 20.000000   20.000000   clock clk (rise edge)
                                  0.000000   20.000000   clock source latency
     1    0.025882    0.091219    0.063011   20.063011 ^ clk (in)
                                                         clk (net)
                      0.091235    0.000000   20.063011 ^ clkbuf_0_clk/A (sky130_fd_sc_hd__clkbuf_16)
     2    0.021057    0.032622    0.101329   20.164341 ^ clkbuf_0_clk/X (sky130_fd_sc_hd__clkbuf_16)
                                                         clknet_0_clk (net)
                      0.032663    0.001398   20.165737 ^ clkbuf_1_1__f_clk/A (sky130_fd_sc_hd__clkbuf_16)
     3    0.010979    0.025190    0.078710   20.244448 ^ clkbuf_1_1__f_clk/X (sky130_fd_sc_hd__clkbuf_16)
                                                         clknet_1_1__leaf_clk (net)
                      0.025193    0.000719   20.245169 ^ _12_/CLK (sky130_fd_sc_hd__dfrtp_2)
                                 -0.250000   19.995169   clock uncertainty
                                  0.000000   19.995169   clock reconvergence pessimism
                                  0.096837   20.092007   library recovery time
                                             20.092007   data required time
---------------------------------------------------------------------------------------------
                                             20.092007   data required time
                                             -4.151342   data arrival time
---------------------------------------------------------------------------------------------
                                             15.940664   slack (MET)


Startpoint: _13_ (rising edge-triggered flip-flop clocked by clk)
Endpoint: count[1] (output port clocked by clk)
Path Group: clk
Path Type: max

Fanout         Cap        Slew       Delay        Time   Description
---------------------------------------------------------------------------------------------
                                  0.000000    0.000000   clock clk (rise edge)
                                  0.000000    0.000000   clock source latency
     1    0.025882    0.091219    0.063011    0.063011 ^ clk (in)
                                                         clk (net)
                      0.091235    0.000000    0.063011 ^ clkbuf_0_clk/A (sky130_fd_sc_hd__clkbuf_16)
     2    0.021057    0.032622    0.101329    0.164339 ^ clkbuf_0_clk/X (sky130_fd_sc_hd__clkbuf_16)
                                                         clknet_0_clk (net)
                      0.032663    0.001399    0.165738 ^ clkbuf_1_1__f_clk/A (sky130_fd_sc_hd__clkbuf_16)
     3    0.010979    0.025190    0.078710    0.244448 ^ clkbuf_1_1__f_clk/X (sky130_fd_sc_hd__clkbuf_16)
                                                         clknet_1_1__leaf_clk (net)
                      0.025193    0.000636    0.245084 ^ _13_/CLK (sky130_fd_sc_hd__dfrtp_1)
     4    0.012692    0.090794    0.242479    0.487563 ^ _13_/Q (sky130_fd_sc_hd__dfrtp_1)
                                                         net3 (net)
                      0.090799    0.000753    0.488316 ^ output3/A (sky130_fd_sc_hd__buf_2)
     1    0.034013    0.126970    0.151348    0.639664 ^ output3/X (sky130_fd_sc_hd__buf_2)
                                                         count[1] (net)
                      0.127000    0.001604    0.641268 ^ count[1] (out)
                                              0.641268   data arrival time

                                 20.000000   20.000000   clock clk (rise edge)
                                  0.000000   20.000000   clock network delay (propagated)
                                 -0.250000   19.750002   clock uncertainty
                                  0.000000   19.750002   clock reconvergence pessimism
                                 -4.000000   15.750001   output external delay
                                             15.750001   data required time
---------------------------------------------------------------------------------------------
                                             15.750001   data required time
                                             -0.641268   data arrival time
---------------------------------------------------------------------------------------------
                                             15.108732   slack (MET)




===========================================================================
report_checks --slack_max -0.01
============================================================================
======================= max_ff_n40C_1v95 Corner ===================================

No paths found.


===========================================================================
 report_check_types -max_slew -max_cap -max_fanout -violators
============================================================================
======================= max_ff_n40C_1v95 Corner ===================================



===========================================================================
report_parasitic_annotation -report_unannotated
============================================================================
Found 1 unannotated drivers.
 clkload0/X
Found 0 partially unannotated drivers.

===========================================================================
max slew violation count 0
max fanout violation count 0
max cap violation count 0
============================================================================

===========================================================================
check_setup -verbose -unconstrained_endpoints -multiple_clock -no_clock -no_input_delay -loops -generated_clocks
===========================================================================
