Clock: clk
Sources: clk 
Generated: no
Virtual: yes
Propagated: no
Period: 20.000000

===========================================================================
report_clock_properties
============================================================================
Clock                   Period          Waveform
----------------------------------------------------
clk                  20.000000    0.000000 10.000000

===========================================================================
report_clock_latency
============================================================================
Clock clk
rise -> rise
    min     max
0.000000 0.000000 source latency
0.240903         network latency _14_/CLK
        0.245167 network latency _12_/CLK
---------------
0.240903 0.245167 latency
        0.004263 skew

fall -> fall
    min     max
0.000000 0.000000 source latency
0.217990         network latency _14_/CLK
        0.221703 network latency _12_/CLK
---------------
0.217990 0.221703 latency
        0.003713 skew



===========================================================================
report_clock_min_period
============================================================================
clk period_min = 1.08 fmax = 925.79
