Reading timing models for corner nom_ss_100C_1v60…
Reading cell library for the 'nom_ss_100C_1v60' corner at '/home/jihan/.volare/volare/sky130/versions/0fe599b2afb6708d281543108caf8310912f54af/sky130A/libs.ref/sky130_fd_sc_hd/lib/sky130_fd_sc_hd__ss_100C_1v60.lib'…
Reading top-level netlist at '/home/jihan/projects/openlane_flow/designs/param_counter/runs/RUN_2025-12-08_00-15-48/06-yosys-synthesis/param_counter.nl.v'…
Linking design 'param_counter' from netlist…
Reading design constraints file at '/nix/store/ss2cw3sxbrwwx9jl0rrppbw4kgcmgi2n-python3-3.11.9-env/lib/python3.11/site-packages/openlane/scripts/base.sdc'…
[INFO] Using clock clk…
[INFO] Setting output delay to: 3.0
[INFO] Setting input delay to: 3.0
[INFO] Setting load to: 0.033442
[INFO] Setting clock uncertainty to: 0.25
[INFO] Setting clock transition to: 0.1499999999999999944488848768742172978818416595458984375
[INFO] Setting timing derate to: 5%
%OL_CREATE_REPORT min.rpt

===========================================================================
report_checks -path_delay min (Hold)
============================================================================
======================= nom_ss_100C_1v60 Corner ===================================

Startpoint: _30_ (rising edge-triggered flip-flop clocked by clk)
Endpoint: _30_ (rising edge-triggered flip-flop clocked by clk)
Path Group: clk
Path Type: min

Fanout         Cap        Slew       Delay        Time   Description
---------------------------------------------------------------------------------------------
                      0.150000    0.000000    0.000000   clock clk (rise edge)
                                  0.000000    0.000000   clock network delay (ideal)
                      0.150000    0.000000    0.000000 ^ _30_/CLK (sky130_fd_sc_hd__dfrtp_2)
     6    0.050329    0.397201    0.996802    0.996802 ^ _30_/Q (sky130_fd_sc_hd__dfrtp_2)
                                                         count[0] (net)
                      0.397201    0.000000    0.996802 ^ _19_/A3 (sky130_fd_sc_hd__o31a_2)
     1    0.001853    0.056271    0.337460    1.334262 ^ _19_/X (sky130_fd_sc_hd__o31a_2)
                                                         _00_ (net)
                      0.056271    0.000000    1.334262 ^ _30_/D (sky130_fd_sc_hd__dfrtp_2)
                                              1.334262   data arrival time

                      0.150000    0.000000    0.000000   clock clk (rise edge)
                                  0.000000    0.000000   clock network delay (ideal)
                                  0.250000    0.250000   clock uncertainty
                                  0.000000    0.250000   clock reconvergence pessimism
                                              0.250000 ^ _30_/CLK (sky130_fd_sc_hd__dfrtp_2)
                                 -0.060652    0.189348   library hold time
                                              0.189348   data required time
---------------------------------------------------------------------------------------------
                                              0.189348   data required time
                                             -1.334262   data arrival time
---------------------------------------------------------------------------------------------
                                              1.144914   slack (MET)


Startpoint: _31_ (rising edge-triggered flip-flop clocked by clk)
Endpoint: _31_ (rising edge-triggered flip-flop clocked by clk)
Path Group: clk
Path Type: min

Fanout         Cap        Slew       Delay        Time   Description
---------------------------------------------------------------------------------------------
                      0.150000    0.000000    0.000000   clock clk (rise edge)
                                  0.000000    0.000000   clock network delay (ideal)
                      0.150000    0.000000    0.000000 ^ _31_/CLK (sky130_fd_sc_hd__dfrtp_2)
     5    0.046623    0.259712    1.045342    1.045342 v _31_/Q (sky130_fd_sc_hd__dfrtp_2)
                                                         count[1] (net)
                      0.259712    0.000000    1.045342 v _16_/A (sky130_fd_sc_hd__inv_2)
     1    0.004546    0.084814    0.144860    1.190202 ^ _16_/Y (sky130_fd_sc_hd__inv_2)
                                                         _05_ (net)
                      0.084814    0.000000    1.190202 ^ _21_/A (sky130_fd_sc_hd__nand2_2)
     1    0.002352    0.045817    0.079103    1.269305 v _21_/Y (sky130_fd_sc_hd__nand2_2)
                                                         _09_ (net)
                      0.045817    0.000000    1.269305 v _22_/C1 (sky130_fd_sc_hd__o211a_2)
     1    0.001838    0.039966    0.188374    1.457679 v _22_/X (sky130_fd_sc_hd__o211a_2)
                                                         _01_ (net)
                      0.039966    0.000000    1.457679 v _31_/D (sky130_fd_sc_hd__dfrtp_2)
                                              1.457679   data arrival time

                      0.150000    0.000000    0.000000   clock clk (rise edge)
                                  0.000000    0.000000   clock network delay (ideal)
                                  0.250000    0.250000   clock uncertainty
                                  0.000000    0.250000   clock reconvergence pessimism
                                              0.250000 ^ _31_/CLK (sky130_fd_sc_hd__dfrtp_2)
                                 -0.059257    0.190743   library hold time
                                              0.190743   data required time
---------------------------------------------------------------------------------------------
                                              0.190743   data required time
                                             -1.457679   data arrival time
---------------------------------------------------------------------------------------------
                                              1.266936   slack (MET)


Startpoint: _33_ (rising edge-triggered flip-flop clocked by clk)
Endpoint: _33_ (rising edge-triggered flip-flop clocked by clk)
Path Group: clk
Path Type: min

Fanout         Cap        Slew       Delay        Time   Description
---------------------------------------------------------------------------------------------
                      0.150000    0.000000    0.000000   clock clk (rise edge)
                                  0.000000    0.000000   clock network delay (ideal)
                      0.150000    0.000000    0.000000 ^ _33_/CLK (sky130_fd_sc_hd__dfrtp_2)
     3    0.039547    0.323368    0.939017    0.939017 ^ _33_/Q (sky130_fd_sc_hd__dfrtp_2)
                                                         count[3] (net)
                      0.323368    0.000000    0.939017 ^ _28_/B (sky130_fd_sc_hd__nand2_2)
     1    0.002251    0.065888    0.160698    1.099715 v _28_/Y (sky130_fd_sc_hd__nand2_2)
                                                         _14_ (net)
                      0.065888    0.000000    1.099715 v _29_/B2 (sky130_fd_sc_hd__o221a_2)
     1    0.001838    0.044536    0.417470    1.517185 v _29_/X (sky130_fd_sc_hd__o221a_2)
                                                         _03_ (net)
                      0.044536    0.000000    1.517185 v _33_/D (sky130_fd_sc_hd__dfrtp_2)
                                              1.517185   data arrival time

                      0.150000    0.000000    0.000000   clock clk (rise edge)
                                  0.000000    0.000000   clock network delay (ideal)
                                  0.250000    0.250000   clock uncertainty
                                  0.000000    0.250000   clock reconvergence pessimism
                                              0.250000 ^ _33_/CLK (sky130_fd_sc_hd__dfrtp_2)
                                 -0.060931    0.189069   library hold time
                                              0.189069   data required time
---------------------------------------------------------------------------------------------
                                              0.189069   data required time
                                             -1.517185   data arrival time
---------------------------------------------------------------------------------------------
                                              1.328116   slack (MET)


Startpoint: _32_ (rising edge-triggered flip-flop clocked by clk)
Endpoint: _32_ (rising edge-triggered flip-flop clocked by clk)
Path Group: clk
Path Type: min

Fanout         Cap        Slew       Delay        Time   Description
---------------------------------------------------------------------------------------------
                      0.150000    0.000000    0.000000   clock clk (rise edge)
                                  0.000000    0.000000   clock network delay (ideal)
                      0.150000    0.000000    0.000000 ^ _32_/CLK (sky130_fd_sc_hd__dfrtp_2)
     4    0.045063    0.361140    0.968579    0.968579 ^ _32_/Q (sky130_fd_sc_hd__dfrtp_2)
                                                         count[2] (net)
                      0.361140    0.000000    0.968579 ^ _24_/A (sky130_fd_sc_hd__nor2_2)
     1    0.001567    0.026790    0.149255    1.117834 v _24_/Y (sky130_fd_sc_hd__nor2_2)
                                                         _11_ (net)
                      0.026790    0.000000    1.117834 v _26_/A1_N (sky130_fd_sc_hd__a2bb2o_2)
     1    0.001853    0.049789    0.414799    1.532634 ^ _26_/X (sky130_fd_sc_hd__a2bb2o_2)
                                                         _02_ (net)
                      0.049789    0.000000    1.532634 ^ _32_/D (sky130_fd_sc_hd__dfrtp_2)
                                              1.532634   data arrival time

                      0.150000    0.000000    0.000000   clock clk (rise edge)
                                  0.000000    0.000000   clock network delay (ideal)
                                  0.250000    0.250000   clock uncertainty
                                  0.000000    0.250000   clock reconvergence pessimism
                                              0.250000 ^ _32_/CLK (sky130_fd_sc_hd__dfrtp_2)
                                 -0.059179    0.190821   library hold time
                                              0.190821   data required time
---------------------------------------------------------------------------------------------
                                              0.190821   data required time
                                             -1.532634   data arrival time
---------------------------------------------------------------------------------------------
                                              1.341813   slack (MET)


Startpoint: rst_n (input port clocked by clk)
Endpoint: _30_ (removal check against rising-edge clock clk)
Path Group: asynchronous
Path Type: min

Fanout         Cap        Slew       Delay        Time   Description
---------------------------------------------------------------------------------------------
                      0.150000    0.000000    0.000000   clock clk (rise edge)
                                  0.000000    0.000000   clock network delay (ideal)
                                  3.000000    3.000000 ^ input external delay
     4    0.013052    0.104432    0.067471    3.067471 ^ rst_n (in)
                                                         rst_n (net)
                      0.104432    0.000000    3.067471 ^ _30_/RESET_B (sky130_fd_sc_hd__dfrtp_2)
                                              3.067471   data arrival time

                      0.150000    0.000000    0.000000   clock clk (rise edge)
                                  0.000000    0.000000   clock network delay (ideal)
                                  0.250000    0.250000   clock uncertainty
                                  0.000000    0.250000   clock reconvergence pessimism
                                              0.250000 ^ _30_/CLK (sky130_fd_sc_hd__dfrtp_2)
                                  0.692100    0.942100   library removal time
                                              0.942100   data required time
---------------------------------------------------------------------------------------------
                                              0.942100   data required time
                                             -3.067471   data arrival time
---------------------------------------------------------------------------------------------
                                              2.125371   slack (MET)


Startpoint: rst_n (input port clocked by clk)
Endpoint: _31_ (removal check against rising-edge clock clk)
Path Group: asynchronous
Path Type: min

Fanout         Cap        Slew       Delay        Time   Description
---------------------------------------------------------------------------------------------
                      0.150000    0.000000    0.000000   clock clk (rise edge)
                                  0.000000    0.000000   clock network delay (ideal)
                                  3.000000    3.000000 ^ input external delay
     4    0.013052    0.104432    0.067471    3.067471 ^ rst_n (in)
                                                         rst_n (net)
                      0.104432    0.000000    3.067471 ^ _31_/RESET_B (sky130_fd_sc_hd__dfrtp_2)
                                              3.067471   data arrival time

                      0.150000    0.000000    0.000000   clock clk (rise edge)
                                  0.000000    0.000000   clock network delay (ideal)
                                  0.250000    0.250000   clock uncertainty
                                  0.000000    0.250000   clock reconvergence pessimism
                                              0.250000 ^ _31_/CLK (sky130_fd_sc_hd__dfrtp_2)
                                  0.692100    0.942100   library removal time
                                              0.942100   data required time
---------------------------------------------------------------------------------------------
                                              0.942100   data required time
                                             -3.067471   data arrival time
---------------------------------------------------------------------------------------------
                                              2.125371   slack (MET)


Startpoint: rst_n (input port clocked by clk)
Endpoint: _32_ (removal check against rising-edge clock clk)
Path Group: asynchronous
Path Type: min

Fanout         Cap        Slew       Delay        Time   Description
---------------------------------------------------------------------------------------------
                      0.150000    0.000000    0.000000   clock clk (rise edge)
                                  0.000000    0.000000   clock network delay (ideal)
                                  3.000000    3.000000 ^ input external delay
     4    0.013052    0.104432    0.067471    3.067471 ^ rst_n (in)
                                                         rst_n (net)
                      0.104432    0.000000    3.067471 ^ _32_/RESET_B (sky130_fd_sc_hd__dfrtp_2)
                                              3.067471   data arrival time

                      0.150000    0.000000    0.000000   clock clk (rise edge)
                                  0.000000    0.000000   clock network delay (ideal)
                                  0.250000    0.250000   clock uncertainty
                                  0.000000    0.250000   clock reconvergence pessimism
                                              0.250000 ^ _32_/CLK (sky130_fd_sc_hd__dfrtp_2)
                                  0.692100    0.942100   library removal time
                                              0.942100   data required time
---------------------------------------------------------------------------------------------
                                              0.942100   data required time
                                             -3.067471   data arrival time
---------------------------------------------------------------------------------------------
                                              2.125371   slack (MET)


Startpoint: rst_n (input port clocked by clk)
Endpoint: _33_ (removal check against rising-edge clock clk)
Path Group: asynchronous
Path Type: min

Fanout         Cap        Slew       Delay        Time   Description
---------------------------------------------------------------------------------------------
                      0.150000    0.000000    0.000000   clock clk (rise edge)
                                  0.000000    0.000000   clock network delay (ideal)
                                  3.000000    3.000000 ^ input external delay
     4    0.013052    0.104432    0.067471    3.067471 ^ rst_n (in)
                                                         rst_n (net)
                      0.104432    0.000000    3.067471 ^ _33_/RESET_B (sky130_fd_sc_hd__dfrtp_2)
                                              3.067471   data arrival time

                      0.150000    0.000000    0.000000   clock clk (rise edge)
                                  0.000000    0.000000   clock network delay (ideal)
                                  0.250000    0.250000   clock uncertainty
                                  0.000000    0.250000   clock reconvergence pessimism
                                              0.250000 ^ _33_/CLK (sky130_fd_sc_hd__dfrtp_2)
                                  0.692100    0.942100   library removal time
                                              0.942100   data required time
---------------------------------------------------------------------------------------------
                                              0.942100   data required time
                                             -3.067471   data arrival time
---------------------------------------------------------------------------------------------
                                              2.125371   slack (MET)


Startpoint: _33_ (rising edge-triggered flip-flop clocked by clk)
Endpoint: count[3] (output port clocked by clk)
Path Group: clk
Path Type: min

Fanout         Cap        Slew       Delay        Time   Description
---------------------------------------------------------------------------------------------
                      0.150000    0.000000    0.000000   clock clk (rise edge)
                                  0.000000    0.000000   clock network delay (ideal)
                      0.150000    0.000000    0.000000 ^ _33_/CLK (sky130_fd_sc_hd__dfrtp_2)
     3    0.039547    0.323368    0.939017    0.939017 ^ _33_/Q (sky130_fd_sc_hd__dfrtp_2)
                                                         count[3] (net)
                      0.323368    0.000000    0.939017 ^ count[3] (out)
                                              0.939017   data arrival time

                      0.150000    0.000000    0.000000   clock clk (rise edge)
                                  0.000000    0.000000   clock network delay (ideal)
                                  0.250000    0.250000   clock uncertainty
                                  0.000000    0.250000   clock reconvergence pessimism
                                 -3.000000   -2.750000   output external delay
                                             -2.750000   data required time
---------------------------------------------------------------------------------------------
                                             -2.750000   data required time
                                             -0.939017   data arrival time
---------------------------------------------------------------------------------------------
                                              3.689017   slack (MET)


Startpoint: _32_ (rising edge-triggered flip-flop clocked by clk)
Endpoint: count[2] (output port clocked by clk)
Path Group: clk
Path Type: min

Fanout         Cap        Slew       Delay        Time   Description
---------------------------------------------------------------------------------------------
                      0.150000    0.000000    0.000000   clock clk (rise edge)
                                  0.000000    0.000000   clock network delay (ideal)
                      0.150000    0.000000    0.000000 ^ _32_/CLK (sky130_fd_sc_hd__dfrtp_2)
     4    0.045063    0.361140    0.968579    0.968579 ^ _32_/Q (sky130_fd_sc_hd__dfrtp_2)
                                                         count[2] (net)
                      0.361140    0.000000    0.968579 ^ count[2] (out)
                                              0.968579   data arrival time

                      0.150000    0.000000    0.000000   clock clk (rise edge)
                                  0.000000    0.000000   clock network delay (ideal)
                                  0.250000    0.250000   clock uncertainty
                                  0.000000    0.250000   clock reconvergence pessimism
                                 -3.000000   -2.750000   output external delay
                                             -2.750000   data required time
---------------------------------------------------------------------------------------------
                                             -2.750000   data required time
                                             -0.968579   data arrival time
---------------------------------------------------------------------------------------------
                                              3.718579   slack (MET)


Startpoint: _31_ (rising edge-triggered flip-flop clocked by clk)
Endpoint: count[1] (output port clocked by clk)
Path Group: clk
Path Type: min

Fanout         Cap        Slew       Delay        Time   Description
---------------------------------------------------------------------------------------------
                      0.150000    0.000000    0.000000   clock clk (rise edge)
                                  0.000000    0.000000   clock network delay (ideal)
                      0.150000    0.000000    0.000000 ^ _31_/CLK (sky130_fd_sc_hd__dfrtp_2)
     5    0.047561    0.378246    0.981967    0.981967 ^ _31_/Q (sky130_fd_sc_hd__dfrtp_2)
                                                         count[1] (net)
                      0.378246    0.000000    0.981967 ^ count[1] (out)
                                              0.981967   data arrival time

                      0.150000    0.000000    0.000000   clock clk (rise edge)
                                  0.000000    0.000000   clock network delay (ideal)
                                  0.250000    0.250000   clock uncertainty
                                  0.000000    0.250000   clock reconvergence pessimism
                                 -3.000000   -2.750000   output external delay
                                             -2.750000   data required time
---------------------------------------------------------------------------------------------
                                             -2.750000   data required time
                                             -0.981967   data arrival time
---------------------------------------------------------------------------------------------
                                              3.731967   slack (MET)


Startpoint: _30_ (rising edge-triggered flip-flop clocked by clk)
Endpoint: count[0] (output port clocked by clk)
Path Group: clk
Path Type: min

Fanout         Cap        Slew       Delay        Time   Description
---------------------------------------------------------------------------------------------
                      0.150000    0.000000    0.000000   clock clk (rise edge)
                                  0.000000    0.000000   clock network delay (ideal)
                      0.150000    0.000000    0.000000 ^ _30_/CLK (sky130_fd_sc_hd__dfrtp_2)
     6    0.050329    0.397201    0.996802    0.996802 ^ _30_/Q (sky130_fd_sc_hd__dfrtp_2)
                                                         count[0] (net)
                      0.397201    0.000000    0.996802 ^ count[0] (out)
                                              0.996802   data arrival time

                      0.150000    0.000000    0.000000   clock clk (rise edge)
                                  0.000000    0.000000   clock network delay (ideal)
                                  0.250000    0.250000   clock uncertainty
                                  0.000000    0.250000   clock reconvergence pessimism
                                 -3.000000   -2.750000   output external delay
                                             -2.750000   data required time
---------------------------------------------------------------------------------------------
                                             -2.750000   data required time
                                             -0.996802   data arrival time
---------------------------------------------------------------------------------------------
                                              3.746802   slack (MET)



%OL_END_REPORT
%OL_CREATE_REPORT max.rpt

===========================================================================
report_checks -path_delay max (Setup)
============================================================================
======================= nom_ss_100C_1v60 Corner ===================================

Startpoint: load (input port clocked by clk)
Endpoint: _33_ (rising edge-triggered flip-flop clocked by clk)
Path Group: clk
Path Type: max

Fanout         Cap        Slew       Delay        Time   Description
---------------------------------------------------------------------------------------------
                      0.150000    0.000000    0.000000   clock clk (rise edge)
                                  0.000000    0.000000   clock network delay (ideal)
                                  3.000000    3.000000 v input external delay
     7    0.019271    0.086254    0.059291    3.059291 v load (in)
                                                         load (net)
                      0.086254    0.000000    3.059291 v _25_/B1 (sky130_fd_sc_hd__a41o_2)
     2    0.002852    0.065783    0.415193    3.474484 v _25_/X (sky130_fd_sc_hd__a41o_2)
                                                         _12_ (net)
                      0.065783    0.000000    3.474484 v _27_/B (sky130_fd_sc_hd__or2_2)
     1    0.002288    0.108514    0.605722    4.080206 v _27_/X (sky130_fd_sc_hd__or2_2)
                                                         _13_ (net)
                      0.108514    0.000000    4.080206 v _29_/C1 (sky130_fd_sc_hd__o221a_2)
     1    0.001838    0.073353    0.229971    4.310177 v _29_/X (sky130_fd_sc_hd__o221a_2)
                                                         _03_ (net)
                      0.073353    0.000000    4.310177 v _33_/D (sky130_fd_sc_hd__dfrtp_2)
                                              4.310177   data arrival time

                      0.150000   15.000000   15.000000   clock clk (rise edge)
                                  0.000000   15.000000   clock network delay (ideal)
                                 -0.250000   14.750000   clock uncertainty
                                  0.000000   14.750000   clock reconvergence pessimism
                                             14.750000 ^ _33_/CLK (sky130_fd_sc_hd__dfrtp_2)
                                 -0.256688   14.493312   library setup time
                                             14.493312   data required time
---------------------------------------------------------------------------------------------
                                             14.493312   data required time
                                             -4.310177   data arrival time
---------------------------------------------------------------------------------------------
                                             10.183135   slack (MET)


Startpoint: load (input port clocked by clk)
Endpoint: _32_ (rising edge-triggered flip-flop clocked by clk)
Path Group: clk
Path Type: max

Fanout         Cap        Slew       Delay        Time   Description
---------------------------------------------------------------------------------------------
                      0.150000    0.000000    0.000000   clock clk (rise edge)
                                  0.000000    0.000000   clock network delay (ideal)
                                  3.000000    3.000000 v input external delay
     7    0.019271    0.086254    0.059291    3.059291 v load (in)
                                                         load (net)
                      0.086254    0.000000    3.059291 v _23_/A1 (sky130_fd_sc_hd__o211a_2)
     1    0.004181    0.078791    0.493798    3.553089 v _23_/X (sky130_fd_sc_hd__o211a_2)
                                                         _10_ (net)
                      0.078791    0.000000    3.553089 v _24_/B (sky130_fd_sc_hd__nor2_2)
     1    0.001676    0.091723    0.107220    3.660309 ^ _24_/Y (sky130_fd_sc_hd__nor2_2)
                                                         _11_ (net)
                      0.091723    0.000000    3.660309 ^ _26_/A1_N (sky130_fd_sc_hd__a2bb2o_2)
     1    0.001838    0.074234    0.522904    4.183213 v _26_/X (sky130_fd_sc_hd__a2bb2o_2)
                                                         _02_ (net)
                      0.074234    0.000000    4.183213 v _32_/D (sky130_fd_sc_hd__dfrtp_2)
                                              4.183213   data arrival time

                      0.150000   15.000000   15.000000   clock clk (rise edge)
                                  0.000000   15.000000   clock network delay (ideal)
                                 -0.250000   14.750000   clock uncertainty
                                  0.000000   14.750000   clock reconvergence pessimism
                                             14.750000 ^ _32_/CLK (sky130_fd_sc_hd__dfrtp_2)
                                 -0.257055   14.492945   library setup time
                                             14.492945   data required time
---------------------------------------------------------------------------------------------
                                             14.492945   data required time
                                             -4.183213   data arrival time
---------------------------------------------------------------------------------------------
                                             10.309732   slack (MET)


Startpoint: _30_ (rising edge-triggered flip-flop clocked by clk)
Endpoint: count[0] (output port clocked by clk)
Path Group: clk
Path Type: max

Fanout         Cap        Slew       Delay        Time   Description
---------------------------------------------------------------------------------------------
                      0.150000    0.000000    0.000000   clock clk (rise edge)
                                  0.000000    0.000000   clock network delay (ideal)
                      0.150000    0.000000    0.000000 ^ _30_/CLK (sky130_fd_sc_hd__dfrtp_2)
     6    0.049072    0.269170    1.055003    1.055003 v _30_/Q (sky130_fd_sc_hd__dfrtp_2)
                                                         count[0] (net)
                      0.269170    0.000000    1.055003 v count[0] (out)
                                              1.055003   data arrival time

                      0.150000   15.000000   15.000000   clock clk (rise edge)
                                  0.000000   15.000000   clock network delay (ideal)
                                 -0.250000   14.750000   clock uncertainty
                                  0.000000   14.750000   clock reconvergence pessimism
                                 -3.000000   11.750000   output external delay
                                             11.750000   data required time
---------------------------------------------------------------------------------------------
                                             11.750000   data required time
                                             -1.055003   data arrival time
---------------------------------------------------------------------------------------------
                                             10.694997   slack (MET)


Startpoint: _31_ (rising edge-triggered flip-flop clocked by clk)
Endpoint: count[1] (output port clocked by clk)
Path Group: clk
Path Type: max

Fanout         Cap        Slew       Delay        Time   Description
---------------------------------------------------------------------------------------------
                      0.150000    0.000000    0.000000   clock clk (rise edge)
                                  0.000000    0.000000   clock network delay (ideal)
                      0.150000    0.000000    0.000000 ^ _31_/CLK (sky130_fd_sc_hd__dfrtp_2)
     5    0.046623    0.259712    1.045342    1.045342 v _31_/Q (sky130_fd_sc_hd__dfrtp_2)
                                                         count[1] (net)
                      0.259712    0.000000    1.045342 v count[1] (out)
                                              1.045342   data arrival time

                      0.150000   15.000000   15.000000   clock clk (rise edge)
                                  0.000000   15.000000   clock network delay (ideal)
                                 -0.250000   14.750000   clock uncertainty
                                  0.000000   14.750000   clock reconvergence pessimism
                                 -3.000000   11.750000   output external delay
                                             11.750000   data required time
---------------------------------------------------------------------------------------------
                                             11.750000   data required time
                                             -1.045342   data arrival time
---------------------------------------------------------------------------------------------
                                             10.704659   slack (MET)


Startpoint: _32_ (rising edge-triggered flip-flop clocked by clk)
Endpoint: count[2] (output port clocked by clk)
Path Group: clk
Path Type: max

Fanout         Cap        Slew       Delay        Time   Description
---------------------------------------------------------------------------------------------
                      0.150000    0.000000    0.000000   clock clk (rise edge)
                                  0.000000    0.000000   clock network delay (ideal)
                      0.150000    0.000000    0.000000 ^ _32_/CLK (sky130_fd_sc_hd__dfrtp_2)
     4    0.044299    0.250736    1.036174    1.036174 v _32_/Q (sky130_fd_sc_hd__dfrtp_2)
                                                         count[2] (net)
                      0.250736    0.000000    1.036174 v count[2] (out)
                                              1.036174   data arrival time

                      0.150000   15.000000   15.000000   clock clk (rise edge)
                                  0.000000   15.000000   clock network delay (ideal)
                                 -0.250000   14.750000   clock uncertainty
                                  0.000000   14.750000   clock reconvergence pessimism
                                 -3.000000   11.750000   output external delay
                                             11.750000   data required time
---------------------------------------------------------------------------------------------
                                             11.750000   data required time
                                             -1.036174   data arrival time
---------------------------------------------------------------------------------------------
                                             10.713826   slack (MET)


Startpoint: _33_ (rising edge-triggered flip-flop clocked by clk)
Endpoint: count[3] (output port clocked by clk)
Path Group: clk
Path Type: max

Fanout         Cap        Slew       Delay        Time   Description
---------------------------------------------------------------------------------------------
                      0.150000    0.000000    0.000000   clock clk (rise edge)
                                  0.000000    0.000000   clock network delay (ideal)
                      0.150000    0.000000    0.000000 ^ _33_/CLK (sky130_fd_sc_hd__dfrtp_2)
     3    0.039052    0.230472    1.015476    1.015476 v _33_/Q (sky130_fd_sc_hd__dfrtp_2)
                                                         count[3] (net)
                      0.230472    0.000000    1.015476 v count[3] (out)
                                              1.015476   data arrival time

                      0.150000   15.000000   15.000000   clock clk (rise edge)
                                  0.000000   15.000000   clock network delay (ideal)
                                 -0.250000   14.750000   clock uncertainty
                                  0.000000   14.750000   clock reconvergence pessimism
                                 -3.000000   11.750000   output external delay
                                             11.750000   data required time
---------------------------------------------------------------------------------------------
                                             11.750000   data required time
                                             -1.015476   data arrival time
---------------------------------------------------------------------------------------------
                                             10.734525   slack (MET)


Startpoint: en (input port clocked by clk)
Endpoint: _30_ (rising edge-triggered flip-flop clocked by clk)
Path Group: clk
Path Type: max

Fanout         Cap        Slew       Delay        Time   Description
---------------------------------------------------------------------------------------------
                      0.150000    0.000000    0.000000   clock clk (rise edge)
                                  0.000000    0.000000   clock network delay (ideal)
                                  3.000000    3.000000 ^ input external delay
     5    0.016453    0.127844    0.084337    3.084337 ^ en (in)
                                                         en (net)
                      0.127844    0.000000    3.084337 ^ _17_/A1 (sky130_fd_sc_hd__a21oi_2)
     2    0.006499    0.113154    0.136678    3.221015 v _17_/Y (sky130_fd_sc_hd__a21oi_2)
                                                         _06_ (net)
                      0.113154    0.000000    3.221015 v _18_/B1 (sky130_fd_sc_hd__a21o_2)
     1    0.002299    0.055698    0.346355    3.567370 v _18_/X (sky130_fd_sc_hd__a21o_2)
                                                         _07_ (net)
                      0.055698    0.000000    3.567370 v _19_/B1 (sky130_fd_sc_hd__o31a_2)
     1    0.001838    0.083020    0.185725    3.753094 v _19_/X (sky130_fd_sc_hd__o31a_2)
                                                         _00_ (net)
                      0.083020    0.000000    3.753094 v _30_/D (sky130_fd_sc_hd__dfrtp_2)
                                              3.753094   data arrival time

                      0.150000   15.000000   15.000000   clock clk (rise edge)
                                  0.000000   15.000000   clock network delay (ideal)
                                 -0.250000   14.750000   clock uncertainty
                                  0.000000   14.750000   clock reconvergence pessimism
                                             14.750000 ^ _30_/CLK (sky130_fd_sc_hd__dfrtp_2)
                                 -0.260721   14.489280   library setup time
                                             14.489280   data required time
---------------------------------------------------------------------------------------------
                                             14.489280   data required time
                                             -3.753094   data arrival time
---------------------------------------------------------------------------------------------
                                             10.736186   slack (MET)


Startpoint: load (input port clocked by clk)
Endpoint: _31_ (rising edge-triggered flip-flop clocked by clk)
Path Group: clk
Path Type: max

Fanout         Cap        Slew       Delay        Time   Description
---------------------------------------------------------------------------------------------
                      0.150000    0.000000    0.000000   clock clk (rise edge)
                                  0.000000    0.000000   clock network delay (ideal)
                                  3.000000    3.000000 ^ input external delay
     7    0.021021    0.159563    0.106948    3.106948 ^ load (in)
                                                         load (net)
                      0.159563    0.000000    3.106948 ^ _15_/A (sky130_fd_sc_hd__inv_2)
     3    0.008883    0.060213    0.109436    3.216384 v _15_/Y (sky130_fd_sc_hd__inv_2)
                                                         _04_ (net)
                      0.060213    0.000000    3.216384 v _22_/A1 (sky130_fd_sc_hd__o211a_2)
     1    0.001838    0.064901    0.460774    3.677158 v _22_/X (sky130_fd_sc_hd__o211a_2)
                                                         _01_ (net)
                      0.064901    0.000000    3.677158 v _31_/D (sky130_fd_sc_hd__dfrtp_2)
                                              3.677158   data arrival time

                      0.150000   15.000000   15.000000   clock clk (rise edge)
                                  0.000000   15.000000   clock network delay (ideal)
                                 -0.250000   14.750000   clock uncertainty
                                  0.000000   14.750000   clock reconvergence pessimism
                                             14.750000 ^ _31_/CLK (sky130_fd_sc_hd__dfrtp_2)
                                 -0.253162   14.496838   library setup time
                                             14.496838   data required time
---------------------------------------------------------------------------------------------
                                             14.496838   data required time
                                             -3.677158   data arrival time
---------------------------------------------------------------------------------------------
                                             10.819679   slack (MET)


Startpoint: rst_n (input port clocked by clk)
Endpoint: _30_ (recovery check against rising-edge clock clk)
Path Group: asynchronous
Path Type: max

Fanout         Cap        Slew       Delay        Time   Description
---------------------------------------------------------------------------------------------
                      0.150000    0.000000    0.000000   clock clk (rise edge)
                                  0.000000    0.000000   clock network delay (ideal)
                                  3.000000    3.000000 ^ input external delay
     4    0.013052    0.104432    0.067471    3.067471 ^ rst_n (in)
                                                         rst_n (net)
                      0.104432    0.000000    3.067471 ^ _30_/RESET_B (sky130_fd_sc_hd__dfrtp_2)
                                              3.067471   data arrival time

                      0.150000   15.000000   15.000000   clock clk (rise edge)
                                  0.000000   15.000000   clock network delay (ideal)
                                 -0.250000   14.750000   clock uncertainty
                                  0.000000   14.750000   clock reconvergence pessimism
                                             14.750000 ^ _30_/CLK (sky130_fd_sc_hd__dfrtp_2)
                                  0.456649   15.206649   library recovery time
                                             15.206649   data required time
---------------------------------------------------------------------------------------------
                                             15.206649   data required time
                                             -3.067471   data arrival time
---------------------------------------------------------------------------------------------
                                             12.139178   slack (MET)


Startpoint: rst_n (input port clocked by clk)
Endpoint: _31_ (recovery check against rising-edge clock clk)
Path Group: asynchronous
Path Type: max

Fanout         Cap        Slew       Delay        Time   Description
---------------------------------------------------------------------------------------------
                      0.150000    0.000000    0.000000   clock clk (rise edge)
                                  0.000000    0.000000   clock network delay (ideal)
                                  3.000000    3.000000 ^ input external delay
     4    0.013052    0.104432    0.067471    3.067471 ^ rst_n (in)
                                                         rst_n (net)
                      0.104432    0.000000    3.067471 ^ _31_/RESET_B (sky130_fd_sc_hd__dfrtp_2)
                                              3.067471   data arrival time

                      0.150000   15.000000   15.000000   clock clk (rise edge)
                                  0.000000   15.000000   clock network delay (ideal)
                                 -0.250000   14.750000   clock uncertainty
                                  0.000000   14.750000   clock reconvergence pessimism
                                             14.750000 ^ _31_/CLK (sky130_fd_sc_hd__dfrtp_2)
                                  0.456649   15.206649   library recovery time
                                             15.206649   data required time
---------------------------------------------------------------------------------------------
                                             15.206649   data required time
                                             -3.067471   data arrival time
---------------------------------------------------------------------------------------------
                                             12.139178   slack (MET)


Startpoint: rst_n (input port clocked by clk)
Endpoint: _32_ (recovery check against rising-edge clock clk)
Path Group: asynchronous
Path Type: max

Fanout         Cap        Slew       Delay        Time   Description
---------------------------------------------------------------------------------------------
                      0.150000    0.000000    0.000000   clock clk (rise edge)
                                  0.000000    0.000000   clock network delay (ideal)
                                  3.000000    3.000000 ^ input external delay
     4    0.013052    0.104432    0.067471    3.067471 ^ rst_n (in)
                                                         rst_n (net)
                      0.104432    0.000000    3.067471 ^ _32_/RESET_B (sky130_fd_sc_hd__dfrtp_2)
                                              3.067471   data arrival time

                      0.150000   15.000000   15.000000   clock clk (rise edge)
                                  0.000000   15.000000   clock network delay (ideal)
                                 -0.250000   14.750000   clock uncertainty
                                  0.000000   14.750000   clock reconvergence pessimism
                                             14.750000 ^ _32_/CLK (sky130_fd_sc_hd__dfrtp_2)
                                  0.456649   15.206649   library recovery time
                                             15.206649   data required time
---------------------------------------------------------------------------------------------
                                             15.206649   data required time
                                             -3.067471   data arrival time
---------------------------------------------------------------------------------------------
                                             12.139178   slack (MET)


Startpoint: rst_n (input port clocked by clk)
Endpoint: _33_ (recovery check against rising-edge clock clk)
Path Group: asynchronous
Path Type: max

Fanout         Cap        Slew       Delay        Time   Description
---------------------------------------------------------------------------------------------
                      0.150000    0.000000    0.000000   clock clk (rise edge)
                                  0.000000    0.000000   clock network delay (ideal)
                                  3.000000    3.000000 ^ input external delay
     4    0.013052    0.104432    0.067471    3.067471 ^ rst_n (in)
                                                         rst_n (net)
                      0.104432    0.000000    3.067471 ^ _33_/RESET_B (sky130_fd_sc_hd__dfrtp_2)
                                              3.067471   data arrival time

                      0.150000   15.000000   15.000000   clock clk (rise edge)
                                  0.000000   15.000000   clock network delay (ideal)
                                 -0.250000   14.750000   clock uncertainty
                                  0.000000   14.750000   clock reconvergence pessimism
                                             14.750000 ^ _33_/CLK (sky130_fd_sc_hd__dfrtp_2)
                                  0.456649   15.206649   library recovery time
                                             15.206649   data required time
---------------------------------------------------------------------------------------------
                                             15.206649   data required time
                                             -3.067471   data arrival time
---------------------------------------------------------------------------------------------
                                             12.139178   slack (MET)



%OL_END_REPORT
%OL_CREATE_REPORT checks.rpt

===========================================================================
report_checks -unconstrained
===========================================================================
======================= nom_ss_100C_1v60 Corner ===================================

Startpoint: rst_n (input port clocked by clk)
Endpoint: _30_ (recovery check against rising-edge clock clk)
Path Group: asynchronous
Path Type: max

Fanout         Cap        Slew       Delay        Time   Description
---------------------------------------------------------------------------------------------
                      0.150000    0.000000    0.000000   clock clk (rise edge)
                                  0.000000    0.000000   clock network delay (ideal)
                                  3.000000    3.000000 ^ input external delay
     4    0.013052    0.104432    0.067471    3.067471 ^ rst_n (in)
                                                         rst_n (net)
                      0.104432    0.000000    3.067471 ^ _30_/RESET_B (sky130_fd_sc_hd__dfrtp_2)
                                              3.067471   data arrival time

                      0.150000   15.000000   15.000000   clock clk (rise edge)
                                  0.000000   15.000000   clock network delay (ideal)
                                 -0.250000   14.750000   clock uncertainty
                                  0.000000   14.750000   clock reconvergence pessimism
                                             14.750000 ^ _30_/CLK (sky130_fd_sc_hd__dfrtp_2)
                                  0.456649   15.206649   library recovery time
                                             15.206649   data required time
---------------------------------------------------------------------------------------------
                                             15.206649   data required time
                                             -3.067471   data arrival time
---------------------------------------------------------------------------------------------
                                             12.139178   slack (MET)


Startpoint: load (input port clocked by clk)
Endpoint: _33_ (rising edge-triggered flip-flop clocked by clk)
Path Group: clk
Path Type: max

Fanout         Cap        Slew       Delay        Time   Description
---------------------------------------------------------------------------------------------
                      0.150000    0.000000    0.000000   clock clk (rise edge)
                                  0.000000    0.000000   clock network delay (ideal)
                                  3.000000    3.000000 v input external delay
     7    0.019271    0.086254    0.059291    3.059291 v load (in)
                                                         load (net)
                      0.086254    0.000000    3.059291 v _25_/B1 (sky130_fd_sc_hd__a41o_2)
     2    0.002852    0.065783    0.415193    3.474484 v _25_/X (sky130_fd_sc_hd__a41o_2)
                                                         _12_ (net)
                      0.065783    0.000000    3.474484 v _27_/B (sky130_fd_sc_hd__or2_2)
     1    0.002288    0.108514    0.605722    4.080206 v _27_/X (sky130_fd_sc_hd__or2_2)
                                                         _13_ (net)
                      0.108514    0.000000    4.080206 v _29_/C1 (sky130_fd_sc_hd__o221a_2)
     1    0.001838    0.073353    0.229971    4.310177 v _29_/X (sky130_fd_sc_hd__o221a_2)
                                                         _03_ (net)
                      0.073353    0.000000    4.310177 v _33_/D (sky130_fd_sc_hd__dfrtp_2)
                                              4.310177   data arrival time

                      0.150000   15.000000   15.000000   clock clk (rise edge)
                                  0.000000   15.000000   clock network delay (ideal)
                                 -0.250000   14.750000   clock uncertainty
                                  0.000000   14.750000   clock reconvergence pessimism
                                             14.750000 ^ _33_/CLK (sky130_fd_sc_hd__dfrtp_2)
                                 -0.256688   14.493312   library setup time
                                             14.493312   data required time
---------------------------------------------------------------------------------------------
                                             14.493312   data required time
                                             -4.310177   data arrival time
---------------------------------------------------------------------------------------------
                                             10.183135   slack (MET)




===========================================================================
report_checks --slack_max -0.01
============================================================================
======================= nom_ss_100C_1v60 Corner ===================================

No paths found.


===========================================================================
 report_check_types -max_slew -max_cap -max_fanout -violators
============================================================================
======================= nom_ss_100C_1v60 Corner ===================================

max fanout

Pin                                   Limit Fanout  Slack
---------------------------------------------------------
load                                      6      7        (VIOLATED)



===========================================================================
report_parasitic_annotation -report_unannotated
============================================================================
Found 27 unannotated drivers.
 clk
 en
 load
 load_value[0]
 load_value[1]
 load_value[2]
 load_value[3]
 rst_n
 _15_/Y
 _16_/Y
 _17_/Y
 _18_/X
 _19_/X
 _20_/Y
 _21_/Y
 _22_/X
 _23_/X
 _24_/Y
 _25_/X
 _26_/X
 _27_/X
 _28_/Y
 _29_/X
 _30_/Q
 _31_/Q
 _32_/Q
 _33_/Q
Found 0 partially unannotated drivers.

===========================================================================
max slew violation count 0
%OL_METRIC_I design__max_slew_violation__count__corner:nom_ss_100C_1v60 0
max fanout violation count 1
%OL_METRIC_I design__max_fanout_violation__count__corner:nom_ss_100C_1v60 1
max cap violation count 0
%OL_METRIC_I design__max_cap_violation__count__corner:nom_ss_100C_1v60 0
============================================================================

===========================================================================
check_setup -verbose -unconstrained_endpoints -multiple_clock -no_clock -no_input_delay -loops -generated_clocks
===========================================================================
%OL_END_REPORT
%OL_CREATE_REPORT power.rpt

===========================================================================
 report_power
============================================================================
======================= nom_ss_100C_1v60 Corner ===================================

Group                    Internal    Switching      Leakage        Total
                            Power        Power        Power        Power (Watts)
------------------------------------------------------------------------
Sequential           9.477717e-06 3.530422e-06 7.788188e-08 1.308602e-05  81.4%
Combinational        2.173085e-06 7.583860e-07 6.449470e-08 2.995966e-06  18.6%
Clock                0.000000e+00 0.000000e+00 0.000000e+00 0.000000e+00   0.0%
Macro                0.000000e+00 0.000000e+00 0.000000e+00 0.000000e+00   0.0%
Pad                  0.000000e+00 0.000000e+00 0.000000e+00 0.000000e+00   0.0%
------------------------------------------------------------------------
Total                1.165080e-05 4.288808e-06 1.423766e-07 1.608199e-05 100.0%
                            72.4%        26.7%         0.9%
%OL_METRIC_F power__internal__total 1.1650802662188653e-5
%OL_METRIC_F power__switching__total 4.28880775871221e-6
%OL_METRIC_F power__leakage__total 1.4237657808280346e-7
%OL_METRIC_F power__total 1.6081987268989906e-5

%OL_END_REPORT
%OL_CREATE_REPORT skew.min.rpt

===========================================================================
Clock Skew (Hold)
============================================================================
%OL_METRIC_F clock__skew__worst_hold__corner:nom_ss_100C_1v60 -0.25
======================= nom_ss_100C_1v60 Corner ===================================

Clock clk
0.037934 source latency _30_/CLK ^
-0.037934 target latency _30_/CLK ^
-0.250000 clock uncertainty
0.000000 CRPR
--------------
-0.250000 hold skew

%OL_END_REPORT
%OL_CREATE_REPORT skew.max.rpt

===========================================================================
Clock Skew (Setup)
============================================================================
%OL_METRIC_F clock__skew__worst_setup__corner:nom_ss_100C_1v60 0.25
======================= nom_ss_100C_1v60 Corner ===================================

Clock clk
0.037934 source latency _30_/CLK ^
-0.037934 target latency _30_/CLK ^
0.250000 clock uncertainty
0.000000 CRPR
--------------
0.250000 setup skew

%OL_END_REPORT
%OL_CREATE_REPORT ws.min.rpt

===========================================================================
Worst Slack (Hold)
============================================================================
%OL_METRIC_F timing__hold__ws__corner:nom_ss_100C_1v60 1.1449137517667811
nom_ss_100C_1v60: 1.1449137517667811
%OL_END_REPORT
%OL_CREATE_REPORT ws.max.rpt

===========================================================================
Worst Slack (Setup)
============================================================================
%OL_METRIC_F timing__setup__ws__corner:nom_ss_100C_1v60 10.183134623760393
nom_ss_100C_1v60: 10.183134623760393
%OL_END_REPORT
%OL_CREATE_REPORT tns.min.rpt

===========================================================================
Total Negative Slack (Hold)
============================================================================
%OL_METRIC_F timing__hold__tns__corner:nom_ss_100C_1v60 0.0
nom_ss_100C_1v60: 0.0
%OL_END_REPORT
%OL_CREATE_REPORT tns.max.rpt

===========================================================================
Total Negative Slack (Setup)
============================================================================
%OL_METRIC_F timing__setup__tns__corner:nom_ss_100C_1v60 0.0
nom_ss_100C_1v60: 0.0
%OL_END_REPORT
%OL_CREATE_REPORT wns.min.rpt

===========================================================================
Worst Negative Slack (Hold)
============================================================================
%OL_METRIC_F timing__hold__wns__corner:nom_ss_100C_1v60 0
nom_ss_100C_1v60: 0
%OL_END_REPORT
%OL_CREATE_REPORT wns.max.rpt

===========================================================================
Worst Negative Slack (Setup)
============================================================================
%OL_METRIC_F timing__setup__wns__corner:nom_ss_100C_1v60 0.0
nom_ss_100C_1v60: 0.0
%OL_END_REPORT
%OL_CREATE_REPORT violator_list.rpt

===========================================================================
Violator List
============================================================================
%OL_METRIC_I timing__hold_vio__count__corner:nom_ss_100C_1v60 0
%OL_METRIC_F timing__hold_r2r__ws__corner:nom_ss_100C_1v60 1.144914
%OL_METRIC_I timing__hold_r2r_vio__count__corner:nom_ss_100C_1v60 0
%OL_METRIC_I timing__setup_vio__count__corner:nom_ss_100C_1v60 0
%OL_METRIC_F timing__setup_r2r__ws__corner:nom_ss_100C_1v60 inf
%OL_METRIC_I timing__setup_r2r_vio__count__corner:nom_ss_100C_1v60 0
%OL_END_REPORT
%OL_CREATE_REPORT unpropagated.rpt
clk
%OL_END_REPORT
%OL_CREATE_REPORT clock.rpt
Clock: clk
Sources: clk 
Generated: no
Virtual: no
Propagated: no
Period: 15.000000

===========================================================================
report_clock_properties
============================================================================
Clock                   Period          Waveform
----------------------------------------------------
clk                  15.000000    0.000000  7.500000

===========================================================================
report_clock_latency
============================================================================
Clock clk
rise -> rise
    min     max
0.000000 0.000000 source latency
0.037934         network latency _30_/CLK
        0.037934 network latency _30_/CLK
---------------
0.037934 0.037934 latency
        0.000000 skew

fall -> fall
    min     max
0.000000 0.000000 source latency
0.020657         network latency _30_/CLK
        0.020657 network latency _30_/CLK
---------------
0.020657 0.020657 latency
        0.000000 skew



===========================================================================
report_clock_min_period
============================================================================
clk period_min = 2.94 fmax = 340.03
%OL_END_REPORT
Writing SDF files for all corners…
