
===========================================================================
 report_power
============================================================================
======================= nom_ss_100C_1v60 Corner ===================================

Group                    Internal    Switching      Leakage        Total
                            Power        Power        Power        Power (Watts)
------------------------------------------------------------------------
Sequential           9.508662e-06 1.139263e-06 7.520066e-08 1.072313e-05  21.4%
Combinational        2.786374e-06 4.201102e-06 1.315411e-07 7.119017e-06  14.2%
Clock                2.746572e-05 4.787888e-06 5.710976e-08 3.231072e-05  64.4%
Macro                0.000000e+00 0.000000e+00 0.000000e+00 0.000000e+00   0.0%
Pad                  0.000000e+00 0.000000e+00 0.000000e+00 0.000000e+00   0.0%
------------------------------------------------------------------------
Total                3.976076e-05 1.012825e-05 2.638515e-07 5.015287e-05 100.0%
                            79.3%        20.2%         0.5%

