Clock: clk
Sources: clk 
Generated: no
Virtual: yes
Propagated: no
Period: 15.000000

===========================================================================
report_clock_properties
============================================================================
Clock                   Period          Waveform
----------------------------------------------------
clk                  15.000000    0.000000  7.500000

===========================================================================
report_clock_latency
============================================================================
Clock clk
rise -> rise
    min     max
0.000000 0.000000 source latency
0.460429         network latency _30_/CLK
        0.461918 network latency _31_/CLK
---------------
0.460429 0.461918 latency
        0.001489 skew

fall -> fall
    min     max
0.000000 0.000000 source latency
0.490669         network latency _30_/CLK
        0.491971 network latency _31_/CLK
---------------
0.490669 0.491971 latency
        0.001302 skew



===========================================================================
report_clock_min_period
============================================================================
clk period_min = 2.55 fmax = 392.01
