
===========================================================================
report_checks -path_delay max (Setup)
============================================================================
======================= min_ss_100C_1v60 Corner ===================================

Startpoint: _30_ (rising edge-triggered flip-flop clocked by clk)
Endpoint: count[0] (output port clocked by clk)
Path Group: clk
Path Type: max

Fanout         Cap        Slew       Delay        Time   Description
---------------------------------------------------------------------------------------------
                                  0.000000    0.000000   clock clk (rise edge)
                                  0.000000    0.000000   clock source latency
     1    0.008788    0.072844    0.046357    0.046357 ^ clk (in)
                                                         clk (net)
                      0.072844    0.000000    0.046357 ^ clkbuf_0_clk/A (sky130_fd_sc_hd__clkbuf_16)
     2    0.017230    0.063972    0.218964    0.265321 ^ clkbuf_0_clk/X (sky130_fd_sc_hd__clkbuf_16)
                                                         clknet_0_clk (net)
                      0.063972    0.000125    0.265446 ^ clkbuf_1_0__f_clk/A (sky130_fd_sc_hd__clkbuf_16)
     2    0.004760    0.047476    0.194955    0.460401 ^ clkbuf_1_0__f_clk/X (sky130_fd_sc_hd__clkbuf_16)
                                                         clknet_1_0__leaf_clk (net)
                      0.047476    0.000029    0.460429 ^ _30_/CLK (sky130_fd_sc_hd__dfrtp_1)
     6    0.019427    0.213758    0.867016    1.327446 v _30_/Q (sky130_fd_sc_hd__dfrtp_1)
                                                         net8 (net)
                      0.213758    0.000292    1.327738 v output8/A (sky130_fd_sc_hd__buf_2)
     1    0.035408    0.170502    0.417460    1.745198 v output8/X (sky130_fd_sc_hd__buf_2)
                                                         count[0] (net)
                      0.170502    0.000462    1.745660 v count[0] (out)
                                              1.745660   data arrival time

                                 15.000000   15.000000   clock clk (rise edge)
                                  0.000000   15.000000   clock network delay (propagated)
                                 -0.250000   14.750000   clock uncertainty
                                  0.000000   14.750000   clock reconvergence pessimism
                                 -3.000000   11.750000   output external delay
                                             11.750000   data required time
---------------------------------------------------------------------------------------------
                                             11.750000   data required time
                                             -1.745660   data arrival time
---------------------------------------------------------------------------------------------
                                             10.004341   slack (MET)


Startpoint: _31_ (rising edge-triggered flip-flop clocked by clk)
Endpoint: count[1] (output port clocked by clk)
Path Group: clk
Path Type: max

Fanout         Cap        Slew       Delay        Time   Description
---------------------------------------------------------------------------------------------
                                  0.000000    0.000000   clock clk (rise edge)
                                  0.000000    0.000000   clock source latency
     1    0.008788    0.072844    0.046357    0.046357 ^ clk (in)
                                                         clk (net)
                      0.072844    0.000000    0.046357 ^ clkbuf_0_clk/A (sky130_fd_sc_hd__clkbuf_16)
     2    0.017230    0.063972    0.218964    0.265321 ^ clkbuf_0_clk/X (sky130_fd_sc_hd__clkbuf_16)
                                                         clknet_0_clk (net)
                      0.063972    0.000117    0.265438 ^ clkbuf_1_1__f_clk/A (sky130_fd_sc_hd__clkbuf_16)
     2    0.005532    0.048535    0.196417    0.461855 ^ clkbuf_1_1__f_clk/X (sky130_fd_sc_hd__clkbuf_16)
                                                         clknet_1_1__leaf_clk (net)
                      0.048536    0.000063    0.461918 ^ _31_/CLK (sky130_fd_sc_hd__dfrtp_1)
     5    0.017376    0.196488    0.853000    1.314918 v _31_/Q (sky130_fd_sc_hd__dfrtp_1)
                                                         net9 (net)
                      0.196488    0.000146    1.315064 v output9/A (sky130_fd_sc_hd__buf_2)
     1    0.033933    0.164546    0.404613    1.719677 v output9/X (sky130_fd_sc_hd__buf_2)
                                                         count[1] (net)
                      0.164546    0.000166    1.719842 v count[1] (out)
                                              1.719842   data arrival time

                                 15.000000   15.000000   clock clk (rise edge)
                                  0.000000   15.000000   clock network delay (propagated)
                                 -0.250000   14.750000   clock uncertainty
                                  0.000000   14.750000   clock reconvergence pessimism
                                 -3.000000   11.750000   output external delay
                                             11.750000   data required time
---------------------------------------------------------------------------------------------
                                             11.750000   data required time
                                             -1.719842   data arrival time
---------------------------------------------------------------------------------------------
                                             10.030158   slack (MET)


Startpoint: _32_ (rising edge-triggered flip-flop clocked by clk)
Endpoint: count[2] (output port clocked by clk)
Path Group: clk
Path Type: max

Fanout         Cap        Slew       Delay        Time   Description
---------------------------------------------------------------------------------------------
                                  0.000000    0.000000   clock clk (rise edge)
                                  0.000000    0.000000   clock source latency
     1    0.008788    0.072844    0.046357    0.046357 ^ clk (in)
                                                         clk (net)
                      0.072844    0.000000    0.046357 ^ clkbuf_0_clk/A (sky130_fd_sc_hd__clkbuf_16)
     2    0.017230    0.063972    0.218964    0.265321 ^ clkbuf_0_clk/X (sky130_fd_sc_hd__clkbuf_16)
                                                         clknet_0_clk (net)
                      0.063972    0.000125    0.265446 ^ clkbuf_1_0__f_clk/A (sky130_fd_sc_hd__clkbuf_16)
     2    0.004760    0.047476    0.194955    0.460401 ^ clkbuf_1_0__f_clk/X (sky130_fd_sc_hd__clkbuf_16)
                                                         clknet_1_0__leaf_clk (net)
                      0.047476    0.000040    0.460440 ^ _32_/CLK (sky130_fd_sc_hd__dfrtp_1)
     4    0.010766    0.145442    0.799699    1.260140 v _32_/Q (sky130_fd_sc_hd__dfrtp_1)
                                                         net10 (net)
                      0.145442    0.000086    1.260225 v output10/A (sky130_fd_sc_hd__buf_2)
     1    0.034100    0.165164    0.380483    1.640708 v output10/X (sky130_fd_sc_hd__buf_2)
                                                         count[2] (net)
                      0.165164    0.000243    1.640951 v count[2] (out)
                                              1.640951   data arrival time

                                 15.000000   15.000000   clock clk (rise edge)
                                  0.000000   15.000000   clock network delay (propagated)
                                 -0.250000   14.750000   clock uncertainty
                                  0.000000   14.750000   clock reconvergence pessimism
                                 -3.000000   11.750000   output external delay
                                             11.750000   data required time
---------------------------------------------------------------------------------------------
                                             11.750000   data required time
                                             -1.640951   data arrival time
---------------------------------------------------------------------------------------------
                                             10.109050   slack (MET)


Startpoint: _33_ (rising edge-triggered flip-flop clocked by clk)
Endpoint: count[3] (output port clocked by clk)
Path Group: clk
Path Type: max

Fanout         Cap        Slew       Delay        Time   Description
---------------------------------------------------------------------------------------------
                                  0.000000    0.000000   clock clk (rise edge)
                                  0.000000    0.000000   clock source latency
     1    0.008788    0.072844    0.046357    0.046357 ^ clk (in)
                                                         clk (net)
                      0.072844    0.000000    0.046357 ^ clkbuf_0_clk/A (sky130_fd_sc_hd__clkbuf_16)
     2    0.017230    0.063972    0.218964    0.265321 ^ clkbuf_0_clk/X (sky130_fd_sc_hd__clkbuf_16)
                                                         clknet_0_clk (net)
                      0.063972    0.000117    0.265438 ^ clkbuf_1_1__f_clk/A (sky130_fd_sc_hd__clkbuf_16)
     2    0.005532    0.048535    0.196417    0.461855 ^ clkbuf_1_1__f_clk/X (sky130_fd_sc_hd__clkbuf_16)
                                                         clknet_1_1__leaf_clk (net)
                      0.048535    0.000053    0.461908 ^ _33_/CLK (sky130_fd_sc_hd__dfrtp_1)
     3    0.006986    0.111549    0.765387    1.227295 v _33_/Q (sky130_fd_sc_hd__dfrtp_1)
                                                         net11 (net)
                      0.111549    0.000059    1.227354 v output11/A (sky130_fd_sc_hd__buf_2)
     1    0.033904    0.164317    0.363563    1.590917 v output11/X (sky130_fd_sc_hd__buf_2)
                                                         count[3] (net)
                      0.164317    0.000165    1.591083 v count[3] (out)
                                              1.591083   data arrival time

                                 15.000000   15.000000   clock clk (rise edge)
                                  0.000000   15.000000   clock network delay (propagated)
                                 -0.250000   14.750000   clock uncertainty
                                  0.000000   14.750000   clock reconvergence pessimism
                                 -3.000000   11.750000   output external delay
                                             11.750000   data required time
---------------------------------------------------------------------------------------------
                                             11.750000   data required time
                                             -1.591083   data arrival time
---------------------------------------------------------------------------------------------
                                             10.158917   slack (MET)


Startpoint: load (input port clocked by clk)
Endpoint: _32_ (rising edge-triggered flip-flop clocked by clk)
Path Group: clk
Path Type: max

Fanout         Cap        Slew       Delay        Time   Description
---------------------------------------------------------------------------------------------
                                  0.000000    0.000000   clock clk (rise edge)
                                  0.000000    0.000000   clock network delay (propagated)
                                  3.000000    3.000000 v input external delay
     1    0.002749    0.018267    0.009057    3.009057 v load (in)
                                                         load (net)
                      0.018267    0.000000    3.009057 v input2/A (sky130_fd_sc_hd__clkbuf_1)
     2    0.006383    0.086844    0.168336    3.177393 v input2/X (sky130_fd_sc_hd__clkbuf_1)
                                                         net2 (net)
                      0.086844    0.000081    3.177474 v fanout12/A (sky130_fd_sc_hd__clkbuf_2)
     6    0.021377    0.156451    0.282639    3.460113 v fanout12/X (sky130_fd_sc_hd__clkbuf_2)
                                                         net12 (net)
                      0.156451    0.000122    3.460235 v _23_/A1 (sky130_fd_sc_hd__o211a_1)
     1    0.004129    0.083634    0.452348    3.912582 v _23_/X (sky130_fd_sc_hd__o211a_1)
                                                         _10_ (net)
                      0.083634    0.000063    3.912645 v _24_/B (sky130_fd_sc_hd__nor2_1)
     1    0.002591    0.126819    0.141310    4.053955 ^ _24_/Y (sky130_fd_sc_hd__nor2_1)
                                                         _11_ (net)
                      0.126819    0.000033    4.053988 ^ _26_/A1_N (sky130_fd_sc_hd__a2bb2o_1)
     1    0.002218    0.095513    0.605706    4.659694 v _26_/X (sky130_fd_sc_hd__a2bb2o_1)
                                                         _02_ (net)
                      0.095513    0.000019    4.659713 v _32_/D (sky130_fd_sc_hd__dfrtp_1)
                                              4.659713   data arrival time

                                 15.000000   15.000000   clock clk (rise edge)
                                  0.000000   15.000000   clock source latency
     1    0.008788    0.072844    0.046356   15.046355 ^ clk (in)
                                                         clk (net)
                      0.072844    0.000000   15.046355 ^ clkbuf_0_clk/A (sky130_fd_sc_hd__clkbuf_16)
     2    0.017230    0.063972    0.218964   15.265320 ^ clkbuf_0_clk/X (sky130_fd_sc_hd__clkbuf_16)
                                                         clknet_0_clk (net)
                      0.063972    0.000126   15.265447 ^ clkbuf_1_0__f_clk/A (sky130_fd_sc_hd__clkbuf_16)
     2    0.004760    0.047476    0.194953   15.460400 ^ clkbuf_1_0__f_clk/X (sky130_fd_sc_hd__clkbuf_16)
                                                         clknet_1_0__leaf_clk (net)
                      0.047476    0.000041   15.460441 ^ _32_/CLK (sky130_fd_sc_hd__dfrtp_1)
                                 -0.250000   15.210442   clock uncertainty
                                  0.000000   15.210442   clock reconvergence pessimism
                                 -0.293212   14.917229   library setup time
                                             14.917229   data required time
---------------------------------------------------------------------------------------------
                                             14.917229   data required time
                                             -4.659713   data arrival time
---------------------------------------------------------------------------------------------
                                             10.257516   slack (MET)


Startpoint: load (input port clocked by clk)
Endpoint: _33_ (rising edge-triggered flip-flop clocked by clk)
Path Group: clk
Path Type: max

Fanout         Cap        Slew       Delay        Time   Description
---------------------------------------------------------------------------------------------
                                  0.000000    0.000000   clock clk (rise edge)
                                  0.000000    0.000000   clock network delay (propagated)
                                  3.000000    3.000000 v input external delay
     1    0.002749    0.018267    0.009057    3.009057 v load (in)
                                                         load (net)
                      0.018267    0.000000    3.009057 v input2/A (sky130_fd_sc_hd__clkbuf_1)
     2    0.006383    0.086844    0.168336    3.177393 v input2/X (sky130_fd_sc_hd__clkbuf_1)
                                                         net2 (net)
                      0.086844    0.000081    3.177474 v fanout12/A (sky130_fd_sc_hd__clkbuf_2)
     6    0.021377    0.156451    0.282639    3.460113 v fanout12/X (sky130_fd_sc_hd__clkbuf_2)
                                                         net12 (net)
                      0.156451    0.000138    3.460250 v _25_/B1 (sky130_fd_sc_hd__a41o_1)
     2    0.004110    0.080018    0.401994    3.862244 v _25_/X (sky130_fd_sc_hd__a41o_1)
                                                         _12_ (net)
                      0.080018    0.000032    3.862276 v _27_/B (sky130_fd_sc_hd__or2_1)
     1    0.003160    0.099141    0.463775    4.326051 v _27_/X (sky130_fd_sc_hd__or2_1)
                                                         _13_ (net)
                      0.099141    0.000035    4.326086 v _29_/C1 (sky130_fd_sc_hd__o221a_1)
     1    0.002332    0.088710    0.221828    4.547914 v _29_/X (sky130_fd_sc_hd__o221a_1)
                                                         _03_ (net)
                      0.088710    0.000022    4.547935 v _33_/D (sky130_fd_sc_hd__dfrtp_1)
                                              4.547935   data arrival time

                                 15.000000   15.000000   clock clk (rise edge)
                                  0.000000   15.000000   clock source latency
     1    0.008788    0.072844    0.046356   15.046355 ^ clk (in)
                                                         clk (net)
                      0.072844    0.000000   15.046355 ^ clkbuf_0_clk/A (sky130_fd_sc_hd__clkbuf_16)
     2    0.017230    0.063972    0.218964   15.265320 ^ clkbuf_0_clk/X (sky130_fd_sc_hd__clkbuf_16)
                                                         clknet_0_clk (net)
                      0.063972    0.000117   15.265437 ^ clkbuf_1_1__f_clk/A (sky130_fd_sc_hd__clkbuf_16)
     2    0.005532    0.048535    0.196417   15.461854 ^ clkbuf_1_1__f_clk/X (sky130_fd_sc_hd__clkbuf_16)
                                                         clknet_1_1__leaf_clk (net)
                      0.048535    0.000053   15.461907 ^ _33_/CLK (sky130_fd_sc_hd__dfrtp_1)
                                 -0.250000   15.211908   clock uncertainty
                                  0.000000   15.211908   clock reconvergence pessimism
                                 -0.290091   14.921817   library setup time
                                             14.921817   data required time
---------------------------------------------------------------------------------------------
                                             14.921817   data required time
                                             -4.547935   data arrival time
---------------------------------------------------------------------------------------------
                                             10.373881   slack (MET)


Startpoint: load (input port clocked by clk)
Endpoint: _31_ (rising edge-triggered flip-flop clocked by clk)
Path Group: clk
Path Type: max

Fanout         Cap        Slew       Delay        Time   Description
---------------------------------------------------------------------------------------------
                                  0.000000    0.000000   clock clk (rise edge)
                                  0.000000    0.000000   clock network delay (propagated)
                                  3.000000    3.000000 v input external delay
     1    0.002749    0.018267    0.009057    3.009057 v load (in)
                                                         load (net)
                      0.018267    0.000000    3.009057 v input2/A (sky130_fd_sc_hd__clkbuf_1)
     2    0.006383    0.086844    0.168336    3.177393 v input2/X (sky130_fd_sc_hd__clkbuf_1)
                                                         net2 (net)
                      0.086844    0.000081    3.177474 v fanout12/A (sky130_fd_sc_hd__clkbuf_2)
     6    0.021377    0.156451    0.282639    3.460113 v fanout12/X (sky130_fd_sc_hd__clkbuf_2)
                                                         net12 (net)
                      0.156451    0.000106    3.460218 v _15_/A (sky130_fd_sc_hd__inv_2)
     3    0.009634    0.091357    0.139568    3.599786 ^ _15_/Y (sky130_fd_sc_hd__inv_2)
                                                         _04_ (net)
                      0.091357    0.000077    3.599863 ^ _20_/A (sky130_fd_sc_hd__nand4_1)
     2    0.006405    0.278825    0.252303    3.852166 v _20_/Y (sky130_fd_sc_hd__nand4_1)
                                                         _08_ (net)
                      0.278825    0.000055    3.852221 v _22_/B1 (sky130_fd_sc_hd__o211a_1)
     1    0.002347    0.067326    0.317508    4.169729 v _22_/X (sky130_fd_sc_hd__o211a_1)
                                                         _01_ (net)
                      0.067326    0.000022    4.169750 v _31_/D (sky130_fd_sc_hd__dfrtp_1)
                                              4.169750   data arrival time

                                 15.000000   15.000000   clock clk (rise edge)
                                  0.000000   15.000000   clock source latency
     1    0.008788    0.072844    0.046356   15.046355 ^ clk (in)
                                                         clk (net)
                      0.072844    0.000000   15.046355 ^ clkbuf_0_clk/A (sky130_fd_sc_hd__clkbuf_16)
     2    0.017230    0.063972    0.218964   15.265320 ^ clkbuf_0_clk/X (sky130_fd_sc_hd__clkbuf_16)
                                                         clknet_0_clk (net)
                      0.063972    0.000117   15.265437 ^ clkbuf_1_1__f_clk/A (sky130_fd_sc_hd__clkbuf_16)
     2    0.005532    0.048535    0.196417   15.461854 ^ clkbuf_1_1__f_clk/X (sky130_fd_sc_hd__clkbuf_16)
                                                         clknet_1_1__leaf_clk (net)
                      0.048536    0.000064   15.461919 ^ _31_/CLK (sky130_fd_sc_hd__dfrtp_1)
                                 -0.250000   15.211919   clock uncertainty
                                  0.000000   15.211919   clock reconvergence pessimism
                                 -0.281169   14.930751   library setup time
                                             14.930751   data required time
---------------------------------------------------------------------------------------------
                                             14.930751   data required time
                                             -4.169750   data arrival time
---------------------------------------------------------------------------------------------
                                             10.761000   slack (MET)


Startpoint: load (input port clocked by clk)
Endpoint: _30_ (rising edge-triggered flip-flop clocked by clk)
Path Group: clk
Path Type: max

Fanout         Cap        Slew       Delay        Time   Description
---------------------------------------------------------------------------------------------
                                  0.000000    0.000000   clock clk (rise edge)
                                  0.000000    0.000000   clock network delay (propagated)
                                  3.000000    3.000000 ^ input external delay
     1    0.002878    0.032773    0.016185    3.016185 ^ load (in)
                                                         load (net)
                      0.032773    0.000000    3.016185 ^ input2/A (sky130_fd_sc_hd__clkbuf_1)
     2    0.006630    0.140161    0.183836    3.200022 ^ input2/X (sky130_fd_sc_hd__clkbuf_1)
                                                         net2 (net)
                      0.140161    0.000085    3.200106 ^ fanout12/A (sky130_fd_sc_hd__clkbuf_2)
     6    0.022750    0.201273    0.319974    3.520080 ^ fanout12/X (sky130_fd_sc_hd__clkbuf_2)
                                                         net12 (net)
                      0.201273    0.000155    3.520235 ^ _17_/B1 (sky130_fd_sc_hd__a21oi_1)
     2    0.006842    0.164862    0.153821    3.674056 v _17_/Y (sky130_fd_sc_hd__a21oi_1)
                                                         _06_ (net)
                      0.164862    0.000101    3.674157 v _18_/B1 (sky130_fd_sc_hd__a21o_1)
     1    0.002555    0.060064    0.309507    3.983664 v _18_/X (sky130_fd_sc_hd__a21o_1)
                                                         _07_ (net)
                      0.060064    0.000011    3.983675 v _19_/B1 (sky130_fd_sc_hd__o31a_1)
     1    0.002029    0.080171    0.170367    4.154042 v _19_/X (sky130_fd_sc_hd__o31a_1)
                                                         _00_ (net)
                      0.080171    0.000016    4.154058 v _30_/D (sky130_fd_sc_hd__dfrtp_1)
                                              4.154058   data arrival time

                                 15.000000   15.000000   clock clk (rise edge)
                                  0.000000   15.000000   clock source latency
     1    0.008788    0.072844    0.046356   15.046355 ^ clk (in)
                                                         clk (net)
                      0.072844    0.000000   15.046355 ^ clkbuf_0_clk/A (sky130_fd_sc_hd__clkbuf_16)
     2    0.017230    0.063972    0.218964   15.265320 ^ clkbuf_0_clk/X (sky130_fd_sc_hd__clkbuf_16)
                                                         clknet_0_clk (net)
                      0.063972    0.000126   15.265447 ^ clkbuf_1_0__f_clk/A (sky130_fd_sc_hd__clkbuf_16)
     2    0.004760    0.047476    0.194953   15.460400 ^ clkbuf_1_0__f_clk/X (sky130_fd_sc_hd__clkbuf_16)
                                                         clknet_1_0__leaf_clk (net)
                      0.047476    0.000030   15.460430 ^ _30_/CLK (sky130_fd_sc_hd__dfrtp_1)
                                 -0.250000   15.210431   clock uncertainty
                                  0.000000   15.210431   clock reconvergence pessimism
                                 -0.286811   14.923620   library setup time
                                             14.923620   data required time
---------------------------------------------------------------------------------------------
                                             14.923620   data required time
                                             -4.154058   data arrival time
---------------------------------------------------------------------------------------------
                                             10.769562   slack (MET)


Startpoint: rst_n (input port clocked by clk)
Endpoint: _32_ (recovery check against rising-edge clock clk)
Path Group: asynchronous
Path Type: max

Fanout         Cap        Slew       Delay        Time   Description
---------------------------------------------------------------------------------------------
                                  0.000000    0.000000   clock clk (rise edge)
                                  0.000000    0.000000   clock network delay (propagated)
                                  3.000000    3.000000 ^ input external delay
     1    0.002045    0.027274    0.011788    3.011788 ^ rst_n (in)
                                                         rst_n (net)
                      0.027274    0.000000    3.011788 ^ input7/A (sky130_fd_sc_hd__dlymetal6s2s_1)
     4    0.017830    0.296830    0.305908    3.317696 ^ input7/X (sky130_fd_sc_hd__dlymetal6s2s_1)
                                                         net7 (net)
                      0.296830    0.000238    3.317934 ^ _32_/RESET_B (sky130_fd_sc_hd__dfrtp_1)
                                              3.317934   data arrival time

                                 15.000000   15.000000   clock clk (rise edge)
                                  0.000000   15.000000   clock source latency
     1    0.008788    0.072844    0.046356   15.046355 ^ clk (in)
                                                         clk (net)
                      0.072844    0.000000   15.046355 ^ clkbuf_0_clk/A (sky130_fd_sc_hd__clkbuf_16)
     2    0.017230    0.063972    0.218964   15.265320 ^ clkbuf_0_clk/X (sky130_fd_sc_hd__clkbuf_16)
                                                         clknet_0_clk (net)
                      0.063972    0.000126   15.265447 ^ clkbuf_1_0__f_clk/A (sky130_fd_sc_hd__clkbuf_16)
     2    0.004760    0.047476    0.194953   15.460400 ^ clkbuf_1_0__f_clk/X (sky130_fd_sc_hd__clkbuf_16)
                                                         clknet_1_0__leaf_clk (net)
                      0.047476    0.000041   15.460441 ^ _32_/CLK (sky130_fd_sc_hd__dfrtp_1)
                                 -0.250000   15.210442   clock uncertainty
                                  0.000000   15.210442   clock reconvergence pessimism
                                  0.370928   15.581369   library recovery time
                                             15.581369   data required time
---------------------------------------------------------------------------------------------
                                             15.581369   data required time
                                             -3.317934   data arrival time
---------------------------------------------------------------------------------------------
                                             12.263436   slack (MET)


Startpoint: rst_n (input port clocked by clk)
Endpoint: _30_ (recovery check against rising-edge clock clk)
Path Group: asynchronous
Path Type: max

Fanout         Cap        Slew       Delay        Time   Description
---------------------------------------------------------------------------------------------
                                  0.000000    0.000000   clock clk (rise edge)
                                  0.000000    0.000000   clock network delay (propagated)
                                  3.000000    3.000000 ^ input external delay
     1    0.002045    0.027274    0.011788    3.011788 ^ rst_n (in)
                                                         rst_n (net)
                      0.027274    0.000000    3.011788 ^ input7/A (sky130_fd_sc_hd__dlymetal6s2s_1)
     4    0.017830    0.296830    0.305908    3.317696 ^ input7/X (sky130_fd_sc_hd__dlymetal6s2s_1)
                                                         net7 (net)
                      0.296830    0.000154    3.317850 ^ _30_/RESET_B (sky130_fd_sc_hd__dfrtp_1)
                                              3.317850   data arrival time

                                 15.000000   15.000000   clock clk (rise edge)
                                  0.000000   15.000000   clock source latency
     1    0.008788    0.072844    0.046356   15.046355 ^ clk (in)
                                                         clk (net)
                      0.072844    0.000000   15.046355 ^ clkbuf_0_clk/A (sky130_fd_sc_hd__clkbuf_16)
     2    0.017230    0.063972    0.218964   15.265320 ^ clkbuf_0_clk/X (sky130_fd_sc_hd__clkbuf_16)
                                                         clknet_0_clk (net)
                      0.063972    0.000126   15.265447 ^ clkbuf_1_0__f_clk/A (sky130_fd_sc_hd__clkbuf_16)
     2    0.004760    0.047476    0.194953   15.460400 ^ clkbuf_1_0__f_clk/X (sky130_fd_sc_hd__clkbuf_16)
                                                         clknet_1_0__leaf_clk (net)
                      0.047476    0.000030   15.460430 ^ _30_/CLK (sky130_fd_sc_hd__dfrtp_1)
                                 -0.250000   15.210431   clock uncertainty
                                  0.000000   15.210431   clock reconvergence pessimism
                                  0.370928   15.581359   library recovery time
                                             15.581359   data required time
---------------------------------------------------------------------------------------------
                                             15.581359   data required time
                                             -3.317850   data arrival time
---------------------------------------------------------------------------------------------
                                             12.263509   slack (MET)


Startpoint: rst_n (input port clocked by clk)
Endpoint: _33_ (recovery check against rising-edge clock clk)
Path Group: asynchronous
Path Type: max

Fanout         Cap        Slew       Delay        Time   Description
---------------------------------------------------------------------------------------------
                                  0.000000    0.000000   clock clk (rise edge)
                                  0.000000    0.000000   clock network delay (propagated)
                                  3.000000    3.000000 ^ input external delay
     1    0.002045    0.027274    0.011788    3.011788 ^ rst_n (in)
                                                         rst_n (net)
                      0.027274    0.000000    3.011788 ^ input7/A (sky130_fd_sc_hd__dlymetal6s2s_1)
     4    0.017830    0.296830    0.305908    3.317696 ^ input7/X (sky130_fd_sc_hd__dlymetal6s2s_1)
                                                         net7 (net)
                      0.296830    0.000208    3.317904 ^ _33_/RESET_B (sky130_fd_sc_hd__dfrtp_1)
                                              3.317904   data arrival time

                                 15.000000   15.000000   clock clk (rise edge)
                                  0.000000   15.000000   clock source latency
     1    0.008788    0.072844    0.046356   15.046355 ^ clk (in)
                                                         clk (net)
                      0.072844    0.000000   15.046355 ^ clkbuf_0_clk/A (sky130_fd_sc_hd__clkbuf_16)
     2    0.017230    0.063972    0.218964   15.265320 ^ clkbuf_0_clk/X (sky130_fd_sc_hd__clkbuf_16)
                                                         clknet_0_clk (net)
                      0.063972    0.000117   15.265437 ^ clkbuf_1_1__f_clk/A (sky130_fd_sc_hd__clkbuf_16)
     2    0.005532    0.048535    0.196417   15.461854 ^ clkbuf_1_1__f_clk/X (sky130_fd_sc_hd__clkbuf_16)
                                                         clknet_1_1__leaf_clk (net)
                      0.048535    0.000053   15.461907 ^ _33_/CLK (sky130_fd_sc_hd__dfrtp_1)
                                 -0.250000   15.211908   clock uncertainty
                                  0.000000   15.211908   clock reconvergence pessimism
                                  0.371287   15.583196   library recovery time
                                             15.583196   data required time
---------------------------------------------------------------------------------------------
                                             15.583196   data required time
                                             -3.317904   data arrival time
---------------------------------------------------------------------------------------------
                                             12.265291   slack (MET)


Startpoint: rst_n (input port clocked by clk)
Endpoint: _31_ (recovery check against rising-edge clock clk)
Path Group: asynchronous
Path Type: max

Fanout         Cap        Slew       Delay        Time   Description
---------------------------------------------------------------------------------------------
                                  0.000000    0.000000   clock clk (rise edge)
                                  0.000000    0.000000   clock network delay (propagated)
                                  3.000000    3.000000 ^ input external delay
     1    0.002045    0.027274    0.011788    3.011788 ^ rst_n (in)
                                                         rst_n (net)
                      0.027274    0.000000    3.011788 ^ input7/A (sky130_fd_sc_hd__dlymetal6s2s_1)
     4    0.017830    0.296830    0.305908    3.317696 ^ input7/X (sky130_fd_sc_hd__dlymetal6s2s_1)
                                                         net7 (net)
                      0.296830    0.000148    3.317843 ^ _31_/RESET_B (sky130_fd_sc_hd__dfrtp_1)
                                              3.317843   data arrival time

                                 15.000000   15.000000   clock clk (rise edge)
                                  0.000000   15.000000   clock source latency
     1    0.008788    0.072844    0.046356   15.046355 ^ clk (in)
                                                         clk (net)
                      0.072844    0.000000   15.046355 ^ clkbuf_0_clk/A (sky130_fd_sc_hd__clkbuf_16)
     2    0.017230    0.063972    0.218964   15.265320 ^ clkbuf_0_clk/X (sky130_fd_sc_hd__clkbuf_16)
                                                         clknet_0_clk (net)
                      0.063972    0.000117   15.265437 ^ clkbuf_1_1__f_clk/A (sky130_fd_sc_hd__clkbuf_16)
     2    0.005532    0.048535    0.196417   15.461854 ^ clkbuf_1_1__f_clk/X (sky130_fd_sc_hd__clkbuf_16)
                                                         clknet_1_1__leaf_clk (net)
                      0.048536    0.000064   15.461919 ^ _31_/CLK (sky130_fd_sc_hd__dfrtp_1)
                                 -0.250000   15.211919   clock uncertainty
                                  0.000000   15.211919   clock reconvergence pessimism
                                  0.371287   15.583206   library recovery time
                                             15.583206   data required time
---------------------------------------------------------------------------------------------
                                             15.583206   data required time
                                             -3.317843   data arrival time
---------------------------------------------------------------------------------------------
                                             12.265364   slack (MET)



