Clock: clk
Sources: clk 
Generated: no
Virtual: no
Propagated: no
Period: 15.000000

===========================================================================
report_clock_properties
============================================================================
Clock                   Period          Waveform
----------------------------------------------------
clk                  15.000000    0.000000  7.500000

===========================================================================
report_clock_latency
============================================================================
Clock clk
rise -> rise
    min     max
0.000000 0.000000 source latency
0.025821         network latency _12_/CLK
        0.025821 network latency _12_/CLK
---------------
0.025821 0.025821 latency
        0.000000 skew

fall -> fall
    min     max
0.000000 0.000000 source latency
0.011116         network latency _12_/CLK
        0.011116 network latency _12_/CLK
---------------
0.011116 0.011116 latency
        0.000000 skew



===========================================================================
report_clock_min_period
============================================================================
clk period_min = 1.29 fmax = 776.84
