Reading timing models for corner nom_tt_025C_1v80…
Reading cell library for the 'nom_tt_025C_1v80' corner at '/home/jihan/.volare/volare/sky130/versions/0fe599b2afb6708d281543108caf8310912f54af/sky130A/libs.ref/sky130_fd_sc_hd/lib/sky130_fd_sc_hd__tt_025C_1v80.lib'…
Reading top-level netlist at '/home/jihan/projects/openlane_flow/designs/counter_4bit/runs/RUN_2025-12-04_01-46-29/06-yosys-synthesis/counter_4bit.nl.v'…
Linking design 'counter_4bit' from netlist…
Reading design constraints file at '/nix/store/ss2cw3sxbrwwx9jl0rrppbw4kgcmgi2n-python3-3.11.9-env/lib/python3.11/site-packages/openlane/scripts/base.sdc'…
[INFO] Using clock clk…
[INFO] Setting output delay to: 3.0
[INFO] Setting input delay to: 3.0
[INFO] Setting load to: 0.033442
[INFO] Setting clock uncertainty to: 0.25
[INFO] Setting clock transition to: 0.1499999999999999944488848768742172978818416595458984375
[INFO] Setting timing derate to: 5%
%OL_CREATE_REPORT min.rpt

===========================================================================
report_checks -path_delay min (Hold)
============================================================================
======================= nom_tt_025C_1v80 Corner ===================================

Startpoint: _12_ (rising edge-triggered flip-flop clocked by clk)
Endpoint: _12_ (rising edge-triggered flip-flop clocked by clk)
Path Group: clk
Path Type: min

Fanout         Cap        Slew       Delay        Time   Description
---------------------------------------------------------------------------------------------
                      0.150000    0.000000    0.000000   clock clk (rise edge)
                                  0.000000    0.000000   clock network delay (ideal)
                      0.150000    0.000000    0.000000 ^ _12_/CLK (sky130_fd_sc_hd__dfrtp_2)
     5    0.053164    0.260727    0.548158    0.548158 ^ _12_/Q (sky130_fd_sc_hd__dfrtp_2)
                                                         count[0] (net)
                      0.260727    0.000000    0.548158 ^ _06_/A (sky130_fd_sc_hd__inv_2)
     1    0.001949    0.041114    0.037986    0.586144 v _06_/Y (sky130_fd_sc_hd__inv_2)
                                                         _00_ (net)
                      0.041114    0.000000    0.586144 v _12_/D (sky130_fd_sc_hd__dfrtp_2)
                                              0.586144   data arrival time

                      0.150000    0.000000    0.000000   clock clk (rise edge)
                                  0.000000    0.000000   clock network delay (ideal)
                                  0.250000    0.250000   clock uncertainty
                                  0.000000    0.250000   clock reconvergence pessimism
                                              0.250000 ^ _12_/CLK (sky130_fd_sc_hd__dfrtp_2)
                                 -0.016582    0.233418   library hold time
                                              0.233418   data required time
---------------------------------------------------------------------------------------------
                                              0.233418   data required time
                                             -0.586144   data arrival time
---------------------------------------------------------------------------------------------
                                              0.352726   slack (MET)


Startpoint: _15_ (rising edge-triggered flip-flop clocked by clk)
Endpoint: _15_ (rising edge-triggered flip-flop clocked by clk)
Path Group: clk
Path Type: min

Fanout         Cap        Slew       Delay        Time   Description
---------------------------------------------------------------------------------------------
                      0.150000    0.000000    0.000000   clock clk (rise edge)
                                  0.000000    0.000000   clock network delay (ideal)
                      0.150000    0.000000    0.000000 ^ _15_/CLK (sky130_fd_sc_hd__dfrtp_2)
     2    0.042818    0.213630    0.514962    0.514962 ^ _15_/Q (sky130_fd_sc_hd__dfrtp_2)
                                                         count[3] (net)
                      0.213630    0.000000    0.514962 ^ _10_/A (sky130_fd_sc_hd__xor2_2)
     1    0.001949    0.028064    0.088425    0.603386 v _10_/X (sky130_fd_sc_hd__xor2_2)
                                                         _03_ (net)
                      0.028064    0.000000    0.603386 v _15_/D (sky130_fd_sc_hd__dfrtp_2)
                                              0.603386   data arrival time

                      0.150000    0.000000    0.000000   clock clk (rise edge)
                                  0.000000    0.000000   clock network delay (ideal)
                                  0.250000    0.250000   clock uncertainty
                                  0.000000    0.250000   clock reconvergence pessimism
                                              0.250000 ^ _15_/CLK (sky130_fd_sc_hd__dfrtp_2)
                                 -0.011276    0.238724   library hold time
                                              0.238724   data required time
---------------------------------------------------------------------------------------------
                                              0.238724   data required time
                                             -0.603386   data arrival time
---------------------------------------------------------------------------------------------
                                              0.364662   slack (MET)


Startpoint: _13_ (rising edge-triggered flip-flop clocked by clk)
Endpoint: _13_ (rising edge-triggered flip-flop clocked by clk)
Path Group: clk
Path Type: min

Fanout         Cap        Slew       Delay        Time   Description
---------------------------------------------------------------------------------------------
                      0.150000    0.000000    0.000000   clock clk (rise edge)
                                  0.000000    0.000000   clock network delay (ideal)
                      0.150000    0.000000    0.000000 ^ _13_/CLK (sky130_fd_sc_hd__dfrtp_2)
     4    0.048871    0.241184    0.534383    0.534383 ^ _13_/Q (sky130_fd_sc_hd__dfrtp_2)
                                                         count[1] (net)
                      0.241184    0.000000    0.534383 ^ _11_/A (sky130_fd_sc_hd__xor2_2)
     1    0.001949    0.028376    0.092878    0.627261 v _11_/X (sky130_fd_sc_hd__xor2_2)
                                                         _01_ (net)
                      0.028376    0.000000    0.627261 v _13_/D (sky130_fd_sc_hd__dfrtp_2)
                                              0.627261   data arrival time

                      0.150000    0.000000    0.000000   clock clk (rise edge)
                                  0.000000    0.000000   clock network delay (ideal)
                                  0.250000    0.250000   clock uncertainty
                                  0.000000    0.250000   clock reconvergence pessimism
                                              0.250000 ^ _13_/CLK (sky130_fd_sc_hd__dfrtp_2)
                                 -0.011403    0.238597   library hold time
                                              0.238597   data required time
---------------------------------------------------------------------------------------------
                                              0.238597   data required time
                                             -0.627261   data arrival time
---------------------------------------------------------------------------------------------
                                              0.388664   slack (MET)


Startpoint: _14_ (rising edge-triggered flip-flop clocked by clk)
Endpoint: _14_ (rising edge-triggered flip-flop clocked by clk)
Path Group: clk
Path Type: min

Fanout         Cap        Slew       Delay        Time   Description
---------------------------------------------------------------------------------------------
                      0.150000    0.000000    0.000000   clock clk (rise edge)
                                  0.000000    0.000000   clock network delay (ideal)
                      0.150000    0.000000    0.000000 ^ _14_/CLK (sky130_fd_sc_hd__dfrtp_2)
     3    0.039742    0.199628    0.505092    0.505092 ^ _14_/Q (sky130_fd_sc_hd__dfrtp_2)
                                                         count[2] (net)
                      0.199628    0.000000    0.505092 ^ _07_/B1 (sky130_fd_sc_hd__a21oi_2)
     1    0.004190    0.053877    0.050314    0.555406 v _07_/Y (sky130_fd_sc_hd__a21oi_2)
                                                         _04_ (net)
                      0.053877    0.000000    0.555406 v _09_/A (sky130_fd_sc_hd__nor2_2)
     1    0.002005    0.053936    0.089387    0.644793 ^ _09_/Y (sky130_fd_sc_hd__nor2_2)
                                                         _02_ (net)
                      0.053936    0.000000    0.644793 ^ _14_/D (sky130_fd_sc_hd__dfrtp_2)
                                              0.644793   data arrival time

                      0.150000    0.000000    0.000000   clock clk (rise edge)
                                  0.000000    0.000000   clock network delay (ideal)
                                  0.250000    0.250000   clock uncertainty
                                  0.000000    0.250000   clock reconvergence pessimism
                                              0.250000 ^ _14_/CLK (sky130_fd_sc_hd__dfrtp_2)
                                 -0.022156    0.227844   library hold time
                                              0.227844   data required time
---------------------------------------------------------------------------------------------
                                              0.227844   data required time
                                             -0.644793   data arrival time
---------------------------------------------------------------------------------------------
                                              0.416949   slack (MET)


Startpoint: rst_n (input port clocked by clk)
Endpoint: _12_ (removal check against rising-edge clock clk)
Path Group: asynchronous
Path Type: min

Fanout         Cap        Slew       Delay        Time   Description
---------------------------------------------------------------------------------------------
                      0.150000    0.000000    0.000000   clock clk (rise edge)
                                  0.000000    0.000000   clock network delay (ideal)
                                  3.000000    3.000000 ^ input external delay
     4    0.014448    0.072591    0.048158    3.048158 ^ rst_n (in)
                                                         rst_n (net)
                      0.072591    0.000000    3.048158 ^ _12_/RESET_B (sky130_fd_sc_hd__dfrtp_2)
                                              3.048158   data arrival time

                      0.150000    0.000000    0.000000   clock clk (rise edge)
                                  0.000000    0.000000   clock network delay (ideal)
                                  0.250000    0.250000   clock uncertainty
                                  0.000000    0.250000   clock reconvergence pessimism
                                              0.250000 ^ _12_/CLK (sky130_fd_sc_hd__dfrtp_2)
                                  0.356640    0.606640   library removal time
                                              0.606640   data required time
---------------------------------------------------------------------------------------------
                                              0.606640   data required time
                                             -3.048158   data arrival time
---------------------------------------------------------------------------------------------
                                              2.441518   slack (MET)


Startpoint: rst_n (input port clocked by clk)
Endpoint: _13_ (removal check against rising-edge clock clk)
Path Group: asynchronous
Path Type: min

Fanout         Cap        Slew       Delay        Time   Description
---------------------------------------------------------------------------------------------
                      0.150000    0.000000    0.000000   clock clk (rise edge)
                                  0.000000    0.000000   clock network delay (ideal)
                                  3.000000    3.000000 ^ input external delay
     4    0.014448    0.072591    0.048158    3.048158 ^ rst_n (in)
                                                         rst_n (net)
                      0.072591    0.000000    3.048158 ^ _13_/RESET_B (sky130_fd_sc_hd__dfrtp_2)
                                              3.048158   data arrival time

                      0.150000    0.000000    0.000000   clock clk (rise edge)
                                  0.000000    0.000000   clock network delay (ideal)
                                  0.250000    0.250000   clock uncertainty
                                  0.000000    0.250000   clock reconvergence pessimism
                                              0.250000 ^ _13_/CLK (sky130_fd_sc_hd__dfrtp_2)
                                  0.356640    0.606640   library removal time
                                              0.606640   data required time
---------------------------------------------------------------------------------------------
                                              0.606640   data required time
                                             -3.048158   data arrival time
---------------------------------------------------------------------------------------------
                                              2.441518   slack (MET)


Startpoint: rst_n (input port clocked by clk)
Endpoint: _14_ (removal check against rising-edge clock clk)
Path Group: asynchronous
Path Type: min

Fanout         Cap        Slew       Delay        Time   Description
---------------------------------------------------------------------------------------------
                      0.150000    0.000000    0.000000   clock clk (rise edge)
                                  0.000000    0.000000   clock network delay (ideal)
                                  3.000000    3.000000 ^ input external delay
     4    0.014448    0.072591    0.048158    3.048158 ^ rst_n (in)
                                                         rst_n (net)
                      0.072591    0.000000    3.048158 ^ _14_/RESET_B (sky130_fd_sc_hd__dfrtp_2)
                                              3.048158   data arrival time

                      0.150000    0.000000    0.000000   clock clk (rise edge)
                                  0.000000    0.000000   clock network delay (ideal)
                                  0.250000    0.250000   clock uncertainty
                                  0.000000    0.250000   clock reconvergence pessimism
                                              0.250000 ^ _14_/CLK (sky130_fd_sc_hd__dfrtp_2)
                                  0.356640    0.606640   library removal time
                                              0.606640   data required time
---------------------------------------------------------------------------------------------
                                              0.606640   data required time
                                             -3.048158   data arrival time
---------------------------------------------------------------------------------------------
                                              2.441518   slack (MET)


Startpoint: rst_n (input port clocked by clk)
Endpoint: _15_ (removal check against rising-edge clock clk)
Path Group: asynchronous
Path Type: min

Fanout         Cap        Slew       Delay        Time   Description
---------------------------------------------------------------------------------------------
                      0.150000    0.000000    0.000000   clock clk (rise edge)
                                  0.000000    0.000000   clock network delay (ideal)
                                  3.000000    3.000000 ^ input external delay
     4    0.014448    0.072591    0.048158    3.048158 ^ rst_n (in)
                                                         rst_n (net)
                      0.072591    0.000000    3.048158 ^ _15_/RESET_B (sky130_fd_sc_hd__dfrtp_2)
                                              3.048158   data arrival time

                      0.150000    0.000000    0.000000   clock clk (rise edge)
                                  0.000000    0.000000   clock network delay (ideal)
                                  0.250000    0.250000   clock uncertainty
                                  0.000000    0.250000   clock reconvergence pessimism
                                              0.250000 ^ _15_/CLK (sky130_fd_sc_hd__dfrtp_2)
                                  0.356640    0.606640   library removal time
                                              0.606640   data required time
---------------------------------------------------------------------------------------------
                                              0.606640   data required time
                                             -3.048158   data arrival time
---------------------------------------------------------------------------------------------
                                              2.441518   slack (MET)


Startpoint: _14_ (rising edge-triggered flip-flop clocked by clk)
Endpoint: count[2] (output port clocked by clk)
Path Group: clk
Path Type: min

Fanout         Cap        Slew       Delay        Time   Description
---------------------------------------------------------------------------------------------
                      0.150000    0.000000    0.000000   clock clk (rise edge)
                                  0.000000    0.000000   clock network delay (ideal)
                      0.150000    0.000000    0.000000 ^ _14_/CLK (sky130_fd_sc_hd__dfrtp_2)
     3    0.039742    0.199628    0.505092    0.505092 ^ _14_/Q (sky130_fd_sc_hd__dfrtp_2)
                                                         count[2] (net)
                      0.199628    0.000000    0.505092 ^ count[2] (out)
                                              0.505092   data arrival time

                      0.150000    0.000000    0.000000   clock clk (rise edge)
                                  0.000000    0.000000   clock network delay (ideal)
                                  0.250000    0.250000   clock uncertainty
                                  0.000000    0.250000   clock reconvergence pessimism
                                 -3.000000   -2.750000   output external delay
                                             -2.750000   data required time
---------------------------------------------------------------------------------------------
                                             -2.750000   data required time
                                             -0.505092   data arrival time
---------------------------------------------------------------------------------------------
                                              3.255092   slack (MET)


Startpoint: _15_ (rising edge-triggered flip-flop clocked by clk)
Endpoint: count[3] (output port clocked by clk)
Path Group: clk
Path Type: min

Fanout         Cap        Slew       Delay        Time   Description
---------------------------------------------------------------------------------------------
                      0.150000    0.000000    0.000000   clock clk (rise edge)
                                  0.000000    0.000000   clock network delay (ideal)
                      0.150000    0.000000    0.000000 ^ _15_/CLK (sky130_fd_sc_hd__dfrtp_2)
     2    0.042818    0.213630    0.514962    0.514962 ^ _15_/Q (sky130_fd_sc_hd__dfrtp_2)
                                                         count[3] (net)
                      0.213630    0.000000    0.514962 ^ count[3] (out)
                                              0.514962   data arrival time

                      0.150000    0.000000    0.000000   clock clk (rise edge)
                                  0.000000    0.000000   clock network delay (ideal)
                                  0.250000    0.250000   clock uncertainty
                                  0.000000    0.250000   clock reconvergence pessimism
                                 -3.000000   -2.750000   output external delay
                                             -2.750000   data required time
---------------------------------------------------------------------------------------------
                                             -2.750000   data required time
                                             -0.514962   data arrival time
---------------------------------------------------------------------------------------------
                                              3.264961   slack (MET)


Startpoint: _13_ (rising edge-triggered flip-flop clocked by clk)
Endpoint: count[1] (output port clocked by clk)
Path Group: clk
Path Type: min

Fanout         Cap        Slew       Delay        Time   Description
---------------------------------------------------------------------------------------------
                      0.150000    0.000000    0.000000   clock clk (rise edge)
                                  0.000000    0.000000   clock network delay (ideal)
                      0.150000    0.000000    0.000000 ^ _13_/CLK (sky130_fd_sc_hd__dfrtp_2)
     4    0.047709    0.139799    0.533320    0.533320 v _13_/Q (sky130_fd_sc_hd__dfrtp_2)
                                                         count[1] (net)
                      0.139799    0.000000    0.533320 v count[1] (out)
                                              0.533320   data arrival time

                      0.150000    0.000000    0.000000   clock clk (rise edge)
                                  0.000000    0.000000   clock network delay (ideal)
                                  0.250000    0.250000   clock uncertainty
                                  0.000000    0.250000   clock reconvergence pessimism
                                 -3.000000   -2.750000   output external delay
                                             -2.750000   data required time
---------------------------------------------------------------------------------------------
                                             -2.750000   data required time
                                             -0.533320   data arrival time
---------------------------------------------------------------------------------------------
                                              3.283320   slack (MET)


Startpoint: _12_ (rising edge-triggered flip-flop clocked by clk)
Endpoint: count[0] (output port clocked by clk)
Path Group: clk
Path Type: min

Fanout         Cap        Slew       Delay        Time   Description
---------------------------------------------------------------------------------------------
                      0.150000    0.000000    0.000000   clock clk (rise edge)
                                  0.000000    0.000000   clock network delay (ideal)
                      0.150000    0.000000    0.000000 ^ _12_/CLK (sky130_fd_sc_hd__dfrtp_2)
     5    0.051639    0.147905    0.540498    0.540498 v _12_/Q (sky130_fd_sc_hd__dfrtp_2)
                                                         count[0] (net)
                      0.147905    0.000000    0.540498 v count[0] (out)
                                              0.540498   data arrival time

                      0.150000    0.000000    0.000000   clock clk (rise edge)
                                  0.000000    0.000000   clock network delay (ideal)
                                  0.250000    0.250000   clock uncertainty
                                  0.000000    0.250000   clock reconvergence pessimism
                                 -3.000000   -2.750000   output external delay
                                             -2.750000   data required time
---------------------------------------------------------------------------------------------
                                             -2.750000   data required time
                                             -0.540498   data arrival time
---------------------------------------------------------------------------------------------
                                              3.290498   slack (MET)



%OL_END_REPORT
%OL_CREATE_REPORT max.rpt

===========================================================================
report_checks -path_delay max (Setup)
============================================================================
======================= nom_tt_025C_1v80 Corner ===================================

Startpoint: _12_ (rising edge-triggered flip-flop clocked by clk)
Endpoint: count[0] (output port clocked by clk)
Path Group: clk
Path Type: max

Fanout         Cap        Slew       Delay        Time   Description
---------------------------------------------------------------------------------------------
                      0.150000    0.000000    0.000000   clock clk (rise edge)
                                  0.000000    0.000000   clock network delay (ideal)
                      0.150000    0.000000    0.000000 ^ _12_/CLK (sky130_fd_sc_hd__dfrtp_2)
     5    0.053164    0.260727    0.548158    0.548158 ^ _12_/Q (sky130_fd_sc_hd__dfrtp_2)
                                                         count[0] (net)
                      0.260727    0.000000    0.548158 ^ count[0] (out)
                                              0.548158   data arrival time

                      0.150000   15.000000   15.000000   clock clk (rise edge)
                                  0.000000   15.000000   clock network delay (ideal)
                                 -0.250000   14.750000   clock uncertainty
                                  0.000000   14.750000   clock reconvergence pessimism
                                 -3.000000   11.750000   output external delay
                                             11.750000   data required time
---------------------------------------------------------------------------------------------
                                             11.750000   data required time
                                             -0.548158   data arrival time
---------------------------------------------------------------------------------------------
                                             11.201842   slack (MET)


Startpoint: _13_ (rising edge-triggered flip-flop clocked by clk)
Endpoint: count[1] (output port clocked by clk)
Path Group: clk
Path Type: max

Fanout         Cap        Slew       Delay        Time   Description
---------------------------------------------------------------------------------------------
                      0.150000    0.000000    0.000000   clock clk (rise edge)
                                  0.000000    0.000000   clock network delay (ideal)
                      0.150000    0.000000    0.000000 ^ _13_/CLK (sky130_fd_sc_hd__dfrtp_2)
     4    0.048871    0.241184    0.534383    0.534383 ^ _13_/Q (sky130_fd_sc_hd__dfrtp_2)
                                                         count[1] (net)
                      0.241184    0.000000    0.534383 ^ count[1] (out)
                                              0.534383   data arrival time

                      0.150000   15.000000   15.000000   clock clk (rise edge)
                                  0.000000   15.000000   clock network delay (ideal)
                                 -0.250000   14.750000   clock uncertainty
                                  0.000000   14.750000   clock reconvergence pessimism
                                 -3.000000   11.750000   output external delay
                                             11.750000   data required time
---------------------------------------------------------------------------------------------
                                             11.750000   data required time
                                             -0.534383   data arrival time
---------------------------------------------------------------------------------------------
                                             11.215617   slack (MET)


Startpoint: _15_ (rising edge-triggered flip-flop clocked by clk)
Endpoint: count[3] (output port clocked by clk)
Path Group: clk
Path Type: max

Fanout         Cap        Slew       Delay        Time   Description
---------------------------------------------------------------------------------------------
                      0.150000    0.000000    0.000000   clock clk (rise edge)
                                  0.000000    0.000000   clock network delay (ideal)
                      0.150000    0.000000    0.000000 ^ _15_/CLK (sky130_fd_sc_hd__dfrtp_2)
     2    0.042026    0.128079    0.522940    0.522940 v _15_/Q (sky130_fd_sc_hd__dfrtp_2)
                                                         count[3] (net)
                      0.128079    0.000000    0.522940 v count[3] (out)
                                              0.522940   data arrival time

                      0.150000   15.000000   15.000000   clock clk (rise edge)
                                  0.000000   15.000000   clock network delay (ideal)
                                 -0.250000   14.750000   clock uncertainty
                                  0.000000   14.750000   clock reconvergence pessimism
                                 -3.000000   11.750000   output external delay
                                             11.750000   data required time
---------------------------------------------------------------------------------------------
                                             11.750000   data required time
                                             -0.522940   data arrival time
---------------------------------------------------------------------------------------------
                                             11.227060   slack (MET)


Startpoint: _14_ (rising edge-triggered flip-flop clocked by clk)
Endpoint: count[2] (output port clocked by clk)
Path Group: clk
Path Type: max

Fanout         Cap        Slew       Delay        Time   Description
---------------------------------------------------------------------------------------------
                      0.150000    0.000000    0.000000   clock clk (rise edge)
                                  0.000000    0.000000   clock network delay (ideal)
                      0.150000    0.000000    0.000000 ^ _14_/CLK (sky130_fd_sc_hd__dfrtp_2)
     3    0.039016    0.121871    0.517442    0.517442 v _14_/Q (sky130_fd_sc_hd__dfrtp_2)
                                                         count[2] (net)
                      0.121871    0.000000    0.517442 v count[2] (out)
                                              0.517442   data arrival time

                      0.150000   15.000000   15.000000   clock clk (rise edge)
                                  0.000000   15.000000   clock network delay (ideal)
                                 -0.250000   14.750000   clock uncertainty
                                  0.000000   14.750000   clock reconvergence pessimism
                                 -3.000000   11.750000   output external delay
                                             11.750000   data required time
---------------------------------------------------------------------------------------------
                                             11.750000   data required time
                                             -0.517442   data arrival time
---------------------------------------------------------------------------------------------
                                             11.232558   slack (MET)


Startpoint: rst_n (input port clocked by clk)
Endpoint: _12_ (recovery check against rising-edge clock clk)
Path Group: asynchronous
Path Type: max

Fanout         Cap        Slew       Delay        Time   Description
---------------------------------------------------------------------------------------------
                      0.150000    0.000000    0.000000   clock clk (rise edge)
                                  0.000000    0.000000   clock network delay (ideal)
                                  3.000000    3.000000 ^ input external delay
     4    0.014448    0.072591    0.048158    3.048158 ^ rst_n (in)
                                                         rst_n (net)
                      0.072591    0.000000    3.048158 ^ _12_/RESET_B (sky130_fd_sc_hd__dfrtp_2)
                                              3.048158   data arrival time

                      0.150000   15.000000   15.000000   clock clk (rise edge)
                                  0.000000   15.000000   clock network delay (ideal)
                                 -0.250000   14.750000   clock uncertainty
                                  0.000000   14.750000   clock reconvergence pessimism
                                             14.750000 ^ _12_/CLK (sky130_fd_sc_hd__dfrtp_2)
                                  0.243327   14.993326   library recovery time
                                             14.993326   data required time
---------------------------------------------------------------------------------------------
                                             14.993326   data required time
                                             -3.048158   data arrival time
---------------------------------------------------------------------------------------------
                                             11.945168   slack (MET)


Startpoint: rst_n (input port clocked by clk)
Endpoint: _13_ (recovery check against rising-edge clock clk)
Path Group: asynchronous
Path Type: max

Fanout         Cap        Slew       Delay        Time   Description
---------------------------------------------------------------------------------------------
                      0.150000    0.000000    0.000000   clock clk (rise edge)
                                  0.000000    0.000000   clock network delay (ideal)
                                  3.000000    3.000000 ^ input external delay
     4    0.014448    0.072591    0.048158    3.048158 ^ rst_n (in)
                                                         rst_n (net)
                      0.072591    0.000000    3.048158 ^ _13_/RESET_B (sky130_fd_sc_hd__dfrtp_2)
                                              3.048158   data arrival time

                      0.150000   15.000000   15.000000   clock clk (rise edge)
                                  0.000000   15.000000   clock network delay (ideal)
                                 -0.250000   14.750000   clock uncertainty
                                  0.000000   14.750000   clock reconvergence pessimism
                                             14.750000 ^ _13_/CLK (sky130_fd_sc_hd__dfrtp_2)
                                  0.243327   14.993326   library recovery time
                                             14.993326   data required time
---------------------------------------------------------------------------------------------
                                             14.993326   data required time
                                             -3.048158   data arrival time
---------------------------------------------------------------------------------------------
                                             11.945168   slack (MET)


Startpoint: rst_n (input port clocked by clk)
Endpoint: _14_ (recovery check against rising-edge clock clk)
Path Group: asynchronous
Path Type: max

Fanout         Cap        Slew       Delay        Time   Description
---------------------------------------------------------------------------------------------
                      0.150000    0.000000    0.000000   clock clk (rise edge)
                                  0.000000    0.000000   clock network delay (ideal)
                                  3.000000    3.000000 ^ input external delay
     4    0.014448    0.072591    0.048158    3.048158 ^ rst_n (in)
                                                         rst_n (net)
                      0.072591    0.000000    3.048158 ^ _14_/RESET_B (sky130_fd_sc_hd__dfrtp_2)
                                              3.048158   data arrival time

                      0.150000   15.000000   15.000000   clock clk (rise edge)
                                  0.000000   15.000000   clock network delay (ideal)
                                 -0.250000   14.750000   clock uncertainty
                                  0.000000   14.750000   clock reconvergence pessimism
                                             14.750000 ^ _14_/CLK (sky130_fd_sc_hd__dfrtp_2)
                                  0.243327   14.993326   library recovery time
                                             14.993326   data required time
---------------------------------------------------------------------------------------------
                                             14.993326   data required time
                                             -3.048158   data arrival time
---------------------------------------------------------------------------------------------
                                             11.945168   slack (MET)


Startpoint: rst_n (input port clocked by clk)
Endpoint: _15_ (recovery check against rising-edge clock clk)
Path Group: asynchronous
Path Type: max

Fanout         Cap        Slew       Delay        Time   Description
---------------------------------------------------------------------------------------------
                      0.150000    0.000000    0.000000   clock clk (rise edge)
                                  0.000000    0.000000   clock network delay (ideal)
                                  3.000000    3.000000 ^ input external delay
     4    0.014448    0.072591    0.048158    3.048158 ^ rst_n (in)
                                                         rst_n (net)
                      0.072591    0.000000    3.048158 ^ _15_/RESET_B (sky130_fd_sc_hd__dfrtp_2)
                                              3.048158   data arrival time

                      0.150000   15.000000   15.000000   clock clk (rise edge)
                                  0.000000   15.000000   clock network delay (ideal)
                                 -0.250000   14.750000   clock uncertainty
                                  0.000000   14.750000   clock reconvergence pessimism
                                             14.750000 ^ _15_/CLK (sky130_fd_sc_hd__dfrtp_2)
                                  0.243327   14.993326   library recovery time
                                             14.993326   data required time
---------------------------------------------------------------------------------------------
                                             14.993326   data required time
                                             -3.048158   data arrival time
---------------------------------------------------------------------------------------------
                                             11.945168   slack (MET)


Startpoint: _12_ (rising edge-triggered flip-flop clocked by clk)
Endpoint: _15_ (rising edge-triggered flip-flop clocked by clk)
Path Group: clk
Path Type: max

Fanout         Cap        Slew       Delay        Time   Description
---------------------------------------------------------------------------------------------
                      0.150000    0.000000    0.000000   clock clk (rise edge)
                                  0.000000    0.000000   clock network delay (ideal)
                      0.150000    0.000000    0.000000 ^ _12_/CLK (sky130_fd_sc_hd__dfrtp_2)
     5    0.051639    0.147905    0.540498    0.540498 v _12_/Q (sky130_fd_sc_hd__dfrtp_2)
                                                         count[0] (net)
                      0.147905    0.000000    0.540498 v _08_/B (sky130_fd_sc_hd__and3_2)
     2    0.011973    0.061568    0.266830    0.807328 v _08_/X (sky130_fd_sc_hd__and3_2)
                                                         _05_ (net)
                      0.061568    0.000000    0.807328 v _10_/B (sky130_fd_sc_hd__xor2_2)
     1    0.001949    0.051245    0.136011    0.943340 v _10_/X (sky130_fd_sc_hd__xor2_2)
                                                         _03_ (net)
                      0.051245    0.000000    0.943340 v _15_/D (sky130_fd_sc_hd__dfrtp_2)
                                              0.943340   data arrival time

                      0.150000   15.000000   15.000000   clock clk (rise edge)
                                  0.000000   15.000000   clock network delay (ideal)
                                 -0.250000   14.750000   clock uncertainty
                                  0.000000   14.750000   clock reconvergence pessimism
                                             14.750000 ^ _15_/CLK (sky130_fd_sc_hd__dfrtp_2)
                                 -0.093930   14.656070   library setup time
                                             14.656070   data required time
---------------------------------------------------------------------------------------------
                                             14.656070   data required time
                                             -0.943340   data arrival time
---------------------------------------------------------------------------------------------
                                             13.712730   slack (MET)


Startpoint: _12_ (rising edge-triggered flip-flop clocked by clk)
Endpoint: _14_ (rising edge-triggered flip-flop clocked by clk)
Path Group: clk
Path Type: max

Fanout         Cap        Slew       Delay        Time   Description
---------------------------------------------------------------------------------------------
                      0.150000    0.000000    0.000000   clock clk (rise edge)
                                  0.000000    0.000000   clock network delay (ideal)
                      0.150000    0.000000    0.000000 ^ _12_/CLK (sky130_fd_sc_hd__dfrtp_2)
     5    0.053164    0.260727    0.548158    0.548158 ^ _12_/Q (sky130_fd_sc_hd__dfrtp_2)
                                                         count[0] (net)
                      0.260727    0.000000    0.548158 ^ _08_/B (sky130_fd_sc_hd__and3_2)
     2    0.013233    0.092317    0.270252    0.818410 ^ _08_/X (sky130_fd_sc_hd__and3_2)
                                                         _05_ (net)
                      0.092317    0.000000    0.818410 ^ _09_/B (sky130_fd_sc_hd__nor2_2)
     1    0.001949    0.028342    0.033841    0.852251 v _09_/Y (sky130_fd_sc_hd__nor2_2)
                                                         _02_ (net)
                      0.028342    0.000000    0.852251 v _14_/D (sky130_fd_sc_hd__dfrtp_2)
                                              0.852251   data arrival time

                      0.150000   15.000000   15.000000   clock clk (rise edge)
                                  0.000000   15.000000   clock network delay (ideal)
                                 -0.250000   14.750000   clock uncertainty
                                  0.000000   14.750000   clock reconvergence pessimism
                                             14.750000 ^ _14_/CLK (sky130_fd_sc_hd__dfrtp_2)
                                 -0.083942   14.666059   library setup time
                                             14.666059   data required time
---------------------------------------------------------------------------------------------
                                             14.666059   data required time
                                             -0.852251   data arrival time
---------------------------------------------------------------------------------------------
                                             13.813807   slack (MET)


Startpoint: _13_ (rising edge-triggered flip-flop clocked by clk)
Endpoint: _13_ (rising edge-triggered flip-flop clocked by clk)
Path Group: clk
Path Type: max

Fanout         Cap        Slew       Delay        Time   Description
---------------------------------------------------------------------------------------------
                      0.150000    0.000000    0.000000   clock clk (rise edge)
                                  0.000000    0.000000   clock network delay (ideal)
                      0.150000    0.000000    0.000000 ^ _13_/CLK (sky130_fd_sc_hd__dfrtp_2)
     4    0.047709    0.139799    0.533320    0.533320 v _13_/Q (sky130_fd_sc_hd__dfrtp_2)
                                                         count[1] (net)
                      0.139799    0.000000    0.533320 v _11_/A (sky130_fd_sc_hd__xor2_2)
     1    0.001949    0.064709    0.193678    0.726998 v _11_/X (sky130_fd_sc_hd__xor2_2)
                                                         _01_ (net)
                      0.064709    0.000000    0.726998 v _13_/D (sky130_fd_sc_hd__dfrtp_2)
                                              0.726998   data arrival time

                      0.150000   15.000000   15.000000   clock clk (rise edge)
                                  0.000000   15.000000   clock network delay (ideal)
                                 -0.250000   14.750000   clock uncertainty
                                  0.000000   14.750000   clock reconvergence pessimism
                                             14.750000 ^ _13_/CLK (sky130_fd_sc_hd__dfrtp_2)
                                 -0.099802   14.650198   library setup time
                                             14.650198   data required time
---------------------------------------------------------------------------------------------
                                             14.650198   data required time
                                             -0.726998   data arrival time
---------------------------------------------------------------------------------------------
                                             13.923200   slack (MET)


Startpoint: _12_ (rising edge-triggered flip-flop clocked by clk)
Endpoint: _12_ (rising edge-triggered flip-flop clocked by clk)
Path Group: clk
Path Type: max

Fanout         Cap        Slew       Delay        Time   Description
---------------------------------------------------------------------------------------------
                      0.150000    0.000000    0.000000   clock clk (rise edge)
                                  0.000000    0.000000   clock network delay (ideal)
                      0.150000    0.000000    0.000000 ^ _12_/CLK (sky130_fd_sc_hd__dfrtp_2)
     5    0.053164    0.260727    0.548158    0.548158 ^ _12_/Q (sky130_fd_sc_hd__dfrtp_2)
                                                         count[0] (net)
                      0.260727    0.000000    0.548158 ^ _06_/A (sky130_fd_sc_hd__inv_2)
     1    0.001949    0.041114    0.037986    0.586144 v _06_/Y (sky130_fd_sc_hd__inv_2)
                                                         _00_ (net)
                      0.041114    0.000000    0.586144 v _12_/D (sky130_fd_sc_hd__dfrtp_2)
                                              0.586144   data arrival time

                      0.150000   15.000000   15.000000   clock clk (rise edge)
                                  0.000000   15.000000   clock network delay (ideal)
                                 -0.250000   14.750000   clock uncertainty
                                  0.000000   14.750000   clock reconvergence pessimism
                                             14.750000 ^ _12_/CLK (sky130_fd_sc_hd__dfrtp_2)
                                 -0.089512   14.660488   library setup time
                                             14.660488   data required time
---------------------------------------------------------------------------------------------
                                             14.660488   data required time
                                             -0.586144   data arrival time
---------------------------------------------------------------------------------------------
                                             14.074344   slack (MET)



%OL_END_REPORT
%OL_CREATE_REPORT checks.rpt

===========================================================================
report_checks -unconstrained
===========================================================================
======================= nom_tt_025C_1v80 Corner ===================================

Startpoint: rst_n (input port clocked by clk)
Endpoint: _12_ (recovery check against rising-edge clock clk)
Path Group: asynchronous
Path Type: max

Fanout         Cap        Slew       Delay        Time   Description
---------------------------------------------------------------------------------------------
                      0.150000    0.000000    0.000000   clock clk (rise edge)
                                  0.000000    0.000000   clock network delay (ideal)
                                  3.000000    3.000000 ^ input external delay
     4    0.014448    0.072591    0.048158    3.048158 ^ rst_n (in)
                                                         rst_n (net)
                      0.072591    0.000000    3.048158 ^ _12_/RESET_B (sky130_fd_sc_hd__dfrtp_2)
                                              3.048158   data arrival time

                      0.150000   15.000000   15.000000   clock clk (rise edge)
                                  0.000000   15.000000   clock network delay (ideal)
                                 -0.250000   14.750000   clock uncertainty
                                  0.000000   14.750000   clock reconvergence pessimism
                                             14.750000 ^ _12_/CLK (sky130_fd_sc_hd__dfrtp_2)
                                  0.243327   14.993326   library recovery time
                                             14.993326   data required time
---------------------------------------------------------------------------------------------
                                             14.993326   data required time
                                             -3.048158   data arrival time
---------------------------------------------------------------------------------------------
                                             11.945168   slack (MET)


Startpoint: _12_ (rising edge-triggered flip-flop clocked by clk)
Endpoint: count[0] (output port clocked by clk)
Path Group: clk
Path Type: max

Fanout         Cap        Slew       Delay        Time   Description
---------------------------------------------------------------------------------------------
                      0.150000    0.000000    0.000000   clock clk (rise edge)
                                  0.000000    0.000000   clock network delay (ideal)
                      0.150000    0.000000    0.000000 ^ _12_/CLK (sky130_fd_sc_hd__dfrtp_2)
     5    0.053164    0.260727    0.548158    0.548158 ^ _12_/Q (sky130_fd_sc_hd__dfrtp_2)
                                                         count[0] (net)
                      0.260727    0.000000    0.548158 ^ count[0] (out)
                                              0.548158   data arrival time

                      0.150000   15.000000   15.000000   clock clk (rise edge)
                                  0.000000   15.000000   clock network delay (ideal)
                                 -0.250000   14.750000   clock uncertainty
                                  0.000000   14.750000   clock reconvergence pessimism
                                 -3.000000   11.750000   output external delay
                                             11.750000   data required time
---------------------------------------------------------------------------------------------
                                             11.750000   data required time
                                             -0.548158   data arrival time
---------------------------------------------------------------------------------------------
                                             11.201842   slack (MET)




===========================================================================
report_checks --slack_max -0.01
============================================================================
======================= nom_tt_025C_1v80 Corner ===================================

No paths found.


===========================================================================
 report_check_types -max_slew -max_cap -max_fanout -violators
============================================================================
======================= nom_tt_025C_1v80 Corner ===================================



===========================================================================
report_parasitic_annotation -report_unannotated
============================================================================
Found 12 unannotated drivers.
 clk
 rst_n
 _06_/Y
 _07_/Y
 _08_/X
 _09_/Y
 _10_/X
 _11_/X
 _12_/Q
 _13_/Q
 _14_/Q
 _15_/Q
Found 0 partially unannotated drivers.

===========================================================================
max slew violation count 0
%OL_METRIC_I design__max_slew_violation__count__corner:nom_tt_025C_1v80 0
max fanout violation count 0
%OL_METRIC_I design__max_fanout_violation__count__corner:nom_tt_025C_1v80 0
max cap violation count 0
%OL_METRIC_I design__max_cap_violation__count__corner:nom_tt_025C_1v80 0
============================================================================

===========================================================================
check_setup -verbose -unconstrained_endpoints -multiple_clock -no_clock -no_input_delay -loops -generated_clocks
===========================================================================
%OL_END_REPORT
%OL_CREATE_REPORT power.rpt

===========================================================================
 report_power
============================================================================
======================= nom_tt_025C_1v80 Corner ===================================

Group                    Internal    Switching      Leakage        Total
                            Power        Power        Power        Power (Watts)
------------------------------------------------------------------------
Sequential           1.079477e-05 0.000000e+00 4.597940e-11 1.079481e-05 100.0%
Combinational        0.000000e+00 0.000000e+00 2.239960e-11 2.239960e-11   0.0%
Clock                0.000000e+00 0.000000e+00 0.000000e+00 0.000000e+00   0.0%
Macro                0.000000e+00 0.000000e+00 0.000000e+00 0.000000e+00   0.0%
Pad                  0.000000e+00 0.000000e+00 0.000000e+00 0.000000e+00   0.0%
------------------------------------------------------------------------
Total                1.079477e-05 0.000000e+00 6.837900e-11 1.079484e-05 100.0%
                           100.0%         0.0%         0.0%
%OL_METRIC_F power__internal__total 1.0794768058985937e-5
%OL_METRIC_F power__switching__total 0.0
%OL_METRIC_F power__leakage__total 6.83789969091464e-11
%OL_METRIC_F power__total 1.079483627108857e-5

%OL_END_REPORT
%OL_CREATE_REPORT skew.min.rpt

===========================================================================
Clock Skew (Hold)
============================================================================
%OL_METRIC_F clock__skew__worst_hold__corner:nom_tt_025C_1v80 -0.25
======================= nom_tt_025C_1v80 Corner ===================================

Clock clk
0.025821 source latency _12_/CLK ^
-0.025821 target latency _12_/CLK ^
-0.250000 clock uncertainty
0.000000 CRPR
--------------
-0.250000 hold skew

%OL_END_REPORT
%OL_CREATE_REPORT skew.max.rpt

===========================================================================
Clock Skew (Setup)
============================================================================
%OL_METRIC_F clock__skew__worst_setup__corner:nom_tt_025C_1v80 0.25
======================= nom_tt_025C_1v80 Corner ===================================

Clock clk
0.025821 source latency _12_/CLK ^
-0.025821 target latency _12_/CLK ^
0.250000 clock uncertainty
0.000000 CRPR
--------------
0.250000 setup skew

%OL_END_REPORT
%OL_CREATE_REPORT ws.min.rpt

===========================================================================
Worst Slack (Hold)
============================================================================
%OL_METRIC_F timing__hold__ws__corner:nom_tt_025C_1v80 0.3527259972828401
nom_tt_025C_1v80: 0.3527259972828401
%OL_END_REPORT
%OL_CREATE_REPORT ws.max.rpt

===========================================================================
Worst Slack (Setup)
============================================================================
%OL_METRIC_F timing__setup__ws__corner:nom_tt_025C_1v80 11.201842437365933
nom_tt_025C_1v80: 11.201842437365933
%OL_END_REPORT
%OL_CREATE_REPORT tns.min.rpt

===========================================================================
Total Negative Slack (Hold)
============================================================================
%OL_METRIC_F timing__hold__tns__corner:nom_tt_025C_1v80 0.0
nom_tt_025C_1v80: 0.0
%OL_END_REPORT
%OL_CREATE_REPORT tns.max.rpt

===========================================================================
Total Negative Slack (Setup)
============================================================================
%OL_METRIC_F timing__setup__tns__corner:nom_tt_025C_1v80 0.0
nom_tt_025C_1v80: 0.0
%OL_END_REPORT
%OL_CREATE_REPORT wns.min.rpt

===========================================================================
Worst Negative Slack (Hold)
============================================================================
%OL_METRIC_F timing__hold__wns__corner:nom_tt_025C_1v80 0
nom_tt_025C_1v80: 0
%OL_END_REPORT
%OL_CREATE_REPORT wns.max.rpt

===========================================================================
Worst Negative Slack (Setup)
============================================================================
%OL_METRIC_F timing__setup__wns__corner:nom_tt_025C_1v80 0.0
nom_tt_025C_1v80: 0.0
%OL_END_REPORT
%OL_CREATE_REPORT violator_list.rpt

===========================================================================
Violator List
============================================================================
%OL_METRIC_I timing__hold_vio__count__corner:nom_tt_025C_1v80 0
%OL_METRIC_F timing__hold_r2r__ws__corner:nom_tt_025C_1v80 0.352726
%OL_METRIC_I timing__hold_r2r_vio__count__corner:nom_tt_025C_1v80 0
%OL_METRIC_I timing__setup_vio__count__corner:nom_tt_025C_1v80 0
%OL_METRIC_F timing__setup_r2r__ws__corner:nom_tt_025C_1v80 13.712730
%OL_METRIC_I timing__setup_r2r_vio__count__corner:nom_tt_025C_1v80 0
%OL_END_REPORT
%OL_CREATE_REPORT unpropagated.rpt
clk
%OL_END_REPORT
%OL_CREATE_REPORT clock.rpt
Clock: clk
Sources: clk 
Generated: no
Virtual: no
Propagated: no
Period: 15.000000

===========================================================================
report_clock_properties
============================================================================
Clock                   Period          Waveform
----------------------------------------------------
clk                  15.000000    0.000000  7.500000

===========================================================================
report_clock_latency
============================================================================
Clock clk
rise -> rise
    min     max
0.000000 0.000000 source latency
0.025821         network latency _12_/CLK
        0.025821 network latency _12_/CLK
---------------
0.025821 0.025821 latency
        0.000000 skew

fall -> fall
    min     max
0.000000 0.000000 source latency
0.011116         network latency _12_/CLK
        0.011116 network latency _12_/CLK
---------------
0.011116 0.011116 latency
        0.000000 skew



===========================================================================
report_clock_min_period
============================================================================
clk period_min = 1.29 fmax = 776.84
%OL_END_REPORT
Writing SDF files for all corners…
