Clock: clk
Sources: clk 
Generated: no
Virtual: yes
Propagated: no
Period: 20.000000

===========================================================================
report_clock_properties
============================================================================
Clock                   Period          Waveform
----------------------------------------------------
clk                  20.000000    0.000000 10.000000

===========================================================================
report_clock_latency
============================================================================
Clock clk
rise -> rise
    min     max
0.000000 0.000000 source latency
0.609104         network latency _14_/CLK
        0.618644 network latency _12_/CLK
---------------
0.609104 0.618644 latency
        0.009540 skew

fall -> fall
    min     max
0.000000 0.000000 source latency
0.584957         network latency _14_/CLK
        0.593131 network latency _12_/CLK
---------------
0.584957 0.593131 latency
        0.008174 skew



===========================================================================
report_clock_min_period
============================================================================
clk period_min = 2.94 fmax = 340.54
