
===========================================================================
report_checks -path_delay min (Hold)
============================================================================
======================= max_ss_100C_1v60 Corner ===================================

Startpoint: _12_ (rising edge-triggered flip-flop clocked by clk)
Endpoint: _14_ (rising edge-triggered flip-flop clocked by clk)
Path Group: clk
Path Type: min

Fanout         Cap        Slew       Delay        Time   Description
---------------------------------------------------------------------------------------------
                                  0.000000    0.000000   clock clk (rise edge)
                                  0.000000    0.000000   clock source latency
     1    0.025813    0.190544    0.131231    0.131231 ^ clk (in)
                                                         clk (net)
                      0.190552    0.000000    0.131231 ^ clkbuf_0_clk/A (sky130_fd_sc_hd__clkbuf_16)
     2    0.020919    0.068575    0.277855    0.409087 ^ clkbuf_0_clk/X (sky130_fd_sc_hd__clkbuf_16)
                                                         clknet_0_clk (net)
                      0.068597    0.001392    0.410478 ^ clkbuf_1_1__f_clk/A (sky130_fd_sc_hd__clkbuf_16)
     3    0.010579    0.055668    0.207484    0.617962 ^ clkbuf_1_1__f_clk/X (sky130_fd_sc_hd__clkbuf_16)
                                                         clknet_1_1__leaf_clk (net)
                      0.055670    0.000682    0.618644 ^ _12_/CLK (sky130_fd_sc_hd__dfrtp_2)
     4    0.012295    0.134397    0.739441    1.358086 ^ _12_/Q (sky130_fd_sc_hd__dfrtp_2)
                                                         net2 (net)
                      0.134397    0.000384    1.358469 ^ _07_/A2 (sky130_fd_sc_hd__a21oi_1)
     1    0.003356    0.059025    0.160400    1.518870 v _07_/Y (sky130_fd_sc_hd__a21oi_1)
                                                         _04_ (net)
                      0.059025    0.000231    1.519101 v _09_/A (sky130_fd_sc_hd__nor2_1)
     1    0.002511    0.120781    0.154874    1.673975 ^ _09_/Y (sky130_fd_sc_hd__nor2_1)
                                                         _02_ (net)
                      0.120781    0.000182    1.674158 ^ _14_/D (sky130_fd_sc_hd__dfrtp_1)
                                              1.674158   data arrival time

                                  0.000000    0.000000   clock clk (rise edge)
                                  0.000000    0.000000   clock source latency
     1    0.025813    0.190544    0.131231    0.131231 ^ clk (in)
                                                         clk (net)
                      0.190552    0.000000    0.131231 ^ clkbuf_0_clk/A (sky130_fd_sc_hd__clkbuf_16)
     2    0.020919    0.068575    0.277855    0.409087 ^ clkbuf_0_clk/X (sky130_fd_sc_hd__clkbuf_16)
                                                         clknet_0_clk (net)
                      0.068575    0.001289    0.410376 ^ clkbuf_1_0__f_clk/A (sky130_fd_sc_hd__clkbuf_16)
     2    0.005520    0.048520    0.198424    0.608800 ^ clkbuf_1_0__f_clk/X (sky130_fd_sc_hd__clkbuf_16)
                                                         clknet_1_0__leaf_clk (net)
                      0.048521    0.000304    0.609104 ^ _14_/CLK (sky130_fd_sc_hd__dfrtp_1)
                                  0.250000    0.859104   clock uncertainty
                                  0.000000    0.859104   clock reconvergence pessimism
                                 -0.092061    0.767043   library hold time
                                              0.767043   data required time
---------------------------------------------------------------------------------------------
                                              0.767043   data required time
                                             -1.674158   data arrival time
---------------------------------------------------------------------------------------------
                                              0.907114   slack (MET)


Startpoint: _14_ (rising edge-triggered flip-flop clocked by clk)
Endpoint: _15_ (rising edge-triggered flip-flop clocked by clk)
Path Group: clk
Path Type: min

Fanout         Cap        Slew       Delay        Time   Description
---------------------------------------------------------------------------------------------
                                  0.000000    0.000000   clock clk (rise edge)
                                  0.000000    0.000000   clock source latency
     1    0.025813    0.190544    0.131231    0.131231 ^ clk (in)
                                                         clk (net)
                      0.190552    0.000000    0.131231 ^ clkbuf_0_clk/A (sky130_fd_sc_hd__clkbuf_16)
     2    0.020919    0.068575    0.277855    0.409087 ^ clkbuf_0_clk/X (sky130_fd_sc_hd__clkbuf_16)
                                                         clknet_0_clk (net)
                      0.068575    0.001289    0.410376 ^ clkbuf_1_0__f_clk/A (sky130_fd_sc_hd__clkbuf_16)
     2    0.005520    0.048520    0.198424    0.608800 ^ clkbuf_1_0__f_clk/X (sky130_fd_sc_hd__clkbuf_16)
                                                         clknet_1_0__leaf_clk (net)
                      0.048521    0.000304    0.609104 ^ _14_/CLK (sky130_fd_sc_hd__dfrtp_1)
     3    0.008718    0.149864    0.692596    1.301700 ^ _14_/Q (sky130_fd_sc_hd__dfrtp_1)
                                                         net4 (net)
                      0.149864    0.000496    1.302197 ^ _08_/C (sky130_fd_sc_hd__and3_1)
     2    0.010108    0.184303    0.419065    1.721262 ^ _08_/X (sky130_fd_sc_hd__and3_1)
                                                         _05_ (net)
                      0.184303    0.000673    1.721936 ^ _10_/B (sky130_fd_sc_hd__xor2_1)
     1    0.002838    0.068088    0.166245    1.888181 v _10_/X (sky130_fd_sc_hd__xor2_1)
                                                         _03_ (net)
                      0.068088    0.000194    1.888375 v _15_/D (sky130_fd_sc_hd__dfrtp_1)
                                              1.888375   data arrival time

                                  0.000000    0.000000   clock clk (rise edge)
                                  0.000000    0.000000   clock source latency
     1    0.025813    0.190544    0.131231    0.131231 ^ clk (in)
                                                         clk (net)
                      0.190552    0.000000    0.131231 ^ clkbuf_0_clk/A (sky130_fd_sc_hd__clkbuf_16)
     2    0.020919    0.068575    0.277855    0.409087 ^ clkbuf_0_clk/X (sky130_fd_sc_hd__clkbuf_16)
                                                         clknet_0_clk (net)
                      0.068575    0.001289    0.410376 ^ clkbuf_1_0__f_clk/A (sky130_fd_sc_hd__clkbuf_16)
     2    0.005520    0.048520    0.198424    0.608800 ^ clkbuf_1_0__f_clk/X (sky130_fd_sc_hd__clkbuf_16)
                                                         clknet_1_0__leaf_clk (net)
                      0.048521    0.000316    0.609116 ^ _15_/CLK (sky130_fd_sc_hd__dfrtp_1)
                                  0.250000    0.859116   clock uncertainty
                                  0.000000    0.859116   clock reconvergence pessimism
                                 -0.101747    0.757369   library hold time
                                              0.757369   data required time
---------------------------------------------------------------------------------------------
                                              0.757369   data required time
                                             -1.888375   data arrival time
---------------------------------------------------------------------------------------------
                                              1.131006   slack (MET)


Startpoint: _12_ (rising edge-triggered flip-flop clocked by clk)
Endpoint: _12_ (rising edge-triggered flip-flop clocked by clk)
Path Group: clk
Path Type: min

Fanout         Cap        Slew       Delay        Time   Description
---------------------------------------------------------------------------------------------
                                  0.000000    0.000000   clock clk (rise edge)
                                  0.000000    0.000000   clock source latency
     1    0.025813    0.190544    0.131231    0.131231 ^ clk (in)
                                                         clk (net)
                      0.190552    0.000000    0.131231 ^ clkbuf_0_clk/A (sky130_fd_sc_hd__clkbuf_16)
     2    0.020919    0.068575    0.277855    0.409087 ^ clkbuf_0_clk/X (sky130_fd_sc_hd__clkbuf_16)
                                                         clknet_0_clk (net)
                      0.068597    0.001392    0.410478 ^ clkbuf_1_1__f_clk/A (sky130_fd_sc_hd__clkbuf_16)
     3    0.010579    0.055668    0.207484    0.617962 ^ clkbuf_1_1__f_clk/X (sky130_fd_sc_hd__clkbuf_16)
                                                         clknet_1_1__leaf_clk (net)
                      0.055670    0.000682    0.618644 ^ _12_/CLK (sky130_fd_sc_hd__dfrtp_2)
     4    0.012295    0.134397    0.739441    1.358086 ^ _12_/Q (sky130_fd_sc_hd__dfrtp_2)
                                                         net2 (net)
                      0.134398    0.000635    1.358720 ^ hold1/A (sky130_fd_sc_hd__dlygate4sd3_1)
     2    0.010758    0.200069    1.167218    2.525938 ^ hold1/X (sky130_fd_sc_hd__dlygate4sd3_1)
                                                         net6 (net)
                      0.200069    0.000391    2.526329 ^ _06_/A (sky130_fd_sc_hd__inv_2)
     1    0.003271    0.045898    0.095395    2.621724 v _06_/Y (sky130_fd_sc_hd__inv_2)
                                                         _00_ (net)
                      0.045899    0.000209    2.621933 v _12_/D (sky130_fd_sc_hd__dfrtp_2)
                                              2.621933   data arrival time

                                  0.000000    0.000000   clock clk (rise edge)
                                  0.000000    0.000000   clock source latency
     1    0.025813    0.190544    0.131231    0.131231 ^ clk (in)
                                                         clk (net)
                      0.190552    0.000000    0.131231 ^ clkbuf_0_clk/A (sky130_fd_sc_hd__clkbuf_16)
     2    0.020919    0.068575    0.277855    0.409087 ^ clkbuf_0_clk/X (sky130_fd_sc_hd__clkbuf_16)
                                                         clknet_0_clk (net)
                      0.068597    0.001392    0.410478 ^ clkbuf_1_1__f_clk/A (sky130_fd_sc_hd__clkbuf_16)
     3    0.010579    0.055668    0.207484    0.617962 ^ clkbuf_1_1__f_clk/X (sky130_fd_sc_hd__clkbuf_16)
                                                         clknet_1_1__leaf_clk (net)
                      0.055670    0.000682    0.618644 ^ _12_/CLK (sky130_fd_sc_hd__dfrtp_2)
                                  0.250000    0.868644   clock uncertainty
                                  0.000000    0.868644   clock reconvergence pessimism
                                 -0.084298    0.784346   library hold time
                                              0.784346   data required time
---------------------------------------------------------------------------------------------
                                              0.784346   data required time
                                             -2.621933   data arrival time
---------------------------------------------------------------------------------------------
                                              1.837586   slack (MET)


Startpoint: _13_ (rising edge-triggered flip-flop clocked by clk)
Endpoint: _13_ (rising edge-triggered flip-flop clocked by clk)
Path Group: clk
Path Type: min

Fanout         Cap        Slew       Delay        Time   Description
---------------------------------------------------------------------------------------------
                                  0.000000    0.000000   clock clk (rise edge)
                                  0.000000    0.000000   clock source latency
     1    0.025813    0.190544    0.131231    0.131231 ^ clk (in)
                                                         clk (net)
                      0.190552    0.000000    0.131231 ^ clkbuf_0_clk/A (sky130_fd_sc_hd__clkbuf_16)
     2    0.020919    0.068575    0.277855    0.409087 ^ clkbuf_0_clk/X (sky130_fd_sc_hd__clkbuf_16)
                                                         clknet_0_clk (net)
                      0.068597    0.001392    0.410478 ^ clkbuf_1_1__f_clk/A (sky130_fd_sc_hd__clkbuf_16)
     3    0.010579    0.055668    0.207484    0.617962 ^ clkbuf_1_1__f_clk/X (sky130_fd_sc_hd__clkbuf_16)
                                                         clknet_1_1__leaf_clk (net)
                      0.055669    0.000605    0.618567 ^ _13_/CLK (sky130_fd_sc_hd__dfrtp_1)
     4    0.012159    0.193000    0.732189    1.350756 ^ _13_/Q (sky130_fd_sc_hd__dfrtp_1)
                                                         net3 (net)
                      0.193000    0.000598    1.351354 ^ hold3/A (sky130_fd_sc_hd__dlygate4sd3_1)
     1    0.004930    0.120879    1.120491    2.471845 ^ hold3/X (sky130_fd_sc_hd__dlygate4sd3_1)
                                                         net8 (net)
                      0.120879    0.000369    2.472214 ^ _11_/A (sky130_fd_sc_hd__xor2_1)
     1    0.002776    0.067575    0.146157    2.618371 v _11_/X (sky130_fd_sc_hd__xor2_1)
                                                         _01_ (net)
                      0.067575    0.000206    2.618577 v _13_/D (sky130_fd_sc_hd__dfrtp_1)
                                              2.618577   data arrival time

                                  0.000000    0.000000   clock clk (rise edge)
                                  0.000000    0.000000   clock source latency
     1    0.025813    0.190544    0.131231    0.131231 ^ clk (in)
                                                         clk (net)
                      0.190552    0.000000    0.131231 ^ clkbuf_0_clk/A (sky130_fd_sc_hd__clkbuf_16)
     2    0.020919    0.068575    0.277855    0.409087 ^ clkbuf_0_clk/X (sky130_fd_sc_hd__clkbuf_16)
                                                         clknet_0_clk (net)
                      0.068597    0.001392    0.410478 ^ clkbuf_1_1__f_clk/A (sky130_fd_sc_hd__clkbuf_16)
     3    0.010579    0.055668    0.207484    0.617962 ^ clkbuf_1_1__f_clk/X (sky130_fd_sc_hd__clkbuf_16)
                                                         clknet_1_1__leaf_clk (net)
                      0.055669    0.000605    0.618567 ^ _13_/CLK (sky130_fd_sc_hd__dfrtp_1)
                                  0.250000    0.868567   clock uncertainty
                                  0.000000    0.868567   clock reconvergence pessimism
                                 -0.099818    0.768749   library hold time
                                              0.768749   data required time
---------------------------------------------------------------------------------------------
                                              0.768749   data required time
                                             -2.618577   data arrival time
---------------------------------------------------------------------------------------------
                                              1.849828   slack (MET)


Startpoint: rst_n (input port clocked by clk)
Endpoint: _13_ (removal check against rising-edge clock clk)
Path Group: asynchronous
Path Type: min

Fanout         Cap        Slew       Delay        Time   Description
---------------------------------------------------------------------------------------------
                                  0.000000    0.000000   clock clk (rise edge)
                                  0.000000    0.000000   clock network delay (propagated)
                                  4.000000    4.000000 ^ input external delay
     1    0.002692    0.031535    0.015266    4.015266 ^ rst_n (in)
                                                         rst_n (net)
                      0.031535    0.000000    4.015266 ^ input1/A (sky130_fd_sc_hd__buf_1)
     4    0.017784    0.342559    0.326927    4.342194 ^ input1/X (sky130_fd_sc_hd__buf_1)
                                                         net1 (net)
                      0.342563    0.000983    4.343177 ^ _13_/RESET_B (sky130_fd_sc_hd__dfrtp_1)
                                              4.343177   data arrival time

                                  0.000000    0.000000   clock clk (rise edge)
                                  0.000000    0.000000   clock source latency
     1    0.025813    0.190544    0.131231    0.131231 ^ clk (in)
                                                         clk (net)
                      0.190552    0.000000    0.131231 ^ clkbuf_0_clk/A (sky130_fd_sc_hd__clkbuf_16)
     2    0.020919    0.068575    0.277855    0.409087 ^ clkbuf_0_clk/X (sky130_fd_sc_hd__clkbuf_16)
                                                         clknet_0_clk (net)
                      0.068597    0.001392    0.410478 ^ clkbuf_1_1__f_clk/A (sky130_fd_sc_hd__clkbuf_16)
     3    0.010579    0.055668    0.207484    0.617962 ^ clkbuf_1_1__f_clk/X (sky130_fd_sc_hd__clkbuf_16)
                                                         clknet_1_1__leaf_clk (net)
                      0.055669    0.000605    0.618567 ^ _13_/CLK (sky130_fd_sc_hd__dfrtp_1)
                                  0.250000    0.868567   clock uncertainty
                                  0.000000    0.868567   clock reconvergence pessimism
                                  0.736895    1.605462   library removal time
                                              1.605462   data required time
---------------------------------------------------------------------------------------------
                                              1.605462   data required time
                                             -4.343177   data arrival time
---------------------------------------------------------------------------------------------
                                              2.737715   slack (MET)


Startpoint: rst_n (input port clocked by clk)
Endpoint: _12_ (removal check against rising-edge clock clk)
Path Group: asynchronous
Path Type: min

Fanout         Cap        Slew       Delay        Time   Description
---------------------------------------------------------------------------------------------
                                  0.000000    0.000000   clock clk (rise edge)
                                  0.000000    0.000000   clock network delay (propagated)
                                  4.000000    4.000000 ^ input external delay
     1    0.002692    0.031535    0.015266    4.015266 ^ rst_n (in)
                                                         rst_n (net)
                      0.031535    0.000000    4.015266 ^ input1/A (sky130_fd_sc_hd__buf_1)
     4    0.017784    0.342559    0.326927    4.342194 ^ input1/X (sky130_fd_sc_hd__buf_1)
                                                         net1 (net)
                      0.342562    0.000842    4.343036 ^ _12_/RESET_B (sky130_fd_sc_hd__dfrtp_2)
                                              4.343036   data arrival time

                                  0.000000    0.000000   clock clk (rise edge)
                                  0.000000    0.000000   clock source latency
     1    0.025813    0.190544    0.131231    0.131231 ^ clk (in)
                                                         clk (net)
                      0.190552    0.000000    0.131231 ^ clkbuf_0_clk/A (sky130_fd_sc_hd__clkbuf_16)
     2    0.020919    0.068575    0.277855    0.409087 ^ clkbuf_0_clk/X (sky130_fd_sc_hd__clkbuf_16)
                                                         clknet_0_clk (net)
                      0.068597    0.001392    0.410478 ^ clkbuf_1_1__f_clk/A (sky130_fd_sc_hd__clkbuf_16)
     3    0.010579    0.055668    0.207484    0.617962 ^ clkbuf_1_1__f_clk/X (sky130_fd_sc_hd__clkbuf_16)
                                                         clknet_1_1__leaf_clk (net)
                      0.055670    0.000682    0.618644 ^ _12_/CLK (sky130_fd_sc_hd__dfrtp_2)
                                  0.250000    0.868644   clock uncertainty
                                  0.000000    0.868644   clock reconvergence pessimism
                                  0.736659    1.605303   library removal time
                                              1.605303   data required time
---------------------------------------------------------------------------------------------
                                              1.605303   data required time
                                             -4.343036   data arrival time
---------------------------------------------------------------------------------------------
                                              2.737733   slack (MET)


Startpoint: rst_n (input port clocked by clk)
Endpoint: _15_ (removal check against rising-edge clock clk)
Path Group: asynchronous
Path Type: min

Fanout         Cap        Slew       Delay        Time   Description
---------------------------------------------------------------------------------------------
                                  0.000000    0.000000   clock clk (rise edge)
                                  0.000000    0.000000   clock network delay (propagated)
                                  4.000000    4.000000 ^ input external delay
     1    0.002692    0.031535    0.015266    4.015266 ^ rst_n (in)
                                                         rst_n (net)
                      0.031535    0.000000    4.015266 ^ input1/A (sky130_fd_sc_hd__buf_1)
     4    0.017784    0.342559    0.326927    4.342194 ^ input1/X (sky130_fd_sc_hd__buf_1)
                                                         net1 (net)
                      0.342561    0.000768    4.342962 ^ _15_/RESET_B (sky130_fd_sc_hd__dfrtp_1)
                                              4.342962   data arrival time

                                  0.000000    0.000000   clock clk (rise edge)
                                  0.000000    0.000000   clock source latency
     1    0.025813    0.190544    0.131231    0.131231 ^ clk (in)
                                                         clk (net)
                      0.190552    0.000000    0.131231 ^ clkbuf_0_clk/A (sky130_fd_sc_hd__clkbuf_16)
     2    0.020919    0.068575    0.277855    0.409087 ^ clkbuf_0_clk/X (sky130_fd_sc_hd__clkbuf_16)
                                                         clknet_0_clk (net)
                      0.068575    0.001289    0.410376 ^ clkbuf_1_0__f_clk/A (sky130_fd_sc_hd__clkbuf_16)
     2    0.005520    0.048520    0.198424    0.608800 ^ clkbuf_1_0__f_clk/X (sky130_fd_sc_hd__clkbuf_16)
                                                         clknet_1_0__leaf_clk (net)
                      0.048521    0.000316    0.609116 ^ _15_/CLK (sky130_fd_sc_hd__dfrtp_1)
                                  0.250000    0.859116   clock uncertainty
                                  0.000000    0.859116   clock reconvergence pessimism
                                  0.734747    1.593863   library removal time
                                              1.593863   data required time
---------------------------------------------------------------------------------------------
                                              1.593863   data required time
                                             -4.342962   data arrival time
---------------------------------------------------------------------------------------------
                                              2.749099   slack (MET)


Startpoint: rst_n (input port clocked by clk)
Endpoint: _14_ (removal check against rising-edge clock clk)
Path Group: asynchronous
Path Type: min

Fanout         Cap        Slew       Delay        Time   Description
---------------------------------------------------------------------------------------------
                                  0.000000    0.000000   clock clk (rise edge)
                                  0.000000    0.000000   clock network delay (propagated)
                                  4.000000    4.000000 ^ input external delay
     1    0.002692    0.031535    0.015266    4.015266 ^ rst_n (in)
                                                         rst_n (net)
                      0.031535    0.000000    4.015266 ^ input1/A (sky130_fd_sc_hd__buf_1)
     4    0.017784    0.342559    0.326927    4.342194 ^ input1/X (sky130_fd_sc_hd__buf_1)
                                                         net1 (net)
                      0.342562    0.000778    4.342972 ^ _14_/RESET_B (sky130_fd_sc_hd__dfrtp_1)
                                              4.342972   data arrival time

                                  0.000000    0.000000   clock clk (rise edge)
                                  0.000000    0.000000   clock source latency
     1    0.025813    0.190544    0.131231    0.131231 ^ clk (in)
                                                         clk (net)
                      0.190552    0.000000    0.131231 ^ clkbuf_0_clk/A (sky130_fd_sc_hd__clkbuf_16)
     2    0.020919    0.068575    0.277855    0.409087 ^ clkbuf_0_clk/X (sky130_fd_sc_hd__clkbuf_16)
                                                         clknet_0_clk (net)
                      0.068575    0.001289    0.410376 ^ clkbuf_1_0__f_clk/A (sky130_fd_sc_hd__clkbuf_16)
     2    0.005520    0.048520    0.198424    0.608800 ^ clkbuf_1_0__f_clk/X (sky130_fd_sc_hd__clkbuf_16)
                                                         clknet_1_0__leaf_clk (net)
                      0.048521    0.000304    0.609104 ^ _14_/CLK (sky130_fd_sc_hd__dfrtp_1)
                                  0.250000    0.859104   clock uncertainty
                                  0.000000    0.859104   clock reconvergence pessimism
                                  0.734747    1.593851   library removal time
                                              1.593851   data required time
---------------------------------------------------------------------------------------------
                                              1.593851   data required time
                                             -4.342972   data arrival time
---------------------------------------------------------------------------------------------
                                              2.749121   slack (MET)


Startpoint: _15_ (rising edge-triggered flip-flop clocked by clk)
Endpoint: count[3] (output port clocked by clk)
Path Group: clk
Path Type: min

Fanout         Cap        Slew       Delay        Time   Description
---------------------------------------------------------------------------------------------
                                  0.000000    0.000000   clock clk (rise edge)
                                  0.000000    0.000000   clock source latency
     1    0.025813    0.190544    0.131231    0.131231 ^ clk (in)
                                                         clk (net)
                      0.190552    0.000000    0.131231 ^ clkbuf_0_clk/A (sky130_fd_sc_hd__clkbuf_16)
     2    0.020919    0.068575    0.277855    0.409087 ^ clkbuf_0_clk/X (sky130_fd_sc_hd__clkbuf_16)
                                                         clknet_0_clk (net)
                      0.068575    0.001289    0.410376 ^ clkbuf_1_0__f_clk/A (sky130_fd_sc_hd__clkbuf_16)
     2    0.005520    0.048520    0.198424    0.608800 ^ clkbuf_1_0__f_clk/X (sky130_fd_sc_hd__clkbuf_16)
                                                         clknet_1_0__leaf_clk (net)
                      0.048521    0.000316    0.609116 ^ _15_/CLK (sky130_fd_sc_hd__dfrtp_1)
     2    0.007532    0.135214    0.680115    1.289231 ^ _15_/Q (sky130_fd_sc_hd__dfrtp_1)
                                                         net5 (net)
                      0.135214    0.000445    1.289676 ^ output5/A (sky130_fd_sc_hd__buf_2)
     1    0.034109    0.271276    0.372453    1.662129 ^ output5/X (sky130_fd_sc_hd__buf_2)
                                                         count[3] (net)
                      0.271282    0.001644    1.663772 ^ count[3] (out)
                                              1.663772   data arrival time

                                  0.000000    0.000000   clock clk (rise edge)
                                  0.000000    0.000000   clock network delay (propagated)
                                  0.250000    0.250000   clock uncertainty
                                  0.000000    0.250000   clock reconvergence pessimism
                                 -4.000000   -3.750000   output external delay
                                             -3.750000   data required time
---------------------------------------------------------------------------------------------
                                             -3.750000   data required time
                                             -1.663772   data arrival time
---------------------------------------------------------------------------------------------
                                              5.413773   slack (MET)


Startpoint: _14_ (rising edge-triggered flip-flop clocked by clk)
Endpoint: count[2] (output port clocked by clk)
Path Group: clk
Path Type: min

Fanout         Cap        Slew       Delay        Time   Description
---------------------------------------------------------------------------------------------
                                  0.000000    0.000000   clock clk (rise edge)
                                  0.000000    0.000000   clock source latency
     1    0.025813    0.190544    0.131231    0.131231 ^ clk (in)
                                                         clk (net)
                      0.190552    0.000000    0.131231 ^ clkbuf_0_clk/A (sky130_fd_sc_hd__clkbuf_16)
     2    0.020919    0.068575    0.277855    0.409087 ^ clkbuf_0_clk/X (sky130_fd_sc_hd__clkbuf_16)
                                                         clknet_0_clk (net)
                      0.068575    0.001289    0.410376 ^ clkbuf_1_0__f_clk/A (sky130_fd_sc_hd__clkbuf_16)
     2    0.005520    0.048520    0.198424    0.608800 ^ clkbuf_1_0__f_clk/X (sky130_fd_sc_hd__clkbuf_16)
                                                         clknet_1_0__leaf_clk (net)
                      0.048521    0.000304    0.609104 ^ _14_/CLK (sky130_fd_sc_hd__dfrtp_1)
     3    0.008718    0.149864    0.692596    1.301700 ^ _14_/Q (sky130_fd_sc_hd__dfrtp_1)
                                                         net4 (net)
                      0.149864    0.000501    1.302202 ^ output4/A (sky130_fd_sc_hd__buf_2)
     1    0.034052    0.270882    0.379047    1.681249 ^ output4/X (sky130_fd_sc_hd__buf_2)
                                                         count[2] (net)
                      0.270887    0.001616    1.682865 ^ count[2] (out)
                                              1.682865   data arrival time

                                  0.000000    0.000000   clock clk (rise edge)
                                  0.000000    0.000000   clock network delay (propagated)
                                  0.250000    0.250000   clock uncertainty
                                  0.000000    0.250000   clock reconvergence pessimism
                                 -4.000000   -3.750000   output external delay
                                             -3.750000   data required time
---------------------------------------------------------------------------------------------
                                             -3.750000   data required time
                                             -1.682865   data arrival time
---------------------------------------------------------------------------------------------
                                              5.432865   slack (MET)


Startpoint: _12_ (rising edge-triggered flip-flop clocked by clk)
Endpoint: count[0] (output port clocked by clk)
Path Group: clk
Path Type: min

Fanout         Cap        Slew       Delay        Time   Description
---------------------------------------------------------------------------------------------
                                  0.000000    0.000000   clock clk (rise edge)
                                  0.000000    0.000000   clock source latency
     1    0.025813    0.190544    0.131231    0.131231 ^ clk (in)
                                                         clk (net)
                      0.190552    0.000000    0.131231 ^ clkbuf_0_clk/A (sky130_fd_sc_hd__clkbuf_16)
     2    0.020919    0.068575    0.277855    0.409087 ^ clkbuf_0_clk/X (sky130_fd_sc_hd__clkbuf_16)
                                                         clknet_0_clk (net)
                      0.068597    0.001392    0.410478 ^ clkbuf_1_1__f_clk/A (sky130_fd_sc_hd__clkbuf_16)
     3    0.010579    0.055668    0.207484    0.617962 ^ clkbuf_1_1__f_clk/X (sky130_fd_sc_hd__clkbuf_16)
                                                         clknet_1_1__leaf_clk (net)
                      0.055670    0.000682    0.618644 ^ _12_/CLK (sky130_fd_sc_hd__dfrtp_2)
     4    0.012295    0.134397    0.739441    1.358086 ^ _12_/Q (sky130_fd_sc_hd__dfrtp_2)
                                                         net2 (net)
                      0.134399    0.000773    1.358859 ^ output2/A (sky130_fd_sc_hd__buf_2)
     1    0.034041    0.270768    0.371732    1.730591 ^ output2/X (sky130_fd_sc_hd__buf_2)
                                                         count[0] (net)
                      0.270773    0.001616    1.732207 ^ count[0] (out)
                                              1.732207   data arrival time

                                  0.000000    0.000000   clock clk (rise edge)
                                  0.000000    0.000000   clock network delay (propagated)
                                  0.250000    0.250000   clock uncertainty
                                  0.000000    0.250000   clock reconvergence pessimism
                                 -4.000000   -3.750000   output external delay
                                             -3.750000   data required time
---------------------------------------------------------------------------------------------
                                             -3.750000   data required time
                                             -1.732207   data arrival time
---------------------------------------------------------------------------------------------
                                              5.482207   slack (MET)


Startpoint: _13_ (rising edge-triggered flip-flop clocked by clk)
Endpoint: count[1] (output port clocked by clk)
Path Group: clk
Path Type: min

Fanout         Cap        Slew       Delay        Time   Description
---------------------------------------------------------------------------------------------
                                  0.000000    0.000000   clock clk (rise edge)
                                  0.000000    0.000000   clock source latency
     1    0.025813    0.190544    0.131231    0.131231 ^ clk (in)
                                                         clk (net)
                      0.190552    0.000000    0.131231 ^ clkbuf_0_clk/A (sky130_fd_sc_hd__clkbuf_16)
     2    0.020919    0.068575    0.277855    0.409087 ^ clkbuf_0_clk/X (sky130_fd_sc_hd__clkbuf_16)
                                                         clknet_0_clk (net)
                      0.068597    0.001392    0.410478 ^ clkbuf_1_1__f_clk/A (sky130_fd_sc_hd__clkbuf_16)
     3    0.010579    0.055668    0.207484    0.617962 ^ clkbuf_1_1__f_clk/X (sky130_fd_sc_hd__clkbuf_16)
                                                         clknet_1_1__leaf_clk (net)
                      0.055669    0.000605    0.618567 ^ _13_/CLK (sky130_fd_sc_hd__dfrtp_1)
     4    0.012159    0.193000    0.732189    1.350756 ^ _13_/Q (sky130_fd_sc_hd__dfrtp_1)
                                                         net3 (net)
                      0.193000    0.000714    1.351471 ^ output3/A (sky130_fd_sc_hd__buf_2)
     1    0.034013    0.270665    0.399073    1.750544 ^ output3/X (sky130_fd_sc_hd__buf_2)
                                                         count[1] (net)
                      0.270670    0.001605    1.752149 ^ count[1] (out)
                                              1.752149   data arrival time

                                  0.000000    0.000000   clock clk (rise edge)
                                  0.000000    0.000000   clock network delay (propagated)
                                  0.250000    0.250000   clock uncertainty
                                  0.000000    0.250000   clock reconvergence pessimism
                                 -4.000000   -3.750000   output external delay
                                             -3.750000   data required time
---------------------------------------------------------------------------------------------
                                             -3.750000   data required time
                                             -1.752149   data arrival time
---------------------------------------------------------------------------------------------
                                              5.502149   slack (MET)



