
===========================================================================
report_checks -path_delay max (Setup)
============================================================================
======================= nom_ff_n40C_1v95 Corner ===================================

Startpoint: en (input port clocked by clk)
Endpoint: _33_ (rising edge-triggered flip-flop clocked by clk)
Path Group: clk
Path Type: max

Fanout         Cap        Slew       Delay        Time   Description
---------------------------------------------------------------------------------------------
                      0.150000    0.000000    0.000000   clock clk (rise edge)
                                  0.000000    0.000000   clock network delay (ideal)
                                  3.000000    3.000000 v input external delay
     5    0.015181    0.024845    0.015649    3.015649 v en (in)
                                                         en (net)
                      0.024845    0.000000    3.015649 v _25_/A1 (sky130_fd_sc_hd__a41o_2)
     2    0.003038    0.029187    0.127033    3.142682 v _25_/X (sky130_fd_sc_hd__a41o_2)
                                                         _12_ (net)
                      0.029187    0.000000    3.142682 v _27_/B (sky130_fd_sc_hd__or2_2)
     1    0.002288    0.035334    0.152257    3.294939 v _27_/X (sky130_fd_sc_hd__or2_2)
                                                         _13_ (net)
                      0.035334    0.000000    3.294939 v _29_/C1 (sky130_fd_sc_hd__o221a_2)
     1    0.002059    0.029886    0.072003    3.366942 v _29_/X (sky130_fd_sc_hd__o221a_2)
                                                         _03_ (net)
                      0.029886    0.000000    3.366942 v _33_/D (sky130_fd_sc_hd__dfrtp_2)
                                              3.366942   data arrival time

                      0.150000   15.000000   15.000000   clock clk (rise edge)
                                  0.000000   15.000000   clock network delay (ideal)
                                 -0.250000   14.750000   clock uncertainty
                                  0.000000   14.750000   clock reconvergence pessimism
                                             14.750000 ^ _33_/CLK (sky130_fd_sc_hd__dfrtp_2)
                                 -0.061559   14.688441   library setup time
                                             14.688441   data required time
---------------------------------------------------------------------------------------------
                                             14.688441   data required time
                                             -3.366942   data arrival time
---------------------------------------------------------------------------------------------
                                             11.321500   slack (MET)


Startpoint: load (input port clocked by clk)
Endpoint: _32_ (rising edge-triggered flip-flop clocked by clk)
Path Group: clk
Path Type: max

Fanout         Cap        Slew       Delay        Time   Description
---------------------------------------------------------------------------------------------
                      0.150000    0.000000    0.000000   clock clk (rise edge)
                                  0.000000    0.000000   clock network delay (ideal)
                                  3.000000    3.000000 v input external delay
     7    0.019329    0.031056    0.020241    3.020241 v load (in)
                                                         load (net)
                      0.031056    0.000000    3.020241 v _23_/A1 (sky130_fd_sc_hd__o211a_2)
     1    0.004145    0.034024    0.159166    3.179408 v _23_/X (sky130_fd_sc_hd__o211a_2)
                                                         _10_ (net)
                      0.034024    0.000000    3.179408 v _24_/B (sky130_fd_sc_hd__nor2_2)
     1    0.001733    0.041358    0.041873    3.221280 ^ _24_/Y (sky130_fd_sc_hd__nor2_2)
                                                         _11_ (net)
                      0.041358    0.000000    3.221280 ^ _26_/A1_N (sky130_fd_sc_hd__a2bb2o_2)
     1    0.002059    0.028933    0.119594    3.340874 v _26_/X (sky130_fd_sc_hd__a2bb2o_2)
                                                         _02_ (net)
                      0.028933    0.000000    3.340874 v _32_/D (sky130_fd_sc_hd__dfrtp_2)
                                              3.340874   data arrival time

                      0.150000   15.000000   15.000000   clock clk (rise edge)
                                  0.000000   15.000000   clock network delay (ideal)
                                 -0.250000   14.750000   clock uncertainty
                                  0.000000   14.750000   clock reconvergence pessimism
                                             14.750000 ^ _32_/CLK (sky130_fd_sc_hd__dfrtp_2)
                                 -0.061220   14.688780   library setup time
                                             14.688780   data required time
---------------------------------------------------------------------------------------------
                                             14.688780   data required time
                                             -3.340874   data arrival time
---------------------------------------------------------------------------------------------
                                             11.347905   slack (MET)


Startpoint: _30_ (rising edge-triggered flip-flop clocked by clk)
Endpoint: count[0] (output port clocked by clk)
Path Group: clk
Path Type: max

Fanout         Cap        Slew       Delay        Time   Description
---------------------------------------------------------------------------------------------
                      0.150000    0.000000    0.000000   clock clk (rise edge)
                                  0.000000    0.000000   clock network delay (ideal)
                      0.150000    0.000000    0.000000 ^ _30_/CLK (sky130_fd_sc_hd__dfrtp_2)
     6    0.050411    0.186063    0.359129    0.359129 ^ _30_/Q (sky130_fd_sc_hd__dfrtp_2)
                                                         count[0] (net)
                      0.186063    0.000000    0.359129 ^ count[0] (out)
                                              0.359129   data arrival time

                      0.150000   15.000000   15.000000   clock clk (rise edge)
                                  0.000000   15.000000   clock network delay (ideal)
                                 -0.250000   14.750000   clock uncertainty
                                  0.000000   14.750000   clock reconvergence pessimism
                                 -3.000000   11.750000   output external delay
                                             11.750000   data required time
---------------------------------------------------------------------------------------------
                                             11.750000   data required time
                                             -0.359129   data arrival time
---------------------------------------------------------------------------------------------
                                             11.390872   slack (MET)


Startpoint: _31_ (rising edge-triggered flip-flop clocked by clk)
Endpoint: count[1] (output port clocked by clk)
Path Group: clk
Path Type: max

Fanout         Cap        Slew       Delay        Time   Description
---------------------------------------------------------------------------------------------
                      0.150000    0.000000    0.000000   clock clk (rise edge)
                                  0.000000    0.000000   clock network delay (ideal)
                      0.150000    0.000000    0.000000 ^ _31_/CLK (sky130_fd_sc_hd__dfrtp_2)
     5    0.047680    0.176530    0.352550    0.352550 ^ _31_/Q (sky130_fd_sc_hd__dfrtp_2)
                                                         count[1] (net)
                      0.176530    0.000000    0.352550 ^ count[1] (out)
                                              0.352550   data arrival time

                      0.150000   15.000000   15.000000   clock clk (rise edge)
                                  0.000000   15.000000   clock network delay (ideal)
                                 -0.250000   14.750000   clock uncertainty
                                  0.000000   14.750000   clock reconvergence pessimism
                                 -3.000000   11.750000   output external delay
                                             11.750000   data required time
---------------------------------------------------------------------------------------------
                                             11.750000   data required time
                                             -0.352550   data arrival time
---------------------------------------------------------------------------------------------
                                             11.397450   slack (MET)


Startpoint: _32_ (rising edge-triggered flip-flop clocked by clk)
Endpoint: count[2] (output port clocked by clk)
Path Group: clk
Path Type: max

Fanout         Cap        Slew       Delay        Time   Description
---------------------------------------------------------------------------------------------
                      0.150000    0.000000    0.000000   clock clk (rise edge)
                                  0.000000    0.000000   clock network delay (ideal)
                      0.150000    0.000000    0.000000 ^ _32_/CLK (sky130_fd_sc_hd__dfrtp_2)
     4    0.045143    0.167673    0.346439    0.346439 ^ _32_/Q (sky130_fd_sc_hd__dfrtp_2)
                                                         count[2] (net)
                      0.167673    0.000000    0.346439 ^ count[2] (out)
                                              0.346439   data arrival time

                      0.150000   15.000000   15.000000   clock clk (rise edge)
                                  0.000000   15.000000   clock network delay (ideal)
                                 -0.250000   14.750000   clock uncertainty
                                  0.000000   14.750000   clock reconvergence pessimism
                                 -3.000000   11.750000   output external delay
                                             11.750000   data required time
---------------------------------------------------------------------------------------------
                                             11.750000   data required time
                                             -0.346439   data arrival time
---------------------------------------------------------------------------------------------
                                             11.403562   slack (MET)


Startpoint: _33_ (rising edge-triggered flip-flop clocked by clk)
Endpoint: count[3] (output port clocked by clk)
Path Group: clk
Path Type: max

Fanout         Cap        Slew       Delay        Time   Description
---------------------------------------------------------------------------------------------
                      0.150000    0.000000    0.000000   clock clk (rise edge)
                                  0.000000    0.000000   clock network delay (ideal)
                      0.150000    0.000000    0.000000 ^ _33_/CLK (sky130_fd_sc_hd__dfrtp_2)
     3    0.039171    0.086739    0.334558    0.334558 v _33_/Q (sky130_fd_sc_hd__dfrtp_2)
                                                         count[3] (net)
                      0.086739    0.000000    0.334558 v count[3] (out)
                                              0.334558   data arrival time

                      0.150000   15.000000   15.000000   clock clk (rise edge)
                                  0.000000   15.000000   clock network delay (ideal)
                                 -0.250000   14.750000   clock uncertainty
                                  0.000000   14.750000   clock reconvergence pessimism
                                 -3.000000   11.750000   output external delay
                                             11.750000   data required time
---------------------------------------------------------------------------------------------
                                             11.750000   data required time
                                             -0.334558   data arrival time
---------------------------------------------------------------------------------------------
                                             11.415443   slack (MET)


Startpoint: load (input port clocked by clk)
Endpoint: _31_ (rising edge-triggered flip-flop clocked by clk)
Path Group: clk
Path Type: max

Fanout         Cap        Slew       Delay        Time   Description
---------------------------------------------------------------------------------------------
                      0.150000    0.000000    0.000000   clock clk (rise edge)
                                  0.000000    0.000000   clock network delay (ideal)
                                  3.000000    3.000000 ^ input external delay
     7    0.021365    0.077640    0.051895    3.051895 ^ load (in)
                                                         load (net)
                      0.077640    0.000000    3.051895 ^ _15_/A (sky130_fd_sc_hd__inv_2)
     3    0.008799    0.028264    0.027887    3.079782 v _15_/Y (sky130_fd_sc_hd__inv_2)
                                                         _04_ (net)
                      0.028264    0.000000    3.079782 v _22_/A1 (sky130_fd_sc_hd__o211a_2)
     1    0.002059    0.028620    0.150370    3.230153 v _22_/X (sky130_fd_sc_hd__o211a_2)
                                                         _01_ (net)
                      0.028620    0.000000    3.230153 v _31_/D (sky130_fd_sc_hd__dfrtp_2)
                                              3.230153   data arrival time

                      0.150000   15.000000   15.000000   clock clk (rise edge)
                                  0.000000   15.000000   clock network delay (ideal)
                                 -0.250000   14.750000   clock uncertainty
                                  0.000000   14.750000   clock reconvergence pessimism
                                             14.750000 ^ _31_/CLK (sky130_fd_sc_hd__dfrtp_2)
                                 -0.061109   14.688891   library setup time
                                             14.688891   data required time
---------------------------------------------------------------------------------------------
                                             14.688891   data required time
                                             -3.230153   data arrival time
---------------------------------------------------------------------------------------------
                                             11.458738   slack (MET)


Startpoint: load (input port clocked by clk)
Endpoint: _30_ (rising edge-triggered flip-flop clocked by clk)
Path Group: clk
Path Type: max

Fanout         Cap        Slew       Delay        Time   Description
---------------------------------------------------------------------------------------------
                      0.150000    0.000000    0.000000   clock clk (rise edge)
                                  0.000000    0.000000   clock network delay (ideal)
                                  3.000000    3.000000 ^ input external delay
     7    0.021365    0.077640    0.051895    3.051895 ^ load (in)
                                                         load (net)
                      0.077640    0.000000    3.051895 ^ _17_/B1 (sky130_fd_sc_hd__a21oi_2)
     2    0.006512    0.048733    0.025221    3.077116 v _17_/Y (sky130_fd_sc_hd__a21oi_2)
                                                         _06_ (net)
                      0.048733    0.000000    3.077116 v _18_/B1 (sky130_fd_sc_hd__a21o_2)
     1    0.002303    0.024010    0.085366    3.162482 v _18_/X (sky130_fd_sc_hd__a21o_2)
                                                         _07_ (net)
                      0.024010    0.000000    3.162482 v _19_/B1 (sky130_fd_sc_hd__o31a_2)
     1    0.002059    0.034391    0.062687    3.225170 v _19_/X (sky130_fd_sc_hd__o31a_2)
                                                         _00_ (net)
                      0.034391    0.000000    3.225170 v _30_/D (sky130_fd_sc_hd__dfrtp_2)
                                              3.225170   data arrival time

                      0.150000   15.000000   15.000000   clock clk (rise edge)
                                  0.000000   15.000000   clock network delay (ideal)
                                 -0.250000   14.750000   clock uncertainty
                                  0.000000   14.750000   clock reconvergence pessimism
                                             14.750000 ^ _30_/CLK (sky130_fd_sc_hd__dfrtp_2)
                                 -0.063160   14.686841   library setup time
                                             14.686841   data required time
---------------------------------------------------------------------------------------------
                                             14.686841   data required time
                                             -3.225170   data arrival time
---------------------------------------------------------------------------------------------
                                             11.461671   slack (MET)


Startpoint: rst_n (input port clocked by clk)
Endpoint: _30_ (recovery check against rising-edge clock clk)
Path Group: asynchronous
Path Type: max

Fanout         Cap        Slew       Delay        Time   Description
---------------------------------------------------------------------------------------------
                      0.150000    0.000000    0.000000   clock clk (rise edge)
                                  0.000000    0.000000   clock network delay (ideal)
                                  3.000000    3.000000 ^ input external delay
     4    0.014468    0.054642    0.035848    3.035848 ^ rst_n (in)
                                                         rst_n (net)
                      0.054642    0.000000    3.035848 ^ _30_/RESET_B (sky130_fd_sc_hd__dfrtp_2)
                                              3.035848   data arrival time

                      0.150000   15.000000   15.000000   clock clk (rise edge)
                                  0.000000   15.000000   clock network delay (ideal)
                                 -0.250000   14.750000   clock uncertainty
                                  0.000000   14.750000   clock reconvergence pessimism
                                             14.750000 ^ _30_/CLK (sky130_fd_sc_hd__dfrtp_2)
                                  0.145846   14.895845   library recovery time
                                             14.895845   data required time
---------------------------------------------------------------------------------------------
                                             14.895845   data required time
                                             -3.035848   data arrival time
---------------------------------------------------------------------------------------------
                                             11.859998   slack (MET)


Startpoint: rst_n (input port clocked by clk)
Endpoint: _31_ (recovery check against rising-edge clock clk)
Path Group: asynchronous
Path Type: max

Fanout         Cap        Slew       Delay        Time   Description
---------------------------------------------------------------------------------------------
                      0.150000    0.000000    0.000000   clock clk (rise edge)
                                  0.000000    0.000000   clock network delay (ideal)
                                  3.000000    3.000000 ^ input external delay
     4    0.014468    0.054642    0.035848    3.035848 ^ rst_n (in)
                                                         rst_n (net)
                      0.054642    0.000000    3.035848 ^ _31_/RESET_B (sky130_fd_sc_hd__dfrtp_2)
                                              3.035848   data arrival time

                      0.150000   15.000000   15.000000   clock clk (rise edge)
                                  0.000000   15.000000   clock network delay (ideal)
                                 -0.250000   14.750000   clock uncertainty
                                  0.000000   14.750000   clock reconvergence pessimism
                                             14.750000 ^ _31_/CLK (sky130_fd_sc_hd__dfrtp_2)
                                  0.145846   14.895845   library recovery time
                                             14.895845   data required time
---------------------------------------------------------------------------------------------
                                             14.895845   data required time
                                             -3.035848   data arrival time
---------------------------------------------------------------------------------------------
                                             11.859998   slack (MET)


Startpoint: rst_n (input port clocked by clk)
Endpoint: _32_ (recovery check against rising-edge clock clk)
Path Group: asynchronous
Path Type: max

Fanout         Cap        Slew       Delay        Time   Description
---------------------------------------------------------------------------------------------
                      0.150000    0.000000    0.000000   clock clk (rise edge)
                                  0.000000    0.000000   clock network delay (ideal)
                                  3.000000    3.000000 ^ input external delay
     4    0.014468    0.054642    0.035848    3.035848 ^ rst_n (in)
                                                         rst_n (net)
                      0.054642    0.000000    3.035848 ^ _32_/RESET_B (sky130_fd_sc_hd__dfrtp_2)
                                              3.035848   data arrival time

                      0.150000   15.000000   15.000000   clock clk (rise edge)
                                  0.000000   15.000000   clock network delay (ideal)
                                 -0.250000   14.750000   clock uncertainty
                                  0.000000   14.750000   clock reconvergence pessimism
                                             14.750000 ^ _32_/CLK (sky130_fd_sc_hd__dfrtp_2)
                                  0.145846   14.895845   library recovery time
                                             14.895845   data required time
---------------------------------------------------------------------------------------------
                                             14.895845   data required time
                                             -3.035848   data arrival time
---------------------------------------------------------------------------------------------
                                             11.859998   slack (MET)


Startpoint: rst_n (input port clocked by clk)
Endpoint: _33_ (recovery check against rising-edge clock clk)
Path Group: asynchronous
Path Type: max

Fanout         Cap        Slew       Delay        Time   Description
---------------------------------------------------------------------------------------------
                      0.150000    0.000000    0.000000   clock clk (rise edge)
                                  0.000000    0.000000   clock network delay (ideal)
                                  3.000000    3.000000 ^ input external delay
     4    0.014468    0.054642    0.035848    3.035848 ^ rst_n (in)
                                                         rst_n (net)
                      0.054642    0.000000    3.035848 ^ _33_/RESET_B (sky130_fd_sc_hd__dfrtp_2)
                                              3.035848   data arrival time

                      0.150000   15.000000   15.000000   clock clk (rise edge)
                                  0.000000   15.000000   clock network delay (ideal)
                                 -0.250000   14.750000   clock uncertainty
                                  0.000000   14.750000   clock reconvergence pessimism
                                             14.750000 ^ _33_/CLK (sky130_fd_sc_hd__dfrtp_2)
                                  0.145846   14.895845   library recovery time
                                             14.895845   data required time
---------------------------------------------------------------------------------------------
                                             14.895845   data required time
                                             -3.035848   data arrival time
---------------------------------------------------------------------------------------------
                                             11.859998   slack (MET)



