
===========================================================================
report_checks -path_delay max (Setup)
============================================================================
======================= nom_tt_025C_1v80 Corner ===================================

Startpoint: load (input port clocked by clk)
Endpoint: _33_ (rising edge-triggered flip-flop clocked by clk)
Path Group: clk
Path Type: max

Fanout         Cap        Slew       Delay        Time   Description
---------------------------------------------------------------------------------------------
                      0.150000    0.000000    0.000000   clock clk (rise edge)
                                  0.000000    0.000000   clock network delay (ideal)
                                  3.000000    3.000000 v input external delay
     7    0.019004    0.044193    0.030530    3.030530 v load (in)
                                                         load (net)
                      0.044193    0.000000    3.030530 v _25_/B1 (sky130_fd_sc_hd__a41o_2)
     2    0.002912    0.038279    0.220826    3.251356 v _25_/X (sky130_fd_sc_hd__a41o_2)
                                                         _12_ (net)
                      0.038279    0.000000    3.251356 v _27_/B (sky130_fd_sc_hd__or2_2)
     1    0.002253    0.052406    0.260850    3.512206 v _27_/X (sky130_fd_sc_hd__or2_2)
                                                         _13_ (net)
                      0.052406    0.000000    3.512206 v _29_/C1 (sky130_fd_sc_hd__o221a_2)
     1    0.001949    0.040612    0.115822    3.628028 v _29_/X (sky130_fd_sc_hd__o221a_2)
                                                         _03_ (net)
                      0.040612    0.000000    3.628028 v _33_/D (sky130_fd_sc_hd__dfrtp_2)
                                              3.628028   data arrival time

                      0.150000   15.000000   15.000000   clock clk (rise edge)
                                  0.000000   15.000000   clock network delay (ideal)
                                 -0.250000   14.750000   clock uncertainty
                                  0.000000   14.750000   clock reconvergence pessimism
                                             14.750000 ^ _33_/CLK (sky130_fd_sc_hd__dfrtp_2)
                                 -0.089293   14.660707   library setup time
                                             14.660707   data required time
---------------------------------------------------------------------------------------------
                                             14.660707   data required time
                                             -3.628028   data arrival time
---------------------------------------------------------------------------------------------
                                             11.032680   slack (MET)


Startpoint: load (input port clocked by clk)
Endpoint: _32_ (rising edge-triggered flip-flop clocked by clk)
Path Group: clk
Path Type: max

Fanout         Cap        Slew       Delay        Time   Description
---------------------------------------------------------------------------------------------
                      0.150000    0.000000    0.000000   clock clk (rise edge)
                                  0.000000    0.000000   clock network delay (ideal)
                                  3.000000    3.000000 v input external delay
     7    0.019004    0.044193    0.030530    3.030530 v load (in)
                                                         load (net)
                      0.044193    0.000000    3.030530 v _23_/A1 (sky130_fd_sc_hd__o211a_2)
     1    0.004136    0.045721    0.257019    3.287548 v _23_/X (sky130_fd_sc_hd__o211a_2)
                                                         _10_ (net)
                      0.045721    0.000000    3.287548 v _24_/B (sky130_fd_sc_hd__nor2_2)
     1    0.001718    0.055350    0.061007    3.348555 ^ _24_/Y (sky130_fd_sc_hd__nor2_2)
                                                         _11_ (net)
                      0.055350    0.000000    3.348555 ^ _26_/A1_N (sky130_fd_sc_hd__a2bb2o_2)
     1    0.001949    0.040580    0.259133    3.607687 v _26_/X (sky130_fd_sc_hd__a2bb2o_2)
                                                         _02_ (net)
                      0.040580    0.000000    3.607687 v _32_/D (sky130_fd_sc_hd__dfrtp_2)
                                              3.607687   data arrival time

                      0.150000   15.000000   15.000000   clock clk (rise edge)
                                  0.000000   15.000000   clock network delay (ideal)
                                 -0.250000   14.750000   clock uncertainty
                                  0.000000   14.750000   clock reconvergence pessimism
                                             14.750000 ^ _32_/CLK (sky130_fd_sc_hd__dfrtp_2)
                                 -0.089279   14.660721   library setup time
                                             14.660721   data required time
---------------------------------------------------------------------------------------------
                                             14.660721   data required time
                                             -3.607687   data arrival time
---------------------------------------------------------------------------------------------
                                             11.053034   slack (MET)


Startpoint: _30_ (rising edge-triggered flip-flop clocked by clk)
Endpoint: count[0] (output port clocked by clk)
Path Group: clk
Path Type: max

Fanout         Cap        Slew       Delay        Time   Description
---------------------------------------------------------------------------------------------
                      0.150000    0.000000    0.000000   clock clk (rise edge)
                                  0.000000    0.000000   clock network delay (ideal)
                      0.150000    0.000000    0.000000 ^ _30_/CLK (sky130_fd_sc_hd__dfrtp_2)
     6    0.050321    0.247785    0.539036    0.539036 ^ _30_/Q (sky130_fd_sc_hd__dfrtp_2)
                                                         count[0] (net)
                      0.247785    0.000000    0.539036 ^ count[0] (out)
                                              0.539036   data arrival time

                      0.150000   15.000000   15.000000   clock clk (rise edge)
                                  0.000000   15.000000   clock network delay (ideal)
                                 -0.250000   14.750000   clock uncertainty
                                  0.000000   14.750000   clock reconvergence pessimism
                                 -3.000000   11.750000   output external delay
                                             11.750000   data required time
---------------------------------------------------------------------------------------------
                                             11.750000   data required time
                                             -0.539036   data arrival time
---------------------------------------------------------------------------------------------
                                             11.210965   slack (MET)


Startpoint: _31_ (rising edge-triggered flip-flop clocked by clk)
Endpoint: count[1] (output port clocked by clk)
Path Group: clk
Path Type: max

Fanout         Cap        Slew       Delay        Time   Description
---------------------------------------------------------------------------------------------
                      0.150000    0.000000    0.000000   clock clk (rise edge)
                                  0.000000    0.000000   clock network delay (ideal)
                      0.150000    0.000000    0.000000 ^ _31_/CLK (sky130_fd_sc_hd__dfrtp_2)
     5    0.046482    0.137269    0.531079    0.531079 v _31_/Q (sky130_fd_sc_hd__dfrtp_2)
                                                         count[1] (net)
                      0.137269    0.000000    0.531079 v count[1] (out)
                                              0.531079   data arrival time

                      0.150000   15.000000   15.000000   clock clk (rise edge)
                                  0.000000   15.000000   clock network delay (ideal)
                                 -0.250000   14.750000   clock uncertainty
                                  0.000000   14.750000   clock reconvergence pessimism
                                 -3.000000   11.750000   output external delay
                                             11.750000   data required time
---------------------------------------------------------------------------------------------
                                             11.750000   data required time
                                             -0.531079   data arrival time
---------------------------------------------------------------------------------------------
                                             11.218922   slack (MET)


Startpoint: _32_ (rising edge-triggered flip-flop clocked by clk)
Endpoint: count[2] (output port clocked by clk)
Path Group: clk
Path Type: max

Fanout         Cap        Slew       Delay        Time   Description
---------------------------------------------------------------------------------------------
                      0.150000    0.000000    0.000000   clock clk (rise edge)
                                  0.000000    0.000000   clock network delay (ideal)
                      0.150000    0.000000    0.000000 ^ _32_/CLK (sky130_fd_sc_hd__dfrtp_2)
     4    0.044174    0.132509    0.526863    0.526863 v _32_/Q (sky130_fd_sc_hd__dfrtp_2)
                                                         count[2] (net)
                      0.132509    0.000000    0.526863 v count[2] (out)
                                              0.526863   data arrival time

                      0.150000   15.000000   15.000000   clock clk (rise edge)
                                  0.000000   15.000000   clock network delay (ideal)
                                 -0.250000   14.750000   clock uncertainty
                                  0.000000   14.750000   clock reconvergence pessimism
                                 -3.000000   11.750000   output external delay
                                             11.750000   data required time
---------------------------------------------------------------------------------------------
                                             11.750000   data required time
                                             -0.526863   data arrival time
---------------------------------------------------------------------------------------------
                                             11.223138   slack (MET)


Startpoint: _33_ (rising edge-triggered flip-flop clocked by clk)
Endpoint: count[3] (output port clocked by clk)
Path Group: clk
Path Type: max

Fanout         Cap        Slew       Delay        Time   Description
---------------------------------------------------------------------------------------------
                      0.150000    0.000000    0.000000   clock clk (rise edge)
                                  0.000000    0.000000   clock network delay (ideal)
                      0.150000    0.000000    0.000000 ^ _33_/CLK (sky130_fd_sc_hd__dfrtp_2)
     3    0.039072    0.121986    0.517545    0.517545 v _33_/Q (sky130_fd_sc_hd__dfrtp_2)
                                                         count[3] (net)
                      0.121986    0.000000    0.517545 v count[3] (out)
                                              0.517545   data arrival time

                      0.150000   15.000000   15.000000   clock clk (rise edge)
                                  0.000000   15.000000   clock network delay (ideal)
                                 -0.250000   14.750000   clock uncertainty
                                  0.000000   14.750000   clock reconvergence pessimism
                                 -3.000000   11.750000   output external delay
                                             11.750000   data required time
---------------------------------------------------------------------------------------------
                                             11.750000   data required time
                                             -0.517545   data arrival time
---------------------------------------------------------------------------------------------
                                             11.232456   slack (MET)


Startpoint: load (input port clocked by clk)
Endpoint: _30_ (rising edge-triggered flip-flop clocked by clk)
Path Group: clk
Path Type: max

Fanout         Cap        Slew       Delay        Time   Description
---------------------------------------------------------------------------------------------
                      0.150000    0.000000    0.000000   clock clk (rise edge)
                                  0.000000    0.000000   clock network delay (ideal)
                                  3.000000    3.000000 ^ input external delay
     7    0.021140    0.102579    0.069039    3.069038 ^ load (in)
                                                         load (net)
                      0.102579    0.000000    3.069038 ^ _17_/B1 (sky130_fd_sc_hd__a21oi_2)
     2    0.006410    0.064424    0.048702    3.117741 v _17_/Y (sky130_fd_sc_hd__a21oi_2)
                                                         _06_ (net)
                      0.064424    0.000000    3.117741 v _18_/B1 (sky130_fd_sc_hd__a21o_2)
     1    0.002264    0.032459    0.183426    3.301167 v _18_/X (sky130_fd_sc_hd__a21o_2)
                                                         _07_ (net)
                      0.032459    0.000000    3.301167 v _19_/B1 (sky130_fd_sc_hd__o31a_2)
     1    0.001949    0.048003    0.098701    3.399867 v _19_/X (sky130_fd_sc_hd__o31a_2)
                                                         _00_ (net)
                      0.048003    0.000000    3.399867 v _30_/D (sky130_fd_sc_hd__dfrtp_2)
                                              3.399867   data arrival time

                      0.150000   15.000000   15.000000   clock clk (rise edge)
                                  0.000000   15.000000   clock network delay (ideal)
                                 -0.250000   14.750000   clock uncertainty
                                  0.000000   14.750000   clock reconvergence pessimism
                                             14.750000 ^ _30_/CLK (sky130_fd_sc_hd__dfrtp_2)
                                 -0.092516   14.657484   library setup time
                                             14.657484   data required time
---------------------------------------------------------------------------------------------
                                             14.657484   data required time
                                             -3.399867   data arrival time
---------------------------------------------------------------------------------------------
                                             11.257616   slack (MET)


Startpoint: load (input port clocked by clk)
Endpoint: _31_ (rising edge-triggered flip-flop clocked by clk)
Path Group: clk
Path Type: max

Fanout         Cap        Slew       Delay        Time   Description
---------------------------------------------------------------------------------------------
                      0.150000    0.000000    0.000000   clock clk (rise edge)
                                  0.000000    0.000000   clock network delay (ideal)
                                  3.000000    3.000000 ^ input external delay
     7    0.021140    0.102579    0.069039    3.069038 ^ load (in)
                                                         load (net)
                      0.102579    0.000000    3.069038 ^ _15_/A (sky130_fd_sc_hd__inv_2)
     3    0.008749    0.037088    0.052229    3.121267 v _15_/Y (sky130_fd_sc_hd__inv_2)
                                                         _04_ (net)
                      0.037088    0.000000    3.121267 v _22_/A1 (sky130_fd_sc_hd__o211a_2)
     1    0.001949    0.038670    0.242323    3.363590 v _22_/X (sky130_fd_sc_hd__o211a_2)
                                                         _01_ (net)
                      0.038670    0.000000    3.363590 v _31_/D (sky130_fd_sc_hd__dfrtp_2)
                                              3.363590   data arrival time

                      0.150000   15.000000   15.000000   clock clk (rise edge)
                                  0.000000   15.000000   clock network delay (ideal)
                                 -0.250000   14.750000   clock uncertainty
                                  0.000000   14.750000   clock reconvergence pessimism
                                             14.750000 ^ _31_/CLK (sky130_fd_sc_hd__dfrtp_2)
                                 -0.088446   14.661554   library setup time
                                             14.661554   data required time
---------------------------------------------------------------------------------------------
                                             14.661554   data required time
                                             -3.363590   data arrival time
---------------------------------------------------------------------------------------------
                                             11.297964   slack (MET)


Startpoint: rst_n (input port clocked by clk)
Endpoint: _30_ (recovery check against rising-edge clock clk)
Path Group: asynchronous
Path Type: max

Fanout         Cap        Slew       Delay        Time   Description
---------------------------------------------------------------------------------------------
                      0.150000    0.000000    0.000000   clock clk (rise edge)
                                  0.000000    0.000000   clock network delay (ideal)
                                  3.000000    3.000000 ^ input external delay
     4    0.014448    0.072591    0.048158    3.048158 ^ rst_n (in)
                                                         rst_n (net)
                      0.072591    0.000000    3.048158 ^ _30_/RESET_B (sky130_fd_sc_hd__dfrtp_2)
                                              3.048158   data arrival time

                      0.150000   15.000000   15.000000   clock clk (rise edge)
                                  0.000000   15.000000   clock network delay (ideal)
                                 -0.250000   14.750000   clock uncertainty
                                  0.000000   14.750000   clock reconvergence pessimism
                                             14.750000 ^ _30_/CLK (sky130_fd_sc_hd__dfrtp_2)
                                  0.243327   14.993326   library recovery time
                                             14.993326   data required time
---------------------------------------------------------------------------------------------
                                             14.993326   data required time
                                             -3.048158   data arrival time
---------------------------------------------------------------------------------------------
                                             11.945168   slack (MET)


Startpoint: rst_n (input port clocked by clk)
Endpoint: _31_ (recovery check against rising-edge clock clk)
Path Group: asynchronous
Path Type: max

Fanout         Cap        Slew       Delay        Time   Description
---------------------------------------------------------------------------------------------
                      0.150000    0.000000    0.000000   clock clk (rise edge)
                                  0.000000    0.000000   clock network delay (ideal)
                                  3.000000    3.000000 ^ input external delay
     4    0.014448    0.072591    0.048158    3.048158 ^ rst_n (in)
                                                         rst_n (net)
                      0.072591    0.000000    3.048158 ^ _31_/RESET_B (sky130_fd_sc_hd__dfrtp_2)
                                              3.048158   data arrival time

                      0.150000   15.000000   15.000000   clock clk (rise edge)
                                  0.000000   15.000000   clock network delay (ideal)
                                 -0.250000   14.750000   clock uncertainty
                                  0.000000   14.750000   clock reconvergence pessimism
                                             14.750000 ^ _31_/CLK (sky130_fd_sc_hd__dfrtp_2)
                                  0.243327   14.993326   library recovery time
                                             14.993326   data required time
---------------------------------------------------------------------------------------------
                                             14.993326   data required time
                                             -3.048158   data arrival time
---------------------------------------------------------------------------------------------
                                             11.945168   slack (MET)


Startpoint: rst_n (input port clocked by clk)
Endpoint: _32_ (recovery check against rising-edge clock clk)
Path Group: asynchronous
Path Type: max

Fanout         Cap        Slew       Delay        Time   Description
---------------------------------------------------------------------------------------------
                      0.150000    0.000000    0.000000   clock clk (rise edge)
                                  0.000000    0.000000   clock network delay (ideal)
                                  3.000000    3.000000 ^ input external delay
     4    0.014448    0.072591    0.048158    3.048158 ^ rst_n (in)
                                                         rst_n (net)
                      0.072591    0.000000    3.048158 ^ _32_/RESET_B (sky130_fd_sc_hd__dfrtp_2)
                                              3.048158   data arrival time

                      0.150000   15.000000   15.000000   clock clk (rise edge)
                                  0.000000   15.000000   clock network delay (ideal)
                                 -0.250000   14.750000   clock uncertainty
                                  0.000000   14.750000   clock reconvergence pessimism
                                             14.750000 ^ _32_/CLK (sky130_fd_sc_hd__dfrtp_2)
                                  0.243327   14.993326   library recovery time
                                             14.993326   data required time
---------------------------------------------------------------------------------------------
                                             14.993326   data required time
                                             -3.048158   data arrival time
---------------------------------------------------------------------------------------------
                                             11.945168   slack (MET)


Startpoint: rst_n (input port clocked by clk)
Endpoint: _33_ (recovery check against rising-edge clock clk)
Path Group: asynchronous
Path Type: max

Fanout         Cap        Slew       Delay        Time   Description
---------------------------------------------------------------------------------------------
                      0.150000    0.000000    0.000000   clock clk (rise edge)
                                  0.000000    0.000000   clock network delay (ideal)
                                  3.000000    3.000000 ^ input external delay
     4    0.014448    0.072591    0.048158    3.048158 ^ rst_n (in)
                                                         rst_n (net)
                      0.072591    0.000000    3.048158 ^ _33_/RESET_B (sky130_fd_sc_hd__dfrtp_2)
                                              3.048158   data arrival time

                      0.150000   15.000000   15.000000   clock clk (rise edge)
                                  0.000000   15.000000   clock network delay (ideal)
                                 -0.250000   14.750000   clock uncertainty
                                  0.000000   14.750000   clock reconvergence pessimism
                                             14.750000 ^ _33_/CLK (sky130_fd_sc_hd__dfrtp_2)
                                  0.243327   14.993326   library recovery time
                                             14.993326   data required time
---------------------------------------------------------------------------------------------
                                             14.993326   data required time
                                             -3.048158   data arrival time
---------------------------------------------------------------------------------------------
                                             11.945168   slack (MET)



