Clock: clk
Sources: clk 
Generated: no
Virtual: yes
Propagated: no
Period: 15.000000

===========================================================================
report_clock_properties
============================================================================
Clock                   Period          Waveform
----------------------------------------------------
clk                  15.000000    0.000000  7.500000

===========================================================================
report_clock_latency
============================================================================
Clock clk
rise -> rise
    min     max
0.000000 0.000000 source latency
0.035068         network latency _30_/CLK
        0.035101 network latency _31_/CLK
---------------
0.035068 0.035101 latency
        0.000034 skew

fall -> fall
    min     max
0.000000 0.000000 source latency
0.015749         network latency _30_/CLK
        0.015780 network latency _31_/CLK
---------------
0.015749 0.015780 latency
        0.000031 skew



===========================================================================
report_clock_min_period
============================================================================
clk period_min = 1.54 fmax = 648.56
