
===========================================================================
report_checks -path_delay max (Setup)
============================================================================
======================= nom_tt_025C_1v80 Corner ===================================

Startpoint: load (input port clocked by clk)
Endpoint: _33_ (rising edge-triggered flip-flop clocked by clk)
Path Group: clk
Path Type: max

Fanout         Cap        Slew       Delay        Time   Description
---------------------------------------------------------------------------------------------
                                  0.000000    0.000000   clock clk (rise edge)
                                  0.000000    0.000000   clock network delay (propagated)
                                  3.000000    3.000000 v input external delay
     7    0.021612    0.049480    0.034714    3.034714 v load (in)
                                                         load (net)
                      0.049481    0.000000    3.034714 v _25_/B1 (sky130_fd_sc_hd__a41o_2)
     2    0.003549    0.040428    0.225940    3.260654 v _25_/X (sky130_fd_sc_hd__a41o_2)
                                                         _12_ (net)
                      0.040428    0.000007    3.260660 v _27_/B (sky130_fd_sc_hd__or2_2)
     1    0.002382    0.052938    0.262342    3.523002 v _27_/X (sky130_fd_sc_hd__or2_2)
                                                         _13_ (net)
                      0.052938    0.000002    3.523004 v _29_/C1 (sky130_fd_sc_hd__o221a_2)
     1    0.002042    0.040916    0.116441    3.639445 v _29_/X (sky130_fd_sc_hd__o221a_2)
                                                         _03_ (net)
                      0.040916    0.000001    3.639446 v _33_/D (sky130_fd_sc_hd__dfrtp_2)
                                              3.639446   data arrival time

                                 15.000000   15.000000   clock clk (rise edge)
                                  0.000000   15.000000   clock source latency
     4    0.010342    0.052927    0.035094   15.035093 ^ clk (in)
                                                         clk (net)
                      0.052927    0.000000   15.035093 ^ _33_/CLK (sky130_fd_sc_hd__dfrtp_2)
                                 -0.250000   14.785093   clock uncertainty
                                  0.000000   14.785093   clock reconvergence pessimism
                                 -0.111870   14.673223   library setup time
                                             14.673223   data required time
---------------------------------------------------------------------------------------------
                                             14.673223   data required time
                                             -3.639446   data arrival time
---------------------------------------------------------------------------------------------
                                             11.033778   slack (MET)


Startpoint: load (input port clocked by clk)
Endpoint: _32_ (rising edge-triggered flip-flop clocked by clk)
Path Group: clk
Path Type: max

Fanout         Cap        Slew       Delay        Time   Description
---------------------------------------------------------------------------------------------
                                  0.000000    0.000000   clock clk (rise edge)
                                  0.000000    0.000000   clock network delay (propagated)
                                  3.000000    3.000000 v input external delay
     7    0.021612    0.049480    0.034713    3.034713 v load (in)
                                                         load (net)
                      0.049481    0.000000    3.034713 v _23_/A1 (sky130_fd_sc_hd__o211a_2)
     1    0.004316    0.046113    0.259967    3.294680 v _23_/X (sky130_fd_sc_hd__o211a_2)
                                                         _10_ (net)
                      0.046113    0.000004    3.294684 v _24_/B (sky130_fd_sc_hd__nor2_2)
     1    0.002018    0.058282    0.063486    3.358170 ^ _24_/Y (sky130_fd_sc_hd__nor2_2)
                                                         _11_ (net)
                      0.058282    0.000003    3.358172 ^ _26_/A1_N (sky130_fd_sc_hd__a2bb2o_2)
     1    0.002066    0.041005    0.260638    3.618811 v _26_/X (sky130_fd_sc_hd__a2bb2o_2)
                                                         _02_ (net)
                      0.041005    0.000001    3.618812 v _32_/D (sky130_fd_sc_hd__dfrtp_2)
                                              3.618812   data arrival time

                                 15.000000   15.000000   clock clk (rise edge)
                                  0.000000   15.000000   clock source latency
     4    0.010342    0.052927    0.035072   15.035072 ^ clk (in)
                                                         clk (net)
                      0.052927    0.000000   15.035072 ^ _32_/CLK (sky130_fd_sc_hd__dfrtp_2)
                                 -0.250000   14.785072   clock uncertainty
                                  0.000000   14.785072   clock reconvergence pessimism
                                 -0.111908   14.673163   library setup time
                                             14.673163   data required time
---------------------------------------------------------------------------------------------
                                             14.673163   data required time
                                             -3.618812   data arrival time
---------------------------------------------------------------------------------------------
                                             11.054352   slack (MET)


Startpoint: _30_ (rising edge-triggered flip-flop clocked by clk)
Endpoint: count[0] (output port clocked by clk)
Path Group: clk
Path Type: max

Fanout         Cap        Slew       Delay        Time   Description
---------------------------------------------------------------------------------------------
                                  0.000000    0.000000   clock clk (rise edge)
                                  0.000000    0.000000   clock source latency
     4    0.010342    0.052927    0.035068    0.035068 ^ clk (in)
                                                         clk (net)
                      0.052927    0.000000    0.035068 ^ _30_/CLK (sky130_fd_sc_hd__dfrtp_2)
     6    0.052751    0.254600    0.512416    0.547484 ^ _30_/Q (sky130_fd_sc_hd__dfrtp_2)
                                                         count[0] (net)
                      0.254600    0.000254    0.547738 ^ count[0] (out)
                                              0.547738   data arrival time

                                 15.000000   15.000000   clock clk (rise edge)
                                  0.000000   15.000000   clock network delay (propagated)
                                 -0.250000   14.750000   clock uncertainty
                                  0.000000   14.750000   clock reconvergence pessimism
                                 -3.000000   11.750000   output external delay
                                             11.750000   data required time
---------------------------------------------------------------------------------------------
                                             11.750000   data required time
                                             -0.547738   data arrival time
---------------------------------------------------------------------------------------------
                                             11.202263   slack (MET)


Startpoint: _31_ (rising edge-triggered flip-flop clocked by clk)
Endpoint: count[1] (output port clocked by clk)
Path Group: clk
Path Type: max

Fanout         Cap        Slew       Delay        Time   Description
---------------------------------------------------------------------------------------------
                                  0.000000    0.000000   clock clk (rise edge)
                                  0.000000    0.000000   clock source latency
     4    0.010342    0.052927    0.035101    0.035101 ^ clk (in)
                                                         clk (net)
                      0.052927    0.000000    0.035101 ^ _31_/CLK (sky130_fd_sc_hd__dfrtp_2)
     5    0.050218    0.247010    0.504406    0.539507 ^ _31_/Q (sky130_fd_sc_hd__dfrtp_2)
                                                         count[1] (net)
                      0.247010    0.000111    0.539618 ^ count[1] (out)
                                              0.539618   data arrival time

                                 15.000000   15.000000   clock clk (rise edge)
                                  0.000000   15.000000   clock network delay (propagated)
                                 -0.250000   14.750000   clock uncertainty
                                  0.000000   14.750000   clock reconvergence pessimism
                                 -3.000000   11.750000   output external delay
                                             11.750000   data required time
---------------------------------------------------------------------------------------------
                                             11.750000   data required time
                                             -0.539618   data arrival time
---------------------------------------------------------------------------------------------
                                             11.210382   slack (MET)


Startpoint: _32_ (rising edge-triggered flip-flop clocked by clk)
Endpoint: count[2] (output port clocked by clk)
Path Group: clk
Path Type: max

Fanout         Cap        Slew       Delay        Time   Description
---------------------------------------------------------------------------------------------
                                  0.000000    0.000000   clock clk (rise edge)
                                  0.000000    0.000000   clock source latency
     4    0.010342    0.052927    0.035072    0.035072 ^ clk (in)
                                                         clk (net)
                      0.052927    0.000000    0.035072 ^ _32_/CLK (sky130_fd_sc_hd__dfrtp_2)
     4    0.046213    0.133316    0.496296    0.531368 v _32_/Q (sky130_fd_sc_hd__dfrtp_2)
                                                         count[2] (net)
                      0.133316    0.000319    0.531687 v count[2] (out)
                                              0.531687   data arrival time

                                 15.000000   15.000000   clock clk (rise edge)
                                  0.000000   15.000000   clock network delay (propagated)
                                 -0.250000   14.750000   clock uncertainty
                                  0.000000   14.750000   clock reconvergence pessimism
                                 -3.000000   11.750000   output external delay
                                             11.750000   data required time
---------------------------------------------------------------------------------------------
                                             11.750000   data required time
                                             -0.531687   data arrival time
---------------------------------------------------------------------------------------------
                                             11.218314   slack (MET)


Startpoint: _33_ (rising edge-triggered flip-flop clocked by clk)
Endpoint: count[3] (output port clocked by clk)
Path Group: clk
Path Type: max

Fanout         Cap        Slew       Delay        Time   Description
---------------------------------------------------------------------------------------------
                                  0.000000    0.000000   clock clk (rise edge)
                                  0.000000    0.000000   clock source latency
     4    0.010342    0.052927    0.035094    0.035094 ^ clk (in)
                                                         clk (net)
                      0.052927    0.000000    0.035094 ^ _33_/CLK (sky130_fd_sc_hd__dfrtp_2)
     3    0.040921    0.122058    0.486724    0.521818 v _33_/Q (sky130_fd_sc_hd__dfrtp_2)
                                                         count[3] (net)
                      0.122058    0.000124    0.521943 v count[3] (out)
                                              0.521943   data arrival time

                                 15.000000   15.000000   clock clk (rise edge)
                                  0.000000   15.000000   clock network delay (propagated)
                                 -0.250000   14.750000   clock uncertainty
                                  0.000000   14.750000   clock reconvergence pessimism
                                 -3.000000   11.750000   output external delay
                                             11.750000   data required time
---------------------------------------------------------------------------------------------
                                             11.750000   data required time
                                             -0.521943   data arrival time
---------------------------------------------------------------------------------------------
                                             11.228058   slack (MET)


Startpoint: load (input port clocked by clk)
Endpoint: _30_ (rising edge-triggered flip-flop clocked by clk)
Path Group: clk
Path Type: max

Fanout         Cap        Slew       Delay        Time   Description
---------------------------------------------------------------------------------------------
                                  0.000000    0.000000   clock clk (rise edge)
                                  0.000000    0.000000   clock network delay (propagated)
                                  3.000000    3.000000 ^ input external delay
     7    0.023748    0.112354    0.077202    3.077201 ^ load (in)
                                                         load (net)
                      0.112354    0.000000    3.077201 ^ _17_/B1 (sky130_fd_sc_hd__a21oi_2)
     2    0.006873    0.066872    0.052130    3.129331 v _17_/Y (sky130_fd_sc_hd__a21oi_2)
                                                         _06_ (net)
                      0.066872    0.000002    3.129333 v _18_/B1 (sky130_fd_sc_hd__a21o_2)
     1    0.002502    0.033227    0.185515    3.314849 v _18_/X (sky130_fd_sc_hd__a21o_2)
                                                         _07_ (net)
                      0.033227    0.000003    3.314852 v _19_/B1 (sky130_fd_sc_hd__o31a_2)
     1    0.002069    0.048415    0.099454    3.414306 v _19_/X (sky130_fd_sc_hd__o31a_2)
                                                         _00_ (net)
                      0.048415    0.000001    3.414307 v _30_/D (sky130_fd_sc_hd__dfrtp_2)
                                              3.414307   data arrival time

                                 15.000000   15.000000   clock clk (rise edge)
                                  0.000000   15.000000   clock source latency
     4    0.010342    0.052927    0.035067   15.035067 ^ clk (in)
                                                         clk (net)
                      0.052927    0.000000   15.035067 ^ _30_/CLK (sky130_fd_sc_hd__dfrtp_2)
                                 -0.250000   14.785067   clock uncertainty
                                  0.000000   14.785067   clock reconvergence pessimism
                                 -0.115158   14.669909   library setup time
                                             14.669909   data required time
---------------------------------------------------------------------------------------------
                                             14.669909   data required time
                                             -3.414307   data arrival time
---------------------------------------------------------------------------------------------
                                             11.255601   slack (MET)


Startpoint: load (input port clocked by clk)
Endpoint: _31_ (rising edge-triggered flip-flop clocked by clk)
Path Group: clk
Path Type: max

Fanout         Cap        Slew       Delay        Time   Description
---------------------------------------------------------------------------------------------
                                  0.000000    0.000000   clock clk (rise edge)
                                  0.000000    0.000000   clock network delay (propagated)
                                  3.000000    3.000000 ^ input external delay
     7    0.023748    0.112354    0.077245    3.077245 ^ load (in)
                                                         load (net)
                      0.112354    0.000000    3.077245 ^ _15_/A (sky130_fd_sc_hd__inv_2)
     3    0.009595    0.040770    0.056838    3.134083 v _15_/Y (sky130_fd_sc_hd__inv_2)
                                                         _04_ (net)
                      0.040770    0.000010    3.134093 v _22_/A1 (sky130_fd_sc_hd__o211a_2)
     1    0.002034    0.038863    0.244352    3.378445 v _22_/X (sky130_fd_sc_hd__o211a_2)
                                                         _01_ (net)
                      0.038863    0.000000    3.378446 v _31_/D (sky130_fd_sc_hd__dfrtp_2)
                                              3.378446   data arrival time

                                 15.000000   15.000000   clock clk (rise edge)
                                  0.000000   15.000000   clock source latency
     4    0.010342    0.052927    0.035101   15.035101 ^ clk (in)
                                                         clk (net)
                      0.052927    0.000000   15.035101 ^ _31_/CLK (sky130_fd_sc_hd__dfrtp_2)
                                 -0.250000   14.785101   clock uncertainty
                                  0.000000   14.785101   clock reconvergence pessimism
                                 -0.110969   14.674131   library setup time
                                             14.674131   data required time
---------------------------------------------------------------------------------------------
                                             14.674131   data required time
                                             -3.378446   data arrival time
---------------------------------------------------------------------------------------------
                                             11.295686   slack (MET)


Startpoint: rst_n (input port clocked by clk)
Endpoint: _30_ (recovery check against rising-edge clock clk)
Path Group: asynchronous
Path Type: max

Fanout         Cap        Slew       Delay        Time   Description
---------------------------------------------------------------------------------------------
                                  0.000000    0.000000   clock clk (rise edge)
                                  0.000000    0.000000   clock network delay (propagated)
                                  3.000000    3.000000 ^ input external delay
     4    0.017795    0.085835    0.058696    3.058696 ^ rst_n (in)
                                                         rst_n (net)
                      0.085835    0.000000    3.058696 ^ _30_/RESET_B (sky130_fd_sc_hd__dfrtp_2)
                                              3.058696   data arrival time

                                 15.000000   15.000000   clock clk (rise edge)
                                  0.000000   15.000000   clock source latency
     4    0.010342    0.052927    0.035067   15.035067 ^ clk (in)
                                                         clk (net)
                      0.052927    0.000000   15.035067 ^ _30_/CLK (sky130_fd_sc_hd__dfrtp_2)
                                 -0.250000   14.785067   clock uncertainty
                                  0.000000   14.785067   clock reconvergence pessimism
                                  0.209448   14.994514   library recovery time
                                             14.994514   data required time
---------------------------------------------------------------------------------------------
                                             14.994514   data required time
                                             -3.058696   data arrival time
---------------------------------------------------------------------------------------------
                                             11.935818   slack (MET)


Startpoint: rst_n (input port clocked by clk)
Endpoint: _32_ (recovery check against rising-edge clock clk)
Path Group: asynchronous
Path Type: max

Fanout         Cap        Slew       Delay        Time   Description
---------------------------------------------------------------------------------------------
                                  0.000000    0.000000   clock clk (rise edge)
                                  0.000000    0.000000   clock network delay (propagated)
                                  3.000000    3.000000 ^ input external delay
     4    0.017795    0.085835    0.058674    3.058673 ^ rst_n (in)
                                                         rst_n (net)
                      0.085835    0.000000    3.058673 ^ _32_/RESET_B (sky130_fd_sc_hd__dfrtp_2)
                                              3.058673   data arrival time

                                 15.000000   15.000000   clock clk (rise edge)
                                  0.000000   15.000000   clock source latency
     4    0.010342    0.052927    0.035072   15.035072 ^ clk (in)
                                                         clk (net)
                      0.052927    0.000000   15.035072 ^ _32_/CLK (sky130_fd_sc_hd__dfrtp_2)
                                 -0.250000   14.785072   clock uncertainty
                                  0.000000   14.785072   clock reconvergence pessimism
                                  0.209448   14.994520   library recovery time
                                             14.994520   data required time
---------------------------------------------------------------------------------------------
                                             14.994520   data required time
                                             -3.058673   data arrival time
---------------------------------------------------------------------------------------------
                                             11.935846   slack (MET)


Startpoint: rst_n (input port clocked by clk)
Endpoint: _33_ (recovery check against rising-edge clock clk)
Path Group: asynchronous
Path Type: max

Fanout         Cap        Slew       Delay        Time   Description
---------------------------------------------------------------------------------------------
                                  0.000000    0.000000   clock clk (rise edge)
                                  0.000000    0.000000   clock network delay (propagated)
                                  3.000000    3.000000 ^ input external delay
     4    0.017795    0.085835    0.058634    3.058633 ^ rst_n (in)
                                                         rst_n (net)
                      0.085835    0.000000    3.058633 ^ _33_/RESET_B (sky130_fd_sc_hd__dfrtp_2)
                                              3.058633   data arrival time

                                 15.000000   15.000000   clock clk (rise edge)
                                  0.000000   15.000000   clock source latency
     4    0.010342    0.052927    0.035094   15.035093 ^ clk (in)
                                                         clk (net)
                      0.052927    0.000000   15.035093 ^ _33_/CLK (sky130_fd_sc_hd__dfrtp_2)
                                 -0.250000   14.785093   clock uncertainty
                                  0.000000   14.785093   clock reconvergence pessimism
                                  0.209448   14.994541   library recovery time
                                             14.994541   data required time
---------------------------------------------------------------------------------------------
                                             14.994541   data required time
                                             -3.058633   data arrival time
---------------------------------------------------------------------------------------------
                                             11.935907   slack (MET)


Startpoint: rst_n (input port clocked by clk)
Endpoint: _31_ (recovery check against rising-edge clock clk)
Path Group: asynchronous
Path Type: max

Fanout         Cap        Slew       Delay        Time   Description
---------------------------------------------------------------------------------------------
                                  0.000000    0.000000   clock clk (rise edge)
                                  0.000000    0.000000   clock network delay (propagated)
                                  3.000000    3.000000 ^ input external delay
     4    0.017795    0.085835    0.058590    3.058590 ^ rst_n (in)
                                                         rst_n (net)
                      0.085835    0.000000    3.058590 ^ _31_/RESET_B (sky130_fd_sc_hd__dfrtp_2)
                                              3.058590   data arrival time

                                 15.000000   15.000000   clock clk (rise edge)
                                  0.000000   15.000000   clock source latency
     4    0.010342    0.052927    0.035101   15.035101 ^ clk (in)
                                                         clk (net)
                      0.052927    0.000000   15.035101 ^ _31_/CLK (sky130_fd_sc_hd__dfrtp_2)
                                 -0.250000   14.785101   clock uncertainty
                                  0.000000   14.785101   clock reconvergence pessimism
                                  0.209449   14.994550   library recovery time
                                             14.994550   data required time
---------------------------------------------------------------------------------------------
                                             14.994550   data required time
                                             -3.058590   data arrival time
---------------------------------------------------------------------------------------------
                                             11.935960   slack (MET)



